Archive member included to satisfy reference by file (symbol)

c:/program files/microchip/xc32/v4.35/bin/bin/../../lib/gcc/pic32mx/8.3.1/../../../../pic32mx/lib/mips16\libpic32.a(memcpy.o)
                              build/PIC32_NoOptimization/production/iron.o (memcpy)
c:/program files/microchip/xc32/v4.35/bin/bin/../../lib/gcc/pic32mx/8.3.1/../../../../pic32mx/lib/mips16\libpic32.a(memset.o)
                              build/PIC32_NoOptimization/production/usb/usb_device.o (memset)
c:/program files/microchip/xc32/v4.35/bin/bin/../../lib/gcc/pic32mx/8.3.1/../../../../pic32mx/lib/mips16\libpic32.a(default-bootstrap-exception-handler.o)
                              C:\Users\Sparky\AppData\Local\Temp\cckIKX1z.o (_bootstrap_exception_handler)
c:/program files/microchip/xc32/v4.35/bin/bin/../../lib/gcc/pic32mx/8.3.1/../../../../pic32mx/lib/mips16\libpic32.a(default-on-reset.o)
                              C:\Users\Sparky\AppData\Local\Temp\cckIKX1z.o (_on_reset)
c:/program files/microchip/xc32/v4.35/bin/bin/../../lib/gcc/pic32mx/8.3.1/../../../../pic32mx/lib/mips16\libpic32.a(default-on-bootstrap.o)
                              C:\Users\Sparky\AppData\Local\Temp\cckIKX1z.o (_on_bootstrap)
c:/program files/microchip/xc32/v4.35/bin/bin/../../lib/gcc/pic32mx/8.3.1/../../../../pic32mx/lib/mips16\libpic32.a(default-nmi-handler.o)
                              C:\Users\Sparky\AppData\Local\Temp\cckIKX1z.o (_nmi_handler)
c:/program files/microchip/xc32/v4.35/bin/bin/../../lib/gcc/pic32mx/8.3.1/../../../../pic32mx/lib/mips16\libpic32.a(pic32_data_init_core.o)
                              C:\Users\Sparky\AppData\Local\Temp\cckIKX1z.o (__pic32_data_init)
c:/program files/microchip/xc32/v4.35/bin/bin/../../lib/gcc/pic32mx/8.3.1/../../../../pic32mx/lib/mips16\libpic32.a(general-exception.o)
                              C:\Users\Sparky\AppData\Local\Temp\cckIKX1z.o (_general_exception_context)
c:/program files/microchip/xc32/v4.35/bin/bin/../../lib/gcc/pic32mx/8.3.1/../../../../pic32mx/lib/mips16\libpic32.a(vector0.o)
                              C:\Users\Sparky\AppData\Local\Temp\ccMp39sz.o (__vector_dispatch_0)
c:/program files/microchip/xc32/v4.35/bin/bin/../../lib/gcc/pic32mx/8.3.1/../../../../pic32mx/lib/mips16\libpic32.a(vector1.o)
                              C:\Users\Sparky\AppData\Local\Temp\ccMp39sz.o (__vector_dispatch_1)
c:/program files/microchip/xc32/v4.35/bin/bin/../../lib/gcc/pic32mx/8.3.1/../../../../pic32mx/lib/mips16\libpic32.a(vector2.o)
                              C:\Users\Sparky\AppData\Local\Temp\ccMp39sz.o (__vector_dispatch_2)
c:/program files/microchip/xc32/v4.35/bin/bin/../../lib/gcc/pic32mx/8.3.1/../../../../pic32mx/lib/mips16\libpic32.a(vector3.o)
                              C:\Users\Sparky\AppData\Local\Temp\ccMp39sz.o (__vector_dispatch_3)
c:/program files/microchip/xc32/v4.35/bin/bin/../../lib/gcc/pic32mx/8.3.1/../../../../pic32mx/lib/mips16\libpic32.a(vector6.o)
                              C:\Users\Sparky\AppData\Local\Temp\ccMp39sz.o (__vector_dispatch_6)
c:/program files/microchip/xc32/v4.35/bin/bin/../../lib/gcc/pic32mx/8.3.1/../../../../pic32mx/lib/mips16\libpic32.a(vector7.o)
                              C:\Users\Sparky\AppData\Local\Temp\ccMp39sz.o (__vector_dispatch_7)
c:/program files/microchip/xc32/v4.35/bin/bin/../../lib/gcc/pic32mx/8.3.1/../../../../pic32mx/lib/mips16\libpic32.a(vector9.o)
                              C:\Users\Sparky\AppData\Local\Temp\ccMp39sz.o (__vector_dispatch_9)
c:/program files/microchip/xc32/v4.35/bin/bin/../../lib/gcc/pic32mx/8.3.1/../../../../pic32mx/lib/mips16\libpic32.a(vector11.o)
                              C:\Users\Sparky\AppData\Local\Temp\ccMp39sz.o (__vector_dispatch_11)
c:/program files/microchip/xc32/v4.35/bin/bin/../../lib/gcc/pic32mx/8.3.1/../../../../pic32mx/lib/mips16\libpic32.a(vector12.o)
                              C:\Users\Sparky\AppData\Local\Temp\ccMp39sz.o (__vector_dispatch_12)
c:/program files/microchip/xc32/v4.35/bin/bin/../../lib/gcc/pic32mx/8.3.1/../../../../pic32mx/lib/mips16\libpic32.a(vector14.o)
                              C:\Users\Sparky\AppData\Local\Temp\ccMp39sz.o (__vector_dispatch_14)
c:/program files/microchip/xc32/v4.35/bin/bin/../../lib/gcc/pic32mx/8.3.1/../../../../pic32mx/lib/mips16\libpic32.a(vector15.o)
                              C:\Users\Sparky\AppData\Local\Temp\ccMp39sz.o (__vector_dispatch_15)
c:/program files/microchip/xc32/v4.35/bin/bin/../../lib/gcc/pic32mx/8.3.1/../../../../pic32mx/lib/mips16\libpic32.a(vector16.o)
                              C:\Users\Sparky\AppData\Local\Temp\ccMp39sz.o (__vector_dispatch_16)
c:/program files/microchip/xc32/v4.35/bin/bin/../../lib/gcc/pic32mx/8.3.1/../../../../pic32mx/lib/mips16\libpic32.a(vector17.o)
                              C:\Users\Sparky\AppData\Local\Temp\ccMp39sz.o (__vector_dispatch_17)
c:/program files/microchip/xc32/v4.35/bin/bin/../../lib/gcc/pic32mx/8.3.1/../../../../pic32mx/lib/mips16\libpic32.a(vector18.o)
[...]
Memory Configuration

Name             Origin             Length             Attributes
kseg0_program_mem 0x000000009d000000 0x0000000000020000 xr
kseg0_boot_mem   0x000000009fc00490 0x0000000000000970
exception_mem    0x000000009fc01000 0x0000000000001000
kseg1_boot_mem   0x00000000bfc00000 0x0000000000000490
debug_exec_mem   0x00000000bfc02000 0x0000000000000ff0
config3          0x00000000bfc02ff0 0x0000000000000004
config2          0x00000000bfc02ff4 0x0000000000000004
config1          0x00000000bfc02ff8 0x0000000000000004
config0          0x00000000bfc02ffc 0x0000000000000004
kseg1_data_mem   0x00000000a0000000 0x0000000000008000 w !x
sfrs             0x00000000bf800000 0x0000000000100000
configsfrs       0x00000000bfc02ff0 0x0000000000000010
*default*        0x0000000000000000 0xffffffffffffffff

Linker script and memory map

LOAD c:/program files/microchip/xc32/v4.35/bin/bin/../../lib/gcc/pic32mx/8.3.1/../../../../pic32mx/lib/mips16\debug-exception-return.o
LOAD build/PIC32_NoOptimization/production/usb/usb_descriptors.o
LOAD build/PIC32_NoOptimization/production/usb/usb_device.o
LOAD build/PIC32_NoOptimization/production/usb/usb_driver.o
LOAD build/PIC32_NoOptimization/production/usb/usb_function_hid.o
LOAD build/PIC32_NoOptimization/production/usb/usb_hal_pic24.o
LOAD build/PIC32_NoOptimization/production/main.o
LOAD build/PIC32_NoOptimization/production/isr.o
LOAD build/PIC32_NoOptimization/production/iron.o
LOAD build/PIC32_NoOptimization/production/PID.o
LOAD build/PIC32_NoOptimization/production/io.o
LOAD build/PIC32_NoOptimization/production/menu.o
LOAD build/PIC32_NoOptimization/production/EEP.o
LOAD build/PIC32_NoOptimization/production/OLED.o
LOAD build/PIC32_NoOptimization/production/pars.o
LOAD build/PIC32_NoOptimization/production/sensorMath.o
LOAD build/PIC32_NoOptimization/production/PIC32MX564F128H.o
                0x0000000000000001                __MPLAB_BUILD = 0x1
LOAD C:\Users\Sparky\AppData\Local\Temp\cckIKX1z.o
LOAD C:\Users\Sparky\AppData\Local\Temp\ccbiv58v.o
LOAD C:\Users\Sparky\AppData\Local\Temp\ccMp39sz.o
LOAD c:/program files/microchip/xc32/v4.35/bin/bin/../../lib/gcc/pic32mx/8.3.1/../../../../pic32mx/lib/mips16\pic32_software_reset.o
LOAD c:/program files/microchip/xc32/v4.35/bin/bin/../../lib/gcc/pic32mx/8.3.1/mips16\libgcc.a
START GROUP
LOAD c:/program files/microchip/xc32/v4.35/bin/bin/../../lib/gcc/pic32mx/8.3.1/../../../../pic32mx/lib/mips16\libpic32.a
LOAD c:/program files/microchip/xc32/v4.35/bin/bin/../../lib/gcc/pic32mx/8.3.1/../../../../pic32mx/lib/mips16\libdebug.a
LOAD c:/program files/microchip/xc32/v4.35/bin/bin/../../lib/gcc/pic32mx/8.3.1/../../../../pic32mx/lib/mips16\libc-musl.a
LOAD c:/program files/microchip/xc32/v4.35/bin/bin/../../lib/gcc/pic32mx/8.3.1/../../../../pic32mx/lib/mips16\libm.a
LOAD c:/program files/microchip/xc32/v4.35/bin/bin/../../lib/gcc/pic32mx/8.3.1/../../../../pic32mx/lib/mips16\libe.a
LOAD c:/program files/microchip/xc32/v4.35/bin/bin/../../lib/gcc/pic32mx/8.3.1/../../../../pic32mx/lib/mips16\libm-musl.a
LOAD c:/program files/microchip/xc32/v4.35/bin/bin/../../lib/gcc/pic32mx/8.3.1/../../../../pic32mx/lib/mips16\libdsp.a
LOAD c:/program files/microchip/xc32/v4.35/bin/bin/../../lib/gcc/pic32mx/8.3.1/mips16\libgcc.a
END GROUP
LOAD c:/program files/microchip/xc32/v4.35/bin/bin/../../lib/gcc/pic32mx/8.3.1/mips16\libgcc.a
                0x0000000000000400                PROVIDE (_min_stack_size = 0x400)
START GROUP
LOAD c:/program files/microchip/xc32/v4.35/bin/bin/../../lib/gcc/pic32mx/8.3.1/../../../../pic32mx/lib/mips16\libmchp_peripheral.a
END GROUP
START GROUP
LOAD c:/program files/microchip/xc32/v4.35/bin/bin/../../lib/gcc/pic32mx/8.3.1/../../../../pic32mx/lib/mips16\libmchp_peripheral_32MX564F128H.a
END GROUP
                0x0000000000000001                PROVIDE (_vector_spacing = 0x1)
                0x000000009fc01000                PROVIDE (_ebase_address = 0x9fc01000)
                0x00000000bfc00000                _RESET_ADDR = 0xbfc00000
                0x00000000bfc00380                _BEV_EXCPT_ADDR = 0xbfc00380
                0x00000000bfc00480                _DBG_EXCPT_ADDR = 0xbfc00480
                0x00000000bfc02000                _DBG_CODE_ADDR = 0xbfc02000
                0x0000000000000ff0                _DBG_CODE_SIZE = 0xff0
                0x000000009fc01180                _GEN_EXCPT_ADDR = (_ebase_address + 0x180)

.config_BFC02FF0
                0x00000000bfc02ff0        0x4
 *(.config_BFC02FF0)
 .config_BFC02FF0
                0x00000000bfc02ff0        0x4 build/PIC32_NoOptimization/production/PIC32MX564F128H.o
                0x00000000bfc02ff0                __config_BFC02FF0

.config_BFC02FF4
                0x00000000bfc02ff4        0x4
 *(.config_BFC02FF4)
 .config_BFC02FF4
                0x00000000bfc02ff4        0x4 build/PIC32_NoOptimization/production/PIC32MX564F128H.o
                0x00000000bfc02ff4                __config_BFC02FF4

.config_BFC02FF8
                0x00000000bfc02ff8        0x4
 *(.config_BFC02FF8)
 .config_BFC02FF8
                0x00000000bfc02ff8        0x4 build/PIC32_NoOptimization/production/PIC32MX564F128H.o
                0x00000000bfc02ff8                __config_BFC02FF8

.config_BFC02FFC
                0x00000000bfc02ffc        0x4
 *(.config_BFC02FFC)
 .config_BFC02FFC
                0x00000000bfc02ffc        0x4 build/PIC32_NoOptimization/production/PIC32MX564F128H.o
                0x00000000bfc02ffc                __config_BFC02FFC

.reset          0x00000000bfc00000      0x19c
 *(.reset)
 .reset         0x00000000bfc00000        0x8 C:\Users\Sparky\AppData\Local\Temp\cckIKX1z.o
                0x00000000bfc00000                _reset
 *(.reset.startup)
 .reset.startup
                0x00000000bfc00008      0x194 C:\Users\Sparky\AppData\Local\Temp\cckIKX1z.o
                0x00000000bfc00008                _startup

.bev_excpt      0x00000000bfc00380       0x10
 *(.bev_handler)
 .bev_handler   0x00000000bfc00380       0x10 C:\Users\Sparky\AppData\Local\Temp\cckIKX1z.o

.dbg_excpt      0x00000000bfc00480        0x0
                0x00000000bfc00480                . = (. + DEFINED (_DEBUGGER)?0x8:0x0)

.dbg_code       0x00000000bfc02000        0x0
                0x00000000bfc02000                . = (. + DEFINED (_DEBUGGER)?_DBG_CODE_SIZE:0x0)

.app_excpt      0x000000009fc01180       0x10
 *(.gen_handler)
 .gen_handler   0x000000009fc01180       0x10 C:\Users\Sparky\AppData\Local\Temp\cckIKX1z.o

.vector_0       0x000000009fc01200        0x8
 *(.vector_0)
 .vector_0      0x000000009fc01200        0x8 c:/program files/microchip/xc32/v4.35/bin/bin/../../lib/gcc/pic32mx/8.3.1/../../../../pic32mx/lib/mips16\libpic32.a(vector0.o)
                0x000000009fc01200                __vector_dispatch_0
                0x0000000000000001                ASSERT (((_vector_spacing == 0x0) || (SIZEOF (.vector_0) <= (_vector_spacing << 0x5))), function at exception vector 0 too large)

.vector_1       0x000000009fc01220        0x8
 *(.vector_1)
 .vector_1      0x000000009fc01220        0x8 c:/program files/microchip/xc32/v4.35/bin/bin/../../lib/gcc/pic32mx/8.3.1/../../../../pic32mx/lib/mips16\libpic32.a(vector1.o)
                0x000000009fc01220                __vector_dispatch_1
                0x0000000000000001                ASSERT (((_vector_spacing == 0x0) || (SIZEOF (.vector_1) <= (_vector_spacing << 0x5))), function at exception vector 1 too large)

.vector_2       0x000000009fc01240        0x8
 *(.vector_2)
 .vector_2      0x000000009fc01240        0x8 c:/program files/microchip/xc32/v4.35/bin/bin/../../lib/gcc/pic32mx/8.3.1/../../../../pic32mx/lib/mips16\libpic32.a(vector2.o)
                0x000000009fc01240                __vector_dispatch_2
                0x0000000000000001                ASSERT (((_vector_spacing == 0x0) || (SIZEOF (.vector_2) <= (_vector_spacing << 0x5))), function at exception vector 2 too large)

.vector_3       0x000000009fc01260        0x8
 *(.vector_3)
 .vector_3      0x000000009fc01260        0x8 c:/program files/microchip/xc32/v4.35/bin/bin/../../lib/gcc/pic32mx/8.3.1/../../../../pic32mx/lib/mips16\libpic32.a(vector3.o)
                0x000000009fc01260                __vector_dispatch_3
                0x0000000000000001                ASSERT (((_vector_spacing == 0x0) || (SIZEOF (.vector_3) <= (_vector_spacing << 0x5))), function at exception vector 3 too large)

.vector_4       0x000000009fc01280       0x10
 *(.vector_4)
 .vector_4      0x000000009fc01280       0x10 build/PIC32_NoOptimization/production/PIC32MX564F128H.o
                0x000000009fc01280                __vector_dispatch_4
                0x0000000000000001                ASSERT (((_vector_spacing == 0x0) || (SIZEOF (.vector_4) <= (_vector_spacing << 0x5))), function at exception vector 4 too large)

.vector_5       0x000000009fc012a0       0x10
 *(.vector_5)
 .vector_5      0x000000009fc012a0       0x10 build/PIC32_NoOptimization/production/PIC32MX564F128H.o
                0x000000009fc012a0                __vector_dispatch_5
                0x0000000000000001                ASSERT (((_vector_spacing == 0x0) || (SIZEOF (.vector_5) <= (_vector_spacing << 0x5))), function at exception vector 5 too large)

.vector_6       0x000000009fc012c0        0x8
 *(.vector_6)
 .vector_6      0x000000009fc012c0        0x8 c:/program files/microchip/xc32/v4.35/bin/bin/../../lib/gcc/pic32mx/8.3.1/../../../../pic32mx/lib/mips16\libpic32.a(vector6.o)
                0x000000009fc012c0                __vector_dispatch_6
                0x0000000000000001                ASSERT (((_vector_spacing == 0x0) || (SIZEOF (.vector_6) <= (_vector_spacing << 0x5))), function at exception vector 6 too large)

.vector_7       0x000000009fc012e0        0x8
 *(.vector_7)
 .vector_7      0x000000009fc012e0        0x8 c:/program files/microchip/xc32/v4.35/bin/bin/../../lib/gcc/pic32mx/8.3.1/../../../../pic32mx/lib/mips16\libpic32.a(vector7.o)
                0x000000009fc012e0                __vector_dispatch_7
                0x0000000000000001                ASSERT (((_vector_spacing == 0x0) || (SIZEOF (.vector_7) <= (_vector_spacing << 0x5))), function at exception vector 7 too large)

.vector_8       0x000000009fc01300       0x10
 *(.vector_8)
 .vector_8      0x000000009fc01300       0x10 build/PIC32_NoOptimization/production/PIC32MX564F128H.o
                0x000000009fc01300                __vector_dispatch_8
                0x0000000000000001                ASSERT (((_vector_spacing == 0x0) || (SIZEOF (.vector_8) <= (_vector_spacing << 0x5))), function at exception vector 8 too large)

.vector_9       0x000000009fc01320        0x8
 *(.vector_9)
 .vector_9      0x000000009fc01320        0x8 c:/program files/microchip/xc32/v4.35/bin/bin/../../lib/gcc/pic32mx/8.3.1/../../../../pic32mx/lib/mips16\libpic32.a(vector9.o)
                0x000000009fc01320                __vector_dispatch_9
                0x0000000000000001                ASSERT (((_vector_spacing == 0x0) || (SIZEOF (.vector_9) <= (_vector_spacing << 0x5))), function at exception vector 9 too large)

.vector_10      0x000000009fc01340       0x10
 *(.vector_10)
 .vector_10     0x000000009fc01340       0x10 build/PIC32_NoOptimization/production/PIC32MX564F128H.o
                0x000000009fc01340                __vector_dispatch_10
                0x0000000000000001                ASSERT (((_vector_spacing == 0x0) || (SIZEOF (.vector_10) <= (_vector_spacing << 0x5))), function at exception vector 10 too large)

.vector_11      0x000000009fc01360        0x8
 *(.vector_11)
 .vector_11     0x000000009fc01360        0x8 c:/program files/microchip/xc32/v4.35/bin/bin/../../lib/gcc/pic32mx/8.3.1/../../../../pic32mx/lib/mips16\libpic32.a(vector11.o)
                0x000000009fc01360                __vector_dispatch_11
                0x0000000000000001                ASSERT (((_vector_spacing == 0x0) || (SIZEOF (.vector_11) <= (_vector_spacing << 0x5))), function at exception vector 11 too large)

.vector_12      0x000000009fc01380        0x8
 *(.vector_12)
 .vector_12     0x000000009fc01380        0x8 c:/program files/microchip/xc32/v4.35/bin/bin/../../lib/gcc/pic32mx/8.3.1/../../../../pic32mx/lib/mips16\libpic32.a(vector12.o)
                0x000000009fc01380                __vector_dispatch_12
                0x0000000000000001                ASSERT (((_vector_spacing == 0x0) || (SIZEOF (.vector_12) <= (_vector_spacing << 0x5))), function at exception vector 12 too large)

.vector_13      0x000000009fc013a0       0x10
 *(.vector_13)
 .vector_13     0x000000009fc013a0       0x10 build/PIC32_NoOptimization/production/PIC32MX564F128H.o
                0x000000009fc013a0                __vector_dispatch_13
                0x0000000000000001                ASSERT (((_vector_spacing == 0x0) || (SIZEOF (.vector_13) <= (_vector_spacing << 0x5))), function at exception vector 13 too large)

.vector_14      0x000000009fc013c0        0x8
 *(.vector_14)
 .vector_14     0x000000009fc013c0        0x8 c:/program files/microchip/xc32/v4.35/bin/bin/../../lib/gcc/pic32mx/8.3.1/../../../../pic32mx/lib/mips16\libpic32.a(vector14.o)
                0x000000009fc013c0                __vector_dispatch_14
                0x0000000000000001                ASSERT (((_vector_spacing == 0x0) || (SIZEOF (.vector_14) <= (_vector_spacing << 0x5))), function at exception vector 14 too large)

.vector_15      0x000000009fc013e0        0x8
 *(.vector_15)
 .vector_15     0x000000009fc013e0        0x8 c:/program files/microchip/xc32/v4.35/bin/bin/../../lib/gcc/pic32mx/8.3.1/../../../../pic32mx/lib/mips16\libpic32.a(vector15.o)
                0x000000009fc013e0                __vector_dispatch_15
                0x0000000000000001                ASSERT (((_vector_spacing == 0x0) || (SIZEOF (.vector_15) <= (_vector_spacing << 0x5))), function at exception vector 15 too large)

.vector_16      0x000000009fc01400        0x8
 *(.vector_16)
 .vector_16     0x000000009fc01400        0x8 c:/program files/microchip/xc32/v4.35/bin/bin/../../lib/gcc/pic32mx/8.3.1/../../../../pic32mx/lib/mips16\libpic32.a(vector16.o)
                0x000000009fc01400                __vector_dispatch_16
                0x0000000000000001                ASSERT (((_vector_spacing == 0x0) || (SIZEOF (.vector_16) <= (_vector_spacing << 0x5))), function at exception vector 16 too large)

.vector_17      0x000000009fc01420        0x8
 *(.vector_17)
 .vector_17     0x000000009fc01420        0x8 c:/program files/microchip/xc32/v4.35/bin/bin/../../lib/gcc/pic32mx/8.3.1/../../../../pic32mx/lib/mips16\libpic32.a(vector17.o)
                0x000000009fc01420                __vector_dispatch_17
                0x0000000000000001                ASSERT (((_vector_spacing == 0x0) || (SIZEOF (.vector_17) <= (_vector_spacing << 0x5))), function at exception vector 17 too large)

.vector_18      0x000000009fc01440        0x8
 *(.vector_18)
 .vector_18     0x000000009fc01440        0x8 c:/program files/microchip/xc32/v4.35/bin/bin/../../lib/gcc/pic32mx/8.3.1/../../../../pic32mx/lib/mips16\libpic32.a(vector18.o)
                0x000000009fc01440                __vector_dispatch_18
                0x0000000000000001                ASSERT (((_vector_spacing == 0x0) || (SIZEOF (.vector_18) <= (_vector_spacing << 0x5))), function at exception vector 18 too large)

.vector_19      0x000000009fc01460        0x8
 *(.vector_19)
 .vector_19     0x000000009fc01460        0x8 c:/program files/microchip/xc32/v4.35/bin/bin/../../lib/gcc/pic32mx/8.3.1/../../../../pic32mx/lib/mips16\libpic32.a(vector19.o)
                0x000000009fc01460                __vector_dispatch_19
                0x0000000000000001                ASSERT (((_vector_spacing == 0x0) || (SIZEOF (.vector_19) <= (_vector_spacing << 0x5))), function at exception vector 19 too large)

.vector_20      0x000000009fc01480        0x8
 *(.vector_20)
 .vector_20     0x000000009fc01480        0x8 c:/program files/microchip/xc32/v4.35/bin/bin/../../lib/gcc/pic32mx/8.3.1/../../../../pic32mx/lib/mips16\libpic32.a(vector20.o)
                0x000000009fc01480                __vector_dispatch_20
                0x0000000000000001                ASSERT (((_vector_spacing == 0x0) || (SIZEOF (.vector_20) <= (_vector_spacing << 0x5))), function at exception vector 20 too large)

.vector_21      0x000000009fc014a0        0x8
 *(.vector_21)
 .vector_21     0x000000009fc014a0        0x8 c:/program files/microchip/xc32/v4.35/bin/bin/../../lib/gcc/pic32mx/8.3.1/../../../../pic32mx/lib/mips16\libpic32.a(vector21.o)
                0x000000009fc014a0                __vector_dispatch_21
                0x0000000000000001                ASSERT (((_vector_spacing == 0x0) || (SIZEOF (.vector_21) <= (_vector_spacing << 0x5))), function at exception vector 21 too large)

.vector_22      0x000000009fc014c0        0x8
 *(.vector_22)
 .vector_22     0x000000009fc014c0        0x8 c:/program files/microchip/xc32/v4.35/bin/bin/../../lib/gcc/pic32mx/8.3.1/../../../../pic32mx/lib/mips16\libpic32.a(vector22.o)
                0x000000009fc014c0                __vector_dispatch_22
                0x0000000000000001                ASSERT (((_vector_spacing == 0x0) || (SIZEOF (.vector_22) <= (_vector_spacing << 0x5))), function at exception vector 22 too large)

.vector_23      0x000000009fc014e0        0x8
 *(.vector_23)
 .vector_23     0x000000009fc014e0        0x8 c:/program files/microchip/xc32/v4.35/bin/bin/../../lib/gcc/pic32mx/8.3.1/../../../../pic32mx/lib/mips16\libpic32.a(vector23.o)
                0x000000009fc014e0                __vector_dispatch_23
                0x0000000000000001                ASSERT (((_vector_spacing == 0x0) || (SIZEOF (.vector_23) <= (_vector_spacing << 0x5))), function at exception vector 23 too large)

.vector_24      0x000000009fc01500        0x8
 *(.vector_24)
 .vector_24     0x000000009fc01500        0x8 c:/program files/microchip/xc32/v4.35/bin/bin/../../lib/gcc/pic32mx/8.3.1/../../../../pic32mx/lib/mips16\libpic32.a(vector24.o)
                0x000000009fc01500                __vector_dispatch_24
                0x0000000000000001                ASSERT (((_vector_spacing == 0x0) || (SIZEOF (.vector_24) <= (_vector_spacing << 0x5))), function at exception vector 24 too large)

.vector_25      0x000000009fc01520        0x8
 *(.vector_25)
 .vector_25     0x000000009fc01520        0x8 c:/program files/microchip/xc32/v4.35/bin/bin/../../lib/gcc/pic32mx/8.3.1/../../../../pic32mx/lib/mips16\libpic32.a(vector25.o)
                0x000000009fc01520                __vector_dispatch_25
                0x0000000000000001                ASSERT (((_vector_spacing == 0x0) || (SIZEOF (.vector_25) <= (_vector_spacing << 0x5))), function at exception vector 25 too large)

.vector_26      0x000000009fc01540        0x8
 *(.vector_26)
 .vector_26     0x000000009fc01540        0x8 c:/program files/microchip/xc32/v4.35/bin/bin/../../lib/gcc/pic32mx/8.3.1/../../../../pic32mx/lib/mips16\libpic32.a(vector26.o)
                0x000000009fc01540                __vector_dispatch_26
                0x0000000000000001                ASSERT (((_vector_spacing == 0x0) || (SIZEOF (.vector_26) <= (_vector_spacing << 0x5))), function at exception vector 26 too large)

.vector_27      0x000000009fc01560       0x10
 *(.vector_27)
 .vector_27     0x000000009fc01560       0x10 build/PIC32_NoOptimization/production/PIC32MX564F128H.o
                0x000000009fc01560                __vector_dispatch_27
                0x0000000000000001                ASSERT (((_vector_spacing == 0x0) || (SIZEOF (.vector_27) <= (_vector_spacing << 0x5))), function at exception vector 27 too large)

.vector_28      0x000000009fc01580        0x8
 *(.vector_28)
 .vector_28     0x000000009fc01580        0x8 c:/program files/microchip/xc32/v4.35/bin/bin/../../lib/gcc/pic32mx/8.3.1/../../../../pic32mx/lib/mips16\libpic32.a(vector28.o)
                0x000000009fc01580                __vector_dispatch_28
                0x0000000000000001                ASSERT (((_vector_spacing == 0x0) || (SIZEOF (.vector_28) <= (_vector_spacing << 0x5))), function at exception vector 28 too large)

.vector_29      0x000000009fc015a0        0x8
 *(.vector_29)
 .vector_29     0x000000009fc015a0        0x8 c:/program files/microchip/xc32/v4.35/bin/bin/../../lib/gcc/pic32mx/8.3.1/../../../../pic32mx/lib/mips16\libpic32.a(vector29.o)
                0x000000009fc015a0                __vector_dispatch_29
                0x0000000000000001                ASSERT (((_vector_spacing == 0x0) || (SIZEOF (.vector_29) <= (_vector_spacing << 0x5))), function at exception vector 29 too large)

.vector_30      0x000000009fc015c0       0x10
 *(.vector_30)
 .vector_30     0x000000009fc015c0       0x10 build/PIC32_NoOptimization/production/PIC32MX564F128H.o
                0x000000009fc015c0                __vector_dispatch_30
                0x0000000000000001                ASSERT (((_vector_spacing == 0x0) || (SIZEOF (.vector_30) <= (_vector_spacing << 0x5))), function at exception vector 30 too large)

.vector_31      0x000000009fc015e0       0x10
 *(.vector_31)
 .vector_31     0x000000009fc015e0       0x10 build/PIC32_NoOptimization/production/PIC32MX564F128H.o
                0x000000009fc015e0                __vector_dispatch_31
                0x0000000000000001                ASSERT (((_vector_spacing == 0x0) || (SIZEOF (.vector_31) <= (_vector_spacing << 0x5))), function at exception vector 31 too large)

.vector_32      0x000000009fc01600        0x8
 *(.vector_32)
 .vector_32     0x000000009fc01600        0x8 c:/program files/microchip/xc32/v4.35/bin/bin/../../lib/gcc/pic32mx/8.3.1/../../../../pic32mx/lib/mips16\libpic32.a(vector32.o)
                0x000000009fc01600                __vector_dispatch_32
                0x0000000000000001                ASSERT (((_vector_spacing == 0x0) || (SIZEOF (.vector_32) <= (_vector_spacing << 0x5))), function at exception vector 32 too large)

.vector_33      0x000000009fc01620        0x8
 *(.vector_33)
 .vector_33     0x000000009fc01620        0x8 c:/program files/microchip/xc32/v4.35/bin/bin/../../lib/gcc/pic32mx/8.3.1/../../../../pic32mx/lib/mips16\libpic32.a(vector33.o)
                0x000000009fc01620                __vector_dispatch_33
                0x0000000000000001                ASSERT (((_vector_spacing == 0x0) || (SIZEOF (.vector_33) <= (_vector_spacing << 0x5))), function at exception vector 33 too large)

.vector_34      0x000000009fc01640        0x8
 *(.vector_34)
 .vector_34     0x000000009fc01640        0x8 c:/program files/microchip/xc32/v4.35/bin/bin/../../lib/gcc/pic32mx/8.3.1/../../../../pic32mx/lib/mips16\libpic32.a(vector34.o)
                0x000000009fc01640                __vector_dispatch_34
                0x0000000000000001                ASSERT (((_vector_spacing == 0x0) || (SIZEOF (.vector_34) <= (_vector_spacing << 0x5))), function at exception vector 34 too large)

.vector_35      0x000000009fc01660        0x8
 *(.vector_35)
 .vector_35     0x000000009fc01660        0x8 c:/program files/microchip/xc32/v4.35/bin/bin/../../lib/gcc/pic32mx/8.3.1/../../../../pic32mx/lib/mips16\libpic32.a(vector35.o)
                0x000000009fc01660                __vector_dispatch_35
                0x0000000000000001                ASSERT (((_vector_spacing == 0x0) || (SIZEOF (.vector_35) <= (_vector_spacing << 0x5))), function at exception vector 35 too large)

.vector_36      0x000000009fc01680        0x8
 *(.vector_36)
 .vector_36     0x000000009fc01680        0x8 c:/program files/microchip/xc32/v4.35/bin/bin/../../lib/gcc/pic32mx/8.3.1/../../../../pic32mx/lib/mips16\libpic32.a(vector36.o)
                0x000000009fc01680                __vector_dispatch_36
                0x0000000000000001                ASSERT (((_vector_spacing == 0x0) || (SIZEOF (.vector_36) <= (_vector_spacing << 0x5))), function at exception vector 36 too large)

.vector_37      0x000000009fc016a0        0x8
 *(.vector_37)
 .vector_37     0x000000009fc016a0        0x8 c:/program files/microchip/xc32/v4.35/bin/bin/../../lib/gcc/pic32mx/8.3.1/../../../../pic32mx/lib/mips16\libpic32.a(vector37.o)
                0x000000009fc016a0                __vector_dispatch_37
                0x0000000000000001                ASSERT (((_vector_spacing == 0x0) || (SIZEOF (.vector_37) <= (_vector_spacing << 0x5))), function at exception vector 37 too large)

.vector_38      0x000000009fc016c0        0x8
 *(.vector_38)
 .vector_38     0x000000009fc016c0        0x8 c:/program files/microchip/xc32/v4.35/bin/bin/../../lib/gcc/pic32mx/8.3.1/../../../../pic32mx/lib/mips16\libpic32.a(vector38.o)
                0x000000009fc016c0                __vector_dispatch_38
                0x0000000000000001                ASSERT (((_vector_spacing == 0x0) || (SIZEOF (.vector_38) <= (_vector_spacing << 0x5))), function at exception vector 38 too large)

.vector_39      0x000000009fc016e0        0x8
 *(.vector_39)
 .vector_39     0x000000009fc016e0        0x8 c:/program files/microchip/xc32/v4.35/bin/bin/../../lib/gcc/pic32mx/8.3.1/../../../../pic32mx/lib/mips16\libpic32.a(vector39.o)
                0x000000009fc016e0                __vector_dispatch_39
                0x0000000000000001                ASSERT (((_vector_spacing == 0x0) || (SIZEOF (.vector_39) <= (_vector_spacing << 0x5))), function at exception vector 39 too large)

.vector_40      0x000000009fc01700        0x8
 *(.vector_40)
 .vector_40     0x000000009fc01700        0x8 c:/program files/microchip/xc32/v4.35/bin/bin/../../lib/gcc/pic32mx/8.3.1/../../../../pic32mx/lib/mips16\libpic32.a(vector40.o)
                0x000000009fc01700                __vector_dispatch_40
                0x0000000000000001                ASSERT (((_vector_spacing == 0x0) || (SIZEOF (.vector_40) <= (_vector_spacing << 0x5))), function at exception vector 40 too large)

.vector_41      0x000000009fc01720        0x8
 *(.vector_41)
 .vector_41     0x000000009fc01720        0x8 c:/program files/microchip/xc32/v4.35/bin/bin/../../lib/gcc/pic32mx/8.3.1/../../../../pic32mx/lib/mips16\libpic32.a(vector41.o)
                0x000000009fc01720                __vector_dispatch_41
                0x0000000000000001                ASSERT (((_vector_spacing == 0x0) || (SIZEOF (.vector_41) <= (_vector_spacing << 0x5))), function at exception vector 41 too large)

.vector_42      0x000000009fc01740        0x8
 *(.vector_42)
 .vector_42     0x000000009fc01740        0x8 c:/program files/microchip/xc32/v4.35/bin/bin/../../lib/gcc/pic32mx/8.3.1/../../../../pic32mx/lib/mips16\libpic32.a(vector42.o)
                0x000000009fc01740                __vector_dispatch_42
                0x0000000000000001                ASSERT (((_vector_spacing == 0x0) || (SIZEOF (.vector_42) <= (_vector_spacing << 0x5))), function at exception vector 42 too large)

.vector_43      0x000000009fc01760        0x8
 *(.vector_43)
 .vector_43     0x000000009fc01760        0x8 c:/program files/microchip/xc32/v4.35/bin/bin/../../lib/gcc/pic32mx/8.3.1/../../../../pic32mx/lib/mips16\libpic32.a(vector43.o)
                0x000000009fc01760                __vector_dispatch_43
                0x0000000000000001                ASSERT (((_vector_spacing == 0x0) || (SIZEOF (.vector_43) <= (_vector_spacing << 0x5))), function at exception vector 43 too large)

.vector_44      0x000000009fc01780        0x8
 *(.vector_44)
 .vector_44     0x000000009fc01780        0x8 c:/program files/microchip/xc32/v4.35/bin/bin/../../lib/gcc/pic32mx/8.3.1/../../../../pic32mx/lib/mips16\libpic32.a(vector44.o)
                0x000000009fc01780                __vector_dispatch_44
                0x0000000000000001                ASSERT (((_vector_spacing == 0x0) || (SIZEOF (.vector_44) <= (_vector_spacing << 0x5))), function at exception vector 44 too large)

.vector_45      0x000000009fc017a0        0x8
 *(.vector_45)
 .vector_45     0x000000009fc017a0        0x8 c:/program files/microchip/xc32/v4.35/bin/bin/../../lib/gcc/pic32mx/8.3.1/../../../../pic32mx/lib/mips16\libpic32.a(vector45.o)
                0x000000009fc017a0                __vector_dispatch_45
                0x0000000000000001                ASSERT (((_vector_spacing == 0x0) || (SIZEOF (.vector_45) <= (_vector_spacing << 0x5))), function at exception vector 45 too large)

.vector_46      0x000000009fc017c0        0x8
 *(.vector_46)
 .vector_46     0x000000009fc017c0        0x8 c:/program files/microchip/xc32/v4.35/bin/bin/../../lib/gcc/pic32mx/8.3.1/../../../../pic32mx/lib/mips16\libpic32.a(vector46.o)
                0x000000009fc017c0                __vector_dispatch_46
                0x0000000000000001                ASSERT (((_vector_spacing == 0x0) || (SIZEOF (.vector_46) <= (_vector_spacing << 0x5))), function at exception vector 46 too large)

.vector_47      0x000000009fc017e0        0x8
 *(.vector_47)
 .vector_47     0x000000009fc017e0        0x8 c:/program files/microchip/xc32/v4.35/bin/bin/../../lib/gcc/pic32mx/8.3.1/../../../../pic32mx/lib/mips16\libpic32.a(vector47.o)
                0x000000009fc017e0                __vector_dispatch_47
                0x0000000000000001                ASSERT (((_vector_spacing == 0x0) || (SIZEOF (.vector_47) <= (_vector_spacing << 0x5))), function at exception vector 47 too large)

.vector_48      0x000000009fc01800        0x8
 *(.vector_48)
 .vector_48     0x000000009fc01800        0x8 c:/program files/microchip/xc32/v4.35/bin/bin/../../lib/gcc/pic32mx/8.3.1/../../../../pic32mx/lib/mips16\libpic32.a(vector48.o)
                0x000000009fc01800                __vector_dispatch_48
                0x0000000000000001                ASSERT (((_vector_spacing == 0x0) || (SIZEOF (.vector_48) <= (_vector_spacing << 0x5))), function at exception vector 48 too large)

.vector_49      0x000000009fc01820        0x8
 *(.vector_49)
 .vector_49     0x000000009fc01820        0x8 c:/program files/microchip/xc32/v4.35/bin/bin/../../lib/gcc/pic32mx/8.3.1/../../../../pic32mx/lib/mips16\libpic32.a(vector49.o)
                0x000000009fc01820                __vector_dispatch_49
                0x0000000000000001                ASSERT (((_vector_spacing == 0x0) || (SIZEOF (.vector_49) <= (_vector_spacing << 0x5))), function at exception vector 49 too large)

.vector_50      0x000000009fc01840        0x8
 *(.vector_50)
 .vector_50     0x000000009fc01840        0x8 c:/program files/microchip/xc32/v4.35/bin/bin/../../lib/gcc/pic32mx/8.3.1/../../../../pic32mx/lib/mips16\libpic32.a(vector50.o)
                0x000000009fc01840                __vector_dispatch_50
                0x0000000000000001                ASSERT (((_vector_spacing == 0x0) || (SIZEOF (.vector_50) <= (_vector_spacing << 0x5))), function at exception vector 50 too large)

.vector_51      0x000000009fc01860        0x8
 *(.vector_51)
 .vector_51     0x000000009fc01860        0x8 c:/program files/microchip/xc32/v4.35/bin/bin/../../lib/gcc/pic32mx/8.3.1/../../../../pic32mx/lib/mips16\libpic32.a(vector51.o)
                0x000000009fc01860                __vector_dispatch_51
                0x0000000000000001                ASSERT (((_vector_spacing == 0x0) || (SIZEOF (.vector_51) <= (_vector_spacing << 0x5))), function at exception vector 51 too large)

.vector_52      0x000000009fc01880        0x0
 *(.vector_52)
                0x0000000000000001                ASSERT (((_vector_spacing == 0x0) || (SIZEOF (.vector_52) <= (_vector_spacing << 0x5))), function at exception vector 52 too large)

.vector_53      0x000000009fc018a0        0x0
 *(.vector_53)
                0x0000000000000001                ASSERT (((_vector_spacing == 0x0) || (SIZEOF (.vector_53) <= (_vector_spacing << 0x5))), function at exception vector 53 too large)

.vector_54      0x000000009fc018c0        0x0
 *(.vector_54)
                0x0000000000000001                ASSERT (((_vector_spacing == 0x0) || (SIZEOF (.vector_54) <= (_vector_spacing << 0x5))), function at exception vector 54 too large)

.vector_55      0x000000009fc018e0        0x0
 *(.vector_55)
                0x0000000000000001                ASSERT (((_vector_spacing == 0x0) || (SIZEOF (.vector_55) <= (_vector_spacing << 0x5))), function at exception vector 55 too large)

.vector_56      0x000000009fc01900        0x0
 *(.vector_56)
                0x0000000000000001                ASSERT (((_vector_spacing == 0x0) || (SIZEOF (.vector_56) <= (_vector_spacing << 0x5))), function at exception vector 56 too large)

.vector_57      0x000000009fc01920        0x0
 *(.vector_57)
                0x0000000000000001                ASSERT (((_vector_spacing == 0x0) || (SIZEOF (.vector_57) <= (_vector_spacing << 0x5))), function at exception vector 57 too large)

.vector_58      0x000000009fc01940        0x0
 *(.vector_58)
                0x0000000000000001                ASSERT (((_vector_spacing == 0x0) || (SIZEOF (.vector_58) <= (_vector_spacing << 0x5))), function at exception vector 58 too large)

.vector_59      0x000000009fc01960        0x0
 *(.vector_59)
                0x0000000000000001                ASSERT (((_vector_spacing == 0x0) || (SIZEOF (.vector_59) <= (_vector_spacing << 0x5))), function at exception vector 59 too large)

.vector_60      0x000000009fc01980        0x0
 *(.vector_60)
                0x0000000000000001                ASSERT (((_vector_spacing == 0x0) || (SIZEOF (.vector_60) <= (_vector_spacing << 0x5))), function at exception vector 60 too large)

.vector_61      0x000000009fc019a0        0x0
 *(.vector_61)
                0x0000000000000001                ASSERT (((_vector_spacing == 0x0) || (SIZEOF (.vector_61) <= (_vector_spacing << 0x5))), function at exception vector 61 too large)

.vector_62      0x000000009fc019c0        0x0
 *(.vector_62)
                0x0000000000000001                ASSERT (((_vector_spacing == 0x0) || (SIZEOF (.vector_62) <= (_vector_spacing << 0x5))), function at exception vector 62 too large)

.vector_63      0x000000009fc019e0        0x0
 *(.vector_63)
                0x0000000000000001                ASSERT (((_vector_spacing == 0x0) || (SIZEOF (.vector_63) <= (_vector_spacing << 0x5))), function at exception vector 63 too large)

.startup
 *(.startup)

.text           0x000000009d000000        0x0
 *(.stub .gnu.linkonce.t.*)
 *(.text.*personality*)
 *(.mips16.fn.*)
 *(.mips16.call.*)
 *(.gnu.warning)
                0x000000009d000000                . = ALIGN (0x4)

.init           0x000000009d000000        0x0
 *crti.o(.init)
 *crtbegin.o(.init)
 *(EXCLUDE_FILE(*crtn.o *crtend?.o *crtend.o) .init)
 *crtend.o(.init)
 *crtn.o(.init)
                0x000000009d000000                . = ALIGN (0x4)

.fini           0x000000009d000000        0x0
 *(.fini)
                0x000000009d000000                . = ALIGN (0x4)

.preinit_array  0x000000009d000000        0x0
                [!provide]                        PROVIDE (__preinit_array_start = .)
 *(.preinit_array)
                [!provide]                        PROVIDE (__preinit_array_end = .)
                0x000000009d000000                . = ALIGN (0x4)

.init_array     0x000000009d000000        0x0
                [!provide]                        PROVIDE (__init_array_start = .)
 *(SORT_BY_NAME(.init_array.*))
 *(.init_array)
                [!provide]                        PROVIDE (__init_array_end = .)
                0x000000009d000000                . = ALIGN (0x4)

.fini_array     0x000000009d000000        0x0
                [!provide]                        PROVIDE (__fini_array_start = .)
 *(SORT_BY_NAME(.fini_array.*))
 *(.fini_array)
                [!provide]                        PROVIDE (__fini_array_end = .)
                0x000000009d000000                . = ALIGN (0x4)

.ctors          0x000000009d000000        0x0
 *crtbegin.o(.ctors)
 *crtbegin?.o(.ctors)
 *(EXCLUDE_FILE(*crtend?.o *crtend.o) .ctors)
 *(SORT_BY_NAME(.ctors.*))
 *(.ctors)
                0x000000009d000000                . = ALIGN (0x4)

.dtors          0x000000009d000000        0x0
 *crtbegin.o(.dtors)
 *crtbegin?.o(.dtors)
 *(EXCLUDE_FILE(*crtend?.o *crtend.o) .dtors)
 *(SORT_BY_NAME(.dtors.*))
 *(.dtors)
                0x000000009d000000                . = ALIGN (0x4)

.rodata         0x000000009d000000        0x0
 *(.gnu.linkonce.r.*)
 *(.rodata1)
                0x000000009d000000                . = ALIGN (0x4)

.sdata2         0x000000009d000000        0x0
 *(.sdata2 .sdata2.* .gnu.linkonce.s2.*)
                0x000000009d000000                . = ALIGN (0x4)

.sbss2          0x000000009d000000        0x0
 *(.sbss2 .sbss2.* .gnu.linkonce.sb2.*)
                0x000000009d000000                . = ALIGN (0x4)

.eh_frame_hdr
 *(.eh_frame_hdr)
                0x000000009d000000                . = ALIGN (0x4)

.eh_frame
 *(.eh_frame)
                0x000000009d000000                . = ALIGN (0x4)

.gcc_except_table
 *(.gcc_except_table .gcc_except_table.*)
                0x000000009d000000                . = ALIGN (0x4)

.dbg_data       0x00000000a0000000        0x0
                0x00000000a0000000                . = (. + DEFINED (_DEBUGGER)?0x200:0x0)

.jcr            0x00000000a0000000        0x0
 *(.jcr)
                0x00000000a0000000                . = ALIGN (0x4)

.eh_frame
 *(.eh_frame)
                0x00000000a0000000                . = ALIGN (0x4)

.gcc_except_table
 *(.gcc_except_table .gcc_except_table.*)
                0x00000000a0000000                . = ALIGN (0x4)

.persist        0x00000000a0000000        0x0
                0x00000000a0000000                _persist_begin = .
 *(.persist .persist.*)
                0x00000000a0000000                . = ALIGN (0x4)
                0x00000000a0000000                _persist_end = .

.data           0x00000000a0000000        0x0
 *(.gnu.linkonce.d.*)
 *(.data1)
                0x00000000a0000000                . = ALIGN (0x4)
                0x00000000a0000000                . = .
                0x00000000a0007ff0                _gp = (ALIGN (0x10) + 0x7ff0)

.got            0x00000000a0000000        0x0
 *(.got.plt)
 *(.got)
                0x00000000a0000000                . = ALIGN (0x4)

.sdata          0x00000000a0000000       0x24
                0x00000000a0000000                _sdata_begin = .
 *(.sdata .sdata.* .gnu.linkonce.s.*)
 .sdata         0x00000000a0000000        0x1 build/PIC32_NoOptimization/production/main.o
                0x00000000a0000000                mainFlags
 *fill*         0x00000000a0000001        0x3 
 .sdata         0x00000000a0000004        0x7 build/PIC32_NoOptimization/production/OLED.o
                0x00000000a0000004                PreUpdateBuff
 *fill*         0x00000000a000000b        0x1 
 .sdata         0x00000000a000000c       0x18 build/PIC32_NoOptimization/production/pars.o
                0x00000000a000000c                StrDispRot
                0x00000000a0000014                StrButtons
                0x00000000a000001c                StrMenuUp
                0x00000000a0000024                . = ALIGN (0x4)
                0x00000000a0000024                _sdata_end = .

.lit8
 *(.lit8)

.lit4
 *(.lit4)
                0x00000000a0000024                . = ALIGN (0x4)
                0x00000000a0000024                _data_end = .
                0x00000000a0000024                _bss_begin = .

.sbss           0x00000000a0000024      0x1f0
                0x00000000a0000024                _sbss_begin = .
 *(.dynsbss)
 *(.sbss .sbss.* .gnu.linkonce.sb.*)
 .sbss          0x00000000a0000024        0xa build/PIC32_NoOptimization/production/usb/usb_driver.o
                0x00000000a0000024                USBOutHandle
                0x00000000a0000028                USBInHandle
 *fill*         0x00000000a000002e        0x2 
 .sbss          0x00000000a0000030        0x8 build/PIC32_NoOptimization/production/isr.o
                0x00000000a0000030                ISRComplete
 .sbss          0x00000000a0000038        0x3 build/PIC32_NoOptimization/production/iron.o
 *fill*         0x00000000a000003b        0x1 
 .sbss          0x00000000a000003c        0xe build/PIC32_NoOptimization/production/io.o
 *fill*         0x00000000a000004a        0x2 
 .sbss          0x00000000a000004c       0x6c build/PIC32_NoOptimization/production/menu.o
 .sbss          0x00000000a00000b8        0x1 build/PIC32_NoOptimization/production/OLED.o
                0x00000000a00000b8                DisplaySetup
 *fill*         0x00000000a00000b9        0x3 
 .sbss          0x00000000a00000bc        0xc build/PIC32_NoOptimization/production/PIC32MX564F128H.o
                0x00000000a00000bc                ADCAuto
 *(.scommon)
 .scommon       0x00000000a00000c8       0x6c build/PIC32_NoOptimization/production/usb/usb_device.o
                0x00000000a00000c8                pDst
                0x00000000a00000cc                USBDeferINDataStagePackets
                0x00000000a00000d0                CtrlTrfData
                0x00000000a00000d8                USBDeferOUTDataStagePackets
                0x00000000a00000dc                USBDeviceState
                0x00000000a00000e0                controlTransferState
                0x00000000a00000e1                endpoint_number
                0x00000000a00000e4                pBDTEntryIn
                0x00000000a00000ec                ep_data_out
                0x00000000a00000f0                USBStatusStageEnabledFlag1
                0x00000000a00000f4                USBStatusStageEnabledFlag2
                0x00000000a00000f8                pBDTEntryOut
                0x00000000a0000100                BothEP0OutUOWNsSet
                0x00000000a0000104                pBDTEntryEP0OutNext
                0x00000000a0000108                USBBusIsSuspended
                0x00000000a000010c                USBStatusStageTimeoutCounter
                0x00000000a0000110                SetupPkt
                0x00000000a0000118                ep_data_in
                0x00000000a000011a                shortPacketStatus
                0x00000000a000011c                pBDTEntryEP0OutCurrent
                0x00000000a0000120                USBActiveConfiguration
                0x00000000a0000124                RemoteWakeup
                0x00000000a0000128                USTATcopy
                0x00000000a000012c                USBAlternateInterface
                0x00000000a0000130                USBDeferStatusStagePacket
 .scommon       0x00000000a0000134        0x2 build/PIC32_NoOptimization/production/usb/usb_function_hid.o
                0x00000000a0000134                active_protocol
                0x00000000a0000135                idle_rate
 *fill*         0x00000000a0000136        0x2 
 .scommon       0x00000000a0000138       0x38 build/PIC32_NoOptimization/production/main.o
                0x00000000a0000138                CalCh
                0x00000000a000013c                MAINS_PER_E_US
                0x00000000a0000140                InvertTicks
                0x00000000a0000144                MAINS_PER
                0x00000000a0000148                BeepTicks
                0x00000000a000014c                POWER_DUTY
                0x00000000a0000150                MAINS_PER_Q_US
                0x00000000a0000154                Enc
                0x00000000a0000158                MAINS_PER_H_US
                0x00000000a000015c                BoardVersion
                0x00000000a0000160                C_PER
                0x00000000a0000164                T_PER
                0x00000000a0000168                TTemp
                0x00000000a000016c                MAINS_PER_US
 .scommon       0x00000000a0000170       0x69 build/PIC32_NoOptimization/production/isr.o
                0x00000000a0000170                EEPCntR
                0x00000000a0000172                EEPCntW
                0x00000000a0000174                NoHeater
                0x00000000a0000178                ISRStep
                0x00000000a000017c                I2CIdle
                0x00000000a0000180                ADCStep
                0x00000000a0000184                KeepOff
                0x00000000a0000188                CompLowTime
                0x00000000a000018c                EEPAddrR
                0x00000000a0000190                EEPDataW
                0x00000000a0000194                I2CCCommand
                0x00000000a0000198                VTIBuffCnt
                0x00000000a000019c                CompLowTimeOff
                0x00000000a00001a0                ShortCircuit
                0x00000000a00001a4                I2CData
                0x00000000a00001ac                I2CCommands
                0x00000000a00001b0                Holder
                0x00000000a00001b4                ISRTicks
                0x00000000a00001b8                I2CStep
                0x00000000a00001bc                CJTicks
                0x00000000a00001c0                OffDelayOff
                0x00000000a00001c4                EEPDataR
                0x00000000a00001c8                EEPAddrW
                0x00000000a00001cc                ISRStopped
                0x00000000a00001d0                NoSensor
                0x00000000a00001d4                CompLowTimeOn
                0x00000000a00001d8                PHEATER
 *fill*         0x00000000a00001d9        0x3 
 .scommon       0x00000000a00001dc        0x8 build/PIC32_NoOptimization/production/iron.o
                0x00000000a00001dc                IronID
                0x00000000a00001e0                IronTicks
 .scommon       0x00000000a00001e4       0x14 build/PIC32_NoOptimization/production/PID.o
                0x00000000a00001e4                CRTemp
                0x00000000a00001e8                CTTemp
                0x00000000a00001ec                CJTemp
                0x00000000a00001f0                RTAvg
                0x00000000a00001f4                PIDTicks
 .scommon       0x00000000a00001f8       0x10 build/PIC32_NoOptimization/production/menu.o
                0x00000000a00001f8                OLEDTemp
                0x00000000a00001fc                OLEDMsg1
                0x00000000a0000200                OLEDPower
                0x00000000a0000204                OLEDMsg2
 .scommon       0x00000000a0000208        0xc build/PIC32_NoOptimization/production/PIC32MX564F128H.o
                0x00000000a0000208                _MRT_LastCoreTimer
                0x00000000a000020c                mcuADCRES
                0x00000000a0000210                SPIAuto
                0x00000000a0000214                _sbss_end = .
                0x00000000a0000214                . = ALIGN (0x4)

.bss            0x00000000a0000400     0x10d4
 *(.dynbss)
 *(COMMON)
 COMMON         0x00000000a0000400       0x5b build/PIC32_NoOptimization/production/usb/usb_device.o
                0x00000000a0000400                BDT
                0x00000000a0000440                inPipes
                0x00000000a0000450                outPipes
 *fill*         0x00000000a000045b        0x1 
 COMMON         0x00000000a000045c       0x80 build/PIC32_NoOptimization/production/usb/usb_driver.o
                0x00000000a000045c                USBRxBuffer
                0x00000000a000049c                USBTxBuffer
 COMMON         0x00000000a00004dc       0x13 build/PIC32_NoOptimization/production/main.o
                0x00000000a00004dc                pars
 *fill*         0x00000000a00004ef        0x1 
 COMMON         0x00000000a00004f0      0x828 build/PIC32_NoOptimization/production/isr.o
                0x00000000a00004f0                TIBuff
                0x00000000a00008f0                VBuff
                0x00000000a0000cf0                ADCData
 COMMON         0x00000000a0000d18       0xa4 build/PIC32_NoOptimization/production/iron.o
                0x00000000a0000d18                IronPars
 COMMON         0x00000000a0000dbc      0x290 build/PIC32_NoOptimization/production/PID.o
                0x00000000a0000dbc                PIDVars
 COMMON         0x00000000a000104c       0x85 build/PIC32_NoOptimization/production/io.o
                0x00000000a000104c                TXP
                0x00000000a0001090                RXP
 *fill*         0x00000000a00010d1        0x3 
 COMMON         0x00000000a00010d4      0x400 build/PIC32_NoOptimization/production/OLED.o
                0x00000000a00010d4                OLEDBUFF
                0x00000000a00014d4                . = ALIGN ((. != 0x0)?0x4:0x1)
                0x00000000a00014d4                . = ALIGN (0x4)
                0x00000000a00014d4                _end = .
                0x00000000a00014d4                _bss_end = .
                0x0000000000008000                _bmxdudba_address = LENGTH (kseg1_data_mem)
                0x0000000000008000                _bmxdupba_address = LENGTH (kseg1_data_mem)

/DISCARD/
 *(.pdr)
 *(.rel.dyn)
 *(.note.GNU-stack)
 *(.note.GNU-stack)
 *(.gnu_debuglink)
 *(.gnu.lto_*)
 *(.discard)

.gptab.sdata
 *(.gptab.data)
 *(.gptab.sdata)

.gptab.sbss
 *(.gptab.bss)
 *(.gptab.sbss)

.mdebug.abi32   0x0000000000000000        0x0
 *(.mdebug.abi32)
 .mdebug.abi32  0x0000000000000000        0x0 build/PIC32_NoOptimization/production/usb/usb_descriptors.o
 .mdebug.abi32  0x0000000000000000        0x0 build/PIC32_NoOptimization/production/usb/usb_device.o
 .mdebug.abi32  0x0000000000000000        0x0 build/PIC32_NoOptimization/production/usb/usb_driver.o
 .mdebug.abi32  0x0000000000000000        0x0 build/PIC32_NoOptimization/production/usb/usb_function_hid.o
 .mdebug.abi32  0x0000000000000000        0x0 build/PIC32_NoOptimization/production/usb/usb_hal_pic24.o
 .mdebug.abi32  0x0000000000000000        0x0 build/PIC32_NoOptimization/production/main.o
 .mdebug.abi32  0x0000000000000000        0x0 build/PIC32_NoOptimization/production/isr.o
 .mdebug.abi32  0x0000000000000000        0x0 build/PIC32_NoOptimization/production/iron.o
 .mdebug.abi32  0x0000000000000000        0x0 build/PIC32_NoOptimization/production/PID.o
 .mdebug.abi32  0x0000000000000000        0x0 build/PIC32_NoOptimization/production/io.o
 .mdebug.abi32  0x0000000000000000        0x0 build/PIC32_NoOptimization/production/menu.o
 .mdebug.abi32  0x0000000000000000        0x0 build/PIC32_NoOptimization/production/EEP.o
 .mdebug.abi32  0x0000000000000000        0x0 build/PIC32_NoOptimization/production/OLED.o
 .mdebug.abi32  0x0000000000000000        0x0 build/PIC32_NoOptimization/production/pars.o
 .mdebug.abi32  0x0000000000000000        0x0 build/PIC32_NoOptimization/production/sensorMath.o
 .mdebug.abi32  0x0000000000000000        0x0 build/PIC32_NoOptimization/production/PIC32MX564F128H.o
 .mdebug.abi32  0x0000000000000000        0x0 c:/program files/microchip/xc32/v4.35/bin/bin/../../lib/gcc/pic32mx/8.3.1/../../../../pic32mx/lib/mips16\libpic32.a(default-bootstrap-exception-handler.o)
 .mdebug.abi32  0x0000000000000000        0x0 c:/program files/microchip/xc32/v4.35/bin/bin/../../lib/gcc/pic32mx/8.3.1/../../../../pic32mx/lib/mips16\libpic32.a(default-on-reset.o)
 .mdebug.abi32  0x0000000000000000        0x0 c:/program files/microchip/xc32/v4.35/bin/bin/../../lib/gcc/pic32mx/8.3.1/../../../../pic32mx/lib/mips16\libpic32.a(default-on-bootstrap.o)
 .mdebug.abi32  0x0000000000000000        0x0 c:/program files/microchip/xc32/v4.35/bin/bin/../../lib/gcc/pic32mx/8.3.1/../../../../pic32mx/lib/mips16\libpic32.a(default-general-exception-handler.o)
 .mdebug.abi32  0x0000000000000000        0x0 c:/program files/microchip/xc32/v4.35/bin/bin/../../lib/gcc/pic32mx/8.3.1/../../../../pic32mx/lib/mips16\libpic32.a(defaultinterrupt.o)
 .mdebug.abi32  0x0000000000000000        0x0 c:/program files/microchip/xc32/v4.35/bin/bin/../../lib/gcc/pic32mx/8.3.1/../../../../pic32mx/lib/mips16\libmchp_peripheral.a(open_core_timer_lib.o)
 .mdebug.abi32  0x0000000000000000        0x0 c:/program files/microchip/xc32/v4.35/bin/bin/../../lib/gcc/pic32mx/8.3.1/../../../../pic32mx/lib/mips16\libmchp_peripheral.a(read_core_timer_lib.o)
 .mdebug.abi32  0x0000000000000000        0x0 c:/program files/microchip/xc32/v4.35/bin/bin/../../lib/gcc/pic32mx/8.3.1/../../../../pic32mx/lib/mips16\libmchp_peripheral_32MX564F128H.a(soft_reset_lib.o)
 .mdebug.abi32  0x0000000000000000        0x0 c:/program files/microchip/xc32/v4.35/bin/bin/../../lib/gcc/pic32mx/8.3.1/../../../../pic32mx/lib/mips16\libmchp_peripheral_32MX564F128H.a(pcache.o)
 .mdebug.abi32  0x0000000000000000        0x0 c:/program files/microchip/xc32/v4.35/bin/bin/../../lib/gcc/pic32mx/8.3.1/../../../../pic32mx/lib/mips16\libmchp_peripheral_32MX564F128H.a(int_enable_interrupts_lib.o)
 .mdebug.abi32  0x0000000000000000        0x0 c:/program files/microchip/xc32/v4.35/bin/bin/../../lib/gcc/pic32mx/8.3.1/../../../../pic32mx/lib/mips16\libmchp_peripheral_32MX564F128H.a(int_disable_interrupts_lib.o)
 .mdebug.abi32  0x0000000000000000        0x0 c:/program files/microchip/xc32/v4.35/bin/bin/../../lib/gcc/pic32mx/8.3.1/../../../../pic32mx/lib/mips16\libmchp_peripheral_32MX564F128H.a(int_restore_interrupts_lib.o)
 .mdebug.abi32  0x0000000000000000        0x0 c:/program files/microchip/xc32/v4.35/bin/bin/../../lib/gcc/pic32mx/8.3.1/../../../../pic32mx/lib/mips16\libmchp_peripheral_32MX564F128H.a(int_enable_mv_int_lib.o)
 .mdebug.abi32  0x0000000000000000        0x0 c:/program files/microchip/xc32/v4.35/bin/bin/../../lib/gcc/pic32mx/8.3.1/../../../../pic32mx/lib/mips16\libmchp_peripheral_32MX564F128H.a(int_tbl_lib.o)
 .mdebug.abi32  0x0000000000000000        0x0 c:/program files/microchip/xc32/v4.35/bin/bin/../../lib/gcc/pic32mx/8.3.1/../../../../pic32mx/lib/mips16\libmchp_peripheral_32MX564F128H.a(spi_chn_close_lib.o)
 .mdebug.abi32  0x0000000000000000        0x0 c:/program files/microchip/xc32/v4.35/bin/bin/../../lib/gcc/pic32mx/8.3.1/../../../../pic32mx/lib/mips16\libmchp_peripheral_32MX564F128H.a(spi_chn_open_lib.o)
 .mdebug.abi32  0x0000000000000000        0x0 c:/program files/microchip/xc32/v4.35/bin/bin/../../lib/gcc/pic32mx/8.3.1/../../../../pic32mx/lib/mips16\libmchp_peripheral_32MX564F128H.a(spi_chn_putc_lib.o)
 .mdebug.abi32  0x0000000000000000        0x0 c:/program files/microchip/xc32/v4.35/bin/bin/../../lib/gcc/pic32mx/8.3.1/../../../../pic32mx/lib/mips16\libmchp_peripheral_32MX564F128H.a(spi_chn_puts_lib.o)
 .mdebug.abi32  0x0000000000000000        0x0 c:/program files/microchip/xc32/v4.35/bin/bin/../../lib/gcc/pic32mx/8.3.1/../../../../pic32mx/lib/mips16\libmchp_peripheral_32MX564F128H.a(spi_chn_is_busy_lib.o)
 .mdebug.abi32  0x0000000000000000        0x0 c:/program files/microchip/xc32/v4.35/bin/bin/../../lib/gcc/pic32mx/8.3.1/../../../../pic32mx/lib/mips16\libmchp_peripheral_32MX564F128H.a(spi_io_tbl_libp.o)
 .mdebug.abi32  0x0000000000000000        0x0 c:/program files/microchip/xc32/v4.35/bin/bin/../../lib/gcc/pic32mx/8.3.1/../../../../pic32mx/lib/mips16\libmchp_peripheral_32MX564F128H.a(spi_map_tbl_libp.o)
 .mdebug.abi32  0x0000000000000000        0x0 c:/program files/microchip/xc32/v4.35/bin/bin/../../lib/gcc/pic32mx/8.3.1/../../../../pic32mx/lib/mips16\libmchp_peripheral_32MX564F128H.a(dma_chn_abort_txfer_lib.o)
 .mdebug.abi32  0x0000000000000000        0x0 c:/program files/microchip/xc32/v4.35/bin/bin/../../lib/gcc/pic32mx/8.3.1/../../../../pic32mx/lib/mips16\libmchp_peripheral_32MX564F128H.a(dma_chn_open_lib.o)
 .mdebug.abi32  0x0000000000000000        0x0 c:/program files/microchip/xc32/v4.35/bin/bin/../../lib/gcc/pic32mx/8.3.1/../../../../pic32mx/lib/mips16\libmchp_peripheral_32MX564F128H.a(dma_chn_disable_lib.o)
 .mdebug.abi32  0x0000000000000000        0x0 c:/program files/microchip/xc32/v4.35/bin/bin/../../lib/gcc/pic32mx/8.3.1/../../../../pic32mx/lib/mips16\libmchp_peripheral_32MX564F128H.a(dma_chn_enable_lib.o)
 .mdebug.abi32  0x0000000000000000        0x0 c:/program files/microchip/xc32/v4.35/bin/bin/../../lib/gcc/pic32mx/8.3.1/../../../../pic32mx/lib/mips16\libmchp_peripheral_32MX564F128H.a(dma_chn_get_dst_pnt_lib.o)
 .mdebug.abi32  0x0000000000000000        0x0 c:/program files/microchip/xc32/v4.35/bin/bin/../../lib/gcc/pic32mx/8.3.1/../../../../pic32mx/lib/mips16\libmchp_peripheral_32MX564F128H.a(dma_chn_write_event_control_flags_lib.o)
 .mdebug.abi32  0x0000000000000000        0x0 c:/program files/microchip/xc32/v4.35/bin/bin/../../lib/gcc/pic32mx/8.3.1/../../../../pic32mx/lib/mips16\libmchp_peripheral_32MX564F128H.a(dma_chn_set_txfer_lib.o)
 .mdebug.abi32  0x0000000000000000        0x0 c:/program files/microchip/xc32/v4.35/bin/bin/../../lib/gcc/pic32mx/8.3.1/../../../../pic32mx/lib/mips16\libmchp_peripheral_32MX564F128H.a(dma_chn_write_ev_enable_flags_lib.o)
 .mdebug.abi32  0x0000000000000000        0x0 c:/program files/microchip/xc32/v4.35/bin/bin/../../lib/gcc/pic32mx/8.3.1/../../../../pic32mx/lib/mips16\libmchp_peripheral_32MX564F128H.a(dma_reg_map_tbl_lib.o)
 .mdebug.abi32  0x0000000000000000        0x0 c:/program files/microchip/xc32/v4.35/bin/bin/../../lib/gcc/pic32mx/8.3.1/../../../../pic32mx/lib/mips16\libmchp_peripheral_32MX564F128H.a(port_reset_pins_lib.o)
 .mdebug.abi32  0x0000000000000000        0x0 c:/program files/microchip/xc32/v4.35/bin/bin/../../lib/gcc/pic32mx/8.3.1/../../../../pic32mx/lib/mips16\libmchp_peripheral_32MX564F128H.a(port_set_pins_digital_in_lib.o)
 .mdebug.abi32  0x0000000000000000        0x0 c:/program files/microchip/xc32/v4.35/bin/bin/../../lib/gcc/pic32mx/8.3.1/../../../../pic32mx/lib/mips16\libmchp_peripheral_32MX564F128H.a(port_set_pins_digital_out_lib.o)
 .mdebug.abi32  0x0000000000000000        0x0 c:/program files/microchip/xc32/v4.35/bin/bin/../../lib/gcc/pic32mx/8.3.1/../../../../pic32mx/lib/mips16\libmchp_peripheral_32MX564F128H.a(_ports_tbl_libp.o)
 .mdebug.abi32  0x0000000000000000        0x0 c:/program files/microchip/xc32/v4.35/bin/bin/../../lib/gcc/pic32mx/8.3.1/../../../../pic32mx/lib/mips16\libmchp_peripheral_32MX564F128H.a(uart_lib.o)
 .mdebug.abi32  0x0000000000000000        0x0 c:/program files/microchip/xc32/v4.35/bin/bin/../../lib/gcc/pic32mx/8.3.1/../../../../pic32mx/lib/mips16\libmchp_peripheral_32MX564F128H.a(I2CAcknowledgeByte.o)
 .mdebug.abi32  0x0000000000000000        0x0 c:/program files/microchip/xc32/v4.35/bin/bin/../../lib/gcc/pic32mx/8.3.1/../../../../pic32mx/lib/mips16\libmchp_peripheral_32MX564F128H.a(I2CByteWasAcknowledged.o)
 .mdebug.abi32  0x0000000000000000        0x0 c:/program files/microchip/xc32/v4.35/bin/bin/../../lib/gcc/pic32mx/8.3.1/../../../../pic32mx/lib/mips16\libmchp_peripheral_32MX564F128H.a(I2CEnable.o)
 .mdebug.abi32  0x0000000000000000        0x0 c:/program files/microchip/xc32/v4.35/bin/bin/../../lib/gcc/pic32mx/8.3.1/../../../../pic32mx/lib/mips16\libmchp_peripheral_32MX564F128H.a(I2CGetByte.o)
 .mdebug.abi32  0x0000000000000000        0x0 c:/program files/microchip/xc32/v4.35/bin/bin/../../lib/gcc/pic32mx/8.3.1/../../../../pic32mx/lib/mips16\libmchp_peripheral_32MX564F128H.a(I2CReceiverEnable.o)
 .mdebug.abi32  0x0000000000000000        0x0 c:/program files/microchip/xc32/v4.35/bin/bin/../../lib/gcc/pic32mx/8.3.1/../../../../pic32mx/lib/mips16\libmchp_peripheral_32MX564F128H.a(I2CSendByte.o)
 .mdebug.abi32  0x0000000000000000        0x0 c:/program files/microchip/xc32/v4.35/bin/bin/../../lib/gcc/pic32mx/8.3.1/../../../../pic32mx/lib/mips16\libmchp_peripheral_32MX564F128H.a(I2CSetFrequency.o)
 .mdebug.abi32  0x0000000000000000        0x0 c:/program files/microchip/xc32/v4.35/bin/bin/../../lib/gcc/pic32mx/8.3.1/../../../../pic32mx/lib/mips16\libmchp_peripheral_32MX564F128H.a(I2CStart.o)
 .mdebug.abi32  0x0000000000000000        0x0 c:/program files/microchip/xc32/v4.35/bin/bin/../../lib/gcc/pic32mx/8.3.1/../../../../pic32mx/lib/mips16\libmchp_peripheral_32MX564F128H.a(I2CStop.o)
 .mdebug.abi32  0x0000000000000000        0x0 c:/program files/microchip/xc32/v4.35/bin/bin/../../lib/gcc/pic32mx/8.3.1/../../../../pic32mx/lib/mips16\libmchp_peripheral_32MX564F128H.a(I2CPrivate.o)

.mdebug.abiN32
 *(.mdebug.abiN32)

.mdebug.abi64
 *(.mdebug.abi64)

.mdebug.abiO64
 *(.mdebug.abiO64)

.mdebug.eabi32
 *(.mdebug.eabi32)

.mdebug.eabi64
 *(.mdebug.eabi64)

.gcc_compiled_long32
 *(.gcc_compiled_long32)

.gcc_compiled_long64
 *(.gcc_compiled_long64)

.stab
 *(.stab)

.stabstr
 *(.stabstr)

.stab.excl
 *(.stab.excl)

.stab.exclstr
 *(.stab.exclstr)

.stab.index
 *(.stab.index)

.stab.indexstr
 *(.stab.indexstr)

.comment        0x0000000000000000       0x7f
 *(.comment)
 .comment       0x0000000000000000       0x2b build/PIC32_NoOptimization/production/usb/usb_descriptors.o
                                         0x2c (size before relaxing)
 .comment       0x000000000000002b       0x2c build/PIC32_NoOptimization/production/usb/usb_device.o
 .comment       0x000000000000002b       0x2c build/PIC32_NoOptimization/production/usb/usb_driver.o
 .comment       0x000000000000002b       0x2c build/PIC32_NoOptimization/production/usb/usb_function_hid.o
 .comment       0x000000000000002b       0x2c build/PIC32_NoOptimization/production/usb/usb_hal_pic24.o
 .comment       0x000000000000002b       0x2c build/PIC32_NoOptimization/production/main.o
 .comment       0x000000000000002b       0x2c build/PIC32_NoOptimization/production/isr.o
 .comment       0x000000000000002b       0x2c build/PIC32_NoOptimization/production/iron.o
 .comment       0x000000000000002b       0x2c build/PIC32_NoOptimization/production/PID.o
 .comment       0x000000000000002b       0x2c build/PIC32_NoOptimization/production/io.o
 .comment       0x000000000000002b       0x2c build/PIC32_NoOptimization/production/menu.o
 .comment       0x000000000000002b       0x2c build/PIC32_NoOptimization/production/EEP.o
 .comment       0x000000000000002b       0x2c build/PIC32_NoOptimization/production/OLED.o
 .comment       0x000000000000002b       0x2c build/PIC32_NoOptimization/production/pars.o
 .comment       0x000000000000002b       0x2c build/PIC32_NoOptimization/production/sensorMath.o
 .comment       0x000000000000002b       0x2c build/PIC32_NoOptimization/production/PIC32MX564F128H.o
 .comment       0x000000000000002b       0x18 c:/program files/microchip/xc32/v4.35/bin/bin/../../lib/gcc/pic32mx/8.3.1/../../../../pic32mx/lib/mips16\libpic32.a(memset.o)
                                         0x19 (size before relaxing)
 .comment       0x0000000000000043       0x2c c:/program files/microchip/xc32/v4.35/bin/bin/../../lib/gcc/pic32mx/8.3.1/../../../../pic32mx/lib/mips16\libpic32.a(default-bootstrap-exception-handler.o)
 .comment       0x0000000000000043       0x2c c:/program files/microchip/xc32/v4.35/bin/bin/../../lib/gcc/pic32mx/8.3.1/../../../../pic32mx/lib/mips16\libpic32.a(default-on-reset.o)
 .comment       0x0000000000000043       0x2c c:/program files/microchip/xc32/v4.35/bin/bin/../../lib/gcc/pic32mx/8.3.1/../../../../pic32mx/lib/mips16\libpic32.a(default-on-bootstrap.o)
 .comment       0x0000000000000043       0x2c c:/program files/microchip/xc32/v4.35/bin/bin/../../lib/gcc/pic32mx/8.3.1/../../../../pic32mx/lib/mips16\libpic32.a(default-general-exception-handler.o)
 .comment       0x0000000000000043       0x2c c:/program files/microchip/xc32/v4.35/bin/bin/../../lib/gcc/pic32mx/8.3.1/../../../../pic32mx/lib/mips16\libpic32.a(defaultinterrupt.o)
 .comment       0x0000000000000043       0x3c c:/program files/microchip/xc32/v4.35/bin/bin/../../lib/gcc/pic32mx/8.3.1/../../../../pic32mx/lib/mips16\libmchp_peripheral.a(open_core_timer_lib.o)
                                         0x3d (size before relaxing)
 .comment       0x000000000000007f       0x3d c:/program files/microchip/xc32/v4.35/bin/bin/../../lib/gcc/pic32mx/8.3.1/../../../../pic32mx/lib/mips16\libmchp_peripheral.a(read_core_timer_lib.o)
 .comment       0x000000000000007f       0x3d c:/program files/microchip/xc32/v4.35/bin/bin/../../lib/gcc/pic32mx/8.3.1/../../../../pic32mx/lib/mips16\libmchp_peripheral_32MX564F128H.a(soft_reset_lib.o)
 .comment       0x000000000000007f       0x3d c:/program files/microchip/xc32/v4.35/bin/bin/../../lib/gcc/pic32mx/8.3.1/../../../../pic32mx/lib/mips16\libmchp_peripheral_32MX564F128H.a(pcache.o)
 .comment       0x000000000000007f       0x3d c:/program files/microchip/xc32/v4.35/bin/bin/../../lib/gcc/pic32mx/8.3.1/../../../../pic32mx/lib/mips16\libmchp_peripheral_32MX564F128H.a(int_enable_interrupts_lib.o)
 .comment       0x000000000000007f       0x3d c:/program files/microchip/xc32/v4.35/bin/bin/../../lib/gcc/pic32mx/8.3.1/../../../../pic32mx/lib/mips16\libmchp_peripheral_32MX564F128H.a(int_disable_interrupts_lib.o)
 .comment       0x000000000000007f       0x3d c:/program files/microchip/xc32/v4.35/bin/bin/../../lib/gcc/pic32mx/8.3.1/../../../../pic32mx/lib/mips16\libmchp_peripheral_32MX564F128H.a(int_restore_interrupts_lib.o)
 .comment       0x000000000000007f       0x3d c:/program files/microchip/xc32/v4.35/bin/bin/../../lib/gcc/pic32mx/8.3.1/../../../../pic32mx/lib/mips16\libmchp_peripheral_32MX564F128H.a(int_enable_mv_int_lib.o)
 .comment       0x000000000000007f       0x3d c:/program files/microchip/xc32/v4.35/bin/bin/../../lib/gcc/pic32mx/8.3.1/../../../../pic32mx/lib/mips16\libmchp_peripheral_32MX564F128H.a(int_tbl_lib.o)
 .comment       0x000000000000007f       0x3d c:/program files/microchip/xc32/v4.35/bin/bin/../../lib/gcc/pic32mx/8.3.1/../../../../pic32mx/lib/mips16\libmchp_peripheral_32MX564F128H.a(spi_chn_close_lib.o)
 .comment       0x000000000000007f       0x3d c:/program files/microchip/xc32/v4.35/bin/bin/../../lib/gcc/pic32mx/8.3.1/../../../../pic32mx/lib/mips16\libmchp_peripheral_32MX564F128H.a(spi_chn_open_lib.o)
 .comment       0x000000000000007f       0x3d c:/program files/microchip/xc32/v4.35/bin/bin/../../lib/gcc/pic32mx/8.3.1/../../../../pic32mx/lib/mips16\libmchp_peripheral_32MX564F128H.a(spi_chn_putc_lib.o)
 .comment       0x000000000000007f       0x3d c:/program files/microchip/xc32/v4.35/bin/bin/../../lib/gcc/pic32mx/8.3.1/../../../../pic32mx/lib/mips16\libmchp_peripheral_32MX564F128H.a(spi_chn_puts_lib.o)
 .comment       0x000000000000007f       0x3d c:/program files/microchip/xc32/v4.35/bin/bin/../../lib/gcc/pic32mx/8.3.1/../../../../pic32mx/lib/mips16\libmchp_peripheral_32MX564F128H.a(spi_chn_is_busy_lib.o)
 .comment       0x000000000000007f       0x3d c:/program files/microchip/xc32/v4.35/bin/bin/../../lib/gcc/pic32mx/8.3.1/../../../../pic32mx/lib/mips16\libmchp_peripheral_32MX564F128H.a(spi_io_tbl_libp.o)
 .comment       0x000000000000007f       0x3d c:/program files/microchip/xc32/v4.35/bin/bin/../../lib/gcc/pic32mx/8.3.1/../../../../pic32mx/lib/mips16\libmchp_peripheral_32MX564F128H.a(spi_map_tbl_libp.o)
 .comment       0x000000000000007f       0x3d c:/program files/microchip/xc32/v4.35/bin/bin/../../lib/gcc/pic32mx/8.3.1/../../../../pic32mx/lib/mips16\libmchp_peripheral_32MX564F128H.a(dma_chn_abort_txfer_lib.o)
 .comment       0x000000000000007f       0x3d c:/program files/microchip/xc32/v4.35/bin/bin/../../lib/gcc/pic32mx/8.3.1/../../../../pic32mx/lib/mips16\libmchp_peripheral_32MX564F128H.a(dma_chn_open_lib.o)
 .comment       0x000000000000007f       0x3d c:/program files/microchip/xc32/v4.35/bin/bin/../../lib/gcc/pic32mx/8.3.1/../../../../pic32mx/lib/mips16\libmchp_peripheral_32MX564F128H.a(dma_chn_disable_lib.o)
 .comment       0x000000000000007f       0x3d c:/program files/microchip/xc32/v4.35/bin/bin/../../lib/gcc/pic32mx/8.3.1/../../../../pic32mx/lib/mips16\libmchp_peripheral_32MX564F128H.a(dma_chn_enable_lib.o)
 .comment       0x000000000000007f       0x3d c:/program files/microchip/xc32/v4.35/bin/bin/../../lib/gcc/pic32mx/8.3.1/../../../../pic32mx/lib/mips16\libmchp_peripheral_32MX564F128H.a(dma_chn_get_dst_pnt_lib.o)
 .comment       0x000000000000007f       0x3d c:/program files/microchip/xc32/v4.35/bin/bin/../../lib/gcc/pic32mx/8.3.1/../../../../pic32mx/lib/mips16\libmchp_peripheral_32MX564F128H.a(dma_chn_write_event_control_flags_lib.o)
 .comment       0x000000000000007f       0x3d c:/program files/microchip/xc32/v4.35/bin/bin/../../lib/gcc/pic32mx/8.3.1/../../../../pic32mx/lib/mips16\libmchp_peripheral_32MX564F128H.a(dma_chn_set_txfer_lib.o)
 .comment       0x000000000000007f       0x3d c:/program files/microchip/xc32/v4.35/bin/bin/../../lib/gcc/pic32mx/8.3.1/../../../../pic32mx/lib/mips16\libmchp_peripheral_32MX564F128H.a(dma_chn_write_ev_enable_flags_lib.o)
 .comment       0x000000000000007f       0x3d c:/program files/microchip/xc32/v4.35/bin/bin/../../lib/gcc/pic32mx/8.3.1/../../../../pic32mx/lib/mips16\libmchp_peripheral_32MX564F128H.a(dma_reg_map_tbl_lib.o)
 .comment       0x000000000000007f       0x3d c:/program files/microchip/xc32/v4.35/bin/bin/../../lib/gcc/pic32mx/8.3.1/../../../../pic32mx/lib/mips16\libmchp_peripheral_32MX564F128H.a(port_reset_pins_lib.o)
 .comment       0x000000000000007f       0x3d c:/program files/microchip/xc32/v4.35/bin/bin/../../lib/gcc/pic32mx/8.3.1/../../../../pic32mx/lib/mips16\libmchp_peripheral_32MX564F128H.a(port_set_pins_digital_in_lib.o)
 .comment       0x000000000000007f       0x3d c:/program files/microchip/xc32/v4.35/bin/bin/../../lib/gcc/pic32mx/8.3.1/../../../../pic32mx/lib/mips16\libmchp_peripheral_32MX564F128H.a(port_set_pins_digital_out_lib.o)
 .comment       0x000000000000007f       0x3d c:/program files/microchip/xc32/v4.35/bin/bin/../../lib/gcc/pic32mx/8.3.1/../../../../pic32mx/lib/mips16\libmchp_peripheral_32MX564F128H.a(_ports_tbl_libp.o)
 .comment       0x000000000000007f       0x3d c:/program files/microchip/xc32/v4.35/bin/bin/../../lib/gcc/pic32mx/8.3.1/../../../../pic32mx/lib/mips16\libmchp_peripheral_32MX564F128H.a(uart_lib.o)
 .comment       0x000000000000007f       0x3d c:/program files/microchip/xc32/v4.35/bin/bin/../../lib/gcc/pic32mx/8.3.1/../../../../pic32mx/lib/mips16\libmchp_peripheral_32MX564F128H.a(I2CAcknowledgeByte.o)
 .comment       0x000000000000007f       0x3d c:/program files/microchip/xc32/v4.35/bin/bin/../../lib/gcc/pic32mx/8.3.1/../../../../pic32mx/lib/mips16\libmchp_peripheral_32MX564F128H.a(I2CByteWasAcknowledged.o)
 .comment       0x000000000000007f       0x3d c:/program files/microchip/xc32/v4.35/bin/bin/../../lib/gcc/pic32mx/8.3.1/../../../../pic32mx/lib/mips16\libmchp_peripheral_32MX564F128H.a(I2CEnable.o)
 .comment       0x000000000000007f       0x3d c:/program files/microchip/xc32/v4.35/bin/bin/../../lib/gcc/pic32mx/8.3.1/../../../../pic32mx/lib/mips16\libmchp_peripheral_32MX564F128H.a(I2CGetByte.o)
 .comment       0x000000000000007f       0x3d c:/program files/microchip/xc32/v4.35/bin/bin/../../lib/gcc/pic32mx/8.3.1/../../../../pic32mx/lib/mips16\libmchp_peripheral_32MX564F128H.a(I2CReceiverEnable.o)
 .comment       0x000000000000007f       0x3d c:/program files/microchip/xc32/v4.35/bin/bin/../../lib/gcc/pic32mx/8.3.1/../../../../pic32mx/lib/mips16\libmchp_peripheral_32MX564F128H.a(I2CSendByte.o)
 .comment       0x000000000000007f       0x3d c:/program files/microchip/xc32/v4.35/bin/bin/../../lib/gcc/pic32mx/8.3.1/../../../../pic32mx/lib/mips16\libmchp_peripheral_32MX564F128H.a(I2CSetFrequency.o)
 .comment       0x000000000000007f       0x3d c:/program files/microchip/xc32/v4.35/bin/bin/../../lib/gcc/pic32mx/8.3.1/../../../../pic32mx/lib/mips16\libmchp_peripheral_32MX564F128H.a(I2CStart.o)
 .comment       0x000000000000007f       0x3d c:/program files/microchip/xc32/v4.35/bin/bin/../../lib/gcc/pic32mx/8.3.1/../../../../pic32mx/lib/mips16\libmchp_peripheral_32MX564F128H.a(I2CStop.o)
 .comment       0x000000000000007f       0x3d c:/program files/microchip/xc32/v4.35/bin/bin/../../lib/gcc/pic32mx/8.3.1/../../../../pic32mx/lib/mips16\libmchp_peripheral_32MX564F128H.a(I2CPrivate.o)

.debug
 *.elf(.debug)
 *(.debug)

.line
 *.elf(.line)
 *(.line)

.debug_srcinfo
 *.elf(.debug_srcinfo)
 *(.debug_srcinfo)

.debug_sfnames
 *.elf(.debug_sfnames)
 *(.debug_sfnames)

.debug_aranges  0x0000000000000000     0x2cc8
 *.elf(.debug_aranges)
 *(.debug_aranges)
 .debug_aranges
                0x0000000000000000      0x260 build/PIC32_NoOptimization/production/usb/usb_descriptors.o
 .debug_aranges
                0x0000000000000260      0x320 build/PIC32_NoOptimization/production/usb/usb_device.o
 .debug_aranges
                0x0000000000000580      0x2b0 build/PIC32_NoOptimization/production/usb/usb_driver.o
 .debug_aranges
                0x0000000000000830      0x268 build/PIC32_NoOptimization/production/usb/usb_function_hid.o
 .debug_aranges
                0x0000000000000a98      0x260 build/PIC32_NoOptimization/production/usb/usb_hal_pic24.o
 .debug_aranges
                0x0000000000000cf8      0x268 build/PIC32_NoOptimization/production/main.o
 .debug_aranges
                0x0000000000000f60      0x298 build/PIC32_NoOptimization/production/isr.o
 .debug_aranges
                0x00000000000011f8      0x278 build/PIC32_NoOptimization/production/iron.o
 .debug_aranges
                0x0000000000001470      0x278 build/PIC32_NoOptimization/production/PID.o
 .debug_aranges
                0x00000000000016e8      0x278 build/PIC32_NoOptimization/production/io.o
 .debug_aranges
                0x0000000000001960      0x278 build/PIC32_NoOptimization/production/menu.o
 .debug_aranges
                0x0000000000001bd8      0x278 build/PIC32_NoOptimization/production/EEP.o
 .debug_aranges
                0x0000000000001e50      0x2d8 build/PIC32_NoOptimization/production/OLED.o
 .debug_aranges
                0x0000000000002128      0x298 build/PIC32_NoOptimization/production/pars.o
 .debug_aranges
                0x00000000000023c0       0x20 build/PIC32_NoOptimization/production/sensorMath.o
 .debug_aranges
                0x00000000000023e0      0x350 build/PIC32_NoOptimization/production/PIC32MX564F128H.o
 .debug_aranges
                0x0000000000002730       0x20 c:/program files/microchip/xc32/v4.35/bin/bin/../../lib/gcc/pic32mx/8.3.1/../../../../pic32mx/lib/mips16\libpic32.a(default-bootstrap-exception-handler.o)
 .debug_aranges
                0x0000000000002750       0x20 c:/program files/microchip/xc32/v4.35/bin/bin/../../lib/gcc/pic32mx/8.3.1/../../../../pic32mx/lib/mips16\libpic32.a(default-on-reset.o)
 .debug_aranges
                0x0000000000002770       0x20 c:/program files/microchip/xc32/v4.35/bin/bin/../../lib/gcc/pic32mx/8.3.1/../../../../pic32mx/lib/mips16\libpic32.a(default-on-bootstrap.o)
 .debug_aranges
                0x0000000000002790       0x20 c:/program files/microchip/xc32/v4.35/bin/bin/../../lib/gcc/pic32mx/8.3.1/../../../../pic32mx/lib/mips16\libpic32.a(default-general-exception-handler.o)
 .debug_aranges
                0x00000000000027b0       0x20 c:/program files/microchip/xc32/v4.35/bin/bin/../../lib/gcc/pic32mx/8.3.1/../../../../pic32mx/lib/mips16\libpic32.a(defaultinterrupt.o)
 .debug_aranges
                0x00000000000027d0       0x20 c:/program files/microchip/xc32/v4.35/bin/bin/../../lib/gcc/pic32mx/8.3.1/../../../../pic32mx/lib/mips16\libmchp_peripheral.a(open_core_timer_lib.o)
 .debug_aranges
                0x00000000000027f0       0x20 c:/program files/microchip/xc32/v4.35/bin/bin/../../lib/gcc/pic32mx/8.3.1/../../../../pic32mx/lib/mips16\libmchp_peripheral.a(read_core_timer_lib.o)
 .debug_aranges
                0x0000000000002810       0x20 c:/program files/microchip/xc32/v4.35/bin/bin/../../lib/gcc/pic32mx/8.3.1/../../../../pic32mx/lib/mips16\libmchp_peripheral_32MX564F128H.a(soft_reset_lib.o)
 .debug_aranges
                0x0000000000002830       0x28 c:/program files/microchip/xc32/v4.35/bin/bin/../../lib/gcc/pic32mx/8.3.1/../../../../pic32mx/lib/mips16\libmchp_peripheral_32MX564F128H.a(pcache.o)
 .debug_aranges
                0x0000000000002858       0x20 c:/program files/microchip/xc32/v4.35/bin/bin/../../lib/gcc/pic32mx/8.3.1/../../../../pic32mx/lib/mips16\libmchp_peripheral_32MX564F128H.a(int_enable_interrupts_lib.o)
 .debug_aranges
                0x0000000000002878       0x20 c:/program files/microchip/xc32/v4.35/bin/bin/../../lib/gcc/pic32mx/8.3.1/../../../../pic32mx/lib/mips16\libmchp_peripheral_32MX564F128H.a(int_disable_interrupts_lib.o)
 .debug_aranges
                0x0000000000002898       0x20 c:/program files/microchip/xc32/v4.35/bin/bin/../../lib/gcc/pic32mx/8.3.1/../../../../pic32mx/lib/mips16\libmchp_peripheral_32MX564F128H.a(int_restore_interrupts_lib.o)
 .debug_aranges
                0x00000000000028b8       0x20 c:/program files/microchip/xc32/v4.35/bin/bin/../../lib/gcc/pic32mx/8.3.1/../../../../pic32mx/lib/mips16\libmchp_peripheral_32MX564F128H.a(int_enable_mv_int_lib.o)
 .debug_aranges
                0x00000000000028d8       0x60 c:/program files/microchip/xc32/v4.35/bin/bin/../../lib/gcc/pic32mx/8.3.1/../../../../pic32mx/lib/mips16\libmchp_peripheral_32MX564F128H.a(int_tbl_lib.o)
 .debug_aranges
                0x0000000000002938       0x20 c:/program files/microchip/xc32/v4.35/bin/bin/../../lib/gcc/pic32mx/8.3.1/../../../../pic32mx/lib/mips16\libmchp_peripheral_32MX564F128H.a(spi_chn_close_lib.o)
 .debug_aranges
                0x0000000000002958       0x20 c:/program files/microchip/xc32/v4.35/bin/bin/../../lib/gcc/pic32mx/8.3.1/../../../../pic32mx/lib/mips16\libmchp_peripheral_32MX564F128H.a(spi_chn_open_lib.o)
 .debug_aranges
                0x0000000000002978       0x30 c:/program files/microchip/xc32/v4.35/bin/bin/../../lib/gcc/pic32mx/8.3.1/../../../../pic32mx/lib/mips16\libmchp_peripheral_32MX564F128H.a(spi_chn_putc_lib.o)
 .debug_aranges
                0x00000000000029a8       0x20 c:/program files/microchip/xc32/v4.35/bin/bin/../../lib/gcc/pic32mx/8.3.1/../../../../pic32mx/lib/mips16\libmchp_peripheral_32MX564F128H.a(spi_chn_puts_lib.o)
 .debug_aranges
                0x00000000000029c8       0x28 c:/program files/microchip/xc32/v4.35/bin/bin/../../lib/gcc/pic32mx/8.3.1/../../../../pic32mx/lib/mips16\libmchp_peripheral_32MX564F128H.a(spi_chn_is_busy_lib.o)
 .debug_aranges
                0x00000000000029f0       0x20 c:/program files/microchip/xc32/v4.35/bin/bin/../../lib/gcc/pic32mx/8.3.1/../../../../pic32mx/lib/mips16\libmchp_peripheral_32MX564F128H.a(dma_chn_abort_txfer_lib.o)
 .debug_aranges
                0x0000000000002a10       0x20 c:/program files/microchip/xc32/v4.35/bin/bin/../../lib/gcc/pic32mx/8.3.1/../../../../pic32mx/lib/mips16\libmchp_peripheral_32MX564F128H.a(dma_chn_open_lib.o)
 .debug_aranges
                0x0000000000002a30       0x20 c:/program files/microchip/xc32/v4.35/bin/bin/../../lib/gcc/pic32mx/8.3.1/../../../../pic32mx/lib/mips16\libmchp_peripheral_32MX564F128H.a(dma_chn_disable_lib.o)
 .debug_aranges
                0x0000000000002a50       0x20 c:/program files/microchip/xc32/v4.35/bin/bin/../../lib/gcc/pic32mx/8.3.1/../../../../pic32mx/lib/mips16\libmchp_peripheral_32MX564F128H.a(dma_chn_enable_lib.o)
 .debug_aranges
                0x0000000000002a70       0x20 c:/program files/microchip/xc32/v4.35/bin/bin/../../lib/gcc/pic32mx/8.3.1/../../../../pic32mx/lib/mips16\libmchp_peripheral_32MX564F128H.a(dma_chn_get_dst_pnt_lib.o)
 .debug_aranges
                0x0000000000002a90       0x20 c:/program files/microchip/xc32/v4.35/bin/bin/../../lib/gcc/pic32mx/8.3.1/../../../../pic32mx/lib/mips16\libmchp_peripheral_32MX564F128H.a(dma_chn_write_event_control_flags_lib.o)
 .debug_aranges
                0x0000000000002ab0       0x20 c:/program files/microchip/xc32/v4.35/bin/bin/../../lib/gcc/pic32mx/8.3.1/../../../../pic32mx/lib/mips16\libmchp_peripheral_32MX564F128H.a(dma_chn_set_txfer_lib.o)
 .debug_aranges
                0x0000000000002ad0       0x20 c:/program files/microchip/xc32/v4.35/bin/bin/../../lib/gcc/pic32mx/8.3.1/../../../../pic32mx/lib/mips16\libmchp_peripheral_32MX564F128H.a(dma_chn_write_ev_enable_flags_lib.o)
 .debug_aranges
                0x0000000000002af0       0x20 c:/program files/microchip/xc32/v4.35/bin/bin/../../lib/gcc/pic32mx/8.3.1/../../../../pic32mx/lib/mips16\libmchp_peripheral_32MX564F128H.a(port_reset_pins_lib.o)
 .debug_aranges
                0x0000000000002b10       0x20 c:/program files/microchip/xc32/v4.35/bin/bin/../../lib/gcc/pic32mx/8.3.1/../../../../pic32mx/lib/mips16\libmchp_peripheral_32MX564F128H.a(port_set_pins_digital_in_lib.o)
 .debug_aranges
                0x0000000000002b30       0x20 c:/program files/microchip/xc32/v4.35/bin/bin/../../lib/gcc/pic32mx/8.3.1/../../../../pic32mx/lib/mips16\libmchp_peripheral_32MX564F128H.a(port_set_pins_digital_out_lib.o)
 .debug_aranges
                0x0000000000002b50       0x58 c:/program files/microchip/xc32/v4.35/bin/bin/../../lib/gcc/pic32mx/8.3.1/../../../../pic32mx/lib/mips16\libmchp_peripheral_32MX564F128H.a(uart_lib.o)
 .debug_aranges
                0x0000000000002ba8       0x20 c:/program files/microchip/xc32/v4.35/bin/bin/../../lib/gcc/pic32mx/8.3.1/../../../../pic32mx/lib/mips16\libmchp_peripheral_32MX564F128H.a(I2CAcknowledgeByte.o)
 .debug_aranges
                0x0000000000002bc8       0x20 c:/program files/microchip/xc32/v4.35/bin/bin/../../lib/gcc/pic32mx/8.3.1/../../../../pic32mx/lib/mips16\libmchp_peripheral_32MX564F128H.a(I2CByteWasAcknowledged.o)
 .debug_aranges
                0x0000000000002be8       0x20 c:/program files/microchip/xc32/v4.35/bin/bin/../../lib/gcc/pic32mx/8.3.1/../../../../pic32mx/lib/mips16\libmchp_peripheral_32MX564F128H.a(I2CEnable.o)
 .debug_aranges
                0x0000000000002c08       0x20 c:/program files/microchip/xc32/v4.35/bin/bin/../../lib/gcc/pic32mx/8.3.1/../../../../pic32mx/lib/mips16\libmchp_peripheral_32MX564F128H.a(I2CGetByte.o)
 .debug_aranges
                0x0000000000002c28       0x20 c:/program files/microchip/xc32/v4.35/bin/bin/../../lib/gcc/pic32mx/8.3.1/../../../../pic32mx/lib/mips16\libmchp_peripheral_32MX564F128H.a(I2CReceiverEnable.o)
 .debug_aranges
                0x0000000000002c48       0x20 c:/program files/microchip/xc32/v4.35/bin/bin/../../lib/gcc/pic32mx/8.3.1/../../../../pic32mx/lib/mips16\libmchp_peripheral_32MX564F128H.a(I2CSendByte.o)
 .debug_aranges
                0x0000000000002c68       0x20 c:/program files/microchip/xc32/v4.35/bin/bin/../../lib/gcc/pic32mx/8.3.1/../../../../pic32mx/lib/mips16\libmchp_peripheral_32MX564F128H.a(I2CSetFrequency.o)
 .debug_aranges
                0x0000000000002c88       0x20 c:/program files/microchip/xc32/v4.35/bin/bin/../../lib/gcc/pic32mx/8.3.1/../../../../pic32mx/lib/mips16\libmchp_peripheral_32MX564F128H.a(I2CStart.o)
 .debug_aranges
                0x0000000000002ca8       0x20 c:/program files/microchip/xc32/v4.35/bin/bin/../../lib/gcc/pic32mx/8.3.1/../../../../pic32mx/lib/mips16\libmchp_peripheral_32MX564F128H.a(I2CStop.o)

.debug_pubnames
 *.elf(.debug_pubnames)
 *(.debug_pubnames)

.debug_info     0x0000000000000000    0x30e32
 *.elf(.debug_info .gnu.linkonce.wi.*)
 *(.debug_info .gnu.linkonce.wi.*)
 .debug_info    0x0000000000000000     0x266a build/PIC32_NoOptimization/production/usb/usb_descriptors.o
 .debug_info    0x000000000000266a     0x40e3 build/PIC32_NoOptimization/production/usb/usb_device.o
 .debug_info    0x000000000000674d     0x2739 build/PIC32_NoOptimization/production/usb/usb_driver.o
 .debug_info    0x0000000000008e86     0x2ae1 build/PIC32_NoOptimization/production/usb/usb_function_hid.o
 .debug_info    0x000000000000b967     0x2286 build/PIC32_NoOptimization/production/usb/usb_hal_pic24.o
 .debug_info    0x000000000000dbed     0x31ce build/PIC32_NoOptimization/production/main.o
 .debug_info    0x0000000000010dbb     0x3e83 build/PIC32_NoOptimization/production/isr.o
 .debug_info    0x0000000000014c3e     0x3212 build/PIC32_NoOptimization/production/iron.o
 .debug_info    0x0000000000017e50     0x2cec build/PIC32_NoOptimization/production/PID.o
 .debug_info    0x000000000001ab3c     0x317a build/PIC32_NoOptimization/production/io.o
 .debug_info    0x000000000001dcb6     0x3a24 build/PIC32_NoOptimization/production/menu.o
 .debug_info    0x00000000000216da     0x23f5 build/PIC32_NoOptimization/production/EEP.o
 .debug_info    0x0000000000023acf     0x3700 build/PIC32_NoOptimization/production/OLED.o
 .debug_info    0x00000000000271cf     0x2834 build/PIC32_NoOptimization/production/pars.o
 .debug_info    0x0000000000029a03      0x3f9 build/PIC32_NoOptimization/production/sensorMath.o
 .debug_info    0x0000000000029dfc     0x555a build/PIC32_NoOptimization/production/PIC32MX564F128H.o
 .debug_info    0x000000000002f356       0x41 c:/program files/microchip/xc32/v4.35/bin/bin/../../lib/gcc/pic32mx/8.3.1/../../../../pic32mx/lib/mips16\libpic32.a(default-bootstrap-exception-handler.o)
 .debug_info    0x000000000002f397       0x3f c:/program files/microchip/xc32/v4.35/bin/bin/../../lib/gcc/pic32mx/8.3.1/../../../../pic32mx/lib/mips16\libpic32.a(default-on-reset.o)
 .debug_info    0x000000000002f3d6       0x3f c:/program files/microchip/xc32/v4.35/bin/bin/../../lib/gcc/pic32mx/8.3.1/../../../../pic32mx/lib/mips16\libpic32.a(default-on-bootstrap.o)
 .debug_info    0x000000000002f415       0x41 c:/program files/microchip/xc32/v4.35/bin/bin/../../lib/gcc/pic32mx/8.3.1/../../../../pic32mx/lib/mips16\libpic32.a(default-general-exception-handler.o)
 .debug_info    0x000000000002f456       0x40 c:/program files/microchip/xc32/v4.35/bin/bin/../../lib/gcc/pic32mx/8.3.1/../../../../pic32mx/lib/mips16\libpic32.a(defaultinterrupt.o)
 .debug_info    0x000000000002f496       0xa8 c:/program files/microchip/xc32/v4.35/bin/bin/../../lib/gcc/pic32mx/8.3.1/../../../../pic32mx/lib/mips16\libmchp_peripheral.a(open_core_timer_lib.o)
 .debug_info    0x000000000002f53e       0xa8 c:/program files/microchip/xc32/v4.35/bin/bin/../../lib/gcc/pic32mx/8.3.1/../../../../pic32mx/lib/mips16\libmchp_peripheral.a(read_core_timer_lib.o)
 .debug_info    0x000000000002f5e6       0xb0 c:/program files/microchip/xc32/v4.35/bin/bin/../../lib/gcc/pic32mx/8.3.1/../../../../pic32mx/lib/mips16\libmchp_peripheral_32MX564F128H.a(soft_reset_lib.o)
 .debug_info    0x000000000002f696       0xbe c:/program files/microchip/xc32/v4.35/bin/bin/../../lib/gcc/pic32mx/8.3.1/../../../../pic32mx/lib/mips16\libmchp_peripheral_32MX564F128H.a(pcache.o)
 .debug_info    0x000000000002f754       0xb2 c:/program files/microchip/xc32/v4.35/bin/bin/../../lib/gcc/pic32mx/8.3.1/../../../../pic32mx/lib/mips16\libmchp_peripheral_32MX564F128H.a(int_enable_interrupts_lib.o)
 .debug_info    0x000000000002f806       0xb4 c:/program files/microchip/xc32/v4.35/bin/bin/../../lib/gcc/pic32mx/8.3.1/../../../../pic32mx/lib/mips16\libmchp_peripheral_32MX564F128H.a(int_disable_interrupts_lib.o)
 .debug_info    0x000000000002f8ba       0xb4 c:/program files/microchip/xc32/v4.35/bin/bin/../../lib/gcc/pic32mx/8.3.1/../../../../pic32mx/lib/mips16\libmchp_peripheral_32MX564F128H.a(int_restore_interrupts_lib.o)
 .debug_info    0x000000000002f96e       0xba c:/program files/microchip/xc32/v4.35/bin/bin/../../lib/gcc/pic32mx/8.3.1/../../../../pic32mx/lib/mips16\libmchp_peripheral_32MX564F128H.a(int_enable_mv_int_lib.o)
 .debug_info    0x000000000002fa28      0x19c c:/program files/microchip/xc32/v4.35/bin/bin/../../lib/gcc/pic32mx/8.3.1/../../../../pic32mx/lib/mips16\libmchp_peripheral_32MX564F128H.a(int_tbl_lib.o)
 .debug_info    0x000000000002fbc4       0xa2 c:/program files/microchip/xc32/v4.35/bin/bin/../../lib/gcc/pic32mx/8.3.1/../../../../pic32mx/lib/mips16\libmchp_peripheral_32MX564F128H.a(spi_chn_close_lib.o)
 .debug_info    0x000000000002fc66       0xa0 c:/program files/microchip/xc32/v4.35/bin/bin/../../lib/gcc/pic32mx/8.3.1/../../../../pic32mx/lib/mips16\libmchp_peripheral_32MX564F128H.a(spi_chn_open_lib.o)
 .debug_info    0x000000000002fd06       0xeb c:/program files/microchip/xc32/v4.35/bin/bin/../../lib/gcc/pic32mx/8.3.1/../../../../pic32mx/lib/mips16\libmchp_peripheral_32MX564F128H.a(spi_chn_putc_lib.o)
 .debug_info    0x000000000002fdf1       0xb3 c:/program files/microchip/xc32/v4.35/bin/bin/../../lib/gcc/pic32mx/8.3.1/../../../../pic32mx/lib/mips16\libmchp_peripheral_32MX564F128H.a(spi_chn_puts_lib.o)
 .debug_info    0x000000000002fea4       0xc4 c:/program files/microchip/xc32/v4.35/bin/bin/../../lib/gcc/pic32mx/8.3.1/../../../../pic32mx/lib/mips16\libmchp_peripheral_32MX564F128H.a(spi_chn_is_busy_lib.o)
 .debug_info    0x000000000002ff68       0xad c:/program files/microchip/xc32/v4.35/bin/bin/../../lib/gcc/pic32mx/8.3.1/../../../../pic32mx/lib/mips16\libmchp_peripheral_32MX564F128H.a(dma_chn_abort_txfer_lib.o)
 .debug_info    0x0000000000030015       0xb3 c:/program files/microchip/xc32/v4.35/bin/bin/../../lib/gcc/pic32mx/8.3.1/../../../../pic32mx/lib/mips16\libmchp_peripheral_32MX564F128H.a(dma_chn_open_lib.o)
 .debug_info    0x00000000000300c8       0xa6 c:/program files/microchip/xc32/v4.35/bin/bin/../../lib/gcc/pic32mx/8.3.1/../../../../pic32mx/lib/mips16\libmchp_peripheral_32MX564F128H.a(dma_chn_disable_lib.o)
 .debug_info    0x000000000003016e       0xa4 c:/program files/microchip/xc32/v4.35/bin/bin/../../lib/gcc/pic32mx/8.3.1/../../../../pic32mx/lib/mips16\libmchp_peripheral_32MX564F128H.a(dma_chn_enable_lib.o)
 .debug_info    0x0000000000030212       0xac c:/program files/microchip/xc32/v4.35/bin/bin/../../lib/gcc/pic32mx/8.3.1/../../../../pic32mx/lib/mips16\libmchp_peripheral_32MX564F128H.a(dma_chn_get_dst_pnt_lib.o)
 .debug_info    0x00000000000302be       0xc7 c:/program files/microchip/xc32/v4.35/bin/bin/../../lib/gcc/pic32mx/8.3.1/../../../../pic32mx/lib/mips16\libmchp_peripheral_32MX564F128H.a(dma_chn_write_event_control_flags_lib.o)
 .debug_info    0x0000000000030385       0xba c:/program files/microchip/xc32/v4.35/bin/bin/../../lib/gcc/pic32mx/8.3.1/../../../../pic32mx/lib/mips16\libmchp_peripheral_32MX564F128H.a(dma_chn_set_txfer_lib.o)
 .debug_info    0x000000000003043f       0xbf c:/program files/microchip/xc32/v4.35/bin/bin/../../lib/gcc/pic32mx/8.3.1/../../../../pic32mx/lib/mips16\libmchp_peripheral_32MX564F128H.a(dma_chn_write_ev_enable_flags_lib.o)
 .debug_info    0x00000000000304fe       0xa8 c:/program files/microchip/xc32/v4.35/bin/bin/../../lib/gcc/pic32mx/8.3.1/../../../../pic32mx/lib/mips16\libmchp_peripheral_32MX564F128H.a(port_reset_pins_lib.o)
 .debug_info    0x00000000000305a6       0xb8 c:/program files/microchip/xc32/v4.35/bin/bin/../../lib/gcc/pic32mx/8.3.1/../../../../pic32mx/lib/mips16\libmchp_peripheral_32MX564F128H.a(port_set_pins_digital_in_lib.o)
 .debug_info    0x000000000003065e       0xba c:/program files/microchip/xc32/v4.35/bin/bin/../../lib/gcc/pic32mx/8.3.1/../../../../pic32mx/lib/mips16\libmchp_peripheral_32MX564F128H.a(port_set_pins_digital_out_lib.o)
 .debug_info    0x0000000000030718      0x17a c:/program files/microchip/xc32/v4.35/bin/bin/../../lib/gcc/pic32mx/8.3.1/../../../../pic32mx/lib/mips16\libmchp_peripheral_32MX564F128H.a(uart_lib.o)
 .debug_info    0x0000000000030892       0xaa c:/program files/microchip/xc32/v4.35/bin/bin/../../lib/gcc/pic32mx/8.3.1/../../../../pic32mx/lib/mips16\libmchp_peripheral_32MX564F128H.a(I2CAcknowledgeByte.o)
 .debug_info    0x000000000003093c       0xb2 c:/program files/microchip/xc32/v4.35/bin/bin/../../lib/gcc/pic32mx/8.3.1/../../../../pic32mx/lib/mips16\libmchp_peripheral_32MX564F128H.a(I2CByteWasAcknowledged.o)
 .debug_info    0x00000000000309ee       0x98 c:/program files/microchip/xc32/v4.35/bin/bin/../../lib/gcc/pic32mx/8.3.1/../../../../pic32mx/lib/mips16\libmchp_peripheral_32MX564F128H.a(I2CEnable.o)
 .debug_info    0x0000000000030a86       0x9a c:/program files/microchip/xc32/v4.35/bin/bin/../../lib/gcc/pic32mx/8.3.1/../../../../pic32mx/lib/mips16\libmchp_peripheral_32MX564F128H.a(I2CGetByte.o)
 .debug_info    0x0000000000030b20       0xa8 c:/program files/microchip/xc32/v4.35/bin/bin/../../lib/gcc/pic32mx/8.3.1/../../../../pic32mx/lib/mips16\libmchp_peripheral_32MX564F128H.a(I2CReceiverEnable.o)
 .debug_info    0x0000000000030bc8       0x9c c:/program files/microchip/xc32/v4.35/bin/bin/../../lib/gcc/pic32mx/8.3.1/../../../../pic32mx/lib/mips16\libmchp_peripheral_32MX564F128H.a(I2CSendByte.o)
 .debug_info    0x0000000000030c64       0xa4 c:/program files/microchip/xc32/v4.35/bin/bin/../../lib/gcc/pic32mx/8.3.1/../../../../pic32mx/lib/mips16\libmchp_peripheral_32MX564F128H.a(I2CSetFrequency.o)
 .debug_info    0x0000000000030d08       0x96 c:/program files/microchip/xc32/v4.35/bin/bin/../../lib/gcc/pic32mx/8.3.1/../../../../pic32mx/lib/mips16\libmchp_peripheral_32MX564F128H.a(I2CStart.o)
 .debug_info    0x0000000000030d9e       0x94 c:/program files/microchip/xc32/v4.35/bin/bin/../../lib/gcc/pic32mx/8.3.1/../../../../pic32mx/lib/mips16\libmchp_peripheral_32MX564F128H.a(I2CStop.o)

.debug_abbrev   0x0000000000000000     0x4e72
 *.elf(.debug_abbrev)
 *(.debug_abbrev)
 .debug_abbrev  0x0000000000000000      0x444 build/PIC32_NoOptimization/production/usb/usb_descriptors.o
 .debug_abbrev  0x0000000000000444      0x589 build/PIC32_NoOptimization/production/usb/usb_device.o
 .debug_abbrev  0x00000000000009cd      0x451 build/PIC32_NoOptimization/production/usb/usb_driver.o
 .debug_abbrev  0x0000000000000e1e      0x4a0 build/PIC32_NoOptimization/production/usb/usb_function_hid.o
 .debug_abbrev  0x00000000000012be      0x3fe build/PIC32_NoOptimization/production/usb/usb_hal_pic24.o
 .debug_abbrev  0x00000000000016bc      0x485 build/PIC32_NoOptimization/production/main.o
 .debug_abbrev  0x0000000000001b41      0x4e7 build/PIC32_NoOptimization/production/isr.o
 .debug_abbrev  0x0000000000002028      0x47d build/PIC32_NoOptimization/production/iron.o
 .debug_abbrev  0x00000000000024a5      0x4c2 build/PIC32_NoOptimization/production/PID.o
 .debug_abbrev  0x0000000000002967      0x4d5 build/PIC32_NoOptimization/production/io.o
 .debug_abbrev  0x0000000000002e3c      0x4e5 build/PIC32_NoOptimization/production/menu.o
 .debug_abbrev  0x0000000000003321      0x45a build/PIC32_NoOptimization/production/EEP.o
 .debug_abbrev  0x000000000000377b      0x4d5 build/PIC32_NoOptimization/production/OLED.o
 .debug_abbrev  0x0000000000003c50      0x481 build/PIC32_NoOptimization/production/pars.o
 .debug_abbrev  0x00000000000040d1      0x18a build/PIC32_NoOptimization/production/sensorMath.o
 .debug_abbrev  0x000000000000425b      0x54f build/PIC32_NoOptimization/production/PIC32MX564F128H.o
 .debug_abbrev  0x00000000000047aa       0x31 c:/program files/microchip/xc32/v4.35/bin/bin/../../lib/gcc/pic32mx/8.3.1/../../../../pic32mx/lib/mips16\libpic32.a(default-bootstrap-exception-handler.o)
 .debug_abbrev  0x00000000000047db       0x2e c:/program files/microchip/xc32/v4.35/bin/bin/../../lib/gcc/pic32mx/8.3.1/../../../../pic32mx/lib/mips16\libpic32.a(default-on-reset.o)
 .debug_abbrev  0x0000000000004809       0x2e c:/program files/microchip/xc32/v4.35/bin/bin/../../lib/gcc/pic32mx/8.3.1/../../../../pic32mx/lib/mips16\libpic32.a(default-on-bootstrap.o)
 .debug_abbrev  0x0000000000004837       0x31 c:/program files/microchip/xc32/v4.35/bin/bin/../../lib/gcc/pic32mx/8.3.1/../../../../pic32mx/lib/mips16\libpic32.a(default-general-exception-handler.o)
 .debug_abbrev  0x0000000000004868       0x31 c:/program files/microchip/xc32/v4.35/bin/bin/../../lib/gcc/pic32mx/8.3.1/../../../../pic32mx/lib/mips16\libpic32.a(defaultinterrupt.o)