Archive member included because of file (symbol)

f:/program files/microchip/xc32/v2.50/bin/bin/../../lib/gcc/pic32mx/4.8.3/../../../../pic32mx/lib/size/mips16/no-float\libmchp_peripheral.a(open_core_timer_lib.o)
                              build/PIC32/production/PIC32MX564F128H.o (OpenCoreTimer)
f:/program files/microchip/xc32/v2.50/bin/bin/../../lib/gcc/pic32mx/4.8.3/../../../../pic32mx/lib/size/mips16/no-float\libmchp_peripheral.a(read_core_timer_lib.o)
                              build/PIC32/production/main.o (ReadCoreTimer)
f:/program files/microchip/xc32/v2.50/bin/bin/../../lib/gcc/pic32mx/4.8.3/../../../../pic32mx/lib/size/mips16/no-float\libmchp_peripheral.a(write_core_timer_lib.o)
                              build/PIC32/production/main.o (WriteCoreTimer)
f:/program files/microchip/xc32/v2.50/bin/bin/../../lib/gcc/pic32mx/4.8.3/../../../../pic32mx/lib/size/mips16/no-float\libmchp_peripheral_32MX534F064H.a(soft_reset_lib.o)
                              build/PIC32/production/io.o (SoftReset)
f:/program files/microchip/xc32/v2.50/bin/bin/../../lib/gcc/pic32mx/4.8.3/../../../../pic32mx/lib/size/mips16/no-float\libmchp_peripheral_32MX534F064H.a(int_disable_interrupts_lib.o)
                              build/PIC32/production/io.o (INTDisableInterrupts)
f:/program files/microchip/xc32/v2.50/bin/bin/../../lib/gcc/pic32mx/4.8.3/../../../../pic32mx/lib/size/mips16/no-float\libmchp_peripheral_32MX534F064H.a(int_restore_interrupts_lib.o)
                              build/PIC32/production/PIC32MX564F128H.o (INTRestoreInterrupts)
f:/program files/microchip/xc32/v2.50/bin/bin/../../lib/gcc/pic32mx/4.8.3/../../../../pic32mx/lib/size/mips16/no-float\libmchp_peripheral_32MX534F064H.a(int_tbl_lib.o)
                              build/PIC32/production/usb/usb_device.o (INTClearFlag)
f:/program files/microchip/xc32/v2.50/bin/bin/../../lib/gcc/pic32mx/4.8.3/../../../../pic32mx/lib/size/mips16/no-float\libmchp_peripheral_32MX534F064H.a(spi_chn_close_lib.o)
                              build/PIC32/production/OLED.o (SpiChnClose)
f:/program files/microchip/xc32/v2.50/bin/bin/../../lib/gcc/pic32mx/4.8.3/../../../../pic32mx/lib/size/mips16/no-float\libmchp_peripheral_32MX534F064H.a(spi_chn_open_lib.o)
                              build/PIC32/production/OLED.o (SpiChnOpen)
f:/program files/microchip/xc32/v2.50/bin/bin/../../lib/gcc/pic32mx/4.8.3/../../../../pic32mx/lib/size/mips16/no-float\libmchp_peripheral_32MX534F064H.a(spi_chn_putc_lib.o)
                              build/PIC32/production/OLED.o (SpiChnPutC)
f:/program files/microchip/xc32/v2.50/bin/bin/../../lib/gcc/pic32mx/4.8.3/../../../../pic32mx/lib/size/mips16/no-float\libmchp_peripheral_32MX534F064H.a(spi_chn_puts_lib.o)
                              build/PIC32/production/OLED.o (SpiChnPutS)
f:/program files/microchip/xc32/v2.50/bin/bin/../../lib/gcc/pic32mx/4.8.3/../../../../pic32mx/lib/size/mips16/no-float\libmchp_peripheral_32MX534F064H.a(spi_chn_is_busy_lib.o)
                              build/PIC32/production/PIC32MX564F128H.o (SpiChnIsBusy)
f:/program files/microchip/xc32/v2.50/bin/bin/../../lib/gcc/pic32mx/4.8.3/../../../../pic32mx/lib/size/mips16/no-float\libmchp_peripheral_32MX534F064H.a(spi_io_tbl_libp.o)
                              f:/program files/microchip/xc32/v2.50/bin/bin/../../lib/gcc/pic32mx/4.8.3/../../../../pic32mx/lib/size/mips16/no-float\libmchp_peripheral_32MX534F064H.a(spi_chn_close_lib.o) (_SpiIoTbl)
f:/program files/microchip/xc32/v2.50/bin/bin/../../lib/gcc/pic32mx/4.8.3/../../../../pic32mx/lib/size/mips16/no-float\libmchp_peripheral_32MX534F064H.a(spi_map_tbl_libp.o)
                              f:/program files/microchip/xc32/v2.50/bin/bin/../../lib/gcc/pic32mx/4.8.3/../../../../pic32mx/lib/size/mips16/no-float\libmchp_peripheral_32MX534F064H.a(spi_chn_close_lib.o) (_SpiMapTbl)
f:/program files/microchip/xc32/v2.50/bin/bin/../../lib/gcc/pic32mx/4.8.3/../../../../pic32mx/lib/size/mips16/no-float\libmchp_peripheral_32MX534F064H.a(nvm_erase_page_lib.o)
                              build/PIC32/production/PIC32MX564F128H.o (NVMErasePage)
f:/program files/microchip/xc32/v2.50/bin/bin/../../lib/gcc/pic32mx/4.8.3/../../../../pic32mx/lib/size/mips16/no-float\libmchp_peripheral_32MX534F064H.a(nvm_operation_lib.o)
                              f:/program files/microchip/xc32/v2.50/bin/bin/../../lib/gcc/pic32mx/4.8.3/../../../../pic32mx/lib/size/mips16/no-float\libmchp_peripheral_32MX534F064H.a(nvm_erase_page_lib.o) (_NVMOperation)
f:/program files/microchip/xc32/v2.50/bin/bin/../../lib/gcc/pic32mx/4.8.3/../../../../pic32mx/lib/size/mips16/no-float\libmchp_peripheral_32MX534F064H.a(nvm_write_row_lib.o)
                              build/PIC32/production/PIC32MX564F128H.o (NVMWriteRow)
f:/program files/microchip/xc32/v2.50/bin/bin/../../lib/gcc/pic32mx/4.8.3/../../../../pic32mx/lib/size/mips16/no-float\libmchp_peripheral_32MX534F064H.a(nvm_write_word_lib.o)
[...]
Memory Configuration

Name             Origin             Length             Attributes
kseg0_program_mem 0x9d000000         0x00003000         xr
kseg1_boot_mem   0xbfc00000         0x00000490
kseg0_boot_mem   0x9fc00490         0x00000970
exception_mem    0x9fc01000         0x00000000
debug_exec_mem   0xbfc02000         0x00000ff0
config3          0xbfc02ff0         0x00000004
config2          0xbfc02ff4         0x00000004
config1          0xbfc02ff8         0x00000004
config0          0xbfc02ffc         0x00000004
kseg1_data_mem   0xa0000000         0x00001000         w !x
sfrs             0xbf800000         0x00100000
configsfrs       0xbfc02ff0         0x00000010
*default*        0x00000000         0xffffffff

Linker script and memory map

LOAD f:/program files/microchip/xc32/v2.50/bin/bin/../../lib/gcc/pic32mx/4.8.3/../../../../pic32mx/lib/size/mips16/no-float\debug-exception-return.o
LOAD build/PIC32/production/usb/usb_descriptors.o
LOAD build/PIC32/production/usb/usb_device.o
LOAD build/PIC32/production/usb/usb_driver.o
LOAD build/PIC32/production/usb/usb_function_hid.o
LOAD build/PIC32/production/main.o
LOAD build/PIC32/production/io.o
LOAD build/PIC32/production/crc.o
LOAD build/PIC32/production/OLED.o
LOAD build/PIC32/production/PIC32MX564F128H.o
                0x00000001                __MPLAB_BUILD = 0x1
                0x00000400                PROVIDE (_min_stack_size, 0x400)
LOAD f:/program files/microchip/xc32/v2.50/bin/bin/../../lib/gcc/pic32mx/4.8.3/../../../../pic32mx/lib/./proc/32MX564F128H\processor.o
START GROUP
LOAD f:/program files/microchip/xc32/v2.50/bin/bin/../../lib/gcc/pic32mx/4.8.3/../../../../pic32mx/lib/size/mips16/no-float\libmchp_peripheral.a
END GROUP
START GROUP
LOAD f:/program files/microchip/xc32/v2.50/bin/bin/../../lib/gcc/pic32mx/4.8.3/../../../../pic32mx/lib/size/mips16/no-float\libmchp_peripheral_32MX534F064H.a
END GROUP
                0x00000001                PROVIDE (_vector_spacing, 0x1)
                0x9fc01000                _ebase_address = 0x9fc01000
                0xbfc00000                _RESET_ADDR = 0xbfc00000
                0xbfc00380                _BEV_EXCPT_ADDR = 0xbfc00380
                0xbfc00480                _DBG_EXCPT_ADDR = 0xbfc00480
                0xbfc02000                _DBG_CODE_ADDR = 0xbfc02000
                0x00000ff0                _DBG_CODE_SIZE = 0xff0
                0x9fc01180                _GEN_EXCPT_ADDR = (_ebase_address + 0x180)

.config_BFC02FF0
                0xbfc02ff0        0x4
 *(.config_BFC02FF0)
 .config_BFC02FF0
                0xbfc02ff0        0x4 build/PIC32/production/PIC32MX564F128H.o

.config_BFC02FF4
                0xbfc02ff4        0x4
 *(.config_BFC02FF4)
 .config_BFC02FF4
                0xbfc02ff4        0x4 build/PIC32/production/PIC32MX564F128H.o

.config_BFC02FF8
                0xbfc02ff8        0x4
 *(.config_BFC02FF8)
 .config_BFC02FF8
                0xbfc02ff8        0x4 build/PIC32/production/PIC32MX564F128H.o

.config_BFC02FFC
                0xbfc02ffc        0x4
 *(.config_BFC02FFC)
 .config_BFC02FFC
                0xbfc02ffc        0x4 build/PIC32/production/PIC32MX564F128H.o
                0xbfc02000                PROVIDE (_DBG_CODE_ADDR, 0xbfc02000)
                0x00000ff0                PROVIDE (_DBG_CODE_SIZE, 0xff0)

.reset          0xbfc00000      0x19c
 *(.reset)
 .reset         0xbfc00000        0x8 C:\Users\Sparky\AppData\Local\Temp\cc81muoH.o
                0xbfc00000                _reset
 *(.reset.startup)
 .reset.startup
                0xbfc00008      0x194 C:\Users\Sparky\AppData\Local\Temp\cc81muoH.o
                0xbfc00008                _startup

.bev_excpt      0xbfc00380       0x10
 *(.bev_handler)
 .bev_handler   0xbfc00380       0x10 C:\Users\Sparky\AppData\Local\Temp\cc81muoH.o

.dbg_excpt      0xbfc00480        0x0
                0xbfc00480                . = (. + DEFINED (_DEBUGGER)?0x8:0x0)

.dbg_code       0xbfc02000        0x0
                0xbfc02000                . = (. + DEFINED (_DEBUGGER)?_DBG_CODE_SIZE:0x0)

.startup
 *(.startup)

.text           0x9d000000        0x0
 *(.stub .gnu.linkonce.t.*)
 *(.text.*personality*)
 *(.mips16.fn.*)
 *(.mips16.call.*)
 *(.gnu.warning)
                0x9d000000                . = ALIGN (0x4)

.init           0x9d000000        0x0
 *crti.o(.init)
 *crtbegin.o(.init)
 *(EXCLUDE_FILE(*crtn.o *crtend?.o *crtend.o) .init)
 *crtend.o(.init)
 *crtn.o(.init)
                0x9d000000                . = ALIGN (0x4)

.fini           0x9d000000        0x0
 *(.fini)
                0x9d000000                . = ALIGN (0x4)

.preinit_array  0x9d000000        0x0
                0x9d000000                PROVIDE (__preinit_array_start, .)
 *(.preinit_array)
                0x9d000000                PROVIDE (__preinit_array_end, .)
                0x9d000000                . = ALIGN (0x4)

.init_array     0x9d000000        0x0
                0x9d000000                PROVIDE (__init_array_start, .)
 *(SORT(.init_array.*))
 *(.init_array)
                0x9d000000                PROVIDE (__init_array_end, .)
                0x9d000000                . = ALIGN (0x4)

.fini_array     0x9d000000        0x0
                0x9d000000                PROVIDE (__fini_array_start, .)
 *(SORT(.fini_array.*))
 *(.fini_array)
                0x9d000000                PROVIDE (__fini_array_end, .)
                0x9d000000                . = ALIGN (0x4)

.ctors          0x9d000000        0x0
 *crtbegin.o(.ctors)
 *crtbegin?.o(.ctors)
 *(EXCLUDE_FILE(*crtend?.o *crtend.o) .ctors)
 *(SORT(.ctors.*))
 *(.ctors)
                0x9d000000                . = ALIGN (0x4)

.dtors          0x9d000000        0x0
 *crtbegin.o(.dtors)
 *crtbegin?.o(.dtors)
 *(EXCLUDE_FILE(*crtend?.o *crtend.o) .dtors)
 *(SORT(.dtors.*))
 *(.dtors)
                0x9d000000                . = ALIGN (0x4)

.rodata         0x9d000000        0x0
 *(.gnu.linkonce.r.*)
 *(.rodata1)
                0x9d000000                . = ALIGN (0x4)

.sdata2         0x9fc00490        0x0
 *(.sdata2 .sdata2.* .gnu.linkonce.s2.*)
                0x9fc00490                . = ALIGN (0x4)

.sbss2          0x9fc00490        0x0
 *(.sbss2 .sbss2.* .gnu.linkonce.sb2.*)
                0x9fc00490                . = ALIGN (0x4)

.eh_frame_hdr
 *(.eh_frame_hdr)
                0x9fc00490                . = ALIGN (0x4)

.eh_frame
 *(.eh_frame)
                0x9fc00490                . = ALIGN (0x4)

.gcc_except_table
 *(.gcc_except_table .gcc_except_table.*)
                0x9fc00490                . = ALIGN (0x4)

.dbg_data       0xa0000000        0x0
                0xa0000000                . = (. + DEFINED (_DEBUGGER)?0x200:0x0)

.jcr            0xa0000000        0x0
 *(.jcr)
                0xa0000000                . = ALIGN (0x4)

.eh_frame
 *(.eh_frame)
                0xa0000000                . = ALIGN (0x4)

.gcc_except_table
 *(.gcc_except_table .gcc_except_table.*)
                0xa0000000                . = ALIGN (0x4)

.persist        0xa0000000        0x0
                0xa0000000                _persist_begin = .
 *(.persist .persist.*)
 *(.pbss .pbss.*)
                0xa0000000                . = ALIGN (0x4)
                0xa0000000                _persist_end = .

.data           0xa0000000        0x0
 *(.gnu.linkonce.d.*)
 *(.data1)
                0xa0000000                . = ALIGN (0x4)
                0xa0000000                . = .
                0xa0007ff0                _gp = (ALIGN (0x10) + 0x7ff0)

.got            0xa0000000        0x0
 *(.got.plt)
 *(.got)
                0xa0000000                . = ALIGN (0x4)

.sdata          0xa0000000        0x4
                0xa0000000                _sdata_begin = .
 *(.sdata .sdata.* .gnu.linkonce.s.*)
 .sdata         0xa0000000        0x4 build/PIC32/production/OLED.o
                0xa0000000                PreUpdateBuff
                0xa0000004                . = ALIGN (0x4)
                0xa0000004                _sdata_end = .

.lit8
 *(.lit8)

.lit4
 *(.lit4)
                0xa0000004                . = ALIGN (0x4)
                0xa0000004                _data_end = .
                0xa0000004                _bss_begin = .

.sbss           0xa0000004       0x8c
                0xa0000004                _sbss_begin = .
 *(.dynsbss)
 *(.sbss .sbss.* .gnu.linkonce.sb.*)
 .sbss          0xa0000004        0x8 build/PIC32/production/usb/usb_driver.o
                0xa0000004                USBInHandle
                0xa0000008                USBOutHandle
 .sbss          0xa000000c        0x8 build/PIC32/production/main.o
 .sbss          0xa0000014        0x8 build/PIC32/production/io.o
 .sbss          0xa000001c        0x4 build/PIC32/production/OLED.o
                0xa000001c                DisplaySetup
 *(.scommon)
 .scommon       0xa0000020       0x6c build/PIC32/production/usb/usb_device.o
                0xa0000020                pDst
                0xa0000024                USBDeferINDataStagePackets
                0xa0000028                CtrlTrfData
                0xa0000030                USBDeferOUTDataStagePackets
                0xa0000034                USBDeviceState
                0xa0000038                controlTransferState
                0xa0000039                endpoint_number
                0xa000003c                pBDTEntryIn
                0xa0000044                ep_data_out
                0xa0000048                USBStatusStageEnabledFlag1
                0xa000004c                USBStatusStageEnabledFlag2
                0xa0000050                pBDTEntryOut
                0xa0000058                BothEP0OutUOWNsSet
                0xa000005c                pBDTEntryEP0OutNext
                0xa0000060                USBBusIsSuspended
                0xa0000064                USBStatusStageTimeoutCounter
                0xa0000068                SetupPkt
                0xa0000070                ep_data_in
                0xa0000072                shortPacketStatus
                0xa0000074                pBDTEntryEP0OutCurrent
                0xa0000078                USBActiveConfiguration
                0xa000007c                RemoteWakeup
                0xa0000080                USTATcopy
                0xa0000084                USBAlternateInterface
                0xa0000088                USBDeferStatusStagePacket
 .scommon       0xa000008c        0x2 build/PIC32/production/usb/usb_function_hid.o
                0xa000008c                active_protocol
                0xa000008d                idle_rate
                0xa000008e                _sbss_end = .
                0xa0000090                . = ALIGN (0x4)
 *fill*         0xa000008e        0x2 

.bss            0xa0000200      0x564
 *(.dynbss)
 *(COMMON)
 COMMON         0xa0000200       0x5b build/PIC32/production/usb/usb_device.o
                0xa0000200                BDT
                0xa0000240                inPipes
                0xa0000250                outPipes
 *fill*         0xa000025b        0x1 
 COMMON         0xa000025c       0x80 build/PIC32/production/usb/usb_driver.o
                0xa000025c                USBRxBuffer
                0xa000029c                USBTxBuffer
 COMMON         0xa00002dc       0x88 build/PIC32/production/io.o
                0xa00002dc                TXP
                0xa0000320                RXP
 COMMON         0xa0000364      0x400 build/PIC32/production/OLED.o
                0xa0000364                OLEDBUFF
                0xa0000764                . = ALIGN ((. != 0x0)?0x4:0x1)
                0xa0000764                . = ALIGN (0x4)
                0xa0000764                _end = .
                0xa0000764                _bss_end = .
                0x00001000                _bmxdudba_address = 0x1000
                0x00001000                _bmxdupba_address = 0x1000

/DISCARD/
 *(.pdr)
 *(.rel.dyn)
 *(.note.GNU-stack)
 *(.note.GNU-stack)
 *(.gnu_debuglink)
 *(.gnu.lto_*)
 *(.discard)

.gptab.sdata
 *(.gptab.data)
 *(.gptab.sdata)

.gptab.sbss
 *(.gptab.bss)
 *(.gptab.sbss)

.mdebug.abi32   0xa0000764        0x0
 *(.mdebug.abi32)
 .mdebug.abi32  0xa0000764        0x0 build/PIC32/production/usb/usb_descriptors.o
 .mdebug.abi32  0xa0000764        0x0 build/PIC32/production/usb/usb_device.o
 .mdebug.abi32  0xa0000764        0x0 build/PIC32/production/usb/usb_driver.o
 .mdebug.abi32  0xa0000764        0x0 build/PIC32/production/usb/usb_function_hid.o
 .mdebug.abi32  0xa0000764        0x0 build/PIC32/production/main.o
 .mdebug.abi32  0xa0000764        0x0 build/PIC32/production/io.o
 .mdebug.abi32  0xa0000764        0x0 build/PIC32/production/crc.o
 .mdebug.abi32  0xa0000764        0x0 build/PIC32/production/OLED.o
 .mdebug.abi32  0xa0000764        0x0 build/PIC32/production/PIC32MX564F128H.o
 .mdebug.abi32  0xa0000764        0x0 f:/program files/microchip/xc32/v2.50/bin/bin/../../lib/gcc/pic32mx/4.8.3/../../../../pic32mx/lib/size/mips16/no-float\libmchp_peripheral.a(open_core_timer_lib.o)
 .mdebug.abi32  0xa0000764        0x0 f:/program files/microchip/xc32/v2.50/bin/bin/../../lib/gcc/pic32mx/4.8.3/../../../../pic32mx/lib/size/mips16/no-float\libmchp_peripheral.a(read_core_timer_lib.o)
 .mdebug.abi32  0xa0000764        0x0 f:/program files/microchip/xc32/v2.50/bin/bin/../../lib/gcc/pic32mx/4.8.3/../../../../pic32mx/lib/size/mips16/no-float\libmchp_peripheral.a(write_core_timer_lib.o)
 .mdebug.abi32  0xa0000764        0x0 f:/program files/microchip/xc32/v2.50/bin/bin/../../lib/gcc/pic32mx/4.8.3/../../../../pic32mx/lib/size/mips16/no-float\libmchp_peripheral_32MX534F064H.a(soft_reset_lib.o)
 .mdebug.abi32  0xa0000764        0x0 f:/program files/microchip/xc32/v2.50/bin/bin/../../lib/gcc/pic32mx/4.8.3/../../../../pic32mx/lib/size/mips16/no-float\libmchp_peripheral_32MX534F064H.a(int_disable_interrupts_lib.o)
 .mdebug.abi32  0xa0000764        0x0 f:/program files/microchip/xc32/v2.50/bin/bin/../../lib/gcc/pic32mx/4.8.3/../../../../pic32mx/lib/size/mips16/no-float\libmchp_peripheral_32MX534F064H.a(int_restore_interrupts_lib.o)
 .mdebug.abi32  0xa0000764        0x0 f:/program files/microchip/xc32/v2.50/bin/bin/../../lib/gcc/pic32mx/4.8.3/../../../../pic32mx/lib/size/mips16/no-float\libmchp_peripheral_32MX534F064H.a(int_tbl_lib.o)
 .mdebug.abi32  0xa0000764        0x0 f:/program files/microchip/xc32/v2.50/bin/bin/../../lib/gcc/pic32mx/4.8.3/../../../../pic32mx/lib/size/mips16/no-float\libmchp_peripheral_32MX534F064H.a(spi_chn_close_lib.o)
 .mdebug.abi32  0xa0000764        0x0 f:/program files/microchip/xc32/v2.50/bin/bin/../../lib/gcc/pic32mx/4.8.3/../../../../pic32mx/lib/size/mips16/no-float\libmchp_peripheral_32MX534F064H.a(spi_chn_open_lib.o)
 .mdebug.abi32  0xa0000764        0x0 f:/program files/microchip/xc32/v2.50/bin/bin/../../lib/gcc/pic32mx/4.8.3/../../../../pic32mx/lib/size/mips16/no-float\libmchp_peripheral_32MX534F064H.a(spi_chn_putc_lib.o)
 .mdebug.abi32  0xa0000764        0x0 f:/program files/microchip/xc32/v2.50/bin/bin/../../lib/gcc/pic32mx/4.8.3/../../../../pic32mx/lib/size/mips16/no-float\libmchp_peripheral_32MX534F064H.a(spi_chn_puts_lib.o)
 .mdebug.abi32  0xa0000764        0x0 f:/program files/microchip/xc32/v2.50/bin/bin/../../lib/gcc/pic32mx/4.8.3/../../../../pic32mx/lib/size/mips16/no-float\libmchp_peripheral_32MX534F064H.a(spi_chn_is_busy_lib.o)
 .mdebug.abi32  0xa0000764        0x0 f:/program files/microchip/xc32/v2.50/bin/bin/../../lib/gcc/pic32mx/4.8.3/../../../../pic32mx/lib/size/mips16/no-float\libmchp_peripheral_32MX534F064H.a(spi_io_tbl_libp.o)
 .mdebug.abi32  0xa0000764        0x0 f:/program files/microchip/xc32/v2.50/bin/bin/../../lib/gcc/pic32mx/4.8.3/../../../../pic32mx/lib/size/mips16/no-float\libmchp_peripheral_32MX534F064H.a(spi_map_tbl_libp.o)
 .mdebug.abi32  0xa0000764        0x0 f:/program files/microchip/xc32/v2.50/bin/bin/../../lib/gcc/pic32mx/4.8.3/../../../../pic32mx/lib/size/mips16/no-float\libmchp_peripheral_32MX534F064H.a(nvm_erase_page_lib.o)
 .mdebug.abi32  0xa0000764        0x0 f:/program files/microchip/xc32/v2.50/bin/bin/../../lib/gcc/pic32mx/4.8.3/../../../../pic32mx/lib/size/mips16/no-float\libmchp_peripheral_32MX534F064H.a(nvm_operation_lib.o)
 .mdebug.abi32  0xa0000764        0x0 f:/program files/microchip/xc32/v2.50/bin/bin/../../lib/gcc/pic32mx/4.8.3/../../../../pic32mx/lib/size/mips16/no-float\libmchp_peripheral_32MX534F064H.a(nvm_write_row_lib.o)
 .mdebug.abi32  0xa0000764        0x0 f:/program files/microchip/xc32/v2.50/bin/bin/../../lib/gcc/pic32mx/4.8.3/../../../../pic32mx/lib/size/mips16/no-float\libmchp_peripheral_32MX534F064H.a(nvm_write_word_lib.o)
 .mdebug.abi32  0xa0000764        0x0 f:/program files/microchip/xc32/v2.50/bin/bin/../../lib/gcc/pic32mx/4.8.3/../../../../pic32mx/lib/size/mips16/no-float\libmchp_peripheral_32MX534F064H.a(port_reset_pins_lib.o)
 .mdebug.abi32  0xa0000764        0x0 f:/program files/microchip/xc32/v2.50/bin/bin/../../lib/gcc/pic32mx/4.8.3/../../../../pic32mx/lib/size/mips16/no-float\libmchp_peripheral_32MX534F064H.a(port_set_pins_digital_in_lib.o)
 .mdebug.abi32  0xa0000764        0x0 f:/program files/microchip/xc32/v2.50/bin/bin/../../lib/gcc/pic32mx/4.8.3/../../../../pic32mx/lib/size/mips16/no-float\libmchp_peripheral_32MX534F064H.a(port_set_pins_digital_out_lib.o)
 .mdebug.abi32  0xa0000764        0x0 f:/program files/microchip/xc32/v2.50/bin/bin/../../lib/gcc/pic32mx/4.8.3/../../../../pic32mx/lib/size/mips16/no-float\libmchp_peripheral_32MX534F064H.a(_ports_tbl_libp.o)
 .mdebug.abi32  0xa0000764        0x0 f:/program files/microchip/xc32/v2.50/bin/bin/../../lib/gcc/pic32mx/4.8.3/../../../../pic32mx/lib/size/mips16/no-float\libpic32.a(default-bootstrap-exception-handler.o)
 .mdebug.abi32  0xa0000764        0x0 f:/program files/microchip/xc32/v2.50/bin/bin/../../lib/gcc/pic32mx/4.8.3/../../../../pic32mx/lib/size/mips16/no-float\libpic32.a(default-on-reset.o)
 .mdebug.abi32  0xa0000764        0x0 f:/program files/microchip/xc32/v2.50/bin/bin/../../lib/gcc/pic32mx/4.8.3/../../../../pic32mx/lib/size/mips16/no-float\libpic32.a(default-on-bootstrap.o)
 .mdebug.abi32  0xa0000764        0x0 f:/program files/microchip/xc32/v2.50/bin/bin/../../lib/gcc/pic32mx/4.8.3/../../../../pic32mx/lib/size/mips16/no-float\libpic32.a(default-general-exception-handler.o)
 .mdebug.abi32  0xa0000764        0x0 f:/program files/microchip/xc32/v2.50/bin/bin/../../lib/gcc/pic32mx/4.8.3/../../../../pic32mx/lib/size/mips16/no-float\libpic32.a(defaultinterrupt.o)

.mdebug.abiN32
 *(.mdebug.abiN32)

.mdebug.abi64
 *(.mdebug.abi64)

.mdebug.abiO64
 *(.mdebug.abiO64)

.mdebug.eabi32
 *(.mdebug.eabi32)

.mdebug.eabi64
 *(.mdebug.eabi64)

.gcc_compiled_long32
 *(.gcc_compiled_long32)

.gcc_compiled_long64
 *(.gcc_compiled_long64)

.stab
 *(.stab)

.stabstr
 *(.stabstr)

.stab.excl
 *(.stab.excl)

.stab.exclstr
 *(.stab.exclstr)

.stab.index
 *(.stab.index)

.stab.indexstr
 *(.stab.indexstr)

.comment        0x00000000       0x90
 *(.comment)
 .comment       0x00000000       0x3c build/PIC32/production/usb/usb_descriptors.o
                                 0x3d (size before relaxing)
 .comment       0x00000000       0x3d build/PIC32/production/usb/usb_device.o
 .comment       0x00000000       0x3d build/PIC32/production/usb/usb_driver.o
 .comment       0x00000000       0x3d build/PIC32/production/usb/usb_function_hid.o
 .comment       0x00000000       0x3d build/PIC32/production/main.o
 .comment       0x00000000       0x3d build/PIC32/production/io.o
 .comment       0x00000000       0x3d build/PIC32/production/crc.o
 .comment       0x00000000       0x3d build/PIC32/production/OLED.o
 .comment       0x00000000       0x3d build/PIC32/production/PIC32MX564F128H.o
 .comment       0x0000003c       0x3c f:/program files/microchip/xc32/v2.50/bin/bin/../../lib/gcc/pic32mx/4.8.3/../../../../pic32mx/lib/size/mips16/no-float\libmchp_peripheral.a(open_core_timer_lib.o)
                                 0x3d (size before relaxing)
 .comment       0x00000000       0x3d f:/program files/microchip/xc32/v2.50/bin/bin/../../lib/gcc/pic32mx/4.8.3/../../../../pic32mx/lib/size/mips16/no-float\libmchp_peripheral.a(read_core_timer_lib.o)
 .comment       0x00000000       0x3d f:/program files/microchip/xc32/v2.50/bin/bin/../../lib/gcc/pic32mx/4.8.3/../../../../pic32mx/lib/size/mips16/no-float\libmchp_peripheral.a(write_core_timer_lib.o)
 .comment       0x00000000       0x3d f:/program files/microchip/xc32/v2.50/bin/bin/../../lib/gcc/pic32mx/4.8.3/../../../../pic32mx/lib/size/mips16/no-float\libmchp_peripheral_32MX534F064H.a(soft_reset_lib.o)
 .comment       0x00000000       0x3d f:/program files/microchip/xc32/v2.50/bin/bin/../../lib/gcc/pic32mx/4.8.3/../../../../pic32mx/lib/size/mips16/no-float\libmchp_peripheral_32MX534F064H.a(int_disable_interrupts_lib.o)
 .comment       0x00000000       0x3d f:/program files/microchip/xc32/v2.50/bin/bin/../../lib/gcc/pic32mx/4.8.3/../../../../pic32mx/lib/size/mips16/no-float\libmchp_peripheral_32MX534F064H.a(int_restore_interrupts_lib.o)
 .comment       0x00000000       0x3d f:/program files/microchip/xc32/v2.50/bin/bin/../../lib/gcc/pic32mx/4.8.3/../../../../pic32mx/lib/size/mips16/no-float\libmchp_peripheral_32MX534F064H.a(int_tbl_lib.o)
 .comment       0x00000000       0x3d f:/program files/microchip/xc32/v2.50/bin/bin/../../lib/gcc/pic32mx/4.8.3/../../../../pic32mx/lib/size/mips16/no-float\libmchp_peripheral_32MX534F064H.a(spi_chn_close_lib.o)
 .comment       0x00000000       0x3d f:/program files/microchip/xc32/v2.50/bin/bin/../../lib/gcc/pic32mx/4.8.3/../../../../pic32mx/lib/size/mips16/no-float\libmchp_peripheral_32MX534F064H.a(spi_chn_open_lib.o)
 .comment       0x00000000       0x3d f:/program files/microchip/xc32/v2.50/bin/bin/../../lib/gcc/pic32mx/4.8.3/../../../../pic32mx/lib/size/mips16/no-float\libmchp_peripheral_32MX534F064H.a(spi_chn_putc_lib.o)
 .comment       0x00000000       0x3d f:/program files/microchip/xc32/v2.50/bin/bin/../../lib/gcc/pic32mx/4.8.3/../../../../pic32mx/lib/size/mips16/no-float\libmchp_peripheral_32MX534F064H.a(spi_chn_puts_lib.o)
 .comment       0x00000000       0x3d f:/program files/microchip/xc32/v2.50/bin/bin/../../lib/gcc/pic32mx/4.8.3/../../../../pic32mx/lib/size/mips16/no-float\libmchp_peripheral_32MX534F064H.a(spi_chn_is_busy_lib.o)
 .comment       0x00000000       0x3d f:/program files/microchip/xc32/v2.50/bin/bin/../../lib/gcc/pic32mx/4.8.3/../../../../pic32mx/lib/size/mips16/no-float\libmchp_peripheral_32MX534F064H.a(spi_io_tbl_libp.o)
 .comment       0x00000000       0x3d f:/program files/microchip/xc32/v2.50/bin/bin/../../lib/gcc/pic32mx/4.8.3/../../../../pic32mx/lib/size/mips16/no-float\libmchp_peripheral_32MX534F064H.a(spi_map_tbl_libp.o)
 .comment       0x00000000       0x3d f:/program files/microchip/xc32/v2.50/bin/bin/../../lib/gcc/pic32mx/4.8.3/../../../../pic32mx/lib/size/mips16/no-float\libmchp_peripheral_32MX534F064H.a(nvm_erase_page_lib.o)
 .comment       0x00000000       0x3d f:/program files/microchip/xc32/v2.50/bin/bin/../../lib/gcc/pic32mx/4.8.3/../../../../pic32mx/lib/size/mips16/no-float\libmchp_peripheral_32MX534F064H.a(nvm_operation_lib.o)
 .comment       0x00000000       0x3d f:/program files/microchip/xc32/v2.50/bin/bin/../../lib/gcc/pic32mx/4.8.3/../../../../pic32mx/lib/size/mips16/no-float\libmchp_peripheral_32MX534F064H.a(nvm_write_row_lib.o)
 .comment       0x00000000       0x3d f:/program files/microchip/xc32/v2.50/bin/bin/../../lib/gcc/pic32mx/4.8.3/../../../../pic32mx/lib/size/mips16/no-float\libmchp_peripheral_32MX534F064H.a(nvm_write_word_lib.o)
 .comment       0x00000000       0x3d f:/program files/microchip/xc32/v2.50/bin/bin/../../lib/gcc/pic32mx/4.8.3/../../../../pic32mx/lib/size/mips16/no-float\libmchp_peripheral_32MX534F064H.a(port_reset_pins_lib.o)
 .comment       0x00000000       0x3d f:/program files/microchip/xc32/v2.50/bin/bin/../../lib/gcc/pic32mx/4.8.3/../../../../pic32mx/lib/size/mips16/no-float\libmchp_peripheral_32MX534F064H.a(port_set_pins_digital_in_lib.o)
 .comment       0x00000000       0x3d f:/program files/microchip/xc32/v2.50/bin/bin/../../lib/gcc/pic32mx/4.8.3/../../../../pic32mx/lib/size/mips16/no-float\libmchp_peripheral_32MX534F064H.a(port_set_pins_digital_out_lib.o)
 .comment       0x00000000       0x3d f:/program files/microchip/xc32/v2.50/bin/bin/../../lib/gcc/pic32mx/4.8.3/../../../../pic32mx/lib/size/mips16/no-float\libmchp_peripheral_32MX534F064H.a(_ports_tbl_libp.o)
 .comment       0x00000078       0x18 f:/program files/microchip/xc32/v2.50/bin/bin/../../lib/gcc/pic32mx/4.8.3/../../../../pic32mx/lib/size/mips16/no-float\libpic32.a(memset.o)
                                 0x19 (size before relaxing)
 .comment       0x00000000       0x3d f:/program files/microchip/xc32/v2.50/bin/bin/../../lib/gcc/pic32mx/4.8.3/../../../../pic32mx/lib/size/mips16/no-float\libpic32.a(default-bootstrap-exception-handler.o)
 .comment       0x00000000       0x3d f:/program files/microchip/xc32/v2.50/bin/bin/../../lib/gcc/pic32mx/4.8.3/../../../../pic32mx/lib/size/mips16/no-float\libpic32.a(default-on-reset.o)
 .comment       0x00000000       0x3d f:/program files/microchip/xc32/v2.50/bin/bin/../../lib/gcc/pic32mx/4.8.3/../../../../pic32mx/lib/size/mips16/no-float\libpic32.a(default-on-bootstrap.o)
 .comment       0x00000000       0x3d f:/program files/microchip/xc32/v2.50/bin/bin/../../lib/gcc/pic32mx/4.8.3/../../../../pic32mx/lib/size/mips16/no-float\libpic32.a(default-general-exception-handler.o)
 .comment       0x00000000       0x3d f:/program files/microchip/xc32/v2.50/bin/bin/../../lib/gcc/pic32mx/4.8.3/../../../../pic32mx/lib/size/mips16/no-float\libpic32.a(defaultinterrupt.o)

.debug
 *(.debug)

.line
 *(.line)

.debug_srcinfo
 *(.debug_srcinfo)

.debug_sfnames
 *(.debug_sfnames)

.debug_aranges
 *(.debug_aranges)

.debug_pubnames
 *(.debug_pubnames)

.debug_info
 *(.debug_info .gnu.linkonce.wi.*)

.debug_abbrev
 *(.debug_abbrev)

.debug_line
 *(.debug_line)

.debug_frame
 *(.debug_frame)

.debug_str
 *(.debug_str)

.debug_loc
 *(.debug_loc)

.debug_macinfo
 *(.debug_macinfo)

.debug_weaknames
 *(.debug_weaknames)

.debug_funcnames
 *(.debug_funcnames)

.debug_typenames
 *(.debug_typenames)

.debug_varnames
 *(.debug_varnames)

.debug_pubtypes
 *(.debug_pubtypes)

.debug_ranges
 *(.debug_ranges)

.gnu.attributes
 *(.gnu.attributes)
LOAD C:\Users\Sparky\AppData\Local\Temp\cc81muoH.o
LOAD C:\Users\Sparky\AppData\Local\Temp\cc7MDmLx.o
LOAD C:\Users\Sparky\AppData\Local\Temp\cco52Sxs.o
LOAD f:/program files/microchip/xc32/v2.50/bin/bin/../../lib/gcc/pic32mx/4.8.3/../../../../pic32mx/lib/./proc/32MX564F128H\default_isr_vectors.o
LOAD f:/program files/microchip/xc32/v2.50/bin/bin/../../lib/gcc/pic32mx/4.8.3/../../../../pic32mx/lib/size/mips16/no-float\pic32_software_reset.o
LOAD f:/program files/microchip/xc32/v2.50/bin/bin/../../lib/gcc/pic32mx/4.8.3/size/mips16/no-float\libgcc.a
START GROUP
LOAD f:/program files/microchip/xc32/v2.50/bin/bin/../../lib/gcc/pic32mx/4.8.3/../../../../pic32mx/lib/size/mips16/no-float\libpic32.a
LOAD f:/program files/microchip/xc32/v2.50/bin/bin/../../lib/gcc/pic32mx/4.8.3/../../../../pic32mx/lib/size/mips16/no-float\libdebug.a
LOAD f:/program files/microchip/xc32/v2.50/bin/bin/../../lib/gcc/pic32mx/4.8.3/../../../../pic32mx/lib/size/mips16/no-float\libpic32.a
LOAD f:/program files/microchip/xc32/v2.50/bin/bin/../../lib/gcc/pic32mx/4.8.3/../../../../pic32mx/lib/size/mips16/no-float\libc.a
LOAD f:/program files/microchip/xc32/v2.50/bin/bin/../../lib/gcc/pic32mx/4.8.3/../../../../pic32mx/lib/size/mips16/no-float\libc.a
LOAD f:/program files/microchip/xc32/v2.50/bin/bin/../../lib/gcc/pic32mx/4.8.3/../../../../pic32mx/lib/size/mips16/no-float\libm.a
LOAD f:/program files/microchip/xc32/v2.50/bin/bin/../../lib/gcc/pic32mx/4.8.3/../../../../pic32mx/lib/size/mips16/no-float\libe.a
LOAD f:/program files/microchip/xc32/v2.50/bin/bin/../../lib/gcc/pic32mx/4.8.3/../../../../pic32mx/lib/size/mips16/no-float\libdsp.a
LOAD f:/program files/microchip/xc32/v2.50/bin/bin/../../lib/gcc/pic32mx/4.8.3/size/mips16/no-float\libgcc.a
LOAD f:/program files/microchip/xc32/v2.50/bin/bin/../../lib/gcc/pic32mx/4.8.3/../../../../pic32mx/lib/size/mips16/no-float\libpic32.a
END GROUP
LOAD f:/program files/microchip/xc32/v2.50/bin/bin/../../lib/gcc/pic32mx/4.8.3/size/mips16/no-float\libgcc.a
OUTPUT(dist/PIC32/production/US_BootLoader.X.production.elf elf32-tradlittlemips)
LOAD stack
LOAD data_init

.reginfo        0x00000000       0x18
 .reginfo       0x00000000       0x18 f:/program files/microchip/xc32/v2.50/bin/bin/../../lib/gcc/pic32mx/4.8.3/../../../../pic32mx/lib/size/mips16/no-float\debug-exception-return.o

.stack          0xa0000790      0x400
 .stack         0xa0000790      0x400 stack

._debug_exception
                0xbfc00480       0x2c
 ._debug_exception
                0xbfc00480       0x2c f:/program files/microchip/xc32/v2.50/bin/bin/../../lib/gcc/pic32mx/4.8.3/../../../../pic32mx/lib/size/mips16/no-float\debug-exception-return.o
                0xbfc00480                __DbgExecReturn

.text.USBDeviceTasks
                0x9d000000      0xc5c
 .text.USBDeviceTasks
                0x9d000000      0xc5c build/PIC32/production/usb/usb_device.o
                0x9d000001                USBDeviceTasks

.rodata         0x9d000c5c      0x7d4
 .rodata        0x9d000c5c      0x7d4 f:/program files/microchip/xc32/v2.50/bin/bin/../../lib/gcc/pic32mx/4.8.3/../../../../pic32mx/lib/size/mips16/no-float\libmchp_peripheral_32MX534F064H.a(int_tbl_lib.o)
                0x9d000c5c                __IntSrcTbl
                0x9d001178                __IntVectorTbl

.text.OLEDInit  0x9d001430      0x29c
 .text.OLEDInit
                0x9d001430      0x29c build/PIC32/production/OLED.o
                0x9d001431                OLEDInit

.text.USBDeviceInit
                0x9d0016cc      0x1b4
 .text.USBDeviceInit
                0x9d0016cc      0x1b4 build/PIC32/production/usb/usb_device.o
                0x9d0016cd                USBDeviceInit

.text.mcuInit   0x9d001880      0x194
 .text.mcuInit  0x9d001880      0x194 build/PIC32/production/PIC32MX564F128H.o
                0x9d001881                mcuInit

.text           0x9d001a14      0x168
 .text          0x9d001a14      0x168 f:/program files/microchip/xc32/v2.50/bin/bin/../../lib/gcc/pic32mx/4.8.3/../../../../pic32mx/lib/size/mips16/no-float\libpic32.a(memcpy.o)
                0x9d001a14                memcpy

.text.ProcessIO
                0x9d001b7c      0x160
 .text.ProcessIO
                0x9d001b7c      0x160 build/PIC32/production/io.o
                0x9d001b7d                ProcessIO

.text._NVMOperation
                0x9d001cdc      0x110
 .text._NVMOperation
                0x9d001cdc      0x110 f:/program files/microchip/xc32/v2.50/bin/bin/../../lib/gcc/pic32mx/4.8.3/../../../../pic32mx/lib/size/mips16/no-float\libmchp_peripheral_32MX534F064H.a(nvm_operation_lib.o)
                0x9d001cdc                _NVMOperation

.text.USBCtrlEPAllowStatusStage
                0x9d001dec       0xe4
 .text.USBCtrlEPAllowStatusStage
                0x9d001dec       0xe4 build/PIC32/production/usb/usb_device.o
                0x9d001ded                USBCtrlEPAllowStatusStage

.rodata         0x9d001ed0       0xd0
 .rodata        0x9d001ed0       0xd0 build/PIC32/production/usb/usb_descriptors.o
                0x9d001ed0                USB_SD_Ptr
                0x9d001edc                USB_CD_Ptr
                0x9d001ee0                hid_rpt01
                0x9d001efc                sd002
                0x9d001f3c                sd001
                0x9d001f5c                sd000
                0x9d001f60                configDescriptor1
                0x9d001f8c                device_dsc

.text.mcuWriteFlashRecord
                0x9d001fa0       0xd0
 .text.mcuWriteFlashRecord
                0x9d001fa0       0xd0 build/PIC32/production/PIC32MX564F128H.o
                0x9d001fa1                mcuWriteFlashRecord

.text.USBCheckHIDRequest
                0x9d002070       0xcc
 .text.USBCheckHIDRequest
                0x9d002070       0xcc build/PIC32/production/usb/usb_function_hid.o
                0x9d002071                USBCheckHIDRequest

.text.USBCtrlEPAllowDataStage
                0x9d00213c       0xc8
 .text.USBCtrlEPAllowDataStage
                0x9d00213c       0xc8 build/PIC32/production/usb/usb_device.o
                0x9d00213d                USBCtrlEPAllowDataStage

.text.USBTransferOnePacket
                0x9d002204       0xbc
 .text.USBTransferOnePacket
                0x9d002204       0xbc build/PIC32/production/usb/usb_device.o
                0x9d002205                USBTransferOnePacket

.text           0x9d0022c0       0xa8
 .text          0x9d0022c0       0xa8 f:/program files/microchip/xc32/v2.50/bin/bin/../../lib/gcc/pic32mx/4.8.3/../../../../pic32mx/lib/size/mips16/no-float\libpic32.a(memset.o)
                0x9d0022c0                memset

.text.SpiChnOpen
                0x9d002368       0xa4
 .text.SpiChnOpen
                0x9d002368       0xa4 f:/program files/microchip/xc32/v2.50/bin/bin/../../lib/gcc/pic32mx/4.8.3/../../../../pic32mx/lib/size/mips16/no-float\libmchp_peripheral_32MX534F064H.a(spi_chn_open_lib.o)
                0x9d002369                SpiChnOpen

.rodata         0x9d00240c       0xa0
 .rodata        0x9d00240c       0xa0 f:/program files/microchip/xc32/v2.50/bin/bin/../../lib/gcc/pic32mx/4.8.3/../../../../pic32mx/lib/size/mips16/no-float\libmchp_peripheral_32MX534F064H.a(spi_io_tbl_libp.o)
                0x9d00240c                _SpiIoTbl

.text.main      0x9d0024ac       0x90
 .text.main     0x9d0024ac       0x90 build/PIC32/production/main.o
                0x9d0024ad                main

.text.USBCtrlTrfTxService
                0x9d00253c       0x8c
 .text.USBCtrlTrfTxService
                0x9d00253c       0x8c build/PIC32/production/usb/usb_device.o

.text           0x9d0025c8       0x84
 .text          0x9d0025c8       0x84 f:/program files/microchip/xc32/v2.50/bin/bin/../../lib/gcc/pic32mx/4.8.3/../../../../pic32mx/lib/size/mips16/no-float\libpic32.a(pic32_data_init.o)
                0x9d0025c8                __pic32_data_init

.dinit          0x9d00264c       0x80
 .dinit         0x9d00264c       0x80 data_init

.text.USBEnableEndpoint
                0x9d0026cc       0x7c
 .text.USBEnableEndpoint
                0x9d0026cc       0x7c build/PIC32/production/usb/usb_device.o
                0x9d0026cd                USBEnableEndpoint

.text.OLEDUpdate
                0x9d002748       0x68
 .text.OLEDUpdate
                0x9d002748       0x68 build/PIC32/production/OLED.o
                0x9d002749                OLEDUpdate

.text.SpiChnPutS
                0x9d0027b0       0x68
 .text.SpiChnPutS
                0x9d0027b0       0x68 f:/program files/microchip/xc32/v2.50/bin/bin/../../lib/gcc/pic32mx/4.8.3/../../../../pic32mx/lib/size/mips16/no-float\libmchp_peripheral_32MX534F064H.a(spi_chn_puts_lib.o)
                0x9d0027b1                SpiChnPutS

.text.SoftReset
                0x9d002818       0x64
 .text.SoftReset
                0x9d002818       0x64 f:/program files/microchip/xc32/v2.50/bin/bin/../../lib/gcc/pic32mx/4.8.3/../../../../pic32mx/lib/size/mips16/no-float\libmchp_peripheral_32MX534F064H.a(soft_reset_lib.o)
                0x9d002819                SoftReset

.text.SpiChnClose
                0x9d00287c       0x64
 .text.SpiChnClose
                0x9d00287c       0x64 f:/program files/microchip/xc32/v2.50/bin/bin/../../lib/gcc/pic32mx/4.8.3/../../../../pic32mx/lib/size/mips16/no-float\libmchp_peripheral_32MX534F064H.a(spi_chn_close_lib.o)
                0x9d00287d                SpiChnClose

.text.displayTasts
                0x9d0028e0       0x5c
 .text.displayTasts
                0x9d0028e0       0x5c build/PIC32/production/main.o
                0x9d0028e1                displayTasts

.text.mcuDisableUSB
                0x9d00293c       0x58
 .text.mcuDisableUSB
                0x9d00293c       0x58 build/PIC32/production/PIC32MX564F128H.o
                0x9d00293d                mcuDisableUSB

.text.main_entry
                0x9d002994       0x54
 .text.main_entry
                0x9d002994       0x54 C:\Users\Sparky\AppData\Local\Temp\cc81muoH.o
                0x9d0029c8                __crt0_exit

.rodata         0x9d0029e8       0x48
 .rodata        0x9d0029e8       0x48 f:/program files/microchip/xc32/v2.50/bin/bin/../../lib/gcc/pic32mx/4.8.3/../../../../pic32mx/lib/size/mips16/no-float\libmchp_peripheral_32MX534F064H.a(_ports_tbl_libp.o)
                0x9d0029e8                PortRegTbl

.text._bootstrap_exception_handler
                0x9d002a30       0x48
 .text._bootstrap_exception_handler
                0x9d002a30       0x48 f:/program files/microchip/xc32/v2.50/bin/bin/../../lib/gcc/pic32mx/4.8.3/../../../../pic32mx/lib/size/mips16/no-float\libpic32.a(default-bootstrap-exception-handler.o)
                0x9d002a30                _bootstrap_exception_handler

.text.CalculateCRC
                0x9d002a78       0x44
 .text.CalculateCRC
                0x9d002a78       0x44 build/PIC32/production/crc.o
                0x9d002a79                CalculateCRC

.text           0x9d002abc       0x44
 .text          0x9d002abc       0x44 f:/program files/microchip/xc32/v2.50/bin/bin/../../lib/gcc/pic32mx/4.8.3/../../../../pic32mx/lib/size/mips16/no-float\pic32_software_reset.o
                0x9d002abc                __pic32_software_reset

.text.mcuEraseFlash
                0x9d002b00       0x40
 .text.mcuEraseFlash
                0x9d002b00       0x40 build/PIC32/production/PIC32MX564F128H.o
                0x9d002b01                mcuEraseFlash

.text.mcuValidAppPresent
                0x9d002b40       0x3c
 .text.mcuValidAppPresent
                0x9d002b40       0x3c build/PIC32/production/PIC32MX564F128H.o
                0x9d002b41                mcuValidAppPresent

.text.mcuProgramComplete
                0x9d002b7c       0x38
 .text.mcuProgramComplete
                0x9d002b7c       0x38 build/PIC32/production/PIC32MX564F128H.o
                0x9d002b7d                mcuProgramComplete

.text.IOInit    0x9d002bb4       0x30
 .text.IOInit   0x9d002bb4       0x30 build/PIC32/production/io.o
                0x9d002bb5                IOInit

.text.SpiChnPutC
                0x9d002be4       0x30
 .text.SpiChnPutC
                0x9d002be4       0x30 f:/program files/microchip/xc32/v2.50/bin/bin/../../lib/gcc/pic32mx/4.8.3/../../../../pic32mx/lib/size/mips16/no-float\libmchp_peripheral_32MX534F064H.a(spi_chn_putc_lib.o)
                0x9d002be5                SpiChnPutC

.text.IOTasks   0x9d002c14       0x2c
 .text.IOTasks  0x9d002c14       0x2c build/PIC32/production/io.o
                0x9d002c15                IOTasks

.text.NVMWriteRow
                0x9d002c40       0x2c
 .text.NVMWriteRow
                0x9d002c40       0x2c f:/program files/microchip/xc32/v2.50/bin/bin/../../lib/gcc/pic32mx/4.8.3/../../../../pic32mx/lib/size/mips16/no-float\libmchp_peripheral_32MX534F064H.a(nvm_write_row_lib.o)
                0x9d002c41                NVMWriteRow

.text.NVMWriteWord
                0x9d002c6c       0x28
 .text.NVMWriteWord
                0x9d002c6c       0x28 f:/program files/microchip/xc32/v2.50/bin/bin/../../lib/gcc/pic32mx/4.8.3/../../../../pic32mx/lib/size/mips16/no-float\libmchp_peripheral_32MX534F064H.a(nvm_write_word_lib.o)
                0x9d002c6d                NVMWriteWord

.text.USBCBInitEP
                0x9d002c94       0x24
 .text.USBCBInitEP
                0x9d002c94       0x24 build/PIC32/production/usb/usb_driver.o
                0x9d002c95                USBCBInitEP

.text.USER_USB_CALLBACK_EVENT_HANDLER
                0x9d002cb8       0x20
 .text.USER_USB_CALLBACK_EVENT_HANDLER
                0x9d002cb8       0x20 build/PIC32/production/usb/usb_driver.o
                0x9d002cb9                USER_USB_CALLBACK_EVENT_HANDLER

.rodata         0x9d002cd8       0x20
 .rodata        0x9d002cd8       0x20 build/PIC32/production/crc.o

.text.NVMErasePage
                0x9d002cf8       0x20
 .text.NVMErasePage
                0x9d002cf8       0x20 f:/program files/microchip/xc32/v2.50/bin/bin/../../lib/gcc/pic32mx/4.8.3/../../../../pic32mx/lib/size/mips16/no-float\libmchp_peripheral_32MX534F064H.a(nvm_erase_page_lib.o)
                0x9d002cf9                NVMErasePage

.text.PORTSetPinsDigitalIn
                0x9d002d18       0x20
 .text.PORTSetPinsDigitalIn
                0x9d002d18       0x20 f:/program files/microchip/xc32/v2.50/bin/bin/../../lib/gcc/pic32mx/4.8.3/../../../../pic32mx/lib/size/mips16/no-float\libmchp_peripheral_32MX534F064H.a(port_set_pins_digital_in_lib.o)
                0x9d002d19                PORTSetPinsDigitalIn

.text.PORTSetPinsDigitalOut
                0x9d002d38       0x20
 .text.PORTSetPinsDigitalOut
                0x9d002d38       0x20 f:/program files/microchip/xc32/v2.50/bin/bin/../../lib/gcc/pic32mx/4.8.3/../../../../pic32mx/lib/size/mips16/no-float\libmchp_peripheral_32MX534F064H.a(port_set_pins_digital_out_lib.o)
                0x9d002d39                PORTSetPinsDigitalOut

.text.DelayTicks
                0x9d002d58       0x1c
 .text.DelayTicks
                0x9d002d58       0x1c build/PIC32/production/PIC32MX564F128H.o
                0x9d002d59                DelayTicks

.text.INTRestoreInterrupts
                0x9d002d74       0x1c
 .text.INTRestoreInterrupts
                0x9d002d74       0x1c f:/program files/microchip/xc32/v2.50/bin/bin/../../lib/gcc/pic32mx/4.8.3/../../../../pic32mx/lib/size/mips16/no-float\libmchp_peripheral_32MX534F064H.a(int_restore_interrupts_lib.o)
                0x9d002d74                INTRestoreInterrupts

.text.INTEnable
                0x9d002d90       0x1c
 .text.INTEnable
                0x9d002d90       0x1c f:/program files/microchip/xc32/v2.50/bin/bin/../../lib/gcc/pic32mx/4.8.3/../../../../pic32mx/lib/size/mips16/no-float\libmchp_peripheral_32MX534F064H.a(int_tbl_lib.o)
                0x9d002d91                INTEnable

.text.USBDriverInit
                0x9d002dac       0x18
 .text.USBDriverInit
                0x9d002dac       0x18 build/PIC32/production/usb/usb_driver.o
                0x9d002dad                USBDriverInit

.text.INTClearFlag
                0x9d002dc4       0x18
 .text.INTClearFlag
                0x9d002dc4       0x18 f:/program files/microchip/xc32/v2.50/bin/bin/../../lib/gcc/pic32mx/4.8.3/../../../../pic32mx/lib/size/mips16/no-float\libmchp_peripheral_32MX534F064H.a(int_tbl_lib.o)
                0x9d002dc5                INTClearFlag

.text.SpiChnIsBusy
                0x9d002ddc       0x18
 .text.SpiChnIsBusy
                0x9d002ddc       0x18 f:/program files/microchip/xc32/v2.50/bin/bin/../../lib/gcc/pic32mx/4.8.3/../../../../pic32mx/lib/size/mips16/no-float\libmchp_peripheral_32MX534F064H.a(spi_chn_is_busy_lib.o)
                0x9d002ddd                SpiChnIsBusy

.text.PORTResetPins
                0x9d002df4       0x18
 .text.PORTResetPins
                0x9d002df4       0x18 f:/program files/microchip/xc32/v2.50/bin/bin/../../lib/gcc/pic32mx/4.8.3/../../../../pic32mx/lib/size/mips16/no-float\libmchp_peripheral_32MX534F064H.a(port_reset_pins_lib.o)
                0x9d002df5                PORTResetPins

.text           0x9d002e0c       0x18
 .text          0x9d002e0c       0x18 f:/program files/microchip/xc32/v2.50/bin/bin/../../lib/gcc/pic32mx/4.8.3/../../../../pic32mx/lib/size/mips16/no-float\libpic32.a(default-nmi-handler.o)
                0x9d002e0c                _nmi_handler

.rodata         0x9d002e24       0x28
 .rodata        0x9d002e24       0x14 build/PIC32/production/OLED.o
                0x9d002e24                OLEDInitBuff2
                0x9d002e30                OLEDInitBuff1
 .rodata        0x9d002e38       0x14 f:/program files/microchip/xc32/v2.50/bin/bin/../../lib/gcc/pic32mx/4.8.3/../../../../pic32mx/lib/size/mips16/no-float\libmchp_peripheral_32MX534F064H.a(spi_map_tbl_libp.o)
                0x9d002e38                _SpiMapTbl

.text.mcuJumpToApp
                0x9d002e4c       0x10
 .text.mcuJumpToApp
                0x9d002e4c       0x10 build/PIC32/production/PIC32MX564F128H.o
                0x9d002e4d                mcuJumpToApp

.text.mcuSPIWait
                0x9d002e5c       0x10
 .text.mcuSPIWait
                0x9d002e5c       0x10 build/PIC32/production/PIC32MX564F128H.o
                0x9d002e5d                mcuSPIWait

.text.OpenCoreTimer
                0x9d002e6c        0xc
 .text.OpenCoreTimer
                0x9d002e6c        0xc f:/program files/microchip/xc32/v2.50/bin/bin/../../lib/gcc/pic32mx/4.8.3/../../../../pic32mx/lib/size/mips16/no-float\libmchp_peripheral.a(open_core_timer_lib.o)
                0x9d002e6c                OpenCoreTimer

.text.ReadCoreTimer
                0x9d002e78        0x8
 .text.ReadCoreTimer
                0x9d002e78        0x8 f:/program files/microchip/xc32/v2.50/bin/bin/../../lib/gcc/pic32mx/4.8.3/../../../../pic32mx/lib/size/mips16/no-float\libmchp_peripheral.a(read_core_timer_lib.o)
                0x9d002e78                ReadCoreTimer

.text.WriteCoreTimer
                0x9d002e80        0x8
 .text.WriteCoreTimer
                0x9d002e80        0x8 f:/program files/microchip/xc32/v2.50/bin/bin/../../lib/gcc/pic32mx/4.8.3/../../../../pic32mx/lib/size/mips16/no-float\libmchp_peripheral.a(write_core_timer_lib.o)
                0x9d002e80                WriteCoreTimer

.text.INTDisableInterrupts
                0x9d002e88        0x8
 .text.INTDisableInterrupts
                0x9d002e88        0x8 f:/program files/microchip/xc32/v2.50/bin/bin/../../lib/gcc/pic32mx/4.8.3/../../../../pic32mx/lib/size/mips16/no-float\libmchp_peripheral_32MX534F064H.a(int_disable_interrupts_lib.o)
                0x9d002e88                INTDisableInterrupts

.text._on_reset
                0x9d002e90        0x4
 .text._on_reset
                0x9d002e90        0x4 f:/program files/microchip/xc32/v2.50/bin/bin/../../lib/gcc/pic32mx/4.8.3/../../../../pic32mx/lib/size/mips16/no-float\libpic32.a(default-on-reset.o)
                0x9d002e91                _on_reset

.text._on_bootstrap
                0x9d002e94        0x4
 .text._on_bootstrap
                0x9d002e94        0x4 f:/program files/microchip/xc32/v2.50/bin/bin/../../lib/gcc/pic32mx/4.8.3/../../../../pic32mx/lib/size/mips16/no-float\libpic32.a(default-on-bootstrap.o)
                0x9d002e95                _on_bootstrap
