Archive member included because of file (symbol)

c:/program files/microchip/xc32/v2.50/bin/bin/../../lib/gcc/pic32mx/4.8.3/../../../../pic32mx/lib/size/mips16/no-float\libmchp_peripheral.a(open_core_timer_lib.o)
                              build/PIC32/production/PIC32MX564F128H.o (OpenCoreTimer)
c:/program files/microchip/xc32/v2.50/bin/bin/../../lib/gcc/pic32mx/4.8.3/../../../../pic32mx/lib/size/mips16/no-float\libmchp_peripheral.a(read_core_timer_lib.o)
                              build/PIC32/production/main.o (ReadCoreTimer)
c:/program files/microchip/xc32/v2.50/bin/bin/../../lib/gcc/pic32mx/4.8.3/../../../../pic32mx/lib/size/mips16/no-float\libmchp_peripheral.a(write_core_timer_lib.o)
                              build/PIC32/production/main.o (WriteCoreTimer)
c:/program files/microchip/xc32/v2.50/bin/bin/../../lib/gcc/pic32mx/4.8.3/../../../../pic32mx/lib/size/mips16/no-float\libmchp_peripheral_32MX534F064H.a(soft_reset_lib.o)
                              build/PIC32/production/io.o (SoftReset)
c:/program files/microchip/xc32/v2.50/bin/bin/../../lib/gcc/pic32mx/4.8.3/../../../../pic32mx/lib/size/mips16/no-float\libmchp_peripheral_32MX534F064H.a(int_disable_interrupts_lib.o)
                              build/PIC32/production/io.o (INTDisableInterrupts)
c:/program files/microchip/xc32/v2.50/bin/bin/../../lib/gcc/pic32mx/4.8.3/../../../../pic32mx/lib/size/mips16/no-float\libmchp_peripheral_32MX534F064H.a(int_restore_interrupts_lib.o)
                              build/PIC32/production/PIC32MX564F128H.o (INTRestoreInterrupts)
c:/program files/microchip/xc32/v2.50/bin/bin/../../lib/gcc/pic32mx/4.8.3/../../../../pic32mx/lib/size/mips16/no-float\libmchp_peripheral_32MX534F064H.a(int_tbl_lib.o)
                              build/PIC32/production/usb/usb_device.o (INTClearFlag)
c:/program files/microchip/xc32/v2.50/bin/bin/../../lib/gcc/pic32mx/4.8.3/../../../../pic32mx/lib/size/mips16/no-float\libmchp_peripheral_32MX534F064H.a(spi_chn_close_lib.o)
                              build/PIC32/production/OLED.o (SpiChnClose)
c:/program files/microchip/xc32/v2.50/bin/bin/../../lib/gcc/pic32mx/4.8.3/../../../../pic32mx/lib/size/mips16/no-float\libmchp_peripheral_32MX534F064H.a(spi_chn_open_lib.o)
                              build/PIC32/production/OLED.o (SpiChnOpen)
c:/program files/microchip/xc32/v2.50/bin/bin/../../lib/gcc/pic32mx/4.8.3/../../../../pic32mx/lib/size/mips16/no-float\libmchp_peripheral_32MX534F064H.a(spi_chn_putc_lib.o)
                              build/PIC32/production/OLED.o (SpiChnPutC)
c:/program files/microchip/xc32/v2.50/bin/bin/../../lib/gcc/pic32mx/4.8.3/../../../../pic32mx/lib/size/mips16/no-float\libmchp_peripheral_32MX534F064H.a(spi_chn_puts_lib.o)
                              build/PIC32/production/OLED.o (SpiChnPutS)
c:/program files/microchip/xc32/v2.50/bin/bin/../../lib/gcc/pic32mx/4.8.3/../../../../pic32mx/lib/size/mips16/no-float\libmchp_peripheral_32MX534F064H.a(spi_chn_is_busy_lib.o)
                              build/PIC32/production/PIC32MX564F128H.o (SpiChnIsBusy)
c:/program files/microchip/xc32/v2.50/bin/bin/../../lib/gcc/pic32mx/4.8.3/../../../../pic32mx/lib/size/mips16/no-float\libmchp_peripheral_32MX534F064H.a(spi_io_tbl_libp.o)
                              c:/program files/microchip/xc32/v2.50/bin/bin/../../lib/gcc/pic32mx/4.8.3/../../../../pic32mx/lib/size/mips16/no-float\libmchp_peripheral_32MX534F064H.a(spi_chn_close_lib.o) (_SpiIoTbl)
c:/program files/microchip/xc32/v2.50/bin/bin/../../lib/gcc/pic32mx/4.8.3/../../../../pic32mx/lib/size/mips16/no-float\libmchp_peripheral_32MX534F064H.a(spi_map_tbl_libp.o)
                              c:/program files/microchip/xc32/v2.50/bin/bin/../../lib/gcc/pic32mx/4.8.3/../../../../pic32mx/lib/size/mips16/no-float\libmchp_peripheral_32MX534F064H.a(spi_chn_close_lib.o) (_SpiMapTbl)
c:/program files/microchip/xc32/v2.50/bin/bin/../../lib/gcc/pic32mx/4.8.3/../../../../pic32mx/lib/size/mips16/no-float\libmchp_peripheral_32MX534F064H.a(nvm_erase_page_lib.o)
                              build/PIC32/production/PIC32MX564F128H.o (NVMErasePage)
c:/program files/microchip/xc32/v2.50/bin/bin/../../lib/gcc/pic32mx/4.8.3/../../../../pic32mx/lib/size/mips16/no-float\libmchp_peripheral_32MX534F064H.a(nvm_operation_lib.o)
                              c:/program files/microchip/xc32/v2.50/bin/bin/../../lib/gcc/pic32mx/4.8.3/../../../../pic32mx/lib/size/mips16/no-float\libmchp_peripheral_32MX534F064H.a(nvm_erase_page_lib.o) (_NVMOperation)
c:/program files/microchip/xc32/v2.50/bin/bin/../../lib/gcc/pic32mx/4.8.3/../../../../pic32mx/lib/size/mips16/no-float\libmchp_peripheral_32MX534F064H.a(nvm_write_row_lib.o)
                              build/PIC32/production/PIC32MX564F128H.o (NVMWriteRow)
c:/program files/microchip/xc32/v2.50/bin/bin/../../lib/gcc/pic32mx/4.8.3/../../../../pic32mx/lib/size/mips16/no-float\libmchp_peripheral_32MX534F064H.a(nvm_write_word_lib.o)
[...]
Memory Configuration

Name             Origin             Length             Attributes
kseg0_program_mem 0x9d000000         0x00003000         xr
kseg1_boot_mem   0xbfc00000         0x00000490
kseg0_boot_mem   0x9fc00490         0x00000970
exception_mem    0x9fc01000         0x00000000
debug_exec_mem   0xbfc02000         0x00000ff0
config3          0xbfc02ff0         0x00000004
config2          0xbfc02ff4         0x00000004
config1          0xbfc02ff8         0x00000004
config0          0xbfc02ffc         0x00000004
kseg1_data_mem   0xa0000000         0x00001000         w !x
sfrs             0xbf800000         0x00100000
configsfrs       0xbfc02ff0         0x00000010
*default*        0x00000000         0xffffffff

Linker script and memory map

LOAD c:/program files/microchip/xc32/v2.50/bin/bin/../../lib/gcc/pic32mx/4.8.3/../../../../pic32mx/lib/size/mips16/no-float\debug-exception-return.o
LOAD build/PIC32/production/usb/usb_descriptors.o
LOAD build/PIC32/production/usb/usb_device.o
LOAD build/PIC32/production/usb/usb_driver.o
LOAD build/PIC32/production/usb/usb_function_hid.o
LOAD build/PIC32/production/main.o
LOAD build/PIC32/production/io.o
LOAD build/PIC32/production/crc.o
LOAD build/PIC32/production/OLED.o
LOAD build/PIC32/production/PIC32MX564F128H.o
                0x00000001                __MPLAB_BUILD = 0x1
                0x00000400                PROVIDE (_min_stack_size, 0x400)
LOAD c:/program files/microchip/xc32/v2.50/bin/bin/../../lib/gcc/pic32mx/4.8.3/../../../../pic32mx/lib/./proc/32MX564F128H\processor.o
START GROUP
LOAD c:/program files/microchip/xc32/v2.50/bin/bin/../../lib/gcc/pic32mx/4.8.3/../../../../pic32mx/lib/size/mips16/no-float\libmchp_peripheral.a
END GROUP
START GROUP
LOAD c:/program files/microchip/xc32/v2.50/bin/bin/../../lib/gcc/pic32mx/4.8.3/../../../../pic32mx/lib/size/mips16/no-float\libmchp_peripheral_32MX534F064H.a
END GROUP
                0x00000001                PROVIDE (_vector_spacing, 0x1)
                0x9fc01000                _ebase_address = 0x9fc01000
                0xbfc00000                _RESET_ADDR = 0xbfc00000
                0xbfc00380                _BEV_EXCPT_ADDR = 0xbfc00380
                0xbfc00480                _DBG_EXCPT_ADDR = 0xbfc00480
                0xbfc02000                _DBG_CODE_ADDR = 0xbfc02000
                0x00000ff0                _DBG_CODE_SIZE = 0xff0
                0x9fc01180                _GEN_EXCPT_ADDR = (_ebase_address + 0x180)

.config_BFC02FF0
                0xbfc02ff0        0x4
 *(.config_BFC02FF0)
 .config_BFC02FF0
                0xbfc02ff0        0x4 build/PIC32/production/PIC32MX564F128H.o

.config_BFC02FF4
                0xbfc02ff4        0x4
 *(.config_BFC02FF4)
 .config_BFC02FF4
                0xbfc02ff4        0x4 build/PIC32/production/PIC32MX564F128H.o

.config_BFC02FF8
                0xbfc02ff8        0x4
 *(.config_BFC02FF8)
 .config_BFC02FF8
                0xbfc02ff8        0x4 build/PIC32/production/PIC32MX564F128H.o

.config_BFC02FFC
                0xbfc02ffc        0x4
 *(.config_BFC02FFC)
 .config_BFC02FFC
                0xbfc02ffc        0x4 build/PIC32/production/PIC32MX564F128H.o
                0xbfc02000                PROVIDE (_DBG_CODE_ADDR, 0xbfc02000)
                0x00000ff0                PROVIDE (_DBG_CODE_SIZE, 0xff0)

.reset          0xbfc00000      0x19c
 *(.reset)
 .reset         0xbfc00000        0x8 C:\Users\Spartak\AppData\Local\Temp\ccahTymE.o
                0xbfc00000                _reset
 *(.reset.startup)
 .reset.startup
                0xbfc00008      0x194 C:\Users\Spartak\AppData\Local\Temp\ccahTymE.o
                0xbfc00008                _startup

.bev_excpt      0xbfc00380       0x10
 *(.bev_handler)
 .bev_handler   0xbfc00380       0x10 C:\Users\Spartak\AppData\Local\Temp\ccahTymE.o

.dbg_excpt      0xbfc00480        0x0
                0xbfc00480                . = (. + DEFINED (_DEBUGGER)?0x8:0x0)

.dbg_code       0xbfc02000        0x0
                0xbfc02000                . = (. + DEFINED (_DEBUGGER)?_DBG_CODE_SIZE:0x0)

.startup
 *(.startup)

.text           0x9d000000        0x0
 *(.stub .gnu.linkonce.t.*)
 *(.text.*personality*)
 *(.mips16.fn.*)
 *(.mips16.call.*)
 *(.gnu.warning)
                0x9d000000                . = ALIGN (0x4)

.init           0x9d000000        0x0
 *crti.o(.init)
 *crtbegin.o(.init)
 *(EXCLUDE_FILE(*crtn.o *crtend?.o *crtend.o) .init)
 *crtend.o(.init)
 *crtn.o(.init)
                0x9d000000                . = ALIGN (0x4)

.fini           0x9d000000        0x0
 *(.fini)
                0x9d000000                . = ALIGN (0x4)

.preinit_array  0x9d000000        0x0
                0x9d000000                PROVIDE (__preinit_array_start, .)
 *(.preinit_array)
                0x9d000000                PROVIDE (__preinit_array_end, .)
                0x9d000000                . = ALIGN (0x4)

.init_array     0x9d000000        0x0
                0x9d000000                PROVIDE (__init_array_start, .)
 *(SORT(.init_array.*))
 *(.init_array)
                0x9d000000                PROVIDE (__init_array_end, .)
                0x9d000000                . = ALIGN (0x4)

.fini_array     0x9d000000        0x0
                0x9d000000                PROVIDE (__fini_array_start, .)
 *(SORT(.fini_array.*))
 *(.fini_array)
                0x9d000000                PROVIDE (__fini_array_end, .)
                0x9d000000                . = ALIGN (0x4)

.ctors          0x9d000000        0x0
 *crtbegin.o(.ctors)
 *crtbegin?.o(.ctors)
 *(EXCLUDE_FILE(*crtend?.o *crtend.o) .ctors)
 *(SORT(.ctors.*))
 *(.ctors)
                0x9d000000                . = ALIGN (0x4)

.dtors          0x9d000000        0x0
 *crtbegin.o(.dtors)
 *crtbegin?.o(.dtors)
 *(EXCLUDE_FILE(*crtend?.o *crtend.o) .dtors)
 *(SORT(.dtors.*))
 *(.dtors)
                0x9d000000                . = ALIGN (0x4)

.rodata         0x9d000000        0x0
 *(.gnu.linkonce.r.*)
 *(.rodata1)
                0x9d000000                . = ALIGN (0x4)

.sdata2         0x9fc00490        0x0
 *(.sdata2 .sdata2.* .gnu.linkonce.s2.*)
                0x9fc00490                . = ALIGN (0x4)

.sbss2          0x9fc00490        0x0
 *(.sbss2 .sbss2.* .gnu.linkonce.sb2.*)
                0x9fc00490                . = ALIGN (0x4)

.eh_frame_hdr
 *(.eh_frame_hdr)
                0x9fc00490                . = ALIGN (0x4)

.eh_frame
 *(.eh_frame)
                0x9fc00490                . = ALIGN (0x4)

.gcc_except_table
 *(.gcc_except_table .gcc_except_table.*)
                0x9fc00490                . = ALIGN (0x4)

.dbg_data       0xa0000000        0x0
                0xa0000000                . = (. + DEFINED (_DEBUGGER)?0x200:0x0)

.jcr            0xa0000000        0x0
 *(.jcr)
                0xa0000000                . = ALIGN (0x4)

.eh_frame
 *(.eh_frame)
                0xa0000000                . = ALIGN (0x4)

.gcc_except_table
 *(.gcc_except_table .gcc_except_table.*)
                0xa0000000                . = ALIGN (0x4)

.persist        0xa0000000        0x0
                0xa0000000                _persist_begin = .
 *(.persist .persist.*)
 *(.pbss .pbss.*)
                0xa0000000                . = ALIGN (0x4)
                0xa0000000                _persist_end = .

.data           0xa0000000        0x0
 *(.gnu.linkonce.d.*)
 *(.data1)
                0xa0000000                . = ALIGN (0x4)
                0xa0000000                . = .
                0xa0007ff0                _gp = (ALIGN (0x10) + 0x7ff0)

.got            0xa0000000        0x0
 *(.got.plt)
 *(.got)
                0xa0000000                . = ALIGN (0x4)

.sdata          0xa0000000        0x4
                0xa0000000                _sdata_begin = .
 *(.sdata .sdata.* .gnu.linkonce.s.*)
 .sdata         0xa0000000        0x4 build/PIC32/production/OLED.o
                0xa0000000                PreUpdateBuff
                0xa0000004                . = ALIGN (0x4)
                0xa0000004                _sdata_end = .

.lit8
 *(.lit8)

.lit4
 *(.lit4)
                0xa0000004                . = ALIGN (0x4)
                0xa0000004                _data_end = .
                0xa0000004                _bss_begin = .

.sbss           0xa0000004       0x88
                0xa0000004                _sbss_begin = .
 *(.dynsbss)
 *(.sbss .sbss.* .gnu.linkonce.sb.*)
 .sbss          0xa0000004        0x8 build/PIC32/production/usb/usb_driver.o
                0xa0000004                USBInHandle
                0xa0000008                USBOutHandle
 .sbss          0xa000000c        0x8 build/PIC32/production/main.o
 .sbss          0xa0000014        0x1 build/PIC32/production/io.o
 *fill*         0xa0000015        0x3 
 .sbss          0xa0000018        0x4 build/PIC32/production/OLED.o
                0xa0000018                DisplaySetup
 *(.scommon)
 .scommon       0xa000001c       0x6c build/PIC32/production/usb/usb_device.o
                0xa000001c                pDst
                0xa0000020                USBDeferINDataStagePackets
                0xa0000024                CtrlTrfData
                0xa000002c                USBDeferOUTDataStagePackets
                0xa0000030                USBDeviceState
                0xa0000034                controlTransferState
                0xa0000035                endpoint_number
                0xa0000038                pBDTEntryIn
                0xa0000040                ep_data_out
                0xa0000044                USBStatusStageEnabledFlag1
                0xa0000048                USBStatusStageEnabledFlag2
                0xa000004c                pBDTEntryOut
                0xa0000054                BothEP0OutUOWNsSet
                0xa0000058                pBDTEntryEP0OutNext
                0xa000005c                USBBusIsSuspended
                0xa0000060                USBStatusStageTimeoutCounter
                0xa0000064                SetupPkt
                0xa000006c                ep_data_in
                0xa000006e                shortPacketStatus
                0xa0000070                pBDTEntryEP0OutCurrent
                0xa0000074                USBActiveConfiguration
                0xa0000078                RemoteWakeup
                0xa000007c                USTATcopy
                0xa0000080                USBAlternateInterface
                0xa0000084                USBDeferStatusStagePacket
 .scommon       0xa0000088        0x2 build/PIC32/production/usb/usb_function_hid.o
                0xa0000088                active_protocol
                0xa0000089                idle_rate
                0xa000008a                _sbss_end = .
                0xa000008c                . = ALIGN (0x4)
 *fill*         0xa000008a        0x2 

.bss            0xa0000200      0x564
 *(.dynbss)
 *(COMMON)
 COMMON         0xa0000200       0x5b build/PIC32/production/usb/usb_device.o
                0xa0000200                BDT
                0xa0000240                inPipes
                0xa0000250                outPipes
 *fill*         0xa000025b        0x1 
 COMMON         0xa000025c       0x80 build/PIC32/production/usb/usb_driver.o
                0xa000025c                USBRxBuffer
                0xa000029c                USBTxBuffer
 COMMON         0xa00002dc       0x88 build/PIC32/production/io.o
                0xa00002dc                TXP
                0xa0000320                RXP
 COMMON         0xa0000364      0x400 build/PIC32/production/OLED.o
                0xa0000364                OLEDBUFF
                0xa0000764                . = ALIGN ((. != 0x0)?0x4:0x1)
                0xa0000764                . = ALIGN (0x4)
                0xa0000764                _end = .
                0xa0000764                _bss_end = .
                0x00001000                _bmxdudba_address = 0x1000
                0x00001000                _bmxdupba_address = 0x1000

/DISCARD/
 *(.pdr)
 *(.rel.dyn)
 *(.note.GNU-stack)
 *(.note.GNU-stack)
 *(.gnu_debuglink)
 *(.gnu.lto_*)
 *(.discard)

.gptab.sdata
 *(.gptab.data)
 *(.gptab.sdata)

.gptab.sbss
 *(.gptab.bss)
 *(.gptab.sbss)

.mdebug.abi32   0xa0000764        0x0
 *(.mdebug.abi32)
 .mdebug.abi32  0xa0000764        0x0 build/PIC32/production/usb/usb_descriptors.o
 .mdebug.abi32  0xa0000764        0x0 build/PIC32/production/usb/usb_device.o
 .mdebug.abi32  0xa0000764        0x0 build/PIC32/production/usb/usb_driver.o
 .mdebug.abi32  0xa0000764        0x0 build/PIC32/production/usb/usb_function_hid.o
 .mdebug.abi32  0xa0000764        0x0 build/PIC32/production/main.o
 .mdebug.abi32  0xa0000764        0x0 build/PIC32/production/io.o
 .mdebug.abi32  0xa0000764        0x0 build/PIC32/production/crc.o
 .mdebug.abi32  0xa0000764        0x0 build/PIC32/production/OLED.o
 .mdebug.abi32  0xa0000764        0x0 build/PIC32/production/PIC32MX564F128H.o
 .mdebug.abi32  0xa0000764        0x0 c:/program files/microchip/xc32/v2.50/bin/bin/../../lib/gcc/pic32mx/4.8.3/../../../../pic32mx/lib/size/mips16/no-float\libmchp_peripheral.a(open_core_timer_lib.o)
 .mdebug.abi32  0xa0000764        0x0 c:/program files/microchip/xc32/v2.50/bin/bin/../../lib/gcc/pic32mx/4.8.3/../../../../pic32mx/lib/size/mips16/no-float\libmchp_peripheral.a(read_core_timer_lib.o)
 .mdebug.abi32  0xa0000764        0x0 c:/program files/microchip/xc32/v2.50/bin/bin/../../lib/gcc/pic32mx/4.8.3/../../../../pic32mx/lib/size/mips16/no-float\libmchp_peripheral.a(write_core_timer_lib.o)
 .mdebug.abi32  0xa0000764        0x0 c:/program files/microchip/xc32/v2.50/bin/bin/../../lib/gcc/pic32mx/4.8.3/../../../../pic32mx/lib/size/mips16/no-float\libmchp_peripheral_32MX534F064H.a(soft_reset_lib.o)
 .mdebug.abi32  0xa0000764        0x0 c:/program files/microchip/xc32/v2.50/bin/bin/../../lib/gcc/pic32mx/4.8.3/../../../../pic32mx/lib/size/mips16/no-float\libmchp_peripheral_32MX534F064H.a(int_disable_interrupts_lib.o)
 .mdebug.abi32  0xa0000764        0x0 c:/program files/microchip/xc32/v2.50/bin/bin/../../lib/gcc/pic32mx/4.8.3/../../../../pic32mx/lib/size/mips16/no-float\libmchp_peripheral_32MX534F064H.a(int_restore_interrupts_lib.o)
 .mdebug.abi32  0xa0000764        0x0 c:/program files/microchip/xc32/v2.50/bin/bin/../../lib/gcc/pic32mx/4.8.3/../../../../pic32mx/lib/size/mips16/no-float\libmchp_peripheral_32MX534F064H.a(int_tbl_lib.o)
 .mdebug.abi32  0xa0000764        0x0 c:/program files/microchip/xc32/v2.50/bin/bin/../../lib/gcc/pic32mx/4.8.3/../../../../pic32mx/lib/size/mips16/no-float\libmchp_peripheral_32MX534F064H.a(spi_chn_close_lib.o)
 .mdebug.abi32  0xa0000764        0x0 c:/program files/microchip/xc32/v2.50/bin/bin/../../lib/gcc/pic32mx/4.8.3/../../../../pic32mx/lib/size/mips16/no-float\libmchp_peripheral_32MX534F064H.a(spi_chn_open_lib.o)
 .mdebug.abi32  0xa0000764        0x0 c:/program files/microchip/xc32/v2.50/bin/bin/../../lib/gcc/pic32mx/4.8.3/../../../../pic32mx/lib/size/mips16/no-float\libmchp_peripheral_32MX534F064H.a(spi_chn_putc_lib.o)
 .mdebug.abi32  0xa0000764        0x0 c:/program files/microchip/xc32/v2.50/bin/bin/../../lib/gcc/pic32mx/4.8.3/../../../../pic32mx/lib/size/mips16/no-float\libmchp_peripheral_32MX534F064H.a(spi_chn_puts_lib.o)
 .mdebug.abi32  0xa0000764        0x0 c:/program files/microchip/xc32/v2.50/bin/bin/../../lib/gcc/pic32mx/4.8.3/../../../../pic32mx/lib/size/mips16/no-float\libmchp_peripheral_32MX534F064H.a(spi_chn_is_busy_lib.o)
 .mdebug.abi32  0xa0000764        0x0 c:/program files/microchip/xc32/v2.50/bin/bin/../../lib/gcc/pic32mx/4.8.3/../../../../pic32mx/lib/size/mips16/no-float\libmchp_peripheral_32MX534F064H.a(spi_io_tbl_libp.o)
 .mdebug.abi32  0xa0000764        0x0 c:/program files/microchip/xc32/v2.50/bin/bin/../../lib/gcc/pic32mx/4.8.3/../../../../pic32mx/lib/size/mips16/no-float\libmchp_peripheral_32MX534F064H.a(spi_map_tbl_libp.o)
 .mdebug.abi32  0xa0000764        0x0 c:/program files/microchip/xc32/v2.50/bin/bin/../../lib/gcc/pic32mx/4.8.3/../../../../pic32mx/lib/size/mips16/no-float\libmchp_peripheral_32MX534F064H.a(nvm_erase_page_lib.o)
 .mdebug.abi32  0xa0000764        0x0 c:/program files/microchip/xc32/v2.50/bin/bin/../../lib/gcc/pic32mx/4.8.3/../../../../pic32mx/lib/size/mips16/no-float\libmchp_peripheral_32MX534F064H.a(nvm_operation_lib.o)
 .mdebug.abi32  0xa0000764        0x0 c:/program files/microchip/xc32/v2.50/bin/bin/../../lib/gcc/pic32mx/4.8.3/../../../../pic32mx/lib/size/mips16/no-float\libmchp_peripheral_32MX534F064H.a(nvm_write_row_lib.o)
 .mdebug.abi32  0xa0000764        0x0 c:/program files/microchip/xc32/v2.50/bin/bin/../../lib/gcc/pic32mx/4.8.3/../../../../pic32mx/lib/size/mips16/no-float\libmchp_peripheral_32MX534F064H.a(nvm_write_word_lib.o)
 .mdebug.abi32  0xa0000764        0x0 c:/program files/microchip/xc32/v2.50/bin/bin/../../lib/gcc/pic32mx/4.8.3/../../../../pic32mx/lib/size/mips16/no-float\libmchp_peripheral_32MX534F064H.a(port_reset_pins_lib.o)
 .mdebug.abi32  0xa0000764        0x0 c:/program files/microchip/xc32/v2.50/bin/bin/../../lib/gcc/pic32mx/4.8.3/../../../../pic32mx/lib/size/mips16/no-float\libmchp_peripheral_32MX534F064H.a(port_set_pins_digital_in_lib.o)
 .mdebug.abi32  0xa0000764        0x0 c:/program files/microchip/xc32/v2.50/bin/bin/../../lib/gcc/pic32mx/4.8.3/../../../../pic32mx/lib/size/mips16/no-float\libmchp_peripheral_32MX534F064H.a(port_set_pins_digital_out_lib.o)
 .mdebug.abi32  0xa0000764        0x0 c:/program files/microchip/xc32/v2.50/bin/bin/../../lib/gcc/pic32mx/4.8.3/../../../../pic32mx/lib/size/mips16/no-float\libmchp_peripheral_32MX534F064H.a(_ports_tbl_libp.o)
 .mdebug.abi32  0xa0000764        0x0 c:/program files/microchip/xc32/v2.50/bin/bin/../../lib/gcc/pic32mx/4.8.3/../../../../pic32mx/lib/size/mips16/no-float\libpic32.a(default-bootstrap-exception-handler.o)
 .mdebug.abi32  0xa0000764        0x0 c:/program files/microchip/xc32/v2.50/bin/bin/../../lib/gcc/pic32mx/4.8.3/../../../../pic32mx/lib/size/mips16/no-float\libpic32.a(default-on-reset.o)
 .mdebug.abi32  0xa0000764        0x0 c:/program files/microchip/xc32/v2.50/bin/bin/../../lib/gcc/pic32mx/4.8.3/../../../../pic32mx/lib/size/mips16/no-float\libpic32.a(default-on-bootstrap.o)
 .mdebug.abi32  0xa0000764        0x0 c:/program files/microchip/xc32/v2.50/bin/bin/../../lib/gcc/pic32mx/4.8.3/../../../../pic32mx/lib/size/mips16/no-float\libpic32.a(default-general-exception-handler.o)
 .mdebug.abi32  0xa0000764        0x0 c:/program files/microchip/xc32/v2.50/bin/bin/../../lib/gcc/pic32mx/4.8.3/../../../../pic32mx/lib/size/mips16/no-float\libpic32.a(defaultinterrupt.o)
 .mdebug.abi32  0xa0000764        0x0 c:/program files/microchip/xc32/v2.50/bin/bin/../../lib/gcc/pic32mx/4.8.3/../../../../pic32mx/lib/size/mips16/no-float\libc.a(memmove.o)

.mdebug.abiN32
 *(.mdebug.abiN32)

.mdebug.abi64
 *(.mdebug.abi64)

.mdebug.abiO64
 *(.mdebug.abiO64)

.mdebug.eabi32
 *(.mdebug.eabi32)

.mdebug.eabi64
 *(.mdebug.eabi64)

.gcc_compiled_long32
 *(.gcc_compiled_long32)

.gcc_compiled_long64
 *(.gcc_compiled_long64)

.stab
 *(.stab)

.stabstr
 *(.stabstr)

.stab.excl
 *(.stab.excl)

.stab.exclstr
 *(.stab.exclstr)

.stab.index
 *(.stab.index)

.stab.indexstr
 *(.stab.indexstr)

.comment        0x00000000       0x90
 *(.comment)
 .comment       0x00000000       0x3c build/PIC32/production/usb/usb_descriptors.o
                                 0x3d (size before relaxing)
 .comment       0x00000000       0x3d build/PIC32/production/usb/usb_device.o
 .comment       0x00000000       0x3d build/PIC32/production/usb/usb_driver.o
 .comment       0x00000000       0x3d build/PIC32/production/usb/usb_function_hid.o
 .comment       0x00000000       0x3d build/PIC32/production/main.o
 .comment       0x00000000       0x3d build/PIC32/production/io.o
 .comment       0x00000000       0x3d build/PIC32/production/crc.o
 .comment       0x00000000       0x3d build/PIC32/production/OLED.o
 .comment       0x00000000       0x3d build/PIC32/production/PIC32MX564F128H.o
 .comment       0x0000003c       0x3c c:/program files/microchip/xc32/v2.50/bin/bin/../../lib/gcc/pic32mx/4.8.3/../../../../pic32mx/lib/size/mips16/no-float\libmchp_peripheral.a(open_core_timer_lib.o)
                                 0x3d (size before relaxing)
 .comment       0x00000000       0x3d c:/program files/microchip/xc32/v2.50/bin/bin/../../lib/gcc/pic32mx/4.8.3/../../../../pic32mx/lib/size/mips16/no-float\libmchp_peripheral.a(read_core_timer_lib.o)
 .comment       0x00000000       0x3d c:/program files/microchip/xc32/v2.50/bin/bin/../../lib/gcc/pic32mx/4.8.3/../../../../pic32mx/lib/size/mips16/no-float\libmchp_peripheral.a(write_core_timer_lib.o)
 .comment       0x00000000       0x3d c:/program files/microchip/xc32/v2.50/bin/bin/../../lib/gcc/pic32mx/4.8.3/../../../../pic32mx/lib/size/mips16/no-float\libmchp_peripheral_32MX534F064H.a(soft_reset_lib.o)
 .comment       0x00000000       0x3d c:/program files/microchip/xc32/v2.50/bin/bin/../../lib/gcc/pic32mx/4.8.3/../../../../pic32mx/lib/size/mips16/no-float\libmchp_peripheral_32MX534F064H.a(int_disable_interrupts_lib.o)
 .comment       0x00000000       0x3d c:/program files/microchip/xc32/v2.50/bin/bin/../../lib/gcc/pic32mx/4.8.3/../../../../pic32mx/lib/size/mips16/no-float\libmchp_peripheral_32MX534F064H.a(int_restore_interrupts_lib.o)
 .comment       0x00000000       0x3d c:/program files/microchip/xc32/v2.50/bin/bin/../../lib/gcc/pic32mx/4.8.3/../../../../pic32mx/lib/size/mips16/no-float\libmchp_peripheral_32MX534F064H.a(int_tbl_lib.o)
 .comment       0x00000000       0x3d c:/program files/microchip/xc32/v2.50/bin/bin/../../lib/gcc/pic32mx/4.8.3/../../../../pic32mx/lib/size/mips16/no-float\libmchp_peripheral_32MX534F064H.a(spi_chn_close_lib.o)
 .comment       0x00000000       0x3d c:/program files/microchip/xc32/v2.50/bin/bin/../../lib/gcc/pic32mx/4.8.3/../../../../pic32mx/lib/size/mips16/no-float\libmchp_peripheral_32MX534F064H.a(spi_chn_open_lib.o)
 .comment       0x00000000       0x3d c:/program files/microchip/xc32/v2.50/bin/bin/../../lib/gcc/pic32mx/4.8.3/../../../../pic32mx/lib/size/mips16/no-float\libmchp_peripheral_32MX534F064H.a(spi_chn_putc_lib.o)
 .comment       0x00000000       0x3d c:/program files/microchip/xc32/v2.50/bin/bin/../../lib/gcc/pic32mx/4.8.3/../../../../pic32mx/lib/size/mips16/no-float\libmchp_peripheral_32MX534F064H.a(spi_chn_puts_lib.o)
 .comment       0x00000000       0x3d c:/program files/microchip/xc32/v2.50/bin/bin/../../lib/gcc/pic32mx/4.8.3/../../../../pic32mx/lib/size/mips16/no-float\libmchp_peripheral_32MX534F064H.a(spi_chn_is_busy_lib.o)
 .comment       0x00000000       0x3d c:/program files/microchip/xc32/v2.50/bin/bin/../../lib/gcc/pic32mx/4.8.3/../../../../pic32mx/lib/size/mips16/no-float\libmchp_peripheral_32MX534F064H.a(spi_io_tbl_libp.o)
 .comment       0x00000000       0x3d c:/program files/microchip/xc32/v2.50/bin/bin/../../lib/gcc/pic32mx/4.8.3/../../../../pic32mx/lib/size/mips16/no-float\libmchp_peripheral_32MX534F064H.a(spi_map_tbl_libp.o)
 .comment       0x00000000       0x3d c:/program files/microchip/xc32/v2.50/bin/bin/../../lib/gcc/pic32mx/4.8.3/../../../../pic32mx/lib/size/mips16/no-float\libmchp_peripheral_32MX534F064H.a(nvm_erase_page_lib.o)
 .comment       0x00000000       0x3d c:/program files/microchip/xc32/v2.50/bin/bin/../../lib/gcc/pic32mx/4.8.3/../../../../pic32mx/lib/size/mips16/no-float\libmchp_peripheral_32MX534F064H.a(nvm_operation_lib.o)
 .comment       0x00000000       0x3d c:/program files/microchip/xc32/v2.50/bin/bin/../../lib/gcc/pic32mx/4.8.3/../../../../pic32mx/lib/size/mips16/no-float\libmchp_peripheral_32MX534F064H.a(nvm_write_row_lib.o)
 .comment       0x00000000       0x3d c:/program files/microchip/xc32/v2.50/bin/bin/../../lib/gcc/pic32mx/4.8.3/../../../../pic32mx/lib/size/mips16/no-float\libmchp_peripheral_32MX534F064H.a(nvm_write_word_lib.o)
 .comment       0x00000000       0x3d c:/program files/microchip/xc32/v2.50/bin/bin/../../lib/gcc/pic32mx/4.8.3/../../../../pic32mx/lib/size/mips16/no-float\libmchp_peripheral_32MX534F064H.a(port_reset_pins_lib.o)
 .comment       0x00000000       0x3d c:/program files/microchip/xc32/v2.50/bin/bin/../../lib/gcc/pic32mx/4.8.3/../../../../pic32mx/lib/size/mips16/no-float\libmchp_peripheral_32MX534F064H.a(port_set_pins_digital_in_lib.o)
 .comment       0x00000000       0x3d c:/program files/microchip/xc32/v2.50/bin/bin/../../lib/gcc/pic32mx/4.8.3/../../../../pic32mx/lib/size/mips16/no-float\libmchp_peripheral_32MX534F064H.a(port_set_pins_digital_out_lib.o)
 .comment       0x00000000       0x3d c:/program files/microchip/xc32/v2.50/bin/bin/../../lib/gcc/pic32mx/4.8.3/../../../../pic32mx/lib/size/mips16/no-float\libmchp_peripheral_32MX534F064H.a(_ports_tbl_libp.o)
 .comment       0x00000078       0x18 c:/program files/microchip/xc32/v2.50/bin/bin/../../lib/gcc/pic32mx/4.8.3/../../../../pic32mx/lib/size/mips16/no-float\libpic32.a(memset.o)
                                 0x19 (size before relaxing)
 .comment       0x00000000       0x3d c:/program files/microchip/xc32/v2.50/bin/bin/../../lib/gcc/pic32mx/4.8.3/../../../../pic32mx/lib/size/mips16/no-float\libpic32.a(default-bootstrap-exception-handler.o)
 .comment       0x00000000       0x3d c:/program files/microchip/xc32/v2.50/bin/bin/../../lib/gcc/pic32mx/4.8.3/../../../../pic32mx/lib/size/mips16/no-float\libpic32.a(default-on-reset.o)
 .comment       0x00000000       0x3d c:/program files/microchip/xc32/v2.50/bin/bin/../../lib/gcc/pic32mx/4.8.3/../../../../pic32mx/lib/size/mips16/no-float\libpic32.a(default-on-bootstrap.o)
 .comment       0x00000000       0x3d c:/program files/microchip/xc32/v2.50/bin/bin/../../lib/gcc/pic32mx/4.8.3/../../../../pic32mx/lib/size/mips16/no-float\libpic32.a(default-general-exception-handler.o)
 .comment       0x00000000       0x3d c:/program files/microchip/xc32/v2.50/bin/bin/../../lib/gcc/pic32mx/4.8.3/../../../../pic32mx/lib/size/mips16/no-float\libpic32.a(defaultinterrupt.o)
 .comment       0x00000000       0x3d c:/program files/microchip/xc32/v2.50/bin/bin/../../lib/gcc/pic32mx/4.8.3/../../../../pic32mx/lib/size/mips16/no-float\libc.a(memmove.o)

.debug
 *(.debug)

.line
 *(.line)

.debug_srcinfo
 *(.debug_srcinfo)

.debug_sfnames
 *(.debug_sfnames)

.debug_aranges
 *(.debug_aranges)

.debug_pubnames
 *(.debug_pubnames)

.debug_info
 *(.debug_info .gnu.linkonce.wi.*)

.debug_abbrev
 *(.debug_abbrev)

.debug_line
 *(.debug_line)

.debug_frame
 *(.debug_frame)

.debug_str
 *(.debug_str)

.debug_loc
 *(.debug_loc)

.debug_macinfo
 *(.debug_macinfo)

.debug_weaknames
 *(.debug_weaknames)

.debug_funcnames
 *(.debug_funcnames)

.debug_typenames
 *(.debug_typenames)

.debug_varnames
 *(.debug_varnames)

.debug_pubtypes
 *(.debug_pubtypes)

.debug_ranges
 *(.debug_ranges)

.gnu.attributes
 *(.gnu.attributes)
LOAD C:\Users\Spartak\AppData\Local\Temp\ccahTymE.o
LOAD C:\Users\Spartak\AppData\Local\Temp\ccRxvPL1.o
LOAD C:\Users\Spartak\AppData\Local\Temp\ccsB0mEp.o
LOAD c:/program files/microchip/xc32/v2.50/bin/bin/../../lib/gcc/pic32mx/4.8.3/../../../../pic32mx/lib/./proc/32MX564F128H\default_isr_vectors.o
LOAD c:/program files/microchip/xc32/v2.50/bin/bin/../../lib/gcc/pic32mx/4.8.3/../../../../pic32mx/lib/size/mips16/no-float\pic32_software_reset.o
LOAD c:/program files/microchip/xc32/v2.50/bin/bin/../../lib/gcc/pic32mx/4.8.3/size/mips16/no-float\libgcc.a
START GROUP
LOAD c:/program files/microchip/xc32/v2.50/bin/bin/../../lib/gcc/pic32mx/4.8.3/../../../../pic32mx/lib/size/mips16/no-float\libpic32.a
LOAD c:/program files/microchip/xc32/v2.50/bin/bin/../../lib/gcc/pic32mx/4.8.3/../../../../pic32mx/lib/size/mips16/no-float\libdebug.a
LOAD c:/program files/microchip/xc32/v2.50/bin/bin/../../lib/gcc/pic32mx/4.8.3/../../../../pic32mx/lib/size/mips16/no-float\libpic32.a
LOAD c:/program files/microchip/xc32/v2.50/bin/bin/../../lib/gcc/pic32mx/4.8.3/../../../../pic32mx/lib/size/mips16/no-float\libc.a
LOAD c:/program files/microchip/xc32/v2.50/bin/bin/../../lib/gcc/pic32mx/4.8.3/../../../../pic32mx/lib/size/mips16/no-float\libc.a
LOAD c:/program files/microchip/xc32/v2.50/bin/bin/../../lib/gcc/pic32mx/4.8.3/../../../../pic32mx/lib/size/mips16/no-float\libm.a
LOAD c:/program files/microchip/xc32/v2.50/bin/bin/../../lib/gcc/pic32mx/4.8.3/../../../../pic32mx/lib/size/mips16/no-float\libe.a
LOAD c:/program files/microchip/xc32/v2.50/bin/bin/../../lib/gcc/pic32mx/4.8.3/../../../../pic32mx/lib/size/mips16/no-float\libdsp.a
LOAD c:/program files/microchip/xc32/v2.50/bin/bin/../../lib/gcc/pic32mx/4.8.3/size/mips16/no-float\libgcc.a
LOAD c:/program files/microchip/xc32/v2.50/bin/bin/../../lib/gcc/pic32mx/4.8.3/../../../../pic32mx/lib/size/mips16/no-float\libpic32.a
END GROUP
LOAD c:/program files/microchip/xc32/v2.50/bin/bin/../../lib/gcc/pic32mx/4.8.3/size/mips16/no-float\libgcc.a
OUTPUT(dist/PIC32/production/US_BootLoader.X.production.elf elf32-tradlittlemips)
LOAD stack
LOAD data_init

.reginfo        0x00000000       0x18
 .reginfo       0x00000000       0x18 c:/program files/microchip/xc32/v2.50/bin/bin/../../lib/gcc/pic32mx/4.8.3/../../../../pic32mx/lib/size/mips16/no-float\debug-exception-return.o

.stack          0xa0000790      0x400
 .stack         0xa0000790      0x400 stack

._debug_exception
                0xbfc00480       0x2c
 ._debug_exception
                0xbfc00480       0x2c c:/program files/microchip/xc32/v2.50/bin/bin/../../lib/gcc/pic32mx/4.8.3/../../../../pic32mx/lib/size/mips16/no-float\debug-exception-return.o
                0xbfc00480                __DbgExecReturn

.text.USBDeviceTasks
                0x9d000000      0xc5c
 .text.USBDeviceTasks
                0x9d000000      0xc5c build/PIC32/production/usb/usb_device.o
                0x9d000001                USBDeviceTasks

.rodata         0x9d000c5c      0x7d4
 .rodata        0x9d000c5c      0x7d4 c:/program files/microchip/xc32/v2.50/bin/bin/../../lib/gcc/pic32mx/4.8.3/../../../../pic32mx/lib/size/mips16/no-float\libmchp_peripheral_32MX534F064H.a(int_tbl_lib.o)
                0x9d000c5c                __IntSrcTbl
                0x9d001178                __IntVectorTbl

.text.OLEDInit  0x9d001430      0x29c
 .text.OLEDInit
                0x9d001430      0x29c build/PIC32/production/OLED.o
                0x9d001431                OLEDInit

.text.USBDeviceInit
                0x9d0016cc      0x1b4
 .text.USBDeviceInit
                0x9d0016cc      0x1b4 build/PIC32/production/usb/usb_device.o
                0x9d0016cd                USBDeviceInit

.text.mcuInit   0x9d001880      0x194
 .text.mcuInit  0x9d001880      0x194 build/PIC32/production/PIC32MX564F128H.o
                0x9d001881                mcuInit

.text           0x9d001a14      0x168
 .text          0x9d001a14      0x168 c:/program files/microchip/xc32/v2.50/bin/bin/../../lib/gcc/pic32mx/4.8.3/../../../../pic32mx/lib/size/mips16/no-float\libpic32.a(memcpy.o)
                0x9d001a14                memcpy

.text.ProcessIO
                0x9d001b7c      0x150
 .text.ProcessIO
                0x9d001b7c      0x150 build/PIC32/production/io.o
                0x9d001b7d                ProcessIO

.text._NVMOperation
                0x9d001ccc      0x110
 .text._NVMOperation
                0x9d001ccc      0x110 c:/program files/microchip/xc32/v2.50/bin/bin/../../lib/gcc/pic32mx/4.8.3/../../../../pic32mx/lib/size/mips16/no-float\libmchp_peripheral_32MX534F064H.a(nvm_operation_lib.o)
                0x9d001ccc                _NVMOperation

.text.USBCtrlEPAllowStatusStage
                0x9d001ddc       0xe4
 .text.USBCtrlEPAllowStatusStage
                0x9d001ddc       0xe4 build/PIC32/production/usb/usb_device.o
                0x9d001ddd                USBCtrlEPAllowStatusStage

.rodata         0x9d001ec0       0xd0
 .rodata        0x9d001ec0       0xd0 build/PIC32/production/usb/usb_descriptors.o
                0x9d001ec0                USB_SD_Ptr
                0x9d001ecc                USB_CD_Ptr
                0x9d001ed0                hid_rpt01
                0x9d001eec                sd002
                0x9d001f2c                sd001
                0x9d001f4c                sd000
                0x9d001f50                configDescriptor1
                0x9d001f7c                device_dsc

.text.mcuWriteFlashRecord
                0x9d001f90       0xd0
 .text.mcuWriteFlashRecord
                0x9d001f90       0xd0 build/PIC32/production/PIC32MX564F128H.o
                0x9d001f91                mcuWriteFlashRecord

.text.USBCheckHIDRequest
                0x9d002060       0xcc
 .text.USBCheckHIDRequest
                0x9d002060       0xcc build/PIC32/production/usb/usb_function_hid.o
                0x9d002061                USBCheckHIDRequest

.text.USBCtrlEPAllowDataStage
                0x9d00212c       0xc8
 .text.USBCtrlEPAllowDataStage
                0x9d00212c       0xc8 build/PIC32/production/usb/usb_device.o
                0x9d00212d                USBCtrlEPAllowDataStage

.text.USBTransferOnePacket
                0x9d0021f4       0xbc
 .text.USBTransferOnePacket
                0x9d0021f4       0xbc build/PIC32/production/usb/usb_device.o
                0x9d0021f5                USBTransferOnePacket

.text           0x9d0022b0       0xa8
 .text          0x9d0022b0       0xa8 c:/program files/microchip/xc32/v2.50/bin/bin/../../lib/gcc/pic32mx/4.8.3/../../../../pic32mx/lib/size/mips16/no-float\libpic32.a(memset.o)
                0x9d0022b0                memset

.text.SpiChnOpen
                0x9d002358       0xa4
 .text.SpiChnOpen
                0x9d002358       0xa4 c:/program files/microchip/xc32/v2.50/bin/bin/../../lib/gcc/pic32mx/4.8.3/../../../../pic32mx/lib/size/mips16/no-float\libmchp_peripheral_32MX534F064H.a(spi_chn_open_lib.o)
                0x9d002359                SpiChnOpen

.rodata         0x9d0023fc       0xa0
 .rodata        0x9d0023fc       0xa0 c:/program files/microchip/xc32/v2.50/bin/bin/../../lib/gcc/pic32mx/4.8.3/../../../../pic32mx/lib/size/mips16/no-float\libmchp_peripheral_32MX534F064H.a(spi_io_tbl_libp.o)
                0x9d0023fc                _SpiIoTbl

.text.main      0x9d00249c       0x90
 .text.main     0x9d00249c       0x90 build/PIC32/production/main.o
                0x9d00249d                main

.text.USBCtrlTrfTxService
                0x9d00252c       0x8c
 .text.USBCtrlTrfTxService
                0x9d00252c       0x8c build/PIC32/production/usb/usb_device.o

.text           0x9d0025b8       0x84
 .text          0x9d0025b8       0x84 c:/program files/microchip/xc32/v2.50/bin/bin/../../lib/gcc/pic32mx/4.8.3/../../../../pic32mx/lib/size/mips16/no-float\libpic32.a(pic32_data_init.o)
                0x9d0025b8                __pic32_data_init

.dinit          0x9d00263c       0x80
 .dinit         0x9d00263c       0x80 data_init

.text.USBEnableEndpoint
                0x9d0026bc       0x7c
 .text.USBEnableEndpoint
                0x9d0026bc       0x7c build/PIC32/production/usb/usb_device.o
                0x9d0026bd                USBEnableEndpoint

.text.OLEDUpdate
                0x9d002738       0x68
 .text.OLEDUpdate
                0x9d002738       0x68 build/PIC32/production/OLED.o
                0x9d002739                OLEDUpdate

.text.SpiChnPutS
                0x9d0027a0       0x68
 .text.SpiChnPutS
                0x9d0027a0       0x68 c:/program files/microchip/xc32/v2.50/bin/bin/../../lib/gcc/pic32mx/4.8.3/../../../../pic32mx/lib/size/mips16/no-float\libmchp_peripheral_32MX534F064H.a(spi_chn_puts_lib.o)
                0x9d0027a1                SpiChnPutS

.text.SoftReset
                0x9d002808       0x64
 .text.SoftReset
                0x9d002808       0x64 c:/program files/microchip/xc32/v2.50/bin/bin/../../lib/gcc/pic32mx/4.8.3/../../../../pic32mx/lib/size/mips16/no-float\libmchp_peripheral_32MX534F064H.a(soft_reset_lib.o)
                0x9d002809                SoftReset

.text.SpiChnClose
                0x9d00286c       0x64
 .text.SpiChnClose
                0x9d00286c       0x64 c:/program files/microchip/xc32/v2.50/bin/bin/../../lib/gcc/pic32mx/4.8.3/../../../../pic32mx/lib/size/mips16/no-float\libmchp_peripheral_32MX534F064H.a(spi_chn_close_lib.o)
                0x9d00286d                SpiChnClose

.text.displayTasts
                0x9d0028d0       0x5c
 .text.displayTasts
                0x9d0028d0       0x5c build/PIC32/production/main.o
                0x9d0028d1                displayTasts

.text.mcuDisableUSB
                0x9d00292c       0x58
 .text.mcuDisableUSB
                0x9d00292c       0x58 build/PIC32/production/PIC32MX564F128H.o
                0x9d00292d                mcuDisableUSB

.text.main_entry
                0x9d002984       0x54
 .text.main_entry
                0x9d002984       0x54 C:\Users\Spartak\AppData\Local\Temp\ccahTymE.o
                0x9d0029b8                __crt0_exit

.rodata         0x9d0029d8       0x48
 .rodata        0x9d0029d8       0x48 c:/program files/microchip/xc32/v2.50/bin/bin/../../lib/gcc/pic32mx/4.8.3/../../../../pic32mx/lib/size/mips16/no-float\libmchp_peripheral_32MX534F064H.a(_ports_tbl_libp.o)
                0x9d0029d8                PortRegTbl

.text._bootstrap_exception_handler
                0x9d002a20       0x48
 .text._bootstrap_exception_handler
                0x9d002a20       0x48 c:/program files/microchip/xc32/v2.50/bin/bin/../../lib/gcc/pic32mx/4.8.3/../../../../pic32mx/lib/size/mips16/no-float\libpic32.a(default-bootstrap-exception-handler.o)
                0x9d002a20                _bootstrap_exception_handler

.text.CalculateCRC
                0x9d002a68       0x44
 .text.CalculateCRC
                0x9d002a68       0x44 build/PIC32/production/crc.o
                0x9d002a69                CalculateCRC

.text           0x9d002aac       0x44
 .text          0x9d002aac       0x44 c:/program files/microchip/xc32/v2.50/bin/bin/../../lib/gcc/pic32mx/4.8.3/../../../../pic32mx/lib/size/mips16/no-float\pic32_software_reset.o
                0x9d002aac                __pic32_software_reset

.text.mcuEraseFlash
                0x9d002af0       0x40
 .text.mcuEraseFlash
                0x9d002af0       0x40 build/PIC32/production/PIC32MX564F128H.o
                0x9d002af1                mcuEraseFlash

.text.memmove   0x9d002b30       0x40
 .text.memmove  0x9d002b30       0x40 c:/program files/microchip/xc32/v2.50/bin/bin/../../lib/gcc/pic32mx/4.8.3/../../../../pic32mx/lib/size/mips16/no-float\libc.a(memmove.o)
                0x9d002b31                memmove

.text.mcuValidAppPresent
                0x9d002b70       0x3c
 .text.mcuValidAppPresent
                0x9d002b70       0x3c build/PIC32/production/PIC32MX564F128H.o
                0x9d002b71                mcuValidAppPresent

.text.mcuProgramComplete
                0x9d002bac       0x38
 .text.mcuProgramComplete
                0x9d002bac       0x38 build/PIC32/production/PIC32MX564F128H.o
                0x9d002bad                mcuProgramComplete

.text.SpiChnPutC
                0x9d002be4       0x30
 .text.SpiChnPutC
                0x9d002be4       0x30 c:/program files/microchip/xc32/v2.50/bin/bin/../../lib/gcc/pic32mx/4.8.3/../../../../pic32mx/lib/size/mips16/no-float\libmchp_peripheral_32MX534F064H.a(spi_chn_putc_lib.o)
                0x9d002be5                SpiChnPutC

.text.IOTasks   0x9d002c14       0x2c
 .text.IOTasks  0x9d002c14       0x2c build/PIC32/production/io.o
                0x9d002c15                IOTasks

.text.NVMWriteRow
                0x9d002c40       0x2c
 .text.NVMWriteRow
                0x9d002c40       0x2c c:/program files/microchip/xc32/v2.50/bin/bin/../../lib/gcc/pic32mx/4.8.3/../../../../pic32mx/lib/size/mips16/no-float\libmchp_peripheral_32MX534F064H.a(nvm_write_row_lib.o)
                0x9d002c41                NVMWriteRow

.text.IOInit    0x9d002c6c       0x28
 .text.IOInit   0x9d002c6c       0x28 build/PIC32/production/io.o
                0x9d002c6d                IOInit

.text.NVMWriteWord
                0x9d002c94       0x28
 .text.NVMWriteWord
                0x9d002c94       0x28 c:/program files/microchip/xc32/v2.50/bin/bin/../../lib/gcc/pic32mx/4.8.3/../../../../pic32mx/lib/size/mips16/no-float\libmchp_peripheral_32MX534F064H.a(nvm_write_word_lib.o)
                0x9d002c95                NVMWriteWord

.text.USBCBInitEP
                0x9d002cbc       0x24
 .text.USBCBInitEP
                0x9d002cbc       0x24 build/PIC32/production/usb/usb_driver.o
                0x9d002cbd                USBCBInitEP

.text.USER_USB_CALLBACK_EVENT_HANDLER
                0x9d002ce0       0x20
 .text.USER_USB_CALLBACK_EVENT_HANDLER
                0x9d002ce0       0x20 build/PIC32/production/usb/usb_driver.o
                0x9d002ce1                USER_USB_CALLBACK_EVENT_HANDLER

.rodata         0x9d002d00       0x20
 .rodata        0x9d002d00       0x20 build/PIC32/production/crc.o

.text.NVMErasePage
                0x9d002d20       0x20
 .text.NVMErasePage
                0x9d002d20       0x20 c:/program files/microchip/xc32/v2.50/bin/bin/../../lib/gcc/pic32mx/4.8.3/../../../../pic32mx/lib/size/mips16/no-float\libmchp_peripheral_32MX534F064H.a(nvm_erase_page_lib.o)
                0x9d002d21                NVMErasePage

.text.PORTSetPinsDigitalIn
                0x9d002d40       0x20
 .text.PORTSetPinsDigitalIn
                0x9d002d40       0x20 c:/program files/microchip/xc32/v2.50/bin/bin/../../lib/gcc/pic32mx/4.8.3/../../../../pic32mx/lib/size/mips16/no-float\libmchp_peripheral_32MX534F064H.a(port_set_pins_digital_in_lib.o)
                0x9d002d41                PORTSetPinsDigitalIn

.text.PORTSetPinsDigitalOut
                0x9d002d60       0x20
 .text.PORTSetPinsDigitalOut
                0x9d002d60       0x20 c:/program files/microchip/xc32/v2.50/bin/bin/../../lib/gcc/pic32mx/4.8.3/../../../../pic32mx/lib/size/mips16/no-float\libmchp_peripheral_32MX534F064H.a(port_set_pins_digital_out_lib.o)
                0x9d002d61                PORTSetPinsDigitalOut

.text.DelayTicks
                0x9d002d80       0x1c
 .text.DelayTicks
                0x9d002d80       0x1c build/PIC32/production/PIC32MX564F128H.o
                0x9d002d81                DelayTicks

.text.INTRestoreInterrupts
                0x9d002d9c       0x1c
 .text.INTRestoreInterrupts
                0x9d002d9c       0x1c c:/program files/microchip/xc32/v2.50/bin/bin/../../lib/gcc/pic32mx/4.8.3/../../../../pic32mx/lib/size/mips16/no-float\libmchp_peripheral_32MX534F064H.a(int_restore_interrupts_lib.o)
                0x9d002d9c                INTRestoreInterrupts

.text.INTEnable
                0x9d002db8       0x1c
 .text.INTEnable
                0x9d002db8       0x1c c:/program files/microchip/xc32/v2.50/bin/bin/../../lib/gcc/pic32mx/4.8.3/../../../../pic32mx/lib/size/mips16/no-float\libmchp_peripheral_32MX534F064H.a(int_tbl_lib.o)
                0x9d002db9                INTEnable

.text.USBDriverInit
                0x9d002dd4       0x18
 .text.USBDriverInit
                0x9d002dd4       0x18 build/PIC32/production/usb/usb_driver.o
                0x9d002dd5                USBDriverInit

.text.INTClearFlag
                0x9d002dec       0x18
 .text.INTClearFlag
                0x9d002dec       0x18 c:/program files/microchip/xc32/v2.50/bin/bin/../../lib/gcc/pic32mx/4.8.3/../../../../pic32mx/lib/size/mips16/no-float\libmchp_peripheral_32MX534F064H.a(int_tbl_lib.o)
                0x9d002ded                INTClearFlag

.text.SpiChnIsBusy
                0x9d002e04       0x18
 .text.SpiChnIsBusy
                0x9d002e04       0x18 c:/program files/microchip/xc32/v2.50/bin/bin/../../lib/gcc/pic32mx/4.8.3/../../../../pic32mx/lib/size/mips16/no-float\libmchp_peripheral_32MX534F064H.a(spi_chn_is_busy_lib.o)
                0x9d002e05                SpiChnIsBusy

.text.PORTResetPins
                0x9d002e1c       0x18
 .text.PORTResetPins
                0x9d002e1c       0x18 c:/program files/microchip/xc32/v2.50/bin/bin/../../lib/gcc/pic32mx/4.8.3/../../../../pic32mx/lib/size/mips16/no-float\libmchp_peripheral_32MX534F064H.a(port_reset_pins_lib.o)
                0x9d002e1d                PORTResetPins

.text           0x9d002e34       0x18
 .text          0x9d002e34       0x18 c:/program files/microchip/xc32/v2.50/bin/bin/../../lib/gcc/pic32mx/4.8.3/../../../../pic32mx/lib/size/mips16/no-float\libpic32.a(default-nmi-handler.o)
                0x9d002e34                _nmi_handler

.rodata         0x9d002e4c       0x28
 .rodata        0x9d002e4c       0x14 build/PIC32/production/OLED.o
                0x9d002e4c                OLEDInitBuff2
                0x9d002e58                OLEDInitBuff1
 .rodata        0x9d002e60       0x14 c:/program files/microchip/xc32/v2.50/bin/bin/../../lib/gcc/pic32mx/4.8.3/../../../../pic32mx/lib/size/mips16/no-float\libmchp_peripheral_32MX534F064H.a(spi_map_tbl_libp.o)
                0x9d002e60                _SpiMapTbl

.text.mcuJumpToApp
                0x9d002e74       0x10
 .text.mcuJumpToApp
                0x9d002e74       0x10 build/PIC32/production/PIC32MX564F128H.o
                0x9d002e75                mcuJumpToApp

.text.mcuSPIWait
                0x9d002e84       0x10
 .text.mcuSPIWait
                0x9d002e84       0x10 build/PIC32/production/PIC32MX564F128H.o
                0x9d002e85                mcuSPIWait

.text.OpenCoreTimer
                0x9d002e94        0xc
 .text.OpenCoreTimer
                0x9d002e94        0xc c:/program files/microchip/xc32/v2.50/bin/bin/../../lib/gcc/pic32mx/4.8.3/../../../../pic32mx/lib/size/mips16/no-float\libmchp_peripheral.a(open_core_timer_lib.o)
                0x9d002e94                OpenCoreTimer

.text.ReadCoreTimer
                0x9d002ea0        0x8
 .text.ReadCoreTimer
                0x9d002ea0        0x8 c:/program files/microchip/xc32/v2.50/bin/bin/../../lib/gcc/pic32mx/4.8.3/../../../../pic32mx/lib/size/mips16/no-float\libmchp_peripheral.a(read_core_timer_lib.o)
                0x9d002ea0                ReadCoreTimer

.text.WriteCoreTimer
                0x9d002ea8        0x8
 .text.WriteCoreTimer
                0x9d002ea8        0x8 c:/program files/microchip/xc32/v2.50/bin/bin/../../lib/gcc/pic32mx/4.8.3/../../../../pic32mx/lib/size/mips16/no-float\libmchp_peripheral.a(write_core_timer_lib.o)
                0x9d002ea8                WriteCoreTimer

.text.INTDisableInterrupts
                0x9d002eb0        0x8
 .text.INTDisableInterrupts
                0x9d002eb0        0x8 c:/program files/microchip/xc32/v2.50/bin/bin/../../lib/gcc/pic32mx/4.8.3/../../../../pic32mx/lib/size/mips16/no-float\libmchp_peripheral_32MX534F064H.a(int_disable_interrupts_lib.o)
                0x9d002eb0                INTDisableInterrupts

.text._on_reset
                0x9d002eb8        0x4
 .text._on_reset
                0x9d002eb8        0x4 c:/program files/microchip/xc32/v2.50/bin/bin/../../lib/gcc/pic32mx/4.8.3/../../../../pic32mx/lib/size/mips16/no-float\libpic32.a(default-on-reset.o)
                0x9d002eb9                _on_reset

.text._on_bootstrap
                0x9d002ebc        0x4
 .text._on_bootstrap
                0x9d002ebc        0x4 c:/program files/microchip/xc32/v2.50/bin/bin/../../lib/gcc/pic32mx/4.8.3/../../../../pic32mx/lib/size/mips16/no-float\libpic32.a(default-on-bootstrap.o)
                0x9d002ebd                _on_bootstrap
