Archive member included because of file (symbol)

f:/program files/microchip/xc32/v2.50/bin/bin/../../lib/gcc/pic32mx/4.8.3/../../../../pic32mx/lib/size/mips16\libmchp_peripheral.a(open_core_timer_lib.o)
                              build/PIC32_with_bootloader/production/PIC32MX534F064H.o (OpenCoreTimer)
f:/program files/microchip/xc32/v2.50/bin/bin/../../lib/gcc/pic32mx/4.8.3/../../../../pic32mx/lib/size/mips16\libmchp_peripheral.a(read_core_timer_lib.o)
                              build/PIC32_with_bootloader/production/PIC32MX534F064H.o (ReadCoreTimer)
f:/program files/microchip/xc32/v2.50/bin/bin/../../lib/gcc/pic32mx/4.8.3/../../../../pic32mx/lib/size/mips16\libmchp_peripheral_32MX534F064H.a(soft_reset_lib.o)
                              build/PIC32_with_bootloader/production/main.o (SoftReset)
f:/program files/microchip/xc32/v2.50/bin/bin/../../lib/gcc/pic32mx/4.8.3/../../../../pic32mx/lib/size/mips16\libmchp_peripheral_32MX534F064H.a(int_enable_interrupts_lib.o)
                              build/PIC32_with_bootloader/production/isr.o (INTEnableInterrupts)
f:/program files/microchip/xc32/v2.50/bin/bin/../../lib/gcc/pic32mx/4.8.3/../../../../pic32mx/lib/size/mips16\libmchp_peripheral_32MX534F064H.a(int_disable_interrupts_lib.o)
                              build/PIC32_with_bootloader/production/isr.o (INTDisableInterrupts)
f:/program files/microchip/xc32/v2.50/bin/bin/../../lib/gcc/pic32mx/4.8.3/../../../../pic32mx/lib/size/mips16\libmchp_peripheral_32MX534F064H.a(int_restore_interrupts_lib.o)
                              build/PIC32_with_bootloader/production/isr.o (INTRestoreInterrupts)
f:/program files/microchip/xc32/v2.50/bin/bin/../../lib/gcc/pic32mx/4.8.3/../../../../pic32mx/lib/size/mips16\libmchp_peripheral_32MX534F064H.a(int_enable_mv_int_lib.o)
                              build/PIC32_with_bootloader/production/main.o (INTEnableSystemMultiVectoredInt)
f:/program files/microchip/xc32/v2.50/bin/bin/../../lib/gcc/pic32mx/4.8.3/../../../../pic32mx/lib/size/mips16\libmchp_peripheral_32MX534F064H.a(int_tbl_lib.o)
                              build/PIC32_with_bootloader/production/usb/usb_device.o (INTClearFlag)
f:/program files/microchip/xc32/v2.50/bin/bin/../../lib/gcc/pic32mx/4.8.3/../../../../pic32mx/lib/size/mips16\libmchp_peripheral_32MX534F064H.a(spi_chn_close_lib.o)
                              build/PIC32_with_bootloader/production/OLED.o (SpiChnClose)
f:/program files/microchip/xc32/v2.50/bin/bin/../../lib/gcc/pic32mx/4.8.3/../../../../pic32mx/lib/size/mips16\libmchp_peripheral_32MX534F064H.a(spi_chn_open_lib.o)
                              build/PIC32_with_bootloader/production/OLED.o (SpiChnOpen)
f:/program files/microchip/xc32/v2.50/bin/bin/../../lib/gcc/pic32mx/4.8.3/../../../../pic32mx/lib/size/mips16\libmchp_peripheral_32MX534F064H.a(spi_chn_putc_lib.o)
                              build/PIC32_with_bootloader/production/OLED.o (SpiChnPutC)
f:/program files/microchip/xc32/v2.50/bin/bin/../../lib/gcc/pic32mx/4.8.3/../../../../pic32mx/lib/size/mips16\libmchp_peripheral_32MX534F064H.a(spi_chn_puts_lib.o)
                              build/PIC32_with_bootloader/production/OLED.o (SpiChnPutS)
f:/program files/microchip/xc32/v2.50/bin/bin/../../lib/gcc/pic32mx/4.8.3/../../../../pic32mx/lib/size/mips16\libmchp_peripheral_32MX534F064H.a(spi_chn_is_busy_lib.o)
                              build/PIC32_with_bootloader/production/PIC32MX534F064H.o (SpiChnIsBusy)
f:/program files/microchip/xc32/v2.50/bin/bin/../../lib/gcc/pic32mx/4.8.3/../../../../pic32mx/lib/size/mips16\libmchp_peripheral_32MX534F064H.a(spi_io_tbl_libp.o)
                              f:/program files/microchip/xc32/v2.50/bin/bin/../../lib/gcc/pic32mx/4.8.3/../../../../pic32mx/lib/size/mips16\libmchp_peripheral_32MX534F064H.a(spi_chn_close_lib.o) (_SpiIoTbl)
f:/program files/microchip/xc32/v2.50/bin/bin/../../lib/gcc/pic32mx/4.8.3/../../../../pic32mx/lib/size/mips16\libmchp_peripheral_32MX534F064H.a(spi_map_tbl_libp.o)
                              f:/program files/microchip/xc32/v2.50/bin/bin/../../lib/gcc/pic32mx/4.8.3/../../../../pic32mx/lib/size/mips16\libmchp_peripheral_32MX534F064H.a(spi_chn_close_lib.o) (_SpiMapTbl)
f:/program files/microchip/xc32/v2.50/bin/bin/../../lib/gcc/pic32mx/4.8.3/../../../../pic32mx/lib/size/mips16\libmchp_peripheral_32MX534F064H.a(dma_chn_abort_txfer_lib.o)
                              build/PIC32_with_bootloader/production/PIC32MX534F064H.o (DmaChnAbortTxfer)
f:/program files/microchip/xc32/v2.50/bin/bin/../../lib/gcc/pic32mx/4.8.3/../../../../pic32mx/lib/size/mips16\libmchp_peripheral_32MX534F064H.a(dma_chn_open_lib.o)
                              build/PIC32_with_bootloader/production/PIC32MX534F064H.o (DmaChnOpen)
f:/program files/microchip/xc32/v2.50/bin/bin/../../lib/gcc/pic32mx/4.8.3/../../../../pic32mx/lib/size/mips16\libmchp_peripheral_32MX534F064H.a(dma_chn_disable_lib.o)
[...]
Memory Configuration

Name             Origin             Length             Attributes
exception_mem    0x9fc01000         0x00001000
kseg1_boot_mem   0xbd003000         0x00000490
kseg0_boot_mem   0x9d003490         0x00000970
kseg0_program_mem 0x9d003e00         0x0000c1fc         xr
debug_exec_mem   0xbfc02000         0x00000000
config3          0xbfc02ff0         0x00000004
config2          0xbfc02ff4         0x00000004
config1          0xbfc02ff8         0x00000004
config0          0xbfc02ffc         0x00000004
kseg1_data_mem   0xa0000000         0x00004000         w !x
sfrs             0xbf800000         0x00100000
configsfrs       0xbfc02ff0         0x00000010
*default*        0x00000000         0xffffffff

Linker script and memory map

LOAD f:/program files/microchip/xc32/v2.50/bin/bin/../../lib/gcc/pic32mx/4.8.3/../../../../pic32mx/lib/size/mips16\debug-exception-return.o
LOAD build/PIC32_with_bootloader/production/usb/usb_descriptors.o
LOAD build/PIC32_with_bootloader/production/usb/usb_device.o
LOAD build/PIC32_with_bootloader/production/usb/usb_driver.o
LOAD build/PIC32_with_bootloader/production/usb/usb_function_hid.o
LOAD build/PIC32_with_bootloader/production/usb/usb_hal_pic24.o
LOAD build/PIC32_with_bootloader/production/main.o
LOAD build/PIC32_with_bootloader/production/isr.o
LOAD build/PIC32_with_bootloader/production/iron.o
LOAD build/PIC32_with_bootloader/production/PID.o
LOAD build/PIC32_with_bootloader/production/io.o
LOAD build/PIC32_with_bootloader/production/menu.o
LOAD build/PIC32_with_bootloader/production/PIC32MX534F064H.o
LOAD build/PIC32_with_bootloader/production/EEP.o
LOAD build/PIC32_with_bootloader/production/OLED.o
LOAD build/PIC32_with_bootloader/production/pars.o
LOAD build/PIC32_with_bootloader/production/sensorMath.o
                0x00000001                __MPLAB_BUILD = 0x1
                0x00000400                PROVIDE (_min_stack_size, 0x400)
LOAD f:/program files/microchip/xc32/v2.50/bin/bin/../../lib/gcc/pic32mx/4.8.3/../../../../pic32mx/lib/./proc/32MX534F064H\processor.o
START GROUP
LOAD f:/program files/microchip/xc32/v2.50/bin/bin/../../lib/gcc/pic32mx/4.8.3/../../../../pic32mx/lib/size/mips16\libmchp_peripheral.a
END GROUP
START GROUP
LOAD f:/program files/microchip/xc32/v2.50/bin/bin/../../lib/gcc/pic32mx/4.8.3/../../../../pic32mx/lib/size/mips16\libmchp_peripheral_32MX534F064H.a
END GROUP
                0x00000001                PROVIDE (_vector_spacing, 0x1)
                0x9fc01000                _ebase_address = 0x9fc01000
                0xbd003000                _RESET_ADDR = 0xbd003000
                0xbd003380                _BEV_EXCPT_ADDR = 0xbd003380
                0xbd003480                _DBG_EXCPT_ADDR = 0xbd003480
                0xbfc02000                _DBG_CODE_ADDR = 0xbfc02000
                0x00000000                _DBG_CODE_SIZE = 0x0
                0x9fc01180                _GEN_EXCPT_ADDR = (_ebase_address + 0x180)

.config_BFC02FF0
                0xbfc02ff0        0x4
 *(.config_BFC02FF0)
 .config_BFC02FF0
                0xbfc02ff0        0x4 build/PIC32_with_bootloader/production/PIC32MX534F064H.o

.config_BFC02FF4
                0xbfc02ff4        0x4
 *(.config_BFC02FF4)
 .config_BFC02FF4
                0xbfc02ff4        0x4 build/PIC32_with_bootloader/production/PIC32MX534F064H.o

.config_BFC02FF8
                0xbfc02ff8        0x4
 *(.config_BFC02FF8)
 .config_BFC02FF8
                0xbfc02ff8        0x4 build/PIC32_with_bootloader/production/PIC32MX534F064H.o

.config_BFC02FFC
                0xbfc02ffc        0x4
 *(.config_BFC02FFC)
 .config_BFC02FFC
                0xbfc02ffc        0x4 build/PIC32_with_bootloader/production/PIC32MX534F064H.o
                0xbfc02000                PROVIDE (_DBG_CODE_ADDR, 0xbfc02000)
                0x00000ff0                PROVIDE (_DBG_CODE_SIZE, 0xff0)

.reset          0xbd003000      0x19c
 *(.reset)
 .reset         0xbd003000        0x8 C:\Users\Sparky\AppData\Local\Temp\cc6WTgqz.o
                0xbd003000                _reset
 *(.reset.startup)
 .reset.startup
                0xbd003008      0x194 C:\Users\Sparky\AppData\Local\Temp\cc6WTgqz.o
                0xbd003008                _startup

.bev_excpt      0xbd003380       0x10
 *(.bev_handler)
 .bev_handler   0xbd003380       0x10 C:\Users\Sparky\AppData\Local\Temp\cc6WTgqz.o

.dbg_excpt      0xbd003480        0x0
                0xbd003480                . = (. + DEFINED (_DEBUGGER)?0x8:0x0)

.dbg_code       0xbfc02000        0x0
                0xbfc02000                . = (. + DEFINED (_DEBUGGER)?_DBG_CODE_SIZE:0x0)

.app_excpt      0x9fc01180       0x10
 *(.gen_handler)
 .gen_handler   0x9fc01180       0x10 C:\Users\Sparky\AppData\Local\Temp\cc6WTgqz.o

.vector_0       0x9fc01200        0x8
 *(.vector_0)
 .vector_0      0x9fc01200        0x8 f:/program files/microchip/xc32/v2.50/bin/bin/../../lib/gcc/pic32mx/4.8.3/../../../../pic32mx/lib/size/mips16\libpic32.a(vector0.o)
                0x9fc01200                __vector_dispatch_0
                0x00000001                ASSERT (((_vector_spacing == 0x0) || (SIZEOF (.vector_0) <= (_vector_spacing << 0x5))), function at exception vector 0 too large)

.vector_1       0x9fc01220        0x8
 *(.vector_1)
 .vector_1      0x9fc01220        0x8 f:/program files/microchip/xc32/v2.50/bin/bin/../../lib/gcc/pic32mx/4.8.3/../../../../pic32mx/lib/size/mips16\libpic32.a(vector1.o)
                0x9fc01220                __vector_dispatch_1
                0x00000001                ASSERT (((_vector_spacing == 0x0) || (SIZEOF (.vector_1) <= (_vector_spacing << 0x5))), function at exception vector 1 too large)

.vector_2       0x9fc01240        0x8
 *(.vector_2)
 .vector_2      0x9fc01240        0x8 f:/program files/microchip/xc32/v2.50/bin/bin/../../lib/gcc/pic32mx/4.8.3/../../../../pic32mx/lib/size/mips16\libpic32.a(vector2.o)
                0x9fc01240                __vector_dispatch_2
                0x00000001                ASSERT (((_vector_spacing == 0x0) || (SIZEOF (.vector_2) <= (_vector_spacing << 0x5))), function at exception vector 2 too large)

.vector_3       0x9fc01260        0x8
 *(.vector_3)
 .vector_3      0x9fc01260        0x8 f:/program files/microchip/xc32/v2.50/bin/bin/../../lib/gcc/pic32mx/4.8.3/../../../../pic32mx/lib/size/mips16\libpic32.a(vector3.o)
                0x9fc01260                __vector_dispatch_3
                0x00000001                ASSERT (((_vector_spacing == 0x0) || (SIZEOF (.vector_3) <= (_vector_spacing << 0x5))), function at exception vector 3 too large)

.vector_4       0x9fc01280        0x8
 *(.vector_4)
 .vector_4      0x9fc01280        0x8 build/PIC32_with_bootloader/production/PIC32MX534F064H.o
                0x9fc01280                __vector_dispatch_4
                0x00000001                ASSERT (((_vector_spacing == 0x0) || (SIZEOF (.vector_4) <= (_vector_spacing << 0x5))), function at exception vector 4 too large)

.vector_5       0x9fc012a0        0x8
 *(.vector_5)
 .vector_5      0x9fc012a0        0x8 f:/program files/microchip/xc32/v2.50/bin/bin/../../lib/gcc/pic32mx/4.8.3/../../../../pic32mx/lib/size/mips16\libpic32.a(vector5.o)
                0x9fc012a0                __vector_dispatch_5
                0x00000001                ASSERT (((_vector_spacing == 0x0) || (SIZEOF (.vector_5) <= (_vector_spacing << 0x5))), function at exception vector 5 too large)

.vector_6       0x9fc012c0        0x8
 *(.vector_6)
 .vector_6      0x9fc012c0        0x8 f:/program files/microchip/xc32/v2.50/bin/bin/../../lib/gcc/pic32mx/4.8.3/../../../../pic32mx/lib/size/mips16\libpic32.a(vector6.o)
                0x9fc012c0                __vector_dispatch_6
                0x00000001                ASSERT (((_vector_spacing == 0x0) || (SIZEOF (.vector_6) <= (_vector_spacing << 0x5))), function at exception vector 6 too large)

.vector_7       0x9fc012e0        0x8
 *(.vector_7)
 .vector_7      0x9fc012e0        0x8 f:/program files/microchip/xc32/v2.50/bin/bin/../../lib/gcc/pic32mx/4.8.3/../../../../pic32mx/lib/size/mips16\libpic32.a(vector7.o)
                0x9fc012e0                __vector_dispatch_7
                0x00000001                ASSERT (((_vector_spacing == 0x0) || (SIZEOF (.vector_7) <= (_vector_spacing << 0x5))), function at exception vector 7 too large)

.vector_8       0x9fc01300        0x8
 *(.vector_8)
 .vector_8      0x9fc01300        0x8 build/PIC32_with_bootloader/production/PIC32MX534F064H.o
                0x9fc01300                __vector_dispatch_8
                0x00000001                ASSERT (((_vector_spacing == 0x0) || (SIZEOF (.vector_8) <= (_vector_spacing << 0x5))), function at exception vector 8 too large)

.vector_9       0x9fc01320        0x8
 *(.vector_9)
 .vector_9      0x9fc01320        0x8 f:/program files/microchip/xc32/v2.50/bin/bin/../../lib/gcc/pic32mx/4.8.3/../../../../pic32mx/lib/size/mips16\libpic32.a(vector9.o)
                0x9fc01320                __vector_dispatch_9
                0x00000001                ASSERT (((_vector_spacing == 0x0) || (SIZEOF (.vector_9) <= (_vector_spacing << 0x5))), function at exception vector 9 too large)

.vector_10      0x9fc01340        0x8
 *(.vector_10)
 .vector_10     0x9fc01340        0x8 build/PIC32_with_bootloader/production/PIC32MX534F064H.o
                0x9fc01340                __vector_dispatch_10
                0x00000001                ASSERT (((_vector_spacing == 0x0) || (SIZEOF (.vector_10) <= (_vector_spacing << 0x5))), function at exception vector 10 too large)

.vector_11      0x9fc01360        0x8
 *(.vector_11)
 .vector_11     0x9fc01360        0x8 f:/program files/microchip/xc32/v2.50/bin/bin/../../lib/gcc/pic32mx/4.8.3/../../../../pic32mx/lib/size/mips16\libpic32.a(vector11.o)
                0x9fc01360                __vector_dispatch_11
                0x00000001                ASSERT (((_vector_spacing == 0x0) || (SIZEOF (.vector_11) <= (_vector_spacing << 0x5))), function at exception vector 11 too large)

.vector_12      0x9fc01380        0x8
 *(.vector_12)
 .vector_12     0x9fc01380        0x8 f:/program files/microchip/xc32/v2.50/bin/bin/../../lib/gcc/pic32mx/4.8.3/../../../../pic32mx/lib/size/mips16\libpic32.a(vector12.o)
                0x9fc01380                __vector_dispatch_12
                0x00000001                ASSERT (((_vector_spacing == 0x0) || (SIZEOF (.vector_12) <= (_vector_spacing << 0x5))), function at exception vector 12 too large)

.vector_13      0x9fc013a0        0x8
 *(.vector_13)
 .vector_13     0x9fc013a0        0x8 f:/program files/microchip/xc32/v2.50/bin/bin/../../lib/gcc/pic32mx/4.8.3/../../../../pic32mx/lib/size/mips16\libpic32.a(vector13.o)
                0x9fc013a0                __vector_dispatch_13
                0x00000001                ASSERT (((_vector_spacing == 0x0) || (SIZEOF (.vector_13) <= (_vector_spacing << 0x5))), function at exception vector 13 too large)

.vector_14      0x9fc013c0        0x8
 *(.vector_14)
 .vector_14     0x9fc013c0        0x8 f:/program files/microchip/xc32/v2.50/bin/bin/../../lib/gcc/pic32mx/4.8.3/../../../../pic32mx/lib/size/mips16\libpic32.a(vector14.o)
                0x9fc013c0                __vector_dispatch_14
                0x00000001                ASSERT (((_vector_spacing == 0x0) || (SIZEOF (.vector_14) <= (_vector_spacing << 0x5))), function at exception vector 14 too large)

.vector_15      0x9fc013e0        0x8
 *(.vector_15)
 .vector_15     0x9fc013e0        0x8 f:/program files/microchip/xc32/v2.50/bin/bin/../../lib/gcc/pic32mx/4.8.3/../../../../pic32mx/lib/size/mips16\libpic32.a(vector15.o)
                0x9fc013e0                __vector_dispatch_15
                0x00000001                ASSERT (((_vector_spacing == 0x0) || (SIZEOF (.vector_15) <= (_vector_spacing << 0x5))), function at exception vector 15 too large)

.vector_16      0x9fc01400        0x8
 *(.vector_16)
 .vector_16     0x9fc01400        0x8 f:/program files/microchip/xc32/v2.50/bin/bin/../../lib/gcc/pic32mx/4.8.3/../../../../pic32mx/lib/size/mips16\libpic32.a(vector16.o)
                0x9fc01400                __vector_dispatch_16
                0x00000001                ASSERT (((_vector_spacing == 0x0) || (SIZEOF (.vector_16) <= (_vector_spacing << 0x5))), function at exception vector 16 too large)

.vector_17      0x9fc01420        0x8
 *(.vector_17)
 .vector_17     0x9fc01420        0x8 f:/program files/microchip/xc32/v2.50/bin/bin/../../lib/gcc/pic32mx/4.8.3/../../../../pic32mx/lib/size/mips16\libpic32.a(vector17.o)
                0x9fc01420                __vector_dispatch_17
                0x00000001                ASSERT (((_vector_spacing == 0x0) || (SIZEOF (.vector_17) <= (_vector_spacing << 0x5))), function at exception vector 17 too large)

.vector_18      0x9fc01440        0x8
 *(.vector_18)
 .vector_18     0x9fc01440        0x8 f:/program files/microchip/xc32/v2.50/bin/bin/../../lib/gcc/pic32mx/4.8.3/../../../../pic32mx/lib/size/mips16\libpic32.a(vector18.o)
                0x9fc01440                __vector_dispatch_18
                0x00000001                ASSERT (((_vector_spacing == 0x0) || (SIZEOF (.vector_18) <= (_vector_spacing << 0x5))), function at exception vector 18 too large)

.vector_19      0x9fc01460        0x8
 *(.vector_19)
 .vector_19     0x9fc01460        0x8 f:/program files/microchip/xc32/v2.50/bin/bin/../../lib/gcc/pic32mx/4.8.3/../../../../pic32mx/lib/size/mips16\libpic32.a(vector19.o)
                0x9fc01460                __vector_dispatch_19
                0x00000001                ASSERT (((_vector_spacing == 0x0) || (SIZEOF (.vector_19) <= (_vector_spacing << 0x5))), function at exception vector 19 too large)

.vector_20      0x9fc01480        0x8
 *(.vector_20)
 .vector_20     0x9fc01480        0x8 f:/program files/microchip/xc32/v2.50/bin/bin/../../lib/gcc/pic32mx/4.8.3/../../../../pic32mx/lib/size/mips16\libpic32.a(vector20.o)
                0x9fc01480                __vector_dispatch_20
                0x00000001                ASSERT (((_vector_spacing == 0x0) || (SIZEOF (.vector_20) <= (_vector_spacing << 0x5))), function at exception vector 20 too large)

.vector_21      0x9fc014a0        0x8
 *(.vector_21)
 .vector_21     0x9fc014a0        0x8 f:/program files/microchip/xc32/v2.50/bin/bin/../../lib/gcc/pic32mx/4.8.3/../../../../pic32mx/lib/size/mips16\libpic32.a(vector21.o)
                0x9fc014a0                __vector_dispatch_21
                0x00000001                ASSERT (((_vector_spacing == 0x0) || (SIZEOF (.vector_21) <= (_vector_spacing << 0x5))), function at exception vector 21 too large)

.vector_22      0x9fc014c0        0x8
 *(.vector_22)
 .vector_22     0x9fc014c0        0x8 f:/program files/microchip/xc32/v2.50/bin/bin/../../lib/gcc/pic32mx/4.8.3/../../../../pic32mx/lib/size/mips16\libpic32.a(vector22.o)
                0x9fc014c0                __vector_dispatch_22
                0x00000001                ASSERT (((_vector_spacing == 0x0) || (SIZEOF (.vector_22) <= (_vector_spacing << 0x5))), function at exception vector 22 too large)

.vector_23      0x9fc014e0        0x8
 *(.vector_23)
 .vector_23     0x9fc014e0        0x8 f:/program files/microchip/xc32/v2.50/bin/bin/../../lib/gcc/pic32mx/4.8.3/../../../../pic32mx/lib/size/mips16\libpic32.a(vector23.o)
                0x9fc014e0                __vector_dispatch_23
                0x00000001                ASSERT (((_vector_spacing == 0x0) || (SIZEOF (.vector_23) <= (_vector_spacing << 0x5))), function at exception vector 23 too large)

.vector_24      0x9fc01500        0x8
 *(.vector_24)
 .vector_24     0x9fc01500        0x8 f:/program files/microchip/xc32/v2.50/bin/bin/../../lib/gcc/pic32mx/4.8.3/../../../../pic32mx/lib/size/mips16\libpic32.a(vector24.o)
                0x9fc01500                __vector_dispatch_24
                0x00000001                ASSERT (((_vector_spacing == 0x0) || (SIZEOF (.vector_24) <= (_vector_spacing << 0x5))), function at exception vector 24 too large)

.vector_25      0x9fc01520        0x8
 *(.vector_25)
 .vector_25     0x9fc01520        0x8 f:/program files/microchip/xc32/v2.50/bin/bin/../../lib/gcc/pic32mx/4.8.3/../../../../pic32mx/lib/size/mips16\libpic32.a(vector25.o)
                0x9fc01520                __vector_dispatch_25
                0x00000001                ASSERT (((_vector_spacing == 0x0) || (SIZEOF (.vector_25) <= (_vector_spacing << 0x5))), function at exception vector 25 too large)

.vector_26      0x9fc01540        0x8
 *(.vector_26)
 .vector_26     0x9fc01540        0x8 f:/program files/microchip/xc32/v2.50/bin/bin/../../lib/gcc/pic32mx/4.8.3/../../../../pic32mx/lib/size/mips16\libpic32.a(vector26.o)
                0x9fc01540                __vector_dispatch_26
                0x00000001                ASSERT (((_vector_spacing == 0x0) || (SIZEOF (.vector_26) <= (_vector_spacing << 0x5))), function at exception vector 26 too large)

.vector_27      0x9fc01560        0x8
 *(.vector_27)
 .vector_27     0x9fc01560        0x8 build/PIC32_with_bootloader/production/PIC32MX534F064H.o
                0x9fc01560                __vector_dispatch_27
                0x00000001                ASSERT (((_vector_spacing == 0x0) || (SIZEOF (.vector_27) <= (_vector_spacing << 0x5))), function at exception vector 27 too large)

.vector_28      0x9fc01580        0x8
 *(.vector_28)
 .vector_28     0x9fc01580        0x8 f:/program files/microchip/xc32/v2.50/bin/bin/../../lib/gcc/pic32mx/4.8.3/../../../../pic32mx/lib/size/mips16\libpic32.a(vector28.o)
                0x9fc01580                __vector_dispatch_28
                0x00000001                ASSERT (((_vector_spacing == 0x0) || (SIZEOF (.vector_28) <= (_vector_spacing << 0x5))), function at exception vector 28 too large)

.vector_29      0x9fc015a0        0x8
 *(.vector_29)
 .vector_29     0x9fc015a0        0x8 f:/program files/microchip/xc32/v2.50/bin/bin/../../lib/gcc/pic32mx/4.8.3/../../../../pic32mx/lib/size/mips16\libpic32.a(vector29.o)
                0x9fc015a0                __vector_dispatch_29
                0x00000001                ASSERT (((_vector_spacing == 0x0) || (SIZEOF (.vector_29) <= (_vector_spacing << 0x5))), function at exception vector 29 too large)

.vector_30      0x9fc015c0        0x8
 *(.vector_30)
 .vector_30     0x9fc015c0        0x8 build/PIC32_with_bootloader/production/PIC32MX534F064H.o
                0x9fc015c0                __vector_dispatch_30
                0x00000001                ASSERT (((_vector_spacing == 0x0) || (SIZEOF (.vector_30) <= (_vector_spacing << 0x5))), function at exception vector 30 too large)

.vector_31      0x9fc015e0        0x8
 *(.vector_31)
 .vector_31     0x9fc015e0        0x8 build/PIC32_with_bootloader/production/PIC32MX534F064H.o
                0x9fc015e0                __vector_dispatch_31
                0x00000001                ASSERT (((_vector_spacing == 0x0) || (SIZEOF (.vector_31) <= (_vector_spacing << 0x5))), function at exception vector 31 too large)

.vector_32      0x9fc01600        0x8
 *(.vector_32)
 .vector_32     0x9fc01600        0x8 f:/program files/microchip/xc32/v2.50/bin/bin/../../lib/gcc/pic32mx/4.8.3/../../../../pic32mx/lib/size/mips16\libpic32.a(vector32.o)
                0x9fc01600                __vector_dispatch_32
                0x00000001                ASSERT (((_vector_spacing == 0x0) || (SIZEOF (.vector_32) <= (_vector_spacing << 0x5))), function at exception vector 32 too large)

.vector_33      0x9fc01620        0x8
 *(.vector_33)
 .vector_33     0x9fc01620        0x8 f:/program files/microchip/xc32/v2.50/bin/bin/../../lib/gcc/pic32mx/4.8.3/../../../../pic32mx/lib/size/mips16\libpic32.a(vector33.o)
                0x9fc01620                __vector_dispatch_33
                0x00000001                ASSERT (((_vector_spacing == 0x0) || (SIZEOF (.vector_33) <= (_vector_spacing << 0x5))), function at exception vector 33 too large)

.vector_34      0x9fc01640        0x8
 *(.vector_34)
 .vector_34     0x9fc01640        0x8 f:/program files/microchip/xc32/v2.50/bin/bin/../../lib/gcc/pic32mx/4.8.3/../../../../pic32mx/lib/size/mips16\libpic32.a(vector34.o)
                0x9fc01640                __vector_dispatch_34
                0x00000001                ASSERT (((_vector_spacing == 0x0) || (SIZEOF (.vector_34) <= (_vector_spacing << 0x5))), function at exception vector 34 too large)

.vector_35      0x9fc01660        0x8
 *(.vector_35)
 .vector_35     0x9fc01660        0x8 f:/program files/microchip/xc32/v2.50/bin/bin/../../lib/gcc/pic32mx/4.8.3/../../../../pic32mx/lib/size/mips16\libpic32.a(vector35.o)
                0x9fc01660                __vector_dispatch_35
                0x00000001                ASSERT (((_vector_spacing == 0x0) || (SIZEOF (.vector_35) <= (_vector_spacing << 0x5))), function at exception vector 35 too large)

.vector_36      0x9fc01680        0x8
 *(.vector_36)
 .vector_36     0x9fc01680        0x8 f:/program files/microchip/xc32/v2.50/bin/bin/../../lib/gcc/pic32mx/4.8.3/../../../../pic32mx/lib/size/mips16\libpic32.a(vector36.o)
                0x9fc01680                __vector_dispatch_36
                0x00000001                ASSERT (((_vector_spacing == 0x0) || (SIZEOF (.vector_36) <= (_vector_spacing << 0x5))), function at exception vector 36 too large)

.vector_37      0x9fc016a0        0x8
 *(.vector_37)
 .vector_37     0x9fc016a0        0x8 f:/program files/microchip/xc32/v2.50/bin/bin/../../lib/gcc/pic32mx/4.8.3/../../../../pic32mx/lib/size/mips16\libpic32.a(vector37.o)
                0x9fc016a0                __vector_dispatch_37
                0x00000001                ASSERT (((_vector_spacing == 0x0) || (SIZEOF (.vector_37) <= (_vector_spacing << 0x5))), function at exception vector 37 too large)

.vector_38      0x9fc016c0        0x8
 *(.vector_38)
 .vector_38     0x9fc016c0        0x8 f:/program files/microchip/xc32/v2.50/bin/bin/../../lib/gcc/pic32mx/4.8.3/../../../../pic32mx/lib/size/mips16\libpic32.a(vector38.o)
                0x9fc016c0                __vector_dispatch_38
                0x00000001                ASSERT (((_vector_spacing == 0x0) || (SIZEOF (.vector_38) <= (_vector_spacing << 0x5))), function at exception vector 38 too large)

.vector_39      0x9fc016e0        0x8
 *(.vector_39)
 .vector_39     0x9fc016e0        0x8 f:/program files/microchip/xc32/v2.50/bin/bin/../../lib/gcc/pic32mx/4.8.3/../../../../pic32mx/lib/size/mips16\libpic32.a(vector39.o)
                0x9fc016e0                __vector_dispatch_39
                0x00000001                ASSERT (((_vector_spacing == 0x0) || (SIZEOF (.vector_39) <= (_vector_spacing << 0x5))), function at exception vector 39 too large)

.vector_40      0x9fc01700        0x8
 *(.vector_40)
 .vector_40     0x9fc01700        0x8 f:/program files/microchip/xc32/v2.50/bin/bin/../../lib/gcc/pic32mx/4.8.3/../../../../pic32mx/lib/size/mips16\libpic32.a(vector40.o)
                0x9fc01700                __vector_dispatch_40
                0x00000001                ASSERT (((_vector_spacing == 0x0) || (SIZEOF (.vector_40) <= (_vector_spacing << 0x5))), function at exception vector 40 too large)

.vector_41      0x9fc01720        0x8
 *(.vector_41)
 .vector_41     0x9fc01720        0x8 f:/program files/microchip/xc32/v2.50/bin/bin/../../lib/gcc/pic32mx/4.8.3/../../../../pic32mx/lib/size/mips16\libpic32.a(vector41.o)
                0x9fc01720                __vector_dispatch_41
                0x00000001                ASSERT (((_vector_spacing == 0x0) || (SIZEOF (.vector_41) <= (_vector_spacing << 0x5))), function at exception vector 41 too large)

.vector_42      0x9fc01740        0x8
 *(.vector_42)
 .vector_42     0x9fc01740        0x8 f:/program files/microchip/xc32/v2.50/bin/bin/../../lib/gcc/pic32mx/4.8.3/../../../../pic32mx/lib/size/mips16\libpic32.a(vector42.o)
                0x9fc01740                __vector_dispatch_42
                0x00000001                ASSERT (((_vector_spacing == 0x0) || (SIZEOF (.vector_42) <= (_vector_spacing << 0x5))), function at exception vector 42 too large)

.vector_43      0x9fc01760        0x8
 *(.vector_43)
 .vector_43     0x9fc01760        0x8 f:/program files/microchip/xc32/v2.50/bin/bin/../../lib/gcc/pic32mx/4.8.3/../../../../pic32mx/lib/size/mips16\libpic32.a(vector43.o)
                0x9fc01760                __vector_dispatch_43
                0x00000001                ASSERT (((_vector_spacing == 0x0) || (SIZEOF (.vector_43) <= (_vector_spacing << 0x5))), function at exception vector 43 too large)

.vector_44      0x9fc01780        0x8
 *(.vector_44)
 .vector_44     0x9fc01780        0x8 f:/program files/microchip/xc32/v2.50/bin/bin/../../lib/gcc/pic32mx/4.8.3/../../../../pic32mx/lib/size/mips16\libpic32.a(vector44.o)
                0x9fc01780                __vector_dispatch_44
                0x00000001                ASSERT (((_vector_spacing == 0x0) || (SIZEOF (.vector_44) <= (_vector_spacing << 0x5))), function at exception vector 44 too large)

.vector_45      0x9fc017a0        0x8
 *(.vector_45)
 .vector_45     0x9fc017a0        0x8 f:/program files/microchip/xc32/v2.50/bin/bin/../../lib/gcc/pic32mx/4.8.3/../../../../pic32mx/lib/size/mips16\libpic32.a(vector45.o)
                0x9fc017a0                __vector_dispatch_45
                0x00000001                ASSERT (((_vector_spacing == 0x0) || (SIZEOF (.vector_45) <= (_vector_spacing << 0x5))), function at exception vector 45 too large)

.vector_46      0x9fc017c0        0x8
 *(.vector_46)
 .vector_46     0x9fc017c0        0x8 f:/program files/microchip/xc32/v2.50/bin/bin/../../lib/gcc/pic32mx/4.8.3/../../../../pic32mx/lib/size/mips16\libpic32.a(vector46.o)
                0x9fc017c0                __vector_dispatch_46
                0x00000001                ASSERT (((_vector_spacing == 0x0) || (SIZEOF (.vector_46) <= (_vector_spacing << 0x5))), function at exception vector 46 too large)

.vector_47      0x9fc017e0        0x8
 *(.vector_47)
 .vector_47     0x9fc017e0        0x8 f:/program files/microchip/xc32/v2.50/bin/bin/../../lib/gcc/pic32mx/4.8.3/../../../../pic32mx/lib/size/mips16\libpic32.a(vector47.o)
                0x9fc017e0                __vector_dispatch_47
                0x00000001                ASSERT (((_vector_spacing == 0x0) || (SIZEOF (.vector_47) <= (_vector_spacing << 0x5))), function at exception vector 47 too large)

.vector_48      0x9fc01800        0x8
 *(.vector_48)
 .vector_48     0x9fc01800        0x8 f:/program files/microchip/xc32/v2.50/bin/bin/../../lib/gcc/pic32mx/4.8.3/../../../../pic32mx/lib/size/mips16\libpic32.a(vector48.o)
                0x9fc01800                __vector_dispatch_48
                0x00000001                ASSERT (((_vector_spacing == 0x0) || (SIZEOF (.vector_48) <= (_vector_spacing << 0x5))), function at exception vector 48 too large)

.vector_49      0x9fc01820        0x8
 *(.vector_49)
 .vector_49     0x9fc01820        0x8 f:/program files/microchip/xc32/v2.50/bin/bin/../../lib/gcc/pic32mx/4.8.3/../../../../pic32mx/lib/size/mips16\libpic32.a(vector49.o)
                0x9fc01820                __vector_dispatch_49
                0x00000001                ASSERT (((_vector_spacing == 0x0) || (SIZEOF (.vector_49) <= (_vector_spacing << 0x5))), function at exception vector 49 too large)

.vector_50      0x9fc01840        0x8
 *(.vector_50)
 .vector_50     0x9fc01840        0x8 f:/program files/microchip/xc32/v2.50/bin/bin/../../lib/gcc/pic32mx/4.8.3/../../../../pic32mx/lib/size/mips16\libpic32.a(vector50.o)
                0x9fc01840                __vector_dispatch_50
                0x00000001                ASSERT (((_vector_spacing == 0x0) || (SIZEOF (.vector_50) <= (_vector_spacing << 0x5))), function at exception vector 50 too large)

.vector_51      0x9fc01860        0x8
 *(.vector_51)
 .vector_51     0x9fc01860        0x8 f:/program files/microchip/xc32/v2.50/bin/bin/../../lib/gcc/pic32mx/4.8.3/../../../../pic32mx/lib/size/mips16\libpic32.a(vector51.o)
                0x9fc01860                __vector_dispatch_51
                0x00000001                ASSERT (((_vector_spacing == 0x0) || (SIZEOF (.vector_51) <= (_vector_spacing << 0x5))), function at exception vector 51 too large)

.vector_52      0x9fc01880        0x0
 *(.vector_52)
                0x00000001                ASSERT (((_vector_spacing == 0x0) || (SIZEOF (.vector_52) <= (_vector_spacing << 0x5))), function at exception vector 52 too large)

.vector_53      0x9fc018a0        0x0
 *(.vector_53)
                0x00000001                ASSERT (((_vector_spacing == 0x0) || (SIZEOF (.vector_53) <= (_vector_spacing << 0x5))), function at exception vector 53 too large)

.vector_54      0x9fc018c0        0x0
 *(.vector_54)
                0x00000001                ASSERT (((_vector_spacing == 0x0) || (SIZEOF (.vector_54) <= (_vector_spacing << 0x5))), function at exception vector 54 too large)

.vector_55      0x9fc018e0        0x0
 *(.vector_55)
                0x00000001                ASSERT (((_vector_spacing == 0x0) || (SIZEOF (.vector_55) <= (_vector_spacing << 0x5))), function at exception vector 55 too large)

.vector_56      0x9fc01900        0x0
 *(.vector_56)
                0x00000001                ASSERT (((_vector_spacing == 0x0) || (SIZEOF (.vector_56) <= (_vector_spacing << 0x5))), function at exception vector 56 too large)

.vector_57      0x9fc01920        0x0
 *(.vector_57)
                0x00000001                ASSERT (((_vector_spacing == 0x0) || (SIZEOF (.vector_57) <= (_vector_spacing << 0x5))), function at exception vector 57 too large)

.vector_58      0x9fc01940        0x0
 *(.vector_58)
                0x00000001                ASSERT (((_vector_spacing == 0x0) || (SIZEOF (.vector_58) <= (_vector_spacing << 0x5))), function at exception vector 58 too large)

.vector_59      0x9fc01960        0x0
 *(.vector_59)
                0x00000001                ASSERT (((_vector_spacing == 0x0) || (SIZEOF (.vector_59) <= (_vector_spacing << 0x5))), function at exception vector 59 too large)

.vector_60      0x9fc01980        0x0
 *(.vector_60)
                0x00000001                ASSERT (((_vector_spacing == 0x0) || (SIZEOF (.vector_60) <= (_vector_spacing << 0x5))), function at exception vector 60 too large)

.vector_61      0x9fc019a0        0x0
 *(.vector_61)
                0x00000001                ASSERT (((_vector_spacing == 0x0) || (SIZEOF (.vector_61) <= (_vector_spacing << 0x5))), function at exception vector 61 too large)

.vector_62      0x9fc019c0        0x0
 *(.vector_62)
                0x00000001                ASSERT (((_vector_spacing == 0x0) || (SIZEOF (.vector_62) <= (_vector_spacing << 0x5))), function at exception vector 62 too large)

.vector_63      0x9fc019e0        0x0
 *(.vector_63)
                0x00000001                ASSERT (((_vector_spacing == 0x0) || (SIZEOF (.vector_63) <= (_vector_spacing << 0x5))), function at exception vector 63 too large)

.startup
 *(.startup)

.text           0x9d003e00        0x0
 *(.stub .gnu.linkonce.t.*)
 *(.text.*personality*)
 *(.mips16.fn.*)
 *(.mips16.call.*)
 *(.gnu.warning)
                0x9d003e00                . = ALIGN (0x4)

.init           0x9d003e00        0x0
 *crti.o(.init)
 *crtbegin.o(.init)
 *(EXCLUDE_FILE(*crtn.o *crtend?.o *crtend.o) .init)
 *crtend.o(.init)
 *crtn.o(.init)
                0x9d003e00                . = ALIGN (0x4)

.fini           0x9d003e00        0x0
 *(.fini)
                0x9d003e00                . = ALIGN (0x4)

.preinit_array  0x9d003e00        0x0
                0x9d003e00                PROVIDE (__preinit_array_start, .)
 *(.preinit_array)
                0x9d003e00                PROVIDE (__preinit_array_end, .)
                0x9d003e00                . = ALIGN (0x4)

.init_array     0x9d003e00        0x0
                0x9d003e00                PROVIDE (__init_array_start, .)
 *(SORT(.init_array.*))
 *(.init_array)
                0x9d003e00                PROVIDE (__init_array_end, .)
                0x9d003e00                . = ALIGN (0x4)

.fini_array     0x9d003e00        0x0
                0x9d003e00                PROVIDE (__fini_array_start, .)
 *(SORT(.fini_array.*))
 *(.fini_array)
                0x9d003e00                PROVIDE (__fini_array_end, .)
                0x9d003e00                . = ALIGN (0x4)

.ctors          0x9d003e00        0x0
 *crtbegin.o(.ctors)
 *crtbegin?.o(.ctors)
 *(EXCLUDE_FILE(*crtend?.o *crtend.o) .ctors)
 *(SORT(.ctors.*))
 *(.ctors)
                0x9d003e00                . = ALIGN (0x4)

.dtors          0x9d003e00        0x0
 *crtbegin.o(.dtors)
 *crtbegin?.o(.dtors)
 *(EXCLUDE_FILE(*crtend?.o *crtend.o) .dtors)
 *(SORT(.dtors.*))
 *(.dtors)
                0x9d003e00                . = ALIGN (0x4)

.rodata         0x9d003e00        0x0
 *(.gnu.linkonce.r.*)
 *(.rodata1)
                0x9d003e00                . = ALIGN (0x4)

.sdata2         0x9d003490        0x0
 *(.sdata2 .sdata2.* .gnu.linkonce.s2.*)
                0x9d003490                . = ALIGN (0x4)

.sbss2          0x9d003490        0x0
 *(.sbss2 .sbss2.* .gnu.linkonce.sb2.*)
                0x9d003490                . = ALIGN (0x4)

.eh_frame_hdr
 *(.eh_frame_hdr)
                0x9d003490                . = ALIGN (0x4)

.eh_frame
 *(.eh_frame)
                0x9d003490                . = ALIGN (0x4)

.gcc_except_table
 *(.gcc_except_table .gcc_except_table.*)
                0x9d003490                . = ALIGN (0x4)

.dbg_data       0xa0000000        0x0
                0xa0000000                . = (. + DEFINED (_DEBUGGER)?0x200:0x0)

.jcr            0xa0000000        0x0
 *(.jcr)
                0xa0000000                . = ALIGN (0x4)

.eh_frame
 *(.eh_frame)
                0xa0000000                . = ALIGN (0x4)

.gcc_except_table
 *(.gcc_except_table .gcc_except_table.*)
                0xa0000000                . = ALIGN (0x4)

.persist        0xa0000000        0x0
                0xa0000000                _persist_begin = .
 *(.persist .persist.*)
 *(.pbss .pbss.*)
                0xa0000000                . = ALIGN (0x4)
                0xa0000000                _persist_end = .

.data           0xa0000000        0x0
 *(.gnu.linkonce.d.*)
 *(.data1)
                0xa0000000                . = ALIGN (0x4)
                0xa0000000                . = .
                0xa0007ff0                _gp = (ALIGN (0x10) + 0x7ff0)

.got            0xa0000000        0x0
 *(.got.plt)
 *(.got)
                0xa0000000                . = ALIGN (0x4)

.sdata          0xa0000000       0x24
                0xa0000000                _sdata_begin = .
 *(.sdata .sdata.* .gnu.linkonce.s.*)
 .sdata         0xa0000000        0x4 build/PIC32_with_bootloader/production/main.o
                0xa0000000                mainFlags
 .sdata         0xa0000004        0x8 build/PIC32_with_bootloader/production/OLED.o
                0xa0000004                PreUpdateBuff
 .sdata         0xa000000c       0x18 build/PIC32_with_bootloader/production/pars.o
                0xa000000c                StrMenuUp
                0xa0000014                StrButtons
                0xa000001c                StrDispRot
                0xa0000024                . = ALIGN (0x4)
                0xa0000024                _sdata_end = .

.lit8
 *(.lit8)

.lit4
 *(.lit4)
                0xa0000024                . = ALIGN (0x4)
                0xa0000024                _data_end = .
                0xa0000024                _bss_begin = .

.sbss           0xa0000024      0x1d4
                0xa0000024                _sbss_begin = .
 *(.dynsbss)
 *(.sbss .sbss.* .gnu.linkonce.sb.*)
 .sbss          0xa0000024        0x8 build/PIC32_with_bootloader/production/usb/usb_driver.o
                0xa0000024                USBInHandle
                0xa0000028                USBOutHandle
 .sbss          0xa000002c        0x8 build/PIC32_with_bootloader/production/isr.o
                0xa0000030                ISRComplete
 .sbss          0xa0000034        0x8 build/PIC32_with_bootloader/production/iron.o
 .sbss          0xa000003c       0x10 build/PIC32_with_bootloader/production/io.o
 .sbss          0xa000004c       0x60 build/PIC32_with_bootloader/production/menu.o
 .sbss          0xa00000ac        0xc build/PIC32_with_bootloader/production/PIC32MX534F064H.o
                0xa00000b4                ADCAuto
 .sbss          0xa00000b8        0x4 build/PIC32_with_bootloader/production/OLED.o
                0xa00000b8                DisplaySetup
 *(.scommon)
 .scommon       0xa00000bc       0x6c build/PIC32_with_bootloader/production/usb/usb_device.o
                0xa00000bc                pDst
                0xa00000c0                USBDeferINDataStagePackets
                0xa00000c4                CtrlTrfData
                0xa00000cc                USBDeferOUTDataStagePackets
                0xa00000d0                USBDeviceState
                0xa00000d4                controlTransferState
                0xa00000d5                endpoint_number
                0xa00000d8                pBDTEntryIn
                0xa00000e0                ep_data_out
                0xa00000e4                USBStatusStageEnabledFlag1
                0xa00000e8                USBStatusStageEnabledFlag2
                0xa00000ec                pBDTEntryOut
                0xa00000f4                BothEP0OutUOWNsSet
                0xa00000f8                pBDTEntryEP0OutNext
                0xa00000fc                USBBusIsSuspended
                0xa0000100                USBStatusStageTimeoutCounter
                0xa0000104                SetupPkt
                0xa000010c                ep_data_in
                0xa000010e                shortPacketStatus
                0xa0000110                pBDTEntryEP0OutCurrent
                0xa0000114                USBActiveConfiguration
                0xa0000118                RemoteWakeup
                0xa000011c                USTATcopy
                0xa0000120                USBAlternateInterface
                0xa0000124                USBDeferStatusStagePacket
 .scommon       0xa0000128        0x2 build/PIC32_with_bootloader/production/usb/usb_function_hid.o
                0xa0000128                active_protocol
                0xa0000129                idle_rate
 *fill*         0xa000012a        0x2 
 .scommon       0xa000012c       0x28 build/PIC32_with_bootloader/production/main.o
                0xa000012c                CalCh
                0xa0000130                InvertTicks
                0xa0000134                MAINS_PER
                0xa0000138                BeepTicks
                0xa000013c                MAINS_PER_Q_US
                0xa0000140                MAINS_PER_H_US
                0xa0000144                C_PER
                0xa0000148                T_PER
                0xa000014c                TTemp
                0xa0000150                MAINS_PER_US
 .scommon       0xa0000154       0x65 build/PIC32_with_bootloader/production/isr.o
                0xa0000154                EEPCntR
                0xa0000156                EEPCntW
                0xa0000158                NoHeater
                0xa000015c                ISRStep
                0xa0000160                I2CIdle
                0xa0000164                ADCStep
                0xa0000168                KeepOff
                0xa000016c                CompLowTime
                0xa0000170                EEPAddrR
                0xa0000174                EEPDataW
                0xa0000178                I2CCCommand
                0xa000017c                VTIBuffCnt
                0xa0000180                CompLowTimeOff
                0xa0000184                ShortCircuit
                0xa0000188                I2CData
                0xa0000190                I2CCommands
                0xa0000194                ISRTicks
                0xa0000198                I2CStep
                0xa000019c                CJTicks
                0xa00001a0                OffDelayOff
                0xa00001a4                EEPDataR
                0xa00001a8                EEPAddrW
                0xa00001ac                ISRStopped
                0xa00001b0                NoSensor
                0xa00001b4                CompLowTimeOn
                0xa00001b8                PHEATER
 *fill*         0xa00001b9        0x3 
 .scommon       0xa00001bc        0x8 build/PIC32_with_bootloader/production/iron.o
                0xa00001bc                IronID
                0xa00001c0                IronTicks
 .scommon       0xa00001c4       0x14 build/PIC32_with_bootloader/production/PID.o
                0xa00001c4                CRTemp
                0xa00001c8                CTTemp
                0xa00001cc                CJTemp
                0xa00001d0                RTAvg
                0xa00001d4                PIDTicks
 .scommon       0xa00001d8        0x4 build/PIC32_with_bootloader/production/io.o
                0xa00001d8                BuffEmpty
 .scommon       0xa00001dc       0x10 build/PIC32_with_bootloader/production/menu.o
                0xa00001dc                OLEDTemp
                0xa00001e0                OLEDMsg1
                0xa00001e4                OLEDPower
                0xa00001e8                OLEDMsg2
 .scommon       0xa00001ec        0xc build/PIC32_with_bootloader/production/PIC32MX534F064H.o
                0xa00001ec                _MRT_LastCoreTimer
                0xa00001f0                mcuADCRES
                0xa00001f4                SPIAuto
                0xa00001f8                _sbss_end = .
                0xa00001f8                . = ALIGN (0x4)

.bss            0xa0000200     0x1448
 *(.dynbss)
 *(COMMON)
 COMMON         0xa0000200       0x5b build/PIC32_with_bootloader/production/usb/usb_device.o
                0xa0000200                BDT
                0xa0000240                inPipes
                0xa0000250                outPipes
 *fill*         0xa000025b        0x1 
 COMMON         0xa000025c       0x80 build/PIC32_with_bootloader/production/usb/usb_driver.o
                0xa000025c                USBRxBuffer
                0xa000029c                USBTxBuffer
 COMMON         0xa00002dc       0x11 build/PIC32_with_bootloader/production/main.o
                0xa00002dc                pars
 *fill*         0xa00002ed        0x3 
 COMMON         0xa00002f0      0xc24 build/PIC32_with_bootloader/production/isr.o
                0xa00002f0                TIBuff
                0xa00006f0                VBuff
                0xa0000af0                Buff2
                0xa0000cf0                ADCData
                0xa0000d14                Buff1
 COMMON         0xa0000f14       0xa4 build/PIC32_with_bootloader/production/iron.o
                0xa0000f14                IronPars
 COMMON         0xa0000fb8      0x290 build/PIC32_with_bootloader/production/PID.o
                0xa0000fb8                PIDVars
 COMMON         0xa0001248      0x400 build/PIC32_with_bootloader/production/OLED.o
                0xa0001248                OLEDBUFF
                0xa0001648                . = ALIGN ((. != 0x0)?0x4:0x1)
                0xa0001648                . = ALIGN (0x4)
                0xa0001648                _end = .
                0xa0001648                _bss_end = .
                0x00004000                _bmxdudba_address = 0x4000
                0x00004000                _bmxdupba_address = 0x4000

/DISCARD/
 *(.pdr)
 *(.rel.dyn)
 *(.note.GNU-stack)
 *(.note.GNU-stack)
 *(.gnu_debuglink)
 *(.gnu.lto_*)
 *(.discard)

.gptab.sdata
 *(.gptab.data)
 *(.gptab.sdata)

.gptab.sbss
 *(.gptab.bss)
 *(.gptab.sbss)

.mdebug.abi32   0xa0001648        0x0
 *(.mdebug.abi32)
 .mdebug.abi32  0xa0001648        0x0 build/PIC32_with_bootloader/production/usb/usb_descriptors.o
 .mdebug.abi32  0xa0001648        0x0 build/PIC32_with_bootloader/production/usb/usb_device.o
 .mdebug.abi32  0xa0001648        0x0 build/PIC32_with_bootloader/production/usb/usb_driver.o
 .mdebug.abi32  0xa0001648        0x0 build/PIC32_with_bootloader/production/usb/usb_function_hid.o
 .mdebug.abi32  0xa0001648        0x0 build/PIC32_with_bootloader/production/usb/usb_hal_pic24.o
 .mdebug.abi32  0xa0001648        0x0 build/PIC32_with_bootloader/production/main.o
 .mdebug.abi32  0xa0001648        0x0 build/PIC32_with_bootloader/production/isr.o
 .mdebug.abi32  0xa0001648        0x0 build/PIC32_with_bootloader/production/iron.o
 .mdebug.abi32  0xa0001648        0x0 build/PIC32_with_bootloader/production/PID.o
 .mdebug.abi32  0xa0001648        0x0 build/PIC32_with_bootloader/production/io.o
 .mdebug.abi32  0xa0001648        0x0 build/PIC32_with_bootloader/production/menu.o
 .mdebug.abi32  0xa0001648        0x0 build/PIC32_with_bootloader/production/PIC32MX534F064H.o
 .mdebug.abi32  0xa0001648        0x0 build/PIC32_with_bootloader/production/EEP.o
 .mdebug.abi32  0xa0001648        0x0 build/PIC32_with_bootloader/production/OLED.o
 .mdebug.abi32  0xa0001648        0x0 build/PIC32_with_bootloader/production/pars.o
 .mdebug.abi32  0xa0001648        0x0 build/PIC32_with_bootloader/production/sensorMath.o
 .mdebug.abi32  0xa0001648        0x0 f:/program files/microchip/xc32/v2.50/bin/bin/../../lib/gcc/pic32mx/4.8.3/../../../../pic32mx/lib/size/mips16\libmchp_peripheral.a(open_core_timer_lib.o)
 .mdebug.abi32  0xa0001648        0x0 f:/program files/microchip/xc32/v2.50/bin/bin/../../lib/gcc/pic32mx/4.8.3/../../../../pic32mx/lib/size/mips16\libmchp_peripheral.a(read_core_timer_lib.o)
 .mdebug.abi32  0xa0001648        0x0 f:/program files/microchip/xc32/v2.50/bin/bin/../../lib/gcc/pic32mx/4.8.3/../../../../pic32mx/lib/size/mips16\libmchp_peripheral_32MX534F064H.a(soft_reset_lib.o)
 .mdebug.abi32  0xa0001648        0x0 f:/program files/microchip/xc32/v2.50/bin/bin/../../lib/gcc/pic32mx/4.8.3/../../../../pic32mx/lib/size/mips16\libmchp_peripheral_32MX534F064H.a(int_enable_interrupts_lib.o)
 .mdebug.abi32  0xa0001648        0x0 f:/program files/microchip/xc32/v2.50/bin/bin/../../lib/gcc/pic32mx/4.8.3/../../../../pic32mx/lib/size/mips16\libmchp_peripheral_32MX534F064H.a(int_disable_interrupts_lib.o)
 .mdebug.abi32  0xa0001648        0x0 f:/program files/microchip/xc32/v2.50/bin/bin/../../lib/gcc/pic32mx/4.8.3/../../../../pic32mx/lib/size/mips16\libmchp_peripheral_32MX534F064H.a(int_restore_interrupts_lib.o)
 .mdebug.abi32  0xa0001648        0x0 f:/program files/microchip/xc32/v2.50/bin/bin/../../lib/gcc/pic32mx/4.8.3/../../../../pic32mx/lib/size/mips16\libmchp_peripheral_32MX534F064H.a(int_enable_mv_int_lib.o)
 .mdebug.abi32  0xa0001648        0x0 f:/program files/microchip/xc32/v2.50/bin/bin/../../lib/gcc/pic32mx/4.8.3/../../../../pic32mx/lib/size/mips16\libmchp_peripheral_32MX534F064H.a(int_tbl_lib.o)
 .mdebug.abi32  0xa0001648        0x0 f:/program files/microchip/xc32/v2.50/bin/bin/../../lib/gcc/pic32mx/4.8.3/../../../../pic32mx/lib/size/mips16\libmchp_peripheral_32MX534F064H.a(spi_chn_close_lib.o)
 .mdebug.abi32  0xa0001648        0x0 f:/program files/microchip/xc32/v2.50/bin/bin/../../lib/gcc/pic32mx/4.8.3/../../../../pic32mx/lib/size/mips16\libmchp_peripheral_32MX534F064H.a(spi_chn_open_lib.o)
 .mdebug.abi32  0xa0001648        0x0 f:/program files/microchip/xc32/v2.50/bin/bin/../../lib/gcc/pic32mx/4.8.3/../../../../pic32mx/lib/size/mips16\libmchp_peripheral_32MX534F064H.a(spi_chn_putc_lib.o)
 .mdebug.abi32  0xa0001648        0x0 f:/program files/microchip/xc32/v2.50/bin/bin/../../lib/gcc/pic32mx/4.8.3/../../../../pic32mx/lib/size/mips16\libmchp_peripheral_32MX534F064H.a(spi_chn_puts_lib.o)
 .mdebug.abi32  0xa0001648        0x0 f:/program files/microchip/xc32/v2.50/bin/bin/../../lib/gcc/pic32mx/4.8.3/../../../../pic32mx/lib/size/mips16\libmchp_peripheral_32MX534F064H.a(spi_chn_is_busy_lib.o)
 .mdebug.abi32  0xa0001648        0x0 f:/program files/microchip/xc32/v2.50/bin/bin/../../lib/gcc/pic32mx/4.8.3/../../../../pic32mx/lib/size/mips16\libmchp_peripheral_32MX534F064H.a(spi_io_tbl_libp.o)
 .mdebug.abi32  0xa0001648        0x0 f:/program files/microchip/xc32/v2.50/bin/bin/../../lib/gcc/pic32mx/4.8.3/../../../../pic32mx/lib/size/mips16\libmchp_peripheral_32MX534F064H.a(spi_map_tbl_libp.o)
 .mdebug.abi32  0xa0001648        0x0 f:/program files/microchip/xc32/v2.50/bin/bin/../../lib/gcc/pic32mx/4.8.3/../../../../pic32mx/lib/size/mips16\libmchp_peripheral_32MX534F064H.a(dma_chn_abort_txfer_lib.o)
 .mdebug.abi32  0xa0001648        0x0 f:/program files/microchip/xc32/v2.50/bin/bin/../../lib/gcc/pic32mx/4.8.3/../../../../pic32mx/lib/size/mips16\libmchp_peripheral_32MX534F064H.a(dma_chn_open_lib.o)
 .mdebug.abi32  0xa0001648        0x0 f:/program files/microchip/xc32/v2.50/bin/bin/../../lib/gcc/pic32mx/4.8.3/../../../../pic32mx/lib/size/mips16\libmchp_peripheral_32MX534F064H.a(dma_chn_disable_lib.o)
 .mdebug.abi32  0xa0001648        0x0 f:/program files/microchip/xc32/v2.50/bin/bin/../../lib/gcc/pic32mx/4.8.3/../../../../pic32mx/lib/size/mips16\libmchp_peripheral_32MX534F064H.a(dma_chn_enable_lib.o)
 .mdebug.abi32  0xa0001648        0x0 f:/program files/microchip/xc32/v2.50/bin/bin/../../lib/gcc/pic32mx/4.8.3/../../../../pic32mx/lib/size/mips16\libmchp_peripheral_32MX534F064H.a(dma_chn_get_dst_pnt_lib.o)
 .mdebug.abi32  0xa0001648        0x0 f:/program files/microchip/xc32/v2.50/bin/bin/../../lib/gcc/pic32mx/4.8.3/../../../../pic32mx/lib/size/mips16\libmchp_peripheral_32MX534F064H.a(dma_chn_write_event_control_flags_lib.o)
 .mdebug.abi32  0xa0001648        0x0 f:/program files/microchip/xc32/v2.50/bin/bin/../../lib/gcc/pic32mx/4.8.3/../../../../pic32mx/lib/size/mips16\libmchp_peripheral_32MX534F064H.a(dma_chn_set_txfer_lib.o)
 .mdebug.abi32  0xa0001648        0x0 f:/program files/microchip/xc32/v2.50/bin/bin/../../lib/gcc/pic32mx/4.8.3/../../../../pic32mx/lib/size/mips16\libmchp_peripheral_32MX534F064H.a(dma_chn_write_ev_enable_flags_lib.o)
 .mdebug.abi32  0xa0001648        0x0 f:/program files/microchip/xc32/v2.50/bin/bin/../../lib/gcc/pic32mx/4.8.3/../../../../pic32mx/lib/size/mips16\libmchp_peripheral_32MX534F064H.a(dma_reg_map_tbl_lib.o)
 .mdebug.abi32  0xa0001648        0x0 f:/program files/microchip/xc32/v2.50/bin/bin/../../lib/gcc/pic32mx/4.8.3/../../../../pic32mx/lib/size/mips16\libmchp_peripheral_32MX534F064H.a(port_reset_pins_lib.o)
 .mdebug.abi32  0xa0001648        0x0 f:/program files/microchip/xc32/v2.50/bin/bin/../../lib/gcc/pic32mx/4.8.3/../../../../pic32mx/lib/size/mips16\libmchp_peripheral_32MX534F064H.a(port_set_pins_digital_in_lib.o)
 .mdebug.abi32  0xa0001648        0x0 f:/program files/microchip/xc32/v2.50/bin/bin/../../lib/gcc/pic32mx/4.8.3/../../../../pic32mx/lib/size/mips16\libmchp_peripheral_32MX534F064H.a(port_set_pins_digital_out_lib.o)
 .mdebug.abi32  0xa0001648        0x0 f:/program files/microchip/xc32/v2.50/bin/bin/../../lib/gcc/pic32mx/4.8.3/../../../../pic32mx/lib/size/mips16\libmchp_peripheral_32MX534F064H.a(_ports_tbl_libp.o)
 .mdebug.abi32  0xa0001648        0x0 f:/program files/microchip/xc32/v2.50/bin/bin/../../lib/gcc/pic32mx/4.8.3/../../../../pic32mx/lib/size/mips16\libmchp_peripheral_32MX534F064H.a(I2CAcknowledgeByte.o)
 .mdebug.abi32  0xa0001648        0x0 f:/program files/microchip/xc32/v2.50/bin/bin/../../lib/gcc/pic32mx/4.8.3/../../../../pic32mx/lib/size/mips16\libmchp_peripheral_32MX534F064H.a(I2CByteWasAcknowledged.o)
 .mdebug.abi32  0xa0001648        0x0 f:/program files/microchip/xc32/v2.50/bin/bin/../../lib/gcc/pic32mx/4.8.3/../../../../pic32mx/lib/size/mips16\libmchp_peripheral_32MX534F064H.a(I2CEnable.o)
 .mdebug.abi32  0xa0001648        0x0 f:/program files/microchip/xc32/v2.50/bin/bin/../../lib/gcc/pic32mx/4.8.3/../../../../pic32mx/lib/size/mips16\libmchp_peripheral_32MX534F064H.a(I2CGetByte.o)
 .mdebug.abi32  0xa0001648        0x0 f:/program files/microchip/xc32/v2.50/bin/bin/../../lib/gcc/pic32mx/4.8.3/../../../../pic32mx/lib/size/mips16\libmchp_peripheral_32MX534F064H.a(I2CReceiverEnable.o)
 .mdebug.abi32  0xa0001648        0x0 f:/program files/microchip/xc32/v2.50/bin/bin/../../lib/gcc/pic32mx/4.8.3/../../../../pic32mx/lib/size/mips16\libmchp_peripheral_32MX534F064H.a(I2CSendByte.o)
 .mdebug.abi32  0xa0001648        0x0 f:/program files/microchip/xc32/v2.50/bin/bin/../../lib/gcc/pic32mx/4.8.3/../../../../pic32mx/lib/size/mips16\libmchp_peripheral_32MX534F064H.a(I2CSetFrequency.o)
 .mdebug.abi32  0xa0001648        0x0 f:/program files/microchip/xc32/v2.50/bin/bin/../../lib/gcc/pic32mx/4.8.3/../../../../pic32mx/lib/size/mips16\libmchp_peripheral_32MX534F064H.a(I2CStart.o)
 .mdebug.abi32  0xa0001648        0x0 f:/program files/microchip/xc32/v2.50/bin/bin/../../lib/gcc/pic32mx/4.8.3/../../../../pic32mx/lib/size/mips16\libmchp_peripheral_32MX534F064H.a(I2CStop.o)
 .mdebug.abi32  0xa0001648        0x0 f:/program files/microchip/xc32/v2.50/bin/bin/../../lib/gcc/pic32mx/4.8.3/../../../../pic32mx/lib/size/mips16\libmchp_peripheral_32MX534F064H.a(I2CPrivate.o)
 .mdebug.abi32  0xa0001648        0x0 f:/program files/microchip/xc32/v2.50/bin/bin/../../lib/gcc/pic32mx/4.8.3/../../../../pic32mx/lib/size/mips16\libpic32.a(default-bootstrap-exception-handler.o)
 .mdebug.abi32  0xa0001648        0x0 f:/program files/microchip/xc32/v2.50/bin/bin/../../lib/gcc/pic32mx/4.8.3/../../../../pic32mx/lib/size/mips16\libpic32.a(default-on-reset.o)
 .mdebug.abi32  0xa0001648        0x0 f:/program files/microchip/xc32/v2.50/bin/bin/../../lib/gcc/pic32mx/4.8.3/../../../../pic32mx/lib/size/mips16\libpic32.a(default-on-bootstrap.o)
 .mdebug.abi32  0xa0001648        0x0 f:/program files/microchip/xc32/v2.50/bin/bin/../../lib/gcc/pic32mx/4.8.3/../../../../pic32mx/lib/size/mips16\libpic32.a(default-general-exception-handler.o)
 .mdebug.abi32  0xa0001648        0x0 f:/program files/microchip/xc32/v2.50/bin/bin/../../lib/gcc/pic32mx/4.8.3/../../../../pic32mx/lib/size/mips16\libpic32.a(defaultinterrupt.o)

.mdebug.abiN32
 *(.mdebug.abiN32)

.mdebug.abi64
 *(.mdebug.abi64)

.mdebug.abiO64
 *(.mdebug.abiO64)

.mdebug.eabi32
 *(.mdebug.eabi32)

.mdebug.eabi64
 *(.mdebug.eabi64)

.gcc_compiled_long32
 *(.gcc_compiled_long32)

.gcc_compiled_long64
 *(.gcc_compiled_long64)

.stab
 *(.stab)

.stabstr
 *(.stabstr)

.stab.excl
 *(.stab.excl)

.stab.exclstr
 *(.stab.exclstr)

.stab.index
 *(.stab.index)

.stab.indexstr
 *(.stab.indexstr)

.comment        0x00000000       0x90
 *(.comment)
 .comment       0x00000000       0x3c build/PIC32_with_bootloader/production/usb/usb_descriptors.o
                                 0x3d (size before relaxing)
 .comment       0x00000000       0x3d build/PIC32_with_bootloader/production/usb/usb_device.o
 .comment       0x00000000       0x3d build/PIC32_with_bootloader/production/usb/usb_driver.o
 .comment       0x00000000       0x3d build/PIC32_with_bootloader/production/usb/usb_function_hid.o
 .comment       0x00000000       0x3d build/PIC32_with_bootloader/production/usb/usb_hal_pic24.o
 .comment       0x00000000       0x3d build/PIC32_with_bootloader/production/main.o
 .comment       0x00000000       0x3d build/PIC32_with_bootloader/production/isr.o
 .comment       0x00000000       0x3d build/PIC32_with_bootloader/production/iron.o
 .comment       0x00000000       0x3d build/PIC32_with_bootloader/production/PID.o
 .comment       0x00000000       0x3d build/PIC32_with_bootloader/production/io.o
 .comment       0x00000000       0x3d build/PIC32_with_bootloader/production/menu.o
 .comment       0x00000000       0x3d build/PIC32_with_bootloader/production/PIC32MX534F064H.o
 .comment       0x00000000       0x3d build/PIC32_with_bootloader/production/EEP.o
 .comment       0x00000000       0x3d build/PIC32_with_bootloader/production/OLED.o
 .comment       0x00000000       0x3d build/PIC32_with_bootloader/production/pars.o
 .comment       0x00000000       0x3d build/PIC32_with_bootloader/production/sensorMath.o
 .comment       0x0000003c       0x3c f:/program files/microchip/xc32/v2.50/bin/bin/../../lib/gcc/pic32mx/4.8.3/../../../../pic32mx/lib/size/mips16\libmchp_peripheral.a(open_core_timer_lib.o)
                                 0x3d (size before relaxing)
 .comment       0x00000000       0x3d f:/program files/microchip/xc32/v2.50/bin/bin/../../lib/gcc/pic32mx/4.8.3/../../../../pic32mx/lib/size/mips16\libmchp_peripheral.a(read_core_timer_lib.o)
 .comment       0x00000000       0x3d f:/program files/microchip/xc32/v2.50/bin/bin/../../lib/gcc/pic32mx/4.8.3/../../../../pic32mx/lib/size/mips16\libmchp_peripheral_32MX534F064H.a(soft_reset_lib.o)
 .comment       0x00000000       0x3d f:/program files/microchip/xc32/v2.50/bin/bin/../../lib/gcc/pic32mx/4.8.3/../../../../pic32mx/lib/size/mips16\libmchp_peripheral_32MX534F064H.a(int_enable_interrupts_lib.o)
 .comment       0x00000000       0x3d f:/program files/microchip/xc32/v2.50/bin/bin/../../lib/gcc/pic32mx/4.8.3/../../../../pic32mx/lib/size/mips16\libmchp_peripheral_32MX534F064H.a(int_disable_interrupts_lib.o)
 .comment       0x00000000       0x3d f:/program files/microchip/xc32/v2.50/bin/bin/../../lib/gcc/pic32mx/4.8.3/../../../../pic32mx/lib/size/mips16\libmchp_peripheral_32MX534F064H.a(int_restore_interrupts_lib.o)
 .comment       0x00000000       0x3d f:/program files/microchip/xc32/v2.50/bin/bin/../../lib/gcc/pic32mx/4.8.3/../../../../pic32mx/lib/size/mips16\libmchp_peripheral_32MX534F064H.a(int_enable_mv_int_lib.o)
 .comment       0x00000000       0x3d f:/program files/microchip/xc32/v2.50/bin/bin/../../lib/gcc/pic32mx/4.8.3/../../../../pic32mx/lib/size/mips16\libmchp_peripheral_32MX534F064H.a(int_tbl_lib.o)
 .comment       0x00000000       0x3d f:/program files/microchip/xc32/v2.50/bin/bin/../../lib/gcc/pic32mx/4.8.3/../../../../pic32mx/lib/size/mips16\libmchp_peripheral_32MX534F064H.a(spi_chn_close_lib.o)
 .comment       0x00000000       0x3d f:/program files/microchip/xc32/v2.50/bin/bin/../../lib/gcc/pic32mx/4.8.3/../../../../pic32mx/lib/size/mips16\libmchp_peripheral_32MX534F064H.a(spi_chn_open_lib.o)
 .comment       0x00000000       0x3d f:/program files/microchip/xc32/v2.50/bin/bin/../../lib/gcc/pic32mx/4.8.3/../../../../pic32mx/lib/size/mips16\libmchp_peripheral_32MX534F064H.a(spi_chn_putc_lib.o)
 .comment       0x00000000       0x3d f:/program files/microchip/xc32/v2.50/bin/bin/../../lib/gcc/pic32mx/4.8.3/../../../../pic32mx/lib/size/mips16\libmchp_peripheral_32MX534F064H.a(spi_chn_puts_lib.o)
 .comment       0x00000000       0x3d f:/program files/microchip/xc32/v2.50/bin/bin/../../lib/gcc/pic32mx/4.8.3/../../../../pic32mx/lib/size/mips16\libmchp_peripheral_32MX534F064H.a(spi_chn_is_busy_lib.o)
 .comment       0x00000000       0x3d f:/program files/microchip/xc32/v2.50/bin/bin/../../lib/gcc/pic32mx/4.8.3/../../../../pic32mx/lib/size/mips16\libmchp_peripheral_32MX534F064H.a(spi_io_tbl_libp.o)
 .comment       0x00000000       0x3d f:/program files/microchip/xc32/v2.50/bin/bin/../../lib/gcc/pic32mx/4.8.3/../../../../pic32mx/lib/size/mips16\libmchp_peripheral_32MX534F064H.a(spi_map_tbl_libp.o)
 .comment       0x00000000       0x3d f:/program files/microchip/xc32/v2.50/bin/bin/../../lib/gcc/pic32mx/4.8.3/../../../../pic32mx/lib/size/mips16\libmchp_peripheral_32MX534F064H.a(dma_chn_abort_txfer_lib.o)
 .comment       0x00000000       0x3d f:/program files/microchip/xc32/v2.50/bin/bin/../../lib/gcc/pic32mx/4.8.3/../../../../pic32mx/lib/size/mips16\libmchp_peripheral_32MX534F064H.a(dma_chn_open_lib.o)
 .comment       0x00000000       0x3d f:/program files/microchip/xc32/v2.50/bin/bin/../../lib/gcc/pic32mx/4.8.3/../../../../pic32mx/lib/size/mips16\libmchp_peripheral_32MX534F064H.a(dma_chn_disable_lib.o)
 .comment       0x00000000       0x3d f:/program files/microchip/xc32/v2.50/bin/bin/../../lib/gcc/pic32mx/4.8.3/../../../../pic32mx/lib/size/mips16\libmchp_peripheral_32MX534F064H.a(dma_chn_enable_lib.o)
 .comment       0x00000000       0x3d f:/program files/microchip/xc32/v2.50/bin/bin/../../lib/gcc/pic32mx/4.8.3/../../../../pic32mx/lib/size/mips16\libmchp_peripheral_32MX534F064H.a(dma_chn_get_dst_pnt_lib.o)
 .comment       0x00000000       0x3d f:/program files/microchip/xc32/v2.50/bin/bin/../../lib/gcc/pic32mx/4.8.3/../../../../pic32mx/lib/size/mips16\libmchp_peripheral_32MX534F064H.a(dma_chn_write_event_control_flags_lib.o)
 .comment       0x00000000       0x3d f:/program files/microchip/xc32/v2.50/bin/bin/../../lib/gcc/pic32mx/4.8.3/../../../../pic32mx/lib/size/mips16\libmchp_peripheral_32MX534F064H.a(dma_chn_set_txfer_lib.o)
 .comment       0x00000000       0x3d f:/program files/microchip/xc32/v2.50/bin/bin/../../lib/gcc/pic32mx/4.8.3/../../../../pic32mx/lib/size/mips16\libmchp_peripheral_32MX534F064H.a(dma_chn_write_ev_enable_flags_lib.o)
 .comment       0x00000000       0x3d f:/program files/microchip/xc32/v2.50/bin/bin/../../lib/gcc/pic32mx/4.8.3/../../../../pic32mx/lib/size/mips16\libmchp_peripheral_32MX534F064H.a(dma_reg_map_tbl_lib.o)
 .comment       0x00000000       0x3d f:/program files/microchip/xc32/v2.50/bin/bin/../../lib/gcc/pic32mx/4.8.3/../../../../pic32mx/lib/size/mips16\libmchp_peripheral_32MX534F064H.a(port_reset_pins_lib.o)
 .comment       0x00000000       0x3d f:/program files/microchip/xc32/v2.50/bin/bin/../../lib/gcc/pic32mx/4.8.3/../../../../pic32mx/lib/size/mips16\libmchp_peripheral_32MX534F064H.a(port_set_pins_digital_in_lib.o)
 .comment       0x00000000       0x3d f:/program files/microchip/xc32/v2.50/bin/bin/../../lib/gcc/pic32mx/4.8.3/../../../../pic32mx/lib/size/mips16\libmchp_peripheral_32MX534F064H.a(port_set_pins_digital_out_lib.o)
 .comment       0x00000000       0x3d f:/program files/microchip/xc32/v2.50/bin/bin/../../lib/gcc/pic32mx/4.8.3/../../../../pic32mx/lib/size/mips16\libmchp_peripheral_32MX534F064H.a(_ports_tbl_libp.o)
 .comment       0x00000000       0x3d f:/program files/microchip/xc32/v2.50/bin/bin/../../lib/gcc/pic32mx/4.8.3/../../../../pic32mx/lib/size/mips16\libmchp_peripheral_32MX534F064H.a(I2CAcknowledgeByte.o)
 .comment       0x00000000       0x3d f:/program files/microchip/xc32/v2.50/bin/bin/../../lib/gcc/pic32mx/4.8.3/../../../../pic32mx/lib/size/mips16\libmchp_peripheral_32MX534F064H.a(I2CByteWasAcknowledged.o)
 .comment       0x00000000       0x3d f:/program files/microchip/xc32/v2.50/bin/bin/../../lib/gcc/pic32mx/4.8.3/../../../../pic32mx/lib/size/mips16\libmchp_peripheral_32MX534F064H.a(I2CEnable.o)
 .comment       0x00000000       0x3d f:/program files/microchip/xc32/v2.50/bin/bin/../../lib/gcc/pic32mx/4.8.3/../../../../pic32mx/lib/size/mips16\libmchp_peripheral_32MX534F064H.a(I2CGetByte.o)
 .comment       0x00000000       0x3d f:/program files/microchip/xc32/v2.50/bin/bin/../../lib/gcc/pic32mx/4.8.3/../../../../pic32mx/lib/size/mips16\libmchp_peripheral_32MX534F064H.a(I2CReceiverEnable.o)
 .comment       0x00000000       0x3d f:/program files/microchip/xc32/v2.50/bin/bin/../../lib/gcc/pic32mx/4.8.3/../../../../pic32mx/lib/size/mips16\libmchp_peripheral_32MX534F064H.a(I2CSendByte.o)
 .comment       0x00000000       0x3d f:/program files/microchip/xc32/v2.50/bin/bin/../../lib/gcc/pic32mx/4.8.3/../../../../pic32mx/lib/size/mips16\libmchp_peripheral_32MX534F064H.a(I2CSetFrequency.o)
 .comment       0x00000000       0x3d f:/program files/microchip/xc32/v2.50/bin/bin/../../lib/gcc/pic32mx/4.8.3/../../../../pic32mx/lib/size/mips16\libmchp_peripheral_32MX534F064H.a(I2CStart.o)
 .comment       0x00000000       0x3d f:/program files/microchip/xc32/v2.50/bin/bin/../../lib/gcc/pic32mx/4.8.3/../../../../pic32mx/lib/size/mips16\libmchp_peripheral_32MX534F064H.a(I2CStop.o)
 .comment       0x00000000       0x3d f:/program files/microchip/xc32/v2.50/bin/bin/../../lib/gcc/pic32mx/4.8.3/../../../../pic32mx/lib/size/mips16\libmchp_peripheral_32MX534F064H.a(I2CPrivate.o)
 .comment       0x00000078       0x18 f:/program files/microchip/xc32/v2.50/bin/bin/../../lib/gcc/pic32mx/4.8.3/../../../../pic32mx/lib/size/mips16\libpic32.a(memset.o)
                                 0x19 (size before relaxing)
 .comment       0x00000000       0x3d f:/program files/microchip/xc32/v2.50/bin/bin/../../lib/gcc/pic32mx/4.8.3/../../../../pic32mx/lib/size/mips16\libpic32.a(default-bootstrap-exception-handler.o)
 .comment       0x00000000       0x3d f:/program files/microchip/xc32/v2.50/bin/bin/../../lib/gcc/pic32mx/4.8.3/../../../../pic32mx/lib/size/mips16\libpic32.a(default-on-reset.o)
 .comment       0x00000000       0x3d f:/program files/microchip/xc32/v2.50/bin/bin/../../lib/gcc/pic32mx/4.8.3/../../../../pic32mx/lib/size/mips16\libpic32.a(default-on-bootstrap.o)
 .comment       0x00000000       0x3d f:/program files/microchip/xc32/v2.50/bin/bin/../../lib/gcc/pic32mx/4.8.3/../../../../pic32mx/lib/size/mips16\libpic32.a(default-general-exception-handler.o)
 .comment       0x00000000       0x3d f:/program files/microchip/xc32/v2.50/bin/bin/../../lib/gcc/pic32mx/4.8.3/../../../../pic32mx/lib/size/mips16\libpic32.a(defaultinterrupt.o)

.debug
 *(.debug)

.line
 *(.line)

.debug_srcinfo
 *(.debug_srcinfo)

.debug_sfnames
 *(.debug_sfnames)

.debug_aranges  0x00000000      0x968
 *(.debug_aranges)
 .debug_aranges
                0x00000000       0x18 build/PIC32_with_bootloader/production/usb/usb_descriptors.o
 .debug_aranges
                0x00000018       0x60 build/PIC32_with_bootloader/production/usb/usb_device.o
 .debug_aranges
                0x00000078       0x68 build/PIC32_with_bootloader/production/usb/usb_driver.o
 .debug_aranges
                0x000000e0       0x20 build/PIC32_with_bootloader/production/usb/usb_function_hid.o
 .debug_aranges
                0x00000100       0x18 build/PIC32_with_bootloader/production/usb/usb_hal_pic24.o
 .debug_aranges
                0x00000118       0x30 build/PIC32_with_bootloader/production/main.o
 .debug_aranges
                0x00000148       0x50 build/PIC32_with_bootloader/production/isr.o
 .debug_aranges
                0x00000198       0x30 build/PIC32_with_bootloader/production/iron.o
 .debug_aranges
                0x000001c8       0x30 build/PIC32_with_bootloader/production/PID.o
 .debug_aranges
                0x000001f8       0x30 build/PIC32_with_bootloader/production/io.o
 .debug_aranges
                0x00000228       0x30 build/PIC32_with_bootloader/production/menu.o
 .debug_aranges
                0x00000258       0xe0 build/PIC32_with_bootloader/production/PIC32MX534F064H.o
 .debug_aranges
                0x00000338       0x30 build/PIC32_with_bootloader/production/EEP.o
 .debug_aranges
                0x00000368       0x88 build/PIC32_with_bootloader/production/OLED.o
 .debug_aranges
                0x000003f0       0x40 build/PIC32_with_bootloader/production/pars.o
 .debug_aranges
                0x00000430       0x20 build/PIC32_with_bootloader/production/sensorMath.o
 .debug_aranges
                0x00000450       0x20 f:/program files/microchip/xc32/v2.50/bin/bin/../../lib/gcc/pic32mx/4.8.3/../../../../pic32mx/lib/size/mips16\libmchp_peripheral.a(open_core_timer_lib.o)
 .debug_aranges
                0x00000470       0x20 f:/program files/microchip/xc32/v2.50/bin/bin/../../lib/gcc/pic32mx/4.8.3/../../../../pic32mx/lib/size/mips16\libmchp_peripheral.a(read_core_timer_lib.o)
 .debug_aranges
                0x00000490       0x20 f:/program files/microchip/xc32/v2.50/bin/bin/../../lib/gcc/pic32mx/4.8.3/../../../../pic32mx/lib/size/mips16\libmchp_peripheral_32MX534F064H.a(soft_reset_lib.o)
 .debug_aranges
                0x000004b0       0x20 f:/program files/microchip/xc32/v2.50/bin/bin/../../lib/gcc/pic32mx/4.8.3/../../../../pic32mx/lib/size/mips16\libmchp_peripheral_32MX534F064H.a(int_enable_interrupts_lib.o)
 .debug_aranges
                0x000004d0       0x20 f:/program files/microchip/xc32/v2.50/bin/bin/../../lib/gcc/pic32mx/4.8.3/../../../../pic32mx/lib/size/mips16\libmchp_peripheral_32MX534F064H.a(int_disable_interrupts_lib.o)
 .debug_aranges
                0x000004f0       0x20 f:/program files/microchip/xc32/v2.50/bin/bin/../../lib/gcc/pic32mx/4.8.3/../../../../pic32mx/lib/size/mips16\libmchp_peripheral_32MX534F064H.a(int_restore_interrupts_lib.o)
 .debug_aranges
                0x00000510       0x20 f:/program files/microchip/xc32/v2.50/bin/bin/../../lib/gcc/pic32mx/4.8.3/../../../../pic32mx/lib/size/mips16\libmchp_peripheral_32MX534F064H.a(int_enable_mv_int_lib.o)
 .debug_aranges
                0x00000530       0x60 f:/program files/microchip/xc32/v2.50/bin/bin/../../lib/gcc/pic32mx/4.8.3/../../../../pic32mx/lib/size/mips16\libmchp_peripheral_32MX534F064H.a(int_tbl_lib.o)
 .debug_aranges
                0x00000590       0x20 f:/program files/microchip/xc32/v2.50/bin/bin/../../lib/gcc/pic32mx/4.8.3/../../../../pic32mx/lib/size/mips16\libmchp_peripheral_32MX534F064H.a(spi_chn_close_lib.o)
 .debug_aranges
                0x000005b0       0x20 f:/program files/microchip/xc32/v2.50/bin/bin/../../lib/gcc/pic32mx/4.8.3/../../../../pic32mx/lib/size/mips16\libmchp_peripheral_32MX534F064H.a(spi_chn_open_lib.o)
 .debug_aranges
                0x000005d0       0x30 f:/program files/microchip/xc32/v2.50/bin/bin/../../lib/gcc/pic32mx/4.8.3/../../../../pic32mx/lib/size/mips16\libmchp_peripheral_32MX534F064H.a(spi_chn_putc_lib.o)
 .debug_aranges
                0x00000600       0x20 f:/program files/microchip/xc32/v2.50/bin/bin/../../lib/gcc/pic32mx/4.8.3/../../../../pic32mx/lib/size/mips16\libmchp_peripheral_32MX534F064H.a(spi_chn_puts_lib.o)
 .debug_aranges
                0x00000620       0x28 f:/program files/microchip/xc32/v2.50/bin/bin/../../lib/gcc/pic32mx/4.8.3/../../../../pic32mx/lib/size/mips16\libmchp_peripheral_32MX534F064H.a(spi_chn_is_busy_lib.o)
 .debug_aranges
                0x00000648       0x20 f:/program files/microchip/xc32/v2.50/bin/bin/../../lib/gcc/pic32mx/4.8.3/../../../../pic32mx/lib/size/mips16\libmchp_peripheral_32MX534F064H.a(dma_chn_abort_txfer_lib.o)
 .debug_aranges
                0x00000668       0x20 f:/program files/microchip/xc32/v2.50/bin/bin/../../lib/gcc/pic32mx/4.8.3/../../../../pic32mx/lib/size/mips16\libmchp_peripheral_32MX534F064H.a(dma_chn_open_lib.o)
 .debug_aranges
                0x00000688       0x20 f:/program files/microchip/xc32/v2.50/bin/bin/../../lib/gcc/pic32mx/4.8.3/../../../../pic32mx/lib/size/mips16\libmchp_peripheral_32MX534F064H.a(dma_chn_disable_lib.o)
 .debug_aranges
                0x000006a8       0x20 f:/program files/microchip/xc32/v2.50/bin/bin/../../lib/gcc/pic32mx/4.8.3/../../../../pic32mx/lib/size/mips16\libmchp_peripheral_32MX534F064H.a(dma_chn_enable_lib.o)
 .debug_aranges
                0x000006c8       0x20 f:/program files/microchip/xc32/v2.50/bin/bin/../../lib/gcc/pic32mx/4.8.3/../../../../pic32mx/lib/size/mips16\libmchp_peripheral_32MX534F064H.a(dma_chn_get_dst_pnt_lib.o)
 .debug_aranges
                0x000006e8       0x20 f:/program files/microchip/xc32/v2.50/bin/bin/../../lib/gcc/pic32mx/4.8.3/../../../../pic32mx/lib/size/mips16\libmchp_peripheral_32MX534F064H.a(dma_chn_write_event_control_flags_lib.o)
 .debug_aranges
                0x00000708       0x20 f:/program files/microchip/xc32/v2.50/bin/bin/../../lib/gcc/pic32mx/4.8.3/../../../../pic32mx/lib/size/mips16\libmchp_peripheral_32MX534F064H.a(dma_chn_set_txfer_lib.o)
 .debug_aranges
                0x00000728       0x20 f:/program files/microchip/xc32/v2.50/bin/bin/../../lib/gcc/pic32mx/4.8.3/../../../../pic32mx/lib/size/mips16\libmchp_peripheral_32MX534F064H.a(dma_chn_write_ev_enable_flags_lib.o)
 .debug_aranges
                0x00000748       0x20 f:/program files/microchip/xc32/v2.50/bin/bin/../../lib/gcc/pic32mx/4.8.3/../../../../pic32mx/lib/size/mips16\libmchp_peripheral_32MX534F064H.a(port_reset_pins_lib.o)
 .debug_aranges
                0x00000768       0x20 f:/program files/microchip/xc32/v2.50/bin/bin/../../lib/gcc/pic32mx/4.8.3/../../../../pic32mx/lib/size/mips16\libmchp_peripheral_32MX534F064H.a(port_set_pins_digital_in_lib.o)
 .debug_aranges
                0x00000788       0x20 f:/program files/microchip/xc32/v2.50/bin/bin/../../lib/gcc/pic32mx/4.8.3/../../../../pic32mx/lib/size/mips16\libmchp_peripheral_32MX534F064H.a(port_set_pins_digital_out_lib.o)
 .debug_aranges
                0x000007a8       0x20 f:/program files/microchip/xc32/v2.50/bin/bin/../../lib/gcc/pic32mx/4.8.3/../../../../pic32mx/lib/size/mips16\libmchp_peripheral_32MX534F064H.a(I2CAcknowledgeByte.o)
 .debug_aranges
                0x000007c8       0x20 f:/program files/microchip/xc32/v2.50/bin/bin/../../lib/gcc/pic32mx/4.8.3/../../../../pic32mx/lib/size/mips16\libmchp_peripheral_32MX534F064H.a(I2CByteWasAcknowledged.o)
 .debug_aranges
                0x000007e8       0x20 f:/program files/microchip/xc32/v2.50/bin/bin/../../lib/gcc/pic32mx/4.8.3/../../../../pic32mx/lib/size/mips16\libmchp_peripheral_32MX534F064H.a(I2CEnable.o)
 .debug_aranges
                0x00000808       0x20 f:/program files/microchip/xc32/v2.50/bin/bin/../../lib/gcc/pic32mx/4.8.3/../../../../pic32mx/lib/size/mips16\libmchp_peripheral_32MX534F064H.a(I2CGetByte.o)
 .debug_aranges
                0x00000828       0x20 f:/program files/microchip/xc32/v2.50/bin/bin/../../lib/gcc/pic32mx/4.8.3/../../../../pic32mx/lib/size/mips16\libmchp_peripheral_32MX534F064H.a(I2CReceiverEnable.o)
 .debug_aranges
                0x00000848       0x20 f:/program files/microchip/xc32/v2.50/bin/bin/../../lib/gcc/pic32mx/4.8.3/../../../../pic32mx/lib/size/mips16\libmchp_peripheral_32MX534F064H.a(I2CSendByte.o)
 .debug_aranges
                0x00000868       0x20 f:/program files/microchip/xc32/v2.50/bin/bin/../../lib/gcc/pic32mx/4.8.3/../../../../pic32mx/lib/size/mips16\libmchp_peripheral_32MX534F064H.a(I2CSetFrequency.o)
 .debug_aranges
                0x00000888       0x20 f:/program files/microchip/xc32/v2.50/bin/bin/../../lib/gcc/pic32mx/4.8.3/../../../../pic32mx/lib/size/mips16\libmchp_peripheral_32MX534F064H.a(I2CStart.o)
 .debug_aranges
                0x000008a8       0x20 f:/program files/microchip/xc32/v2.50/bin/bin/../../lib/gcc/pic32mx/4.8.3/../../../../pic32mx/lib/size/mips16\libmchp_peripheral_32MX534F064H.a(I2CStop.o)
 .debug_aranges
                0x000008c8       0x20 f:/program files/microchip/xc32/v2.50/bin/bin/../../lib/gcc/pic32mx/4.8.3/../../../../pic32mx/lib/size/mips16\libpic32.a(default-bootstrap-exception-handler.o)
 .debug_aranges
                0x000008e8       0x20 f:/program files/microchip/xc32/v2.50/bin/bin/../../lib/gcc/pic32mx/4.8.3/../../../../pic32mx/lib/size/mips16\libpic32.a(default-on-reset.o)
 .debug_aranges
                0x00000908       0x20 f:/program files/microchip/xc32/v2.50/bin/bin/../../lib/gcc/pic32mx/4.8.3/../../../../pic32mx/lib/size/mips16\libpic32.a(default-on-bootstrap.o)
 .debug_aranges
                0x00000928       0x20 f:/program files/microchip/xc32/v2.50/bin/bin/../../lib/gcc/pic32mx/4.8.3/../../../../pic32mx/lib/size/mips16\libpic32.a(default-general-exception-handler.o)
 .debug_aranges
                0x00000948       0x20 f:/program files/microchip/xc32/v2.50/bin/bin/../../lib/gcc/pic32mx/4.8.3/../../../../pic32mx/lib/size/mips16\libpic32.a(defaultinterrupt.o)

.debug_pubnames
 *(.debug_pubnames)

.debug_info     0x00000000    0x201a9
 *(.debug_info .gnu.linkonce.wi.*)
 .debug_info    0x00000000     0x1443 build/PIC32_with_bootloader/production/usb/usb_descriptors.o
 .debug_info    0x00001443     0x397e build/PIC32_with_bootloader/production/usb/usb_device.o
 .debug_info    0x00004dc1     0x172f build/PIC32_with_bootloader/production/usb/usb_driver.o
 .debug_info    0x000064f0     0x18e3 build/PIC32_with_bootloader/production/usb/usb_function_hid.o
 .debug_info    0x00007dd3      0xda4 build/PIC32_with_bootloader/production/usb/usb_hal_pic24.o
 .debug_info    0x00008b77     0x3833 build/PIC32_with_bootloader/production/main.o
 .debug_info    0x0000c3aa     0x2ae2 build/PIC32_with_bootloader/production/isr.o
 .debug_info    0x0000ee8c     0x19a4 build/PIC32_with_bootloader/production/iron.o
 .debug_info    0x00010830     0x1172 build/PIC32_with_bootloader/production/PID.o
 .debug_info    0x000119a2     0x21cd build/PIC32_with_bootloader/production/io.o
 .debug_info    0x00013b6f     0x343a build/PIC32_with_bootloader/production/menu.o
 .debug_info    0x00016fa9     0x3fbd build/PIC32_with_bootloader/production/PIC32MX534F064H.o
 .debug_info    0x0001af66      0x6c2 build/PIC32_with_bootloader/production/EEP.o
 .debug_info    0x0001b628     0x2149 build/PIC32_with_bootloader/production/OLED.o
 .debug_info    0x0001d771      0x94f build/PIC32_with_bootloader/production/pars.o
 .debug_info    0x0001e0c0      0x518 build/PIC32_with_bootloader/production/sensorMath.o
 .debug_info    0x0001e5d8       0xa8 f:/program files/microchip/xc32/v2.50/bin/bin/../../lib/gcc/pic32mx/4.8.3/../../../../pic32mx/lib/size/mips16\libmchp_peripheral.a(open_core_timer_lib.o)
 .debug_info    0x0001e680       0xa8 f:/program files/microchip/xc32/v2.50/bin/bin/../../lib/gcc/pic32mx/4.8.3/../../../../pic32mx/lib/size/mips16\libmchp_peripheral.a(read_core_timer_lib.o)
 .debug_info    0x0001e728       0xb0 f:/program files/microchip/xc32/v2.50/bin/bin/../../lib/gcc/pic32mx/4.8.3/../../../../pic32mx/lib/size/mips16\libmchp_peripheral_32MX534F064H.a(soft_reset_lib.o)
 .debug_info    0x0001e7d8       0xb2 f:/program files/microchip/xc32/v2.50/bin/bin/../../lib/gcc/pic32mx/4.8.3/../../../../pic32mx/lib/size/mips16\libmchp_peripheral_32MX534F064H.a(int_enable_interrupts_lib.o)
 .debug_info    0x0001e88a       0xb4 f:/program files/microchip/xc32/v2.50/bin/bin/../../lib/gcc/pic32mx/4.8.3/../../../../pic32mx/lib/size/mips16\libmchp_peripheral_32MX534F064H.a(int_disable_interrupts_lib.o)
 .debug_info    0x0001e93e       0xb4 f:/program files/microchip/xc32/v2.50/bin/bin/../../lib/gcc/pic32mx/4.8.3/../../../../pic32mx/lib/size/mips16\libmchp_peripheral_32MX534F064H.a(int_restore_interrupts_lib.o)
 .debug_info    0x0001e9f2       0xba f:/program files/microchip/xc32/v2.50/bin/bin/../../lib/gcc/pic32mx/4.8.3/../../../../pic32mx/lib/size/mips16\libmchp_peripheral_32MX534F064H.a(int_enable_mv_int_lib.o)
 .debug_info    0x0001eaac      0x19c f:/program files/microchip/xc32/v2.50/bin/bin/../../lib/gcc/pic32mx/4.8.3/../../../../pic32mx/lib/size/mips16\libmchp_peripheral_32MX534F064H.a(int_tbl_lib.o)
 .debug_info    0x0001ec48       0xa2 f:/program files/microchip/xc32/v2.50/bin/bin/../../lib/gcc/pic32mx/4.8.3/../../../../pic32mx/lib/size/mips16\libmchp_peripheral_32MX534F064H.a(spi_chn_close_lib.o)
 .debug_info    0x0001ecea       0xa0 f:/program files/microchip/xc32/v2.50/bin/bin/../../lib/gcc/pic32mx/4.8.3/../../../../pic32mx/lib/size/mips16\libmchp_peripheral_32MX534F064H.a(spi_chn_open_lib.o)
 .debug_info    0x0001ed8a       0xeb f:/program files/microchip/xc32/v2.50/bin/bin/../../lib/gcc/pic32mx/4.8.3/../../../../pic32mx/lib/size/mips16\libmchp_peripheral_32MX534F064H.a(spi_chn_putc_lib.o)
 .debug_info    0x0001ee75       0xb3 f:/program files/microchip/xc32/v2.50/bin/bin/../../lib/gcc/pic32mx/4.8.3/../../../../pic32mx/lib/size/mips16\libmchp_peripheral_32MX534F064H.a(spi_chn_puts_lib.o)
 .debug_info    0x0001ef28       0xc4 f:/program files/microchip/xc32/v2.50/bin/bin/../../lib/gcc/pic32mx/4.8.3/../../../../pic32mx/lib/size/mips16\libmchp_peripheral_32MX534F064H.a(spi_chn_is_busy_lib.o)
 .debug_info    0x0001efec       0xad f:/program files/microchip/xc32/v2.50/bin/bin/../../lib/gcc/pic32mx/4.8.3/../../../../pic32mx/lib/size/mips16\libmchp_peripheral_32MX534F064H.a(dma_chn_abort_txfer_lib.o)
 .debug_info    0x0001f099       0xb3 f:/program files/microchip/xc32/v2.50/bin/bin/../../lib/gcc/pic32mx/4.8.3/../../../../pic32mx/lib/size/mips16\libmchp_peripheral_32MX534F064H.a(dma_chn_open_lib.o)
 .debug_info    0x0001f14c       0xa6 f:/program files/microchip/xc32/v2.50/bin/bin/../../lib/gcc/pic32mx/4.8.3/../../../../pic32mx/lib/size/mips16\libmchp_peripheral_32MX534F064H.a(dma_chn_disable_lib.o)
 .debug_info    0x0001f1f2       0xa4 f:/program files/microchip/xc32/v2.50/bin/bin/../../lib/gcc/pic32mx/4.8.3/../../../../pic32mx/lib/size/mips16\libmchp_peripheral_32MX534F064H.a(dma_chn_enable_lib.o)
 .debug_info    0x0001f296       0xac f:/program files/microchip/xc32/v2.50/bin/bin/../../lib/gcc/pic32mx/4.8.3/../../../../pic32mx/lib/size/mips16\libmchp_peripheral_32MX534F064H.a(dma_chn_get_dst_pnt_lib.o)
 .debug_info    0x0001f342       0xc7 f:/program files/microchip/xc32/v2.50/bin/bin/../../lib/gcc/pic32mx/4.8.3/../../../../pic32mx/lib/size/mips16\libmchp_peripheral_32MX534F064H.a(dma_chn_write_event_control_flags_lib.o)
 .debug_info    0x0001f409       0xba f:/program files/microchip/xc32/v2.50/bin/bin/../../lib/gcc/pic32mx/4.8.3/../../../../pic32mx/lib/size/mips16\libmchp_peripheral_32MX534F064H.a(dma_chn_set_txfer_lib.o)
 .debug_info    0x0001f4c3       0xbf f:/program files/microchip/xc32/v2.50/bin/bin/../../lib/gcc/pic32mx/4.8.3/../../../../pic32mx/lib/size/mips16\libmchp_peripheral_32MX534F064H.a(dma_chn_write_ev_enable_flags_lib.o)
 .debug_info    0x0001f582       0xa8 f:/program files/microchip/xc32/v2.50/bin/bin/../../lib/gcc/pic32mx/4.8.3/../../../../pic32mx/lib/size/mips16\libmchp_peripheral_32MX534F064H.a(port_reset_pins_lib.o)
 .debug_info    0x0001f62a       0xb8 f:/program files/microchip/xc32/v2.50/bin/bin/../../lib/gcc/pic32mx/4.8.3/../../../../pic32mx/lib/size/mips16\libmchp_peripheral_32MX534F064H.a(port_set_pins_digital_in_lib.o)
 .debug_info    0x0001f6e2       0xba f:/program files/microchip/xc32/v2.50/bin/bin/../../lib/gcc/pic32mx/4.8.3/../../../../pic32mx/lib/size/mips16\libmchp_peripheral_32MX534F064H.a(port_set_pins_digital_out_lib.o)
 .debug_info    0x0001f79c       0xaa f:/program files/microchip/xc32/v2.50/bin/bin/../../lib/gcc/pic32mx/4.8.3/../../../../pic32mx/lib/size/mips16\libmchp_peripheral_32MX534F064H.a(I2CAcknowledgeByte.o)
 .debug_info    0x0001f846       0xb2 f:/program files/microchip/xc32/v2.50/bin/bin/../../lib/gcc/pic32mx/4.8.3/../../../../pic32mx/lib/size/mips16\libmchp_peripheral_32MX534F064H.a(I2CByteWasAcknowledged.o)
 .debug_info    0x0001f8f8       0x98 f:/program files/microchip/xc32/v2.50/bin/bin/../../lib/gcc/pic32mx/4.8.3/../../../../pic32mx/lib/size/mips16\libmchp_peripheral_32MX534F064H.a(I2CEnable.o)
 .debug_info    0x0001f990       0x9a f:/program files/microchip/xc32/v2.50/bin/bin/../../lib/gcc/pic32mx/4.8.3/../../../../pic32mx/lib/size/mips16\libmchp_peripheral_32MX534F064H.a(I2CGetByte.o)
 .debug_info    0x0001fa2a       0xa8 f:/program files/microchip/xc32/v2.50/bin/bin/../../lib/gcc/pic32mx/4.8.3/../../../../pic32mx/lib/size/mips16\libmchp_peripheral_32MX534F064H.a(I2CReceiverEnable.o)
 .debug_info    0x0001fad2       0x9c f:/program files/microchip/xc32/v2.50/bin/bin/../../lib/gcc/pic32mx/4.8.3/../../../../pic32mx/lib/size/mips16\libmchp_peripheral_32MX534F064H.a(I2CSendByte.o)
 .debug_info    0x0001fb6e       0xa4 f:/program files/microchip/xc32/v2.50/bin/bin/../../lib/gcc/pic32mx/4.8.3/../../../../pic32mx/lib/size/mips16\libmchp_peripheral_32MX534F064H.a(I2CSetFrequency.o)
 .debug_info    0x0001fc12       0x96 f:/program files/microchip/xc32/v2.50/bin/bin/../../lib/gcc/pic32mx/4.8.3/../../../../pic32mx/lib/size/mips16\libmchp_peripheral_32MX534F064H.a(I2CStart.o)
 .debug_info    0x0001fca8       0x94 f:/program files/microchip/xc32/v2.50/bin/bin/../../lib/gcc/pic32mx/4.8.3/../../../../pic32mx/lib/size/mips16\libmchp_peripheral_32MX534F064H.a(I2CStop.o)
 .debug_info    0x0001fd3c       0xf4 f:/program files/microchip/xc32/v2.50/bin/bin/../../lib/gcc/pic32mx/4.8.3/../../../../pic32mx/lib/size/mips16\libpic32.a(default-bootstrap-exception-handler.o)
 .debug_info    0x0001fe30       0xcd f:/program files/microchip/xc32/v2.50/bin/bin/../../lib/gcc/pic32mx/4.8.3/../../../../pic32mx/lib/size/mips16\libpic32.a(default-on-reset.o)
 .debug_info    0x0001fefd       0xd5 f:/program files/microchip/xc32/v2.50/bin/bin/../../lib/gcc/pic32mx/4.8.3/../../../../pic32mx/lib/size/mips16\libpic32.a(default-on-bootstrap.o)
 .debug_info    0x0001ffd2       0xf0 f:/program files/microchip/xc32/v2.50/bin/bin/../../lib/gcc/pic32mx/4.8.3/../../../../pic32mx/lib/size/mips16\libpic32.a(default-general-exception-handler.o)
 .debug_info    0x000200c2       0xe7 f:/program files/microchip/xc32/v2.50/bin/bin/../../lib/gcc/pic32mx/4.8.3/../../../../pic32mx/lib/size/mips16\libpic32.a(defaultinterrupt.o)

.debug_abbrev   0x00000000     0x2ac6
 *(.debug_abbrev)
 .debug_abbrev  0x00000000      0x177 build/PIC32_with_bootloader/production/usb/usb_descriptors.o
 .debug_abbrev  0x00000177      0x3eb build/PIC32_with_bootloader/production/usb/usb_device.o
 .debug_abbrev  0x00000562      0x26c build/PIC32_with_bootloader/production/usb/usb_driver.o
 .debug_abbrev  0x000007ce      0x19e build/PIC32_with_bootloader/production/usb/usb_function_hid.o
 .debug_abbrev  0x0000096c      0x118 build/PIC32_with_bootloader/production/usb/usb_hal_pic24.o
 .debug_abbrev  0x00000a84      0x27d build/PIC32_with_bootloader/production/main.o
 .debug_abbrev  0x00000d01      0x32e build/PIC32_with_bootloader/production/isr.o
 .debug_abbrev  0x0000102f      0x287 build/PIC32_with_bootloader/production/iron.o
 .debug_abbrev  0x000012b6      0x1cd build/PIC32_with_bootloader/production/PID.o
 .debug_abbrev  0x00001483      0x28c build/PIC32_with_bootloader/production/io.o
 .debug_abbrev  0x0000170f      0x29d build/PIC32_with_bootloader/production/menu.o
 .debug_abbrev  0x000019ac      0x3e2 build/PIC32_with_bootloader/production/PIC32MX534F064H.o
 .debug_abbrev  0x00001d8e      0x171 build/PIC32_with_bootloader/production/EEP.o
 .debug_abbrev  0x00001eff      0x2c2 build/PIC32_with_bootloader/production/OLED.o
 .debug_abbrev  0x000021c1      0x19c build/PIC32_with_bootloader/production/pars.o
 .debug_abbrev  0x0000235d      0x12e build/PIC32_with_bootloader/production/sensorMath.o
 .debug_abbrev  0x0000248b       0x28 f:/program files/microchip/xc32/v2.50/bin/bin/../../lib/gcc/pic32mx/4.8.3/../../../../pic32mx/lib/size/mips16\libmchp_peripheral.a(open_core_timer_lib.o)
 .debug_abbrev  0x000024b3       0x28 f:/program files/microchip/xc32/v2.50/bin/bin/../../lib/gcc/pic32mx/4.8.3/../../../../pic32mx/lib/size/mips16\libmchp_peripheral.a(read_core_timer_lib.o)
 .debug_abbrev  0x000024db       0x37 f:/program files/microchip/xc32/v2.50/bin/bin/../../lib/gcc/pic32mx/4.8.3/../../../../pic32mx/lib/size/mips16\libmchp_peripheral_32MX534F064H.a(soft_reset_lib.o)
 .debug_abbrev  0x00002512       0x28 f:/program files/microchip/xc32/v2.50/bin/bin/../../lib/gcc/pic32mx/4.8.3/../../../../pic32mx/lib/size/mips16\libmchp_peripheral_32MX534F064H.a(int_enable_interrupts_lib.o)
 .debug_abbrev  0x0000253a       0x28 f:/program files/microchip/xc32/v2.50/bin/bin/../../lib/gcc/pic32mx/4.8.3/../../../../pic32mx/lib/size/mips16\libmchp_peripheral_32MX534F064H.a(int_disable_interrupts_lib.o)
 .debug_abbrev  0x00002562       0x28 f:/program files/microchip/xc32/v2.50/bin/bin/../../lib/gcc/pic32mx/4.8.3/../../../../pic32mx/lib/size/mips16\libmchp_peripheral_32MX534F064H.a(int_restore_interrupts_lib.o)
 .debug_abbrev  0x0000258a       0x28 f:/program files/microchip/xc32/v2.50/bin/bin/../../lib/gcc/pic32mx/4.8.3/../../../../pic32mx/lib/size/mips16\libmchp_peripheral_32MX534F064H.a(int_enable_mv_int_lib.o)
 .debug_abbrev  0x000025b2       0x28 f:/program files/microchip/xc32/v2.50/bin/bin/../../lib/gcc/pic32mx/4.8.3/../../../../pic32mx/lib/size/mips16\libmchp_peripheral_32MX534F064H.a(int_tbl_lib.o)
 .debug_abbrev  0x000025da       0x28 f:/program files/microchip/xc32/v2.50/bin/bin/../../lib/gcc/pic32mx/4.8.3/../../../../pic32mx/lib/size/mips16\libmchp_peripheral_32MX534F064H.a(spi_chn_close_lib.o)
 .debug_abbrev  0x00002602       0x28 f:/program files/microchip/xc32/v2.50/bin/bin/../../lib/gcc/pic32mx/4.8.3/../../../../pic32mx/lib/size/mips16\libmchp_peripheral_32MX534F064H.a(spi_chn_open_lib.o)
 .debug_abbrev  0x0000262a       0x37 f:/program files/microchip/xc32/v2.50/bin/bin/../../lib/gcc/pic32mx/4.8.3/../../../../pic32mx/lib/size/mips16\libmchp_peripheral_32MX534F064H.a(spi_chn_putc_lib.o)
 .debug_abbrev  0x00002661       0x37 f:/program files/microchip/xc32/v2.50/bin/bin/../../lib/gcc/pic32mx/4.8.3/../../../../pic32mx/lib/size/mips16\libmchp_peripheral_32MX534F064H.a(spi_chn_puts_lib.o)
 .debug_abbrev  0x00002698       0x28 f:/program files/microchip/xc32/v2.50/bin/bin/../../lib/gcc/pic32mx/4.8.3/../../../../pic32mx/lib/size/mips16\libmchp_peripheral_32MX534F064H.a(spi_chn_is_busy_lib.o)
 .debug_abbrev  0x000026c0       0x28 f:/program files/microchip/xc32/v2.50/bin/bin/../../lib/gcc/pic32mx/4.8.3/../../../../pic32mx/lib/size/mips16\libmchp_peripheral_32MX534F064H.a(dma_chn_abort_txfer_lib.o)
 .debug_abbrev  0x000026e8       0x37 f:/program files/microchip/xc32/v2.50/bin/bin/../../lib/gcc/pic32mx/4.8.3/../../../../pic32mx/lib/size/mips16\libmchp_peripheral_32MX534F064H.a(dma_chn_open_lib.o)
 .debug_abbrev  0x0000271f       0x28 f:/program files/microchip/xc32/v2.50/bin/bin/../../lib/gcc/pic32mx/4.8.3/../../../../pic32mx/lib/size/mips16\libmchp_peripheral_32MX534F064H.a(dma_chn_disable_lib.o)
 .debug_abbrev  0x00002747       0x28 f:/program files/microchip/xc32/v2.50/bin/bin/../../lib/gcc/pic32mx/4.8.3/../../../../pic32mx/lib/size/mips16\libmchp_peripheral_32MX534F064H.a(dma_chn_enable_lib.o)
 .debug_abbrev  0x0000276f       0x28 f:/program files/microchip/xc32/v2.50/bin/bin/../../lib/gcc/pic32mx/4.8.3/../../../../pic32mx/lib/size/mips16\libmchp_peripheral_32MX534F064H.a(dma_chn_get_dst_pnt_lib.o)
 .debug_abbrev  0x00002797       0x28 f:/program files/microchip/xc32/v2.50/bin/bin/../../lib/gcc/pic32mx/4.8.3/../../../../pic32mx/lib/size/mips16\libmchp_peripheral_32MX534F064H.a(dma_chn_write_event_control_flags_lib.o)
 .debug_abbrev  0x000027bf       0x37 f:/program files/microchip/xc32/v2.50/bin/bin/../../lib/gcc/pic32mx/4.8.3/../../../../pic32mx/lib/size/mips16\libmchp_peripheral_32MX534F064H.a(dma_chn_set_txfer_lib.o)
 .debug_abbrev  0x000027f6       0x28 f:/program files/microchip/xc32/v2.50/bin/bin/../../lib/gcc/pic32mx/4.8.3/../../../../pic32mx/lib/size/mips16\libmchp_peripheral_32MX534F064H.a(dma_chn_write_ev_enable_flags_lib.o)
 .debug_abbrev  0x0000281e       0x28 f:/program files/microchip/xc32/v2.50/bin/bin/../../lib/gcc/pic32mx/4.8.3/../../../../pic32mx/lib/size/mips16\libmchp_peripheral_32MX534F064H.a(port_reset_pins_lib.o)
 .debug_abbrev  0x00002846       0x28 f:/program files/microchip/xc32/v2.50/bin/bin/../../lib/gcc/pic32mx/4.8.3/../../../../pic32mx/lib/size/mips16\libmchp_peripheral_32MX534F064H.a(port_set_pins_digital_in_lib.o)
 .debug_abbrev  0x0000286e       0x28 f:/program files/microchip/xc32/v2.50/bin/bin/../../lib/gcc/pic32mx/4.8.3/../../../../pic32mx/lib/size/mips16\libmchp_peripheral_32MX534F064H.a(port_set_pins_digital_out_lib.o)
 .debug_abbrev  0x00002896       0x28 f:/program files/microchip/xc32/v2.50/bin/bin/../../lib/gcc/pic32mx/4.8.3/../../../../pic32mx/lib/size/mips16\libmchp_peripheral_32MX534F064H.a(I2CAcknowledgeByte.o)
 .debug_abbrev  0x000028be       0x28 f:/program files/microchip/xc32/v2.50/bin/bin/../../lib/gcc/pic32mx/4.8.3/../../../../pic32mx/lib/size/mips16\libmchp_peripheral_32MX534F064H.a(I2CByteWasAcknowledged.o)
 .debug_abbrev  0x000028e6       0x28 f:/program files/microchip/xc32/v2.50/bin/bin/../../lib/gcc/pic32mx/4.8.3/../../../../pic32mx/lib/size/mips16\libmchp_peripheral_32MX534F064H.a(I2CEnable.o)
 .debug_abbrev  0x0000290e       0x28 f:/program files/microchip/xc32/v2.50/bin/bin/../../lib/gcc/pic32mx/4.8.3/../../../../pic32mx/lib/size/mips16\libmchp_peripheral_32MX534F064H.a(I2CGetByte.o)
 .debug_abbrev  0x00002936       0x28 f:/program files/microchip/xc32/v2.50/bin/bin/../../lib/gcc/pic32mx/4.8.3/../../../../pic32mx/lib/size/mips16\libmchp_peripheral_32MX534F064H.a(I2CReceiverEnable.o)
 .debug_abbrev  0x0000295e       0x28 f:/program files/microchip/xc32/v2.50/bin/bin/../../lib/gcc/pic32mx/4.8.3/../../../../pic32mx/lib/size/mips16\libmchp_peripheral_32MX534F064H.a(I2CSendByte.o)
 .debug_abbrev  0x00002986       0x28 f:/program files/microchip/xc32/v2.50/bin/bin/../../lib/gcc/pic32mx/4.8.3/../../../../pic32mx/lib/size/mips16\libmchp_peripheral_32MX534F064H.a(I2CSetFrequency.o)
 .debug_abbrev  0x000029ae       0x28 f:/program files/microchip/xc32/v2.50/bin/bin/../../lib/gcc/pic32mx/4.8.3/../../../../pic32mx/lib/size/mips16\libmchp_peripheral_32MX534F064H.a(I2CStart.o)
 .debug_abbrev  0x000029d6       0x28 f:/program files/microchip/xc32/v2.50/bin/bin/../../lib/gcc/pic32mx/4.8.3/../../../../pic32mx/lib/size/mips16\libmchp_peripheral_32MX534F064H.a(I2CStop.o)
 .debug_abbrev  0x000029fe       0x28 f:/program files/microchip/xc32/v2.50/bin/bin/../../lib/gcc/pic32mx/4.8.3/../../../../pic32mx/lib/size/mips16\libpic32.a(default-bootstrap-exception-handler.o)
 .debug_abbrev  0x00002a26       0x28 f:/program files/microchip/xc32/v2.50/bin/bin/../../lib/gcc/pic32mx/4.8.3/../../../../pic32mx/lib/size/mips16\libpic32.a(default-on-reset.o)
 .debug_abbrev  0x00002a4e       0x28 f:/program files/microchip/xc32/v2.50/bin/bin/../../lib/gcc/pic32mx/4.8.3/../../../../pic32mx/lib/size/mips16\libpic32.a(default-on-bootstrap.o)
 .debug_abbrev  0x00002a76       0x28 f:/program files/microchip/xc32/v2.50/bin/bin/../../lib/gcc/pic32mx/4.8.3/../../../../pic32mx/lib/size/mips16\libpic32.a(default-general-exception-handler.o)
 .debug_abbrev  0x00002a9e       0x28 f:/program files/microchip/xc32/v2.50/bin/bin/../../lib/gcc/pic32mx/4.8.3/../../../../pic32mx/lib/size/mips16\libpic32.a(defaultinterrupt.o)

.debug_line     0x00000000     0x431c
 *(.debug_line)
 .debug_line    0x00000000      0x1f8 build/PIC32_with_bootloader/production/usb/usb_descriptors.o
 .debug_line    0x000001f8      0x59e build/PIC32_with_bootloader/production/usb/usb_device.o
 .debug_line    0x00000796      0x2ce build/PIC32_with_bootloader/production/usb/usb_driver.o
 .debug_line    0x00000a64      0x25f build/PIC32_with_bootloader/production/usb/usb_function_hid.o
 .debug_line    0x00000cc3      0x16c build/PIC32_with_bootloader/production/usb/usb_hal_pic24.o
 .debug_line    0x00000e2f      0x425 build/PIC32_with_bootloader/production/main.o
 .debug_line    0x00001254      0x48f build/PIC32_with_bootloader/production/isr.o
 .debug_line    0x000016e3      0x25a build/PIC32_with_bootloader/production/iron.o
 .debug_line    0x0000193d      0x2f1 build/PIC32_with_bootloader/production/PID.o
 .debug_line    0x00001c2e      0x33b build/PIC32_with_bootloader/production/io.o
 .debug_line    0x00001f69      0x4d3 build/PIC32_with_bootloader/production/menu.o
 .debug_line    0x0000243c      0x519 build/PIC32_with_bootloader/production/PIC32MX534F064H.o
 .debug_line    0x00002955      0x1cf build/PIC32_with_bootloader/production/EEP.o
 .debug_line    0x00002b24      0x412 build/PIC32_with_bootloader/production/OLED.o
 .debug_line    0x00002f36      0x14c build/PIC32_with_bootloader/production/pars.o
 .debug_line    0x00003082      0x15e build/PIC32_with_bootloader/production/sensorMath.o