Archive member included to satisfy reference by file (symbol)

c:/program files/microchip/xc32/v4.35/bin/bin/../../lib/gcc/pic32mx/8.3.1/../../../../pic32mx/lib/mips16\libmchp_peripheral.a(open_core_timer_lib.o)
                              build/PIC32_with_bootloader/production/PIC32MX564F128H.o (OpenCoreTimer)
c:/program files/microchip/xc32/v4.35/bin/bin/../../lib/gcc/pic32mx/8.3.1/../../../../pic32mx/lib/mips16\libmchp_peripheral.a(read_core_timer_lib.o)
                              build/PIC32_with_bootloader/production/PIC32MX564F128H.o (ReadCoreTimer)
c:/program files/microchip/xc32/v4.35/bin/bin/../../lib/gcc/pic32mx/8.3.1/../../../../pic32mx/lib/mips16\libmchp_peripheral_32MX534F064H.a(soft_reset_lib.o)
                              build/PIC32_with_bootloader/production/main.o (SoftReset)
c:/program files/microchip/xc32/v4.35/bin/bin/../../lib/gcc/pic32mx/8.3.1/../../../../pic32mx/lib/mips16\libmchp_peripheral_32MX534F064H.a(pcache.o)
                              build/PIC32_with_bootloader/production/usb/usb_descriptors.o (CheKseg0CacheOn)
c:/program files/microchip/xc32/v4.35/bin/bin/../../lib/gcc/pic32mx/8.3.1/../../../../pic32mx/lib/mips16\libmchp_peripheral_32MX534F064H.a(int_enable_interrupts_lib.o)
                              build/PIC32_with_bootloader/production/isr.o (INTEnableInterrupts)
c:/program files/microchip/xc32/v4.35/bin/bin/../../lib/gcc/pic32mx/8.3.1/../../../../pic32mx/lib/mips16\libmchp_peripheral_32MX534F064H.a(int_disable_interrupts_lib.o)
                              build/PIC32_with_bootloader/production/usb/usb_descriptors.o (INTDisableInterrupts)
c:/program files/microchip/xc32/v4.35/bin/bin/../../lib/gcc/pic32mx/8.3.1/../../../../pic32mx/lib/mips16\libmchp_peripheral_32MX534F064H.a(int_restore_interrupts_lib.o)
                              build/PIC32_with_bootloader/production/usb/usb_descriptors.o (INTRestoreInterrupts)
c:/program files/microchip/xc32/v4.35/bin/bin/../../lib/gcc/pic32mx/8.3.1/../../../../pic32mx/lib/mips16\libmchp_peripheral_32MX534F064H.a(int_enable_mv_int_lib.o)
                              build/PIC32_with_bootloader/production/PIC32MX564F128H.o (INTEnableSystemMultiVectoredInt)
c:/program files/microchip/xc32/v4.35/bin/bin/../../lib/gcc/pic32mx/8.3.1/../../../../pic32mx/lib/mips16\libmchp_peripheral_32MX534F064H.a(int_tbl_lib.o)
                              build/PIC32_with_bootloader/production/usb/usb_device.o (INTClearFlag)
c:/program files/microchip/xc32/v4.35/bin/bin/../../lib/gcc/pic32mx/8.3.1/../../../../pic32mx/lib/mips16\libmchp_peripheral_32MX534F064H.a(spi_chn_close_lib.o)
                              build/PIC32_with_bootloader/production/OLED.o (SpiChnClose)
c:/program files/microchip/xc32/v4.35/bin/bin/../../lib/gcc/pic32mx/8.3.1/../../../../pic32mx/lib/mips16\libmchp_peripheral_32MX534F064H.a(spi_chn_open_lib.o)
                              build/PIC32_with_bootloader/production/OLED.o (SpiChnOpen)
c:/program files/microchip/xc32/v4.35/bin/bin/../../lib/gcc/pic32mx/8.3.1/../../../../pic32mx/lib/mips16\libmchp_peripheral_32MX534F064H.a(spi_chn_putc_lib.o)
                              build/PIC32_with_bootloader/production/OLED.o (SpiChnPutC)
c:/program files/microchip/xc32/v4.35/bin/bin/../../lib/gcc/pic32mx/8.3.1/../../../../pic32mx/lib/mips16\libmchp_peripheral_32MX534F064H.a(spi_chn_puts_lib.o)
                              build/PIC32_with_bootloader/production/OLED.o (SpiChnPutS)
c:/program files/microchip/xc32/v4.35/bin/bin/../../lib/gcc/pic32mx/8.3.1/../../../../pic32mx/lib/mips16\libmchp_peripheral_32MX534F064H.a(spi_chn_is_busy_lib.o)
                              build/PIC32_with_bootloader/production/PIC32MX564F128H.o (SpiChnIsBusy)
c:/program files/microchip/xc32/v4.35/bin/bin/../../lib/gcc/pic32mx/8.3.1/../../../../pic32mx/lib/mips16\libmchp_peripheral_32MX534F064H.a(spi_io_tbl_libp.o)
                              c:/program files/microchip/xc32/v4.35/bin/bin/../../lib/gcc/pic32mx/8.3.1/../../../../pic32mx/lib/mips16\libmchp_peripheral_32MX534F064H.a(spi_chn_close_lib.o) (_SpiIoTbl)
c:/program files/microchip/xc32/v4.35/bin/bin/../../lib/gcc/pic32mx/8.3.1/../../../../pic32mx/lib/mips16\libmchp_peripheral_32MX534F064H.a(spi_map_tbl_libp.o)
                              c:/program files/microchip/xc32/v4.35/bin/bin/../../lib/gcc/pic32mx/8.3.1/../../../../pic32mx/lib/mips16\libmchp_peripheral_32MX534F064H.a(spi_chn_close_lib.o) (_SpiMapTbl)
c:/program files/microchip/xc32/v4.35/bin/bin/../../lib/gcc/pic32mx/8.3.1/../../../../pic32mx/lib/mips16\libmchp_peripheral_32MX534F064H.a(dma_chn_abort_txfer_lib.o)
                              build/PIC32_with_bootloader/production/PIC32MX564F128H.o (DmaChnAbortTxfer)
c:/program files/microchip/xc32/v4.35/bin/bin/../../lib/gcc/pic32mx/8.3.1/../../../../pic32mx/lib/mips16\libmchp_peripheral_32MX534F064H.a(dma_chn_open_lib.o)
                              build/PIC32_with_bootloader/production/PIC32MX564F128H.o (DmaChnOpen)
[...]
Memory Configuration

Name             Origin             Length             Attributes
exception_mem    0x000000009fc01000 0x0000000000001000
kseg1_boot_mem   0x00000000bd003000 0x0000000000000490
kseg0_boot_mem   0x000000009d003490 0x0000000000000970
kseg0_program_mem 0x000000009d003e00 0x000000000001c1fc xr
debug_exec_mem   0x00000000bfc02000 0x0000000000000000
config3          0x00000000bfc02ff0 0x0000000000000004
config2          0x00000000bfc02ff4 0x0000000000000004
config1          0x00000000bfc02ff8 0x0000000000000004
config0          0x00000000bfc02ffc 0x0000000000000004
kseg1_data_mem   0x00000000a0000000 0x0000000000008000 w !x
sfrs             0x00000000bf800000 0x0000000000100000
configsfrs       0x00000000bfc02ff0 0x0000000000000010
*default*        0x0000000000000000 0xffffffffffffffff

Linker script and memory map

LOAD c:/program files/microchip/xc32/v4.35/bin/bin/../../lib/gcc/pic32mx/8.3.1/../../../../pic32mx/lib/mips16\debug-exception-return.o
LOAD build/PIC32_with_bootloader/production/usb/usb_descriptors.o
LOAD build/PIC32_with_bootloader/production/usb/usb_device.o
LOAD build/PIC32_with_bootloader/production/usb/usb_driver.o
LOAD build/PIC32_with_bootloader/production/usb/usb_function_hid.o
LOAD build/PIC32_with_bootloader/production/usb/usb_hal_pic24.o
LOAD build/PIC32_with_bootloader/production/main.o
LOAD build/PIC32_with_bootloader/production/isr.o
LOAD build/PIC32_with_bootloader/production/iron.o
LOAD build/PIC32_with_bootloader/production/PID.o
LOAD build/PIC32_with_bootloader/production/io.o
LOAD build/PIC32_with_bootloader/production/menu.o
LOAD build/PIC32_with_bootloader/production/EEP.o
LOAD build/PIC32_with_bootloader/production/OLED.o
LOAD build/PIC32_with_bootloader/production/pars.o
LOAD build/PIC32_with_bootloader/production/sensorMath.o
LOAD build/PIC32_with_bootloader/production/PIC32MX564F128H.o
                0x0000000000000001                __MPLAB_BUILD = 0x1
                0x0000000000000400                PROVIDE (_min_stack_size = 0x400)
START GROUP
LOAD c:/program files/microchip/xc32/v4.35/bin/bin/../../lib/gcc/pic32mx/8.3.1/../../../../pic32mx/lib/mips16\libmchp_peripheral.a
END GROUP
START GROUP
LOAD c:/program files/microchip/xc32/v4.35/bin/bin/../../lib/gcc/pic32mx/8.3.1/../../../../pic32mx/lib/mips16\libmchp_peripheral_32MX534F064H.a
END GROUP
                0x0000000000000001                PROVIDE (_vector_spacing = 0x1)
                0x000000009fc01000                _ebase_address = 0x9fc01000
                0x00000000bd003000                _RESET_ADDR = 0xbd003000
                0x00000000bd003380                _BEV_EXCPT_ADDR = 0xbd003380
                0x00000000bd003480                _DBG_EXCPT_ADDR = 0xbd003480
                0x00000000bfc02000                _DBG_CODE_ADDR = 0xbfc02000
                0x0000000000000000                _DBG_CODE_SIZE = 0x0
                0x000000009fc01180                _GEN_EXCPT_ADDR = (_ebase_address + 0x180)

.config_BFC02FF0
                0x00000000bfc02ff0        0x4
 *(.config_BFC02FF0)
 .config_BFC02FF0
                0x00000000bfc02ff0        0x4 build/PIC32_with_bootloader/production/PIC32MX564F128H.o
                0x00000000bfc02ff0                __config_BFC02FF0

.config_BFC02FF4
                0x00000000bfc02ff4        0x4
 *(.config_BFC02FF4)
 .config_BFC02FF4
                0x00000000bfc02ff4        0x4 build/PIC32_with_bootloader/production/PIC32MX564F128H.o
                0x00000000bfc02ff4                __config_BFC02FF4

.config_BFC02FF8
                0x00000000bfc02ff8        0x4
 *(.config_BFC02FF8)
 .config_BFC02FF8
                0x00000000bfc02ff8        0x4 build/PIC32_with_bootloader/production/PIC32MX564F128H.o
                0x00000000bfc02ff8                __config_BFC02FF8

.config_BFC02FFC
                0x00000000bfc02ffc        0x4
 *(.config_BFC02FFC)
 .config_BFC02FFC
                0x00000000bfc02ffc        0x4 build/PIC32_with_bootloader/production/PIC32MX564F128H.o
                0x00000000bfc02ffc                __config_BFC02FFC
                [!provide]                        PROVIDE (_DBG_CODE_ADDR = 0xbfc02000)
                [!provide]                        PROVIDE (_DBG_CODE_SIZE = 0xff0)

.reset          0x00000000bd003000      0x19c
 *(.reset)
 .reset         0x00000000bd003000        0x8 C:\Users\Sparky\AppData\Local\Temp\ccdmMp7b.o
                0x00000000bd003000                _reset
 *(.reset.startup)
 .reset.startup
                0x00000000bd003008      0x194 C:\Users\Sparky\AppData\Local\Temp\ccdmMp7b.o
                0x00000000bd003008                _startup

.bev_excpt      0x00000000bd003380       0x10
 *(.bev_handler)
 .bev_handler   0x00000000bd003380       0x10 C:\Users\Sparky\AppData\Local\Temp\ccdmMp7b.o

.dbg_excpt      0x00000000bd003480        0x0
                0x00000000bd003480                . = (. + DEFINED (_DEBUGGER)?0x8:0x0)

.dbg_code       0x00000000bfc02000        0x0
                0x00000000bfc02000                . = (. + DEFINED (_DEBUGGER)?_DBG_CODE_SIZE:0x0)

.app_excpt      0x000000009fc01180       0x10
 *(.gen_handler)
 .gen_handler   0x000000009fc01180       0x10 C:\Users\Sparky\AppData\Local\Temp\ccdmMp7b.o

.vector_0       0x000000009fc01200        0x8
 *(.vector_0)
 .vector_0      0x000000009fc01200        0x8 c:/program files/microchip/xc32/v4.35/bin/bin/../../lib/gcc/pic32mx/8.3.1/../../../../pic32mx/lib/mips16\libpic32.a(vector0.o)
                0x000000009fc01200                __vector_dispatch_0
                0x0000000000000001                ASSERT (((_vector_spacing == 0x0) || (SIZEOF (.vector_0) <= (_vector_spacing << 0x5))), function at exception vector 0 too large)

.vector_1       0x000000009fc01220        0x8
 *(.vector_1)
 .vector_1      0x000000009fc01220        0x8 c:/program files/microchip/xc32/v4.35/bin/bin/../../lib/gcc/pic32mx/8.3.1/../../../../pic32mx/lib/mips16\libpic32.a(vector1.o)
                0x000000009fc01220                __vector_dispatch_1
                0x0000000000000001                ASSERT (((_vector_spacing == 0x0) || (SIZEOF (.vector_1) <= (_vector_spacing << 0x5))), function at exception vector 1 too large)

.vector_2       0x000000009fc01240        0x8
 *(.vector_2)
 .vector_2      0x000000009fc01240        0x8 c:/program files/microchip/xc32/v4.35/bin/bin/../../lib/gcc/pic32mx/8.3.1/../../../../pic32mx/lib/mips16\libpic32.a(vector2.o)
                0x000000009fc01240                __vector_dispatch_2
                0x0000000000000001                ASSERT (((_vector_spacing == 0x0) || (SIZEOF (.vector_2) <= (_vector_spacing << 0x5))), function at exception vector 2 too large)

.vector_3       0x000000009fc01260        0x8
 *(.vector_3)
 .vector_3      0x000000009fc01260        0x8 c:/program files/microchip/xc32/v4.35/bin/bin/../../lib/gcc/pic32mx/8.3.1/../../../../pic32mx/lib/mips16\libpic32.a(vector3.o)
                0x000000009fc01260                __vector_dispatch_3
                0x0000000000000001                ASSERT (((_vector_spacing == 0x0) || (SIZEOF (.vector_3) <= (_vector_spacing << 0x5))), function at exception vector 3 too large)

.vector_4       0x000000009fc01280       0x10
 *(.vector_4)
 .vector_4      0x000000009fc01280       0x10 build/PIC32_with_bootloader/production/PIC32MX564F128H.o
                0x000000009fc01280                __vector_dispatch_4
                0x0000000000000001                ASSERT (((_vector_spacing == 0x0) || (SIZEOF (.vector_4) <= (_vector_spacing << 0x5))), function at exception vector 4 too large)

.vector_5       0x000000009fc012a0       0x10
 *(.vector_5)
 .vector_5      0x000000009fc012a0       0x10 build/PIC32_with_bootloader/production/PIC32MX564F128H.o
                0x000000009fc012a0                __vector_dispatch_5
                0x0000000000000001                ASSERT (((_vector_spacing == 0x0) || (SIZEOF (.vector_5) <= (_vector_spacing << 0x5))), function at exception vector 5 too large)

.vector_6       0x000000009fc012c0        0x8
 *(.vector_6)
 .vector_6      0x000000009fc012c0        0x8 c:/program files/microchip/xc32/v4.35/bin/bin/../../lib/gcc/pic32mx/8.3.1/../../../../pic32mx/lib/mips16\libpic32.a(vector6.o)
                0x000000009fc012c0                __vector_dispatch_6
                0x0000000000000001                ASSERT (((_vector_spacing == 0x0) || (SIZEOF (.vector_6) <= (_vector_spacing << 0x5))), function at exception vector 6 too large)

.vector_7       0x000000009fc012e0        0x8
 *(.vector_7)
 .vector_7      0x000000009fc012e0        0x8 c:/program files/microchip/xc32/v4.35/bin/bin/../../lib/gcc/pic32mx/8.3.1/../../../../pic32mx/lib/mips16\libpic32.a(vector7.o)
                0x000000009fc012e0                __vector_dispatch_7
                0x0000000000000001                ASSERT (((_vector_spacing == 0x0) || (SIZEOF (.vector_7) <= (_vector_spacing << 0x5))), function at exception vector 7 too large)

.vector_8       0x000000009fc01300       0x10
 *(.vector_8)
 .vector_8      0x000000009fc01300       0x10 build/PIC32_with_bootloader/production/PIC32MX564F128H.o
                0x000000009fc01300                __vector_dispatch_8
                0x0000000000000001                ASSERT (((_vector_spacing == 0x0) || (SIZEOF (.vector_8) <= (_vector_spacing << 0x5))), function at exception vector 8 too large)

.vector_9       0x000000009fc01320        0x8
 *(.vector_9)
 .vector_9      0x000000009fc01320        0x8 c:/program files/microchip/xc32/v4.35/bin/bin/../../lib/gcc/pic32mx/8.3.1/../../../../pic32mx/lib/mips16\libpic32.a(vector9.o)
                0x000000009fc01320                __vector_dispatch_9
                0x0000000000000001                ASSERT (((_vector_spacing == 0x0) || (SIZEOF (.vector_9) <= (_vector_spacing << 0x5))), function at exception vector 9 too large)

.vector_10      0x000000009fc01340       0x10
 *(.vector_10)
 .vector_10     0x000000009fc01340       0x10 build/PIC32_with_bootloader/production/PIC32MX564F128H.o
                0x000000009fc01340                __vector_dispatch_10
                0x0000000000000001                ASSERT (((_vector_spacing == 0x0) || (SIZEOF (.vector_10) <= (_vector_spacing << 0x5))), function at exception vector 10 too large)

.vector_11      0x000000009fc01360        0x8
 *(.vector_11)
 .vector_11     0x000000009fc01360        0x8 c:/program files/microchip/xc32/v4.35/bin/bin/../../lib/gcc/pic32mx/8.3.1/../../../../pic32mx/lib/mips16\libpic32.a(vector11.o)
                0x000000009fc01360                __vector_dispatch_11
                0x0000000000000001                ASSERT (((_vector_spacing == 0x0) || (SIZEOF (.vector_11) <= (_vector_spacing << 0x5))), function at exception vector 11 too large)

.vector_12      0x000000009fc01380        0x8
 *(.vector_12)
 .vector_12     0x000000009fc01380        0x8 c:/program files/microchip/xc32/v4.35/bin/bin/../../lib/gcc/pic32mx/8.3.1/../../../../pic32mx/lib/mips16\libpic32.a(vector12.o)
                0x000000009fc01380                __vector_dispatch_12
                0x0000000000000001                ASSERT (((_vector_spacing == 0x0) || (SIZEOF (.vector_12) <= (_vector_spacing << 0x5))), function at exception vector 12 too large)

.vector_13      0x000000009fc013a0       0x10
 *(.vector_13)
 .vector_13     0x000000009fc013a0       0x10 build/PIC32_with_bootloader/production/PIC32MX564F128H.o
                0x000000009fc013a0                __vector_dispatch_13
                0x0000000000000001                ASSERT (((_vector_spacing == 0x0) || (SIZEOF (.vector_13) <= (_vector_spacing << 0x5))), function at exception vector 13 too large)

.vector_14      0x000000009fc013c0        0x8
 *(.vector_14)
 .vector_14     0x000000009fc013c0        0x8 c:/program files/microchip/xc32/v4.35/bin/bin/../../lib/gcc/pic32mx/8.3.1/../../../../pic32mx/lib/mips16\libpic32.a(vector14.o)
                0x000000009fc013c0                __vector_dispatch_14
                0x0000000000000001                ASSERT (((_vector_spacing == 0x0) || (SIZEOF (.vector_14) <= (_vector_spacing << 0x5))), function at exception vector 14 too large)

.vector_15      0x000000009fc013e0        0x8
 *(.vector_15)
 .vector_15     0x000000009fc013e0        0x8 c:/program files/microchip/xc32/v4.35/bin/bin/../../lib/gcc/pic32mx/8.3.1/../../../../pic32mx/lib/mips16\libpic32.a(vector15.o)
                0x000000009fc013e0                __vector_dispatch_15
                0x0000000000000001                ASSERT (((_vector_spacing == 0x0) || (SIZEOF (.vector_15) <= (_vector_spacing << 0x5))), function at exception vector 15 too large)

.vector_16      0x000000009fc01400        0x8
 *(.vector_16)
 .vector_16     0x000000009fc01400        0x8 c:/program files/microchip/xc32/v4.35/bin/bin/../../lib/gcc/pic32mx/8.3.1/../../../../pic32mx/lib/mips16\libpic32.a(vector16.o)
                0x000000009fc01400                __vector_dispatch_16
                0x0000000000000001                ASSERT (((_vector_spacing == 0x0) || (SIZEOF (.vector_16) <= (_vector_spacing << 0x5))), function at exception vector 16 too large)

.vector_17      0x000000009fc01420        0x8
 *(.vector_17)
 .vector_17     0x000000009fc01420        0x8 c:/program files/microchip/xc32/v4.35/bin/bin/../../lib/gcc/pic32mx/8.3.1/../../../../pic32mx/lib/mips16\libpic32.a(vector17.o)
                0x000000009fc01420                __vector_dispatch_17
                0x0000000000000001                ASSERT (((_vector_spacing == 0x0) || (SIZEOF (.vector_17) <= (_vector_spacing << 0x5))), function at exception vector 17 too large)

.vector_18      0x000000009fc01440        0x8
 *(.vector_18)
 .vector_18     0x000000009fc01440        0x8 c:/program files/microchip/xc32/v4.35/bin/bin/../../lib/gcc/pic32mx/8.3.1/../../../../pic32mx/lib/mips16\libpic32.a(vector18.o)
                0x000000009fc01440                __vector_dispatch_18
                0x0000000000000001                ASSERT (((_vector_spacing == 0x0) || (SIZEOF (.vector_18) <= (_vector_spacing << 0x5))), function at exception vector 18 too large)

.vector_19      0x000000009fc01460        0x8
 *(.vector_19)
 .vector_19     0x000000009fc01460        0x8 c:/program files/microchip/xc32/v4.35/bin/bin/../../lib/gcc/pic32mx/8.3.1/../../../../pic32mx/lib/mips16\libpic32.a(vector19.o)
                0x000000009fc01460                __vector_dispatch_19
                0x0000000000000001                ASSERT (((_vector_spacing == 0x0) || (SIZEOF (.vector_19) <= (_vector_spacing << 0x5))), function at exception vector 19 too large)

.vector_20      0x000000009fc01480        0x8
 *(.vector_20)
 .vector_20     0x000000009fc01480        0x8 c:/program files/microchip/xc32/v4.35/bin/bin/../../lib/gcc/pic32mx/8.3.1/../../../../pic32mx/lib/mips16\libpic32.a(vector20.o)
                0x000000009fc01480                __vector_dispatch_20
                0x0000000000000001                ASSERT (((_vector_spacing == 0x0) || (SIZEOF (.vector_20) <= (_vector_spacing << 0x5))), function at exception vector 20 too large)

.vector_21      0x000000009fc014a0        0x8
 *(.vector_21)
 .vector_21     0x000000009fc014a0        0x8 c:/program files/microchip/xc32/v4.35/bin/bin/../../lib/gcc/pic32mx/8.3.1/../../../../pic32mx/lib/mips16\libpic32.a(vector21.o)
                0x000000009fc014a0                __vector_dispatch_21
                0x0000000000000001                ASSERT (((_vector_spacing == 0x0) || (SIZEOF (.vector_21) <= (_vector_spacing << 0x5))), function at exception vector 21 too large)

.vector_22      0x000000009fc014c0        0x8
 *(.vector_22)
 .vector_22     0x000000009fc014c0        0x8 c:/program files/microchip/xc32/v4.35/bin/bin/../../lib/gcc/pic32mx/8.3.1/../../../../pic32mx/lib/mips16\libpic32.a(vector22.o)
                0x000000009fc014c0                __vector_dispatch_22
                0x0000000000000001                ASSERT (((_vector_spacing == 0x0) || (SIZEOF (.vector_22) <= (_vector_spacing << 0x5))), function at exception vector 22 too large)

.vector_23      0x000000009fc014e0        0x8
 *(.vector_23)
 .vector_23     0x000000009fc014e0        0x8 c:/program files/microchip/xc32/v4.35/bin/bin/../../lib/gcc/pic32mx/8.3.1/../../../../pic32mx/lib/mips16\libpic32.a(vector23.o)
                0x000000009fc014e0                __vector_dispatch_23
                0x0000000000000001                ASSERT (((_vector_spacing == 0x0) || (SIZEOF (.vector_23) <= (_vector_spacing << 0x5))), function at exception vector 23 too large)

.vector_24      0x000000009fc01500        0x8
 *(.vector_24)
 .vector_24     0x000000009fc01500        0x8 c:/program files/microchip/xc32/v4.35/bin/bin/../../lib/gcc/pic32mx/8.3.1/../../../../pic32mx/lib/mips16\libpic32.a(vector24.o)
                0x000000009fc01500                __vector_dispatch_24
                0x0000000000000001                ASSERT (((_vector_spacing == 0x0) || (SIZEOF (.vector_24) <= (_vector_spacing << 0x5))), function at exception vector 24 too large)

.vector_25      0x000000009fc01520        0x8
 *(.vector_25)
 .vector_25     0x000000009fc01520        0x8 c:/program files/microchip/xc32/v4.35/bin/bin/../../lib/gcc/pic32mx/8.3.1/../../../../pic32mx/lib/mips16\libpic32.a(vector25.o)
                0x000000009fc01520                __vector_dispatch_25
                0x0000000000000001                ASSERT (((_vector_spacing == 0x0) || (SIZEOF (.vector_25) <= (_vector_spacing << 0x5))), function at exception vector 25 too large)

.vector_26      0x000000009fc01540        0x8
 *(.vector_26)
 .vector_26     0x000000009fc01540        0x8 c:/program files/microchip/xc32/v4.35/bin/bin/../../lib/gcc/pic32mx/8.3.1/../../../../pic32mx/lib/mips16\libpic32.a(vector26.o)
                0x000000009fc01540                __vector_dispatch_26
                0x0000000000000001                ASSERT (((_vector_spacing == 0x0) || (SIZEOF (.vector_26) <= (_vector_spacing << 0x5))), function at exception vector 26 too large)

.vector_27      0x000000009fc01560       0x10
 *(.vector_27)
 .vector_27     0x000000009fc01560       0x10 build/PIC32_with_bootloader/production/PIC32MX564F128H.o
                0x000000009fc01560                __vector_dispatch_27
                0x0000000000000001                ASSERT (((_vector_spacing == 0x0) || (SIZEOF (.vector_27) <= (_vector_spacing << 0x5))), function at exception vector 27 too large)

.vector_28      0x000000009fc01580        0x8
 *(.vector_28)
 .vector_28     0x000000009fc01580        0x8 c:/program files/microchip/xc32/v4.35/bin/bin/../../lib/gcc/pic32mx/8.3.1/../../../../pic32mx/lib/mips16\libpic32.a(vector28.o)
                0x000000009fc01580                __vector_dispatch_28
                0x0000000000000001                ASSERT (((_vector_spacing == 0x0) || (SIZEOF (.vector_28) <= (_vector_spacing << 0x5))), function at exception vector 28 too large)

.vector_29      0x000000009fc015a0        0x8
 *(.vector_29)
 .vector_29     0x000000009fc015a0        0x8 c:/program files/microchip/xc32/v4.35/bin/bin/../../lib/gcc/pic32mx/8.3.1/../../../../pic32mx/lib/mips16\libpic32.a(vector29.o)
                0x000000009fc015a0                __vector_dispatch_29
                0x0000000000000001                ASSERT (((_vector_spacing == 0x0) || (SIZEOF (.vector_29) <= (_vector_spacing << 0x5))), function at exception vector 29 too large)

.vector_30      0x000000009fc015c0       0x10
 *(.vector_30)
 .vector_30     0x000000009fc015c0       0x10 build/PIC32_with_bootloader/production/PIC32MX564F128H.o
                0x000000009fc015c0                __vector_dispatch_30
                0x0000000000000001                ASSERT (((_vector_spacing == 0x0) || (SIZEOF (.vector_30) <= (_vector_spacing << 0x5))), function at exception vector 30 too large)

.vector_31      0x000000009fc015e0       0x10
 *(.vector_31)
 .vector_31     0x000000009fc015e0       0x10 build/PIC32_with_bootloader/production/PIC32MX564F128H.o
                0x000000009fc015e0                __vector_dispatch_31
                0x0000000000000001                ASSERT (((_vector_spacing == 0x0) || (SIZEOF (.vector_31) <= (_vector_spacing << 0x5))), function at exception vector 31 too large)

.vector_32      0x000000009fc01600        0x8
 *(.vector_32)
 .vector_32     0x000000009fc01600        0x8 c:/program files/microchip/xc32/v4.35/bin/bin/../../lib/gcc/pic32mx/8.3.1/../../../../pic32mx/lib/mips16\libpic32.a(vector32.o)
                0x000000009fc01600                __vector_dispatch_32
                0x0000000000000001                ASSERT (((_vector_spacing == 0x0) || (SIZEOF (.vector_32) <= (_vector_spacing << 0x5))), function at exception vector 32 too large)

.vector_33      0x000000009fc01620        0x8
 *(.vector_33)
 .vector_33     0x000000009fc01620        0x8 c:/program files/microchip/xc32/v4.35/bin/bin/../../lib/gcc/pic32mx/8.3.1/../../../../pic32mx/lib/mips16\libpic32.a(vector33.o)
                0x000000009fc01620                __vector_dispatch_33
                0x0000000000000001                ASSERT (((_vector_spacing == 0x0) || (SIZEOF (.vector_33) <= (_vector_spacing << 0x5))), function at exception vector 33 too large)

.vector_34      0x000000009fc01640        0x8
 *(.vector_34)
 .vector_34     0x000000009fc01640        0x8 c:/program files/microchip/xc32/v4.35/bin/bin/../../lib/gcc/pic32mx/8.3.1/../../../../pic32mx/lib/mips16\libpic32.a(vector34.o)
                0x000000009fc01640                __vector_dispatch_34
                0x0000000000000001                ASSERT (((_vector_spacing == 0x0) || (SIZEOF (.vector_34) <= (_vector_spacing << 0x5))), function at exception vector 34 too large)

.vector_35      0x000000009fc01660        0x8
 *(.vector_35)
 .vector_35     0x000000009fc01660        0x8 c:/program files/microchip/xc32/v4.35/bin/bin/../../lib/gcc/pic32mx/8.3.1/../../../../pic32mx/lib/mips16\libpic32.a(vector35.o)
                0x000000009fc01660                __vector_dispatch_35
                0x0000000000000001                ASSERT (((_vector_spacing == 0x0) || (SIZEOF (.vector_35) <= (_vector_spacing << 0x5))), function at exception vector 35 too large)

.vector_36      0x000000009fc01680        0x8
 *(.vector_36)
 .vector_36     0x000000009fc01680        0x8 c:/program files/microchip/xc32/v4.35/bin/bin/../../lib/gcc/pic32mx/8.3.1/../../../../pic32mx/lib/mips16\libpic32.a(vector36.o)
                0x000000009fc01680                __vector_dispatch_36
                0x0000000000000001                ASSERT (((_vector_spacing == 0x0) || (SIZEOF (.vector_36) <= (_vector_spacing << 0x5))), function at exception vector 36 too large)

.vector_37      0x000000009fc016a0        0x8
 *(.vector_37)
 .vector_37     0x000000009fc016a0        0x8 c:/program files/microchip/xc32/v4.35/bin/bin/../../lib/gcc/pic32mx/8.3.1/../../../../pic32mx/lib/mips16\libpic32.a(vector37.o)
                0x000000009fc016a0                __vector_dispatch_37
                0x0000000000000001                ASSERT (((_vector_spacing == 0x0) || (SIZEOF (.vector_37) <= (_vector_spacing << 0x5))), function at exception vector 37 too large)

.vector_38      0x000000009fc016c0        0x8
 *(.vector_38)
 .vector_38     0x000000009fc016c0        0x8 c:/program files/microchip/xc32/v4.35/bin/bin/../../lib/gcc/pic32mx/8.3.1/../../../../pic32mx/lib/mips16\libpic32.a(vector38.o)
                0x000000009fc016c0                __vector_dispatch_38
                0x0000000000000001                ASSERT (((_vector_spacing == 0x0) || (SIZEOF (.vector_38) <= (_vector_spacing << 0x5))), function at exception vector 38 too large)

.vector_39      0x000000009fc016e0        0x8
 *(.vector_39)
 .vector_39     0x000000009fc016e0        0x8 c:/program files/microchip/xc32/v4.35/bin/bin/../../lib/gcc/pic32mx/8.3.1/../../../../pic32mx/lib/mips16\libpic32.a(vector39.o)
                0x000000009fc016e0                __vector_dispatch_39
                0x0000000000000001                ASSERT (((_vector_spacing == 0x0) || (SIZEOF (.vector_39) <= (_vector_spacing << 0x5))), function at exception vector 39 too large)

.vector_40      0x000000009fc01700        0x8
 *(.vector_40)
 .vector_40     0x000000009fc01700        0x8 c:/program files/microchip/xc32/v4.35/bin/bin/../../lib/gcc/pic32mx/8.3.1/../../../../pic32mx/lib/mips16\libpic32.a(vector40.o)
                0x000000009fc01700                __vector_dispatch_40
                0x0000000000000001                ASSERT (((_vector_spacing == 0x0) || (SIZEOF (.vector_40) <= (_vector_spacing << 0x5))), function at exception vector 40 too large)

.vector_41      0x000000009fc01720        0x8
 *(.vector_41)
 .vector_41     0x000000009fc01720        0x8 c:/program files/microchip/xc32/v4.35/bin/bin/../../lib/gcc/pic32mx/8.3.1/../../../../pic32mx/lib/mips16\libpic32.a(vector41.o)
                0x000000009fc01720                __vector_dispatch_41
                0x0000000000000001                ASSERT (((_vector_spacing == 0x0) || (SIZEOF (.vector_41) <= (_vector_spacing << 0x5))), function at exception vector 41 too large)

.vector_42      0x000000009fc01740        0x8
 *(.vector_42)
 .vector_42     0x000000009fc01740        0x8 c:/program files/microchip/xc32/v4.35/bin/bin/../../lib/gcc/pic32mx/8.3.1/../../../../pic32mx/lib/mips16\libpic32.a(vector42.o)
                0x000000009fc01740                __vector_dispatch_42
                0x0000000000000001                ASSERT (((_vector_spacing == 0x0) || (SIZEOF (.vector_42) <= (_vector_spacing << 0x5))), function at exception vector 42 too large)

.vector_43      0x000000009fc01760        0x8
 *(.vector_43)
 .vector_43     0x000000009fc01760        0x8 c:/program files/microchip/xc32/v4.35/bin/bin/../../lib/gcc/pic32mx/8.3.1/../../../../pic32mx/lib/mips16\libpic32.a(vector43.o)
                0x000000009fc01760                __vector_dispatch_43
                0x0000000000000001                ASSERT (((_vector_spacing == 0x0) || (SIZEOF (.vector_43) <= (_vector_spacing << 0x5))), function at exception vector 43 too large)

.vector_44      0x000000009fc01780        0x8
 *(.vector_44)
 .vector_44     0x000000009fc01780        0x8 c:/program files/microchip/xc32/v4.35/bin/bin/../../lib/gcc/pic32mx/8.3.1/../../../../pic32mx/lib/mips16\libpic32.a(vector44.o)
                0x000000009fc01780                __vector_dispatch_44
                0x0000000000000001                ASSERT (((_vector_spacing == 0x0) || (SIZEOF (.vector_44) <= (_vector_spacing << 0x5))), function at exception vector 44 too large)

.vector_45      0x000000009fc017a0        0x8
 *(.vector_45)
 .vector_45     0x000000009fc017a0        0x8 c:/program files/microchip/xc32/v4.35/bin/bin/../../lib/gcc/pic32mx/8.3.1/../../../../pic32mx/lib/mips16\libpic32.a(vector45.o)
                0x000000009fc017a0                __vector_dispatch_45
                0x0000000000000001                ASSERT (((_vector_spacing == 0x0) || (SIZEOF (.vector_45) <= (_vector_spacing << 0x5))), function at exception vector 45 too large)

.vector_46      0x000000009fc017c0        0x8
 *(.vector_46)
 .vector_46     0x000000009fc017c0        0x8 c:/program files/microchip/xc32/v4.35/bin/bin/../../lib/gcc/pic32mx/8.3.1/../../../../pic32mx/lib/mips16\libpic32.a(vector46.o)
                0x000000009fc017c0                __vector_dispatch_46
                0x0000000000000001                ASSERT (((_vector_spacing == 0x0) || (SIZEOF (.vector_46) <= (_vector_spacing << 0x5))), function at exception vector 46 too large)

.vector_47      0x000000009fc017e0        0x8
 *(.vector_47)
 .vector_47     0x000000009fc017e0        0x8 c:/program files/microchip/xc32/v4.35/bin/bin/../../lib/gcc/pic32mx/8.3.1/../../../../pic32mx/lib/mips16\libpic32.a(vector47.o)
                0x000000009fc017e0                __vector_dispatch_47
                0x0000000000000001                ASSERT (((_vector_spacing == 0x0) || (SIZEOF (.vector_47) <= (_vector_spacing << 0x5))), function at exception vector 47 too large)

.vector_48      0x000000009fc01800        0x8
 *(.vector_48)
 .vector_48     0x000000009fc01800        0x8 c:/program files/microchip/xc32/v4.35/bin/bin/../../lib/gcc/pic32mx/8.3.1/../../../../pic32mx/lib/mips16\libpic32.a(vector48.o)
                0x000000009fc01800                __vector_dispatch_48
                0x0000000000000001                ASSERT (((_vector_spacing == 0x0) || (SIZEOF (.vector_48) <= (_vector_spacing << 0x5))), function at exception vector 48 too large)

.vector_49      0x000000009fc01820        0x8
 *(.vector_49)
 .vector_49     0x000000009fc01820        0x8 c:/program files/microchip/xc32/v4.35/bin/bin/../../lib/gcc/pic32mx/8.3.1/../../../../pic32mx/lib/mips16\libpic32.a(vector49.o)
                0x000000009fc01820                __vector_dispatch_49
                0x0000000000000001                ASSERT (((_vector_spacing == 0x0) || (SIZEOF (.vector_49) <= (_vector_spacing << 0x5))), function at exception vector 49 too large)

.vector_50      0x000000009fc01840        0x8
 *(.vector_50)
 .vector_50     0x000000009fc01840        0x8 c:/program files/microchip/xc32/v4.35/bin/bin/../../lib/gcc/pic32mx/8.3.1/../../../../pic32mx/lib/mips16\libpic32.a(vector50.o)
                0x000000009fc01840                __vector_dispatch_50
                0x0000000000000001                ASSERT (((_vector_spacing == 0x0) || (SIZEOF (.vector_50) <= (_vector_spacing << 0x5))), function at exception vector 50 too large)

.vector_51      0x000000009fc01860        0x8
 *(.vector_51)
 .vector_51     0x000000009fc01860        0x8 c:/program files/microchip/xc32/v4.35/bin/bin/../../lib/gcc/pic32mx/8.3.1/../../../../pic32mx/lib/mips16\libpic32.a(vector51.o)
                0x000000009fc01860                __vector_dispatch_51
                0x0000000000000001                ASSERT (((_vector_spacing == 0x0) || (SIZEOF (.vector_51) <= (_vector_spacing << 0x5))), function at exception vector 51 too large)

.vector_52      0x000000009fc01880        0x0
 *(.vector_52)
                0x0000000000000001                ASSERT (((_vector_spacing == 0x0) || (SIZEOF (.vector_52) <= (_vector_spacing << 0x5))), function at exception vector 52 too large)

.vector_53      0x000000009fc018a0        0x0
 *(.vector_53)
                0x0000000000000001                ASSERT (((_vector_spacing == 0x0) || (SIZEOF (.vector_53) <= (_vector_spacing << 0x5))), function at exception vector 53 too large)

.vector_54      0x000000009fc018c0        0x0
 *(.vector_54)
                0x0000000000000001                ASSERT (((_vector_spacing == 0x0) || (SIZEOF (.vector_54) <= (_vector_spacing << 0x5))), function at exception vector 54 too large)

.vector_55      0x000000009fc018e0        0x0
 *(.vector_55)
                0x0000000000000001                ASSERT (((_vector_spacing == 0x0) || (SIZEOF (.vector_55) <= (_vector_spacing << 0x5))), function at exception vector 55 too large)

.vector_56      0x000000009fc01900        0x0
 *(.vector_56)
                0x0000000000000001                ASSERT (((_vector_spacing == 0x0) || (SIZEOF (.vector_56) <= (_vector_spacing << 0x5))), function at exception vector 56 too large)

.vector_57      0x000000009fc01920        0x0
 *(.vector_57)
                0x0000000000000001                ASSERT (((_vector_spacing == 0x0) || (SIZEOF (.vector_57) <= (_vector_spacing << 0x5))), function at exception vector 57 too large)

.vector_58      0x000000009fc01940        0x0
 *(.vector_58)
                0x0000000000000001                ASSERT (((_vector_spacing == 0x0) || (SIZEOF (.vector_58) <= (_vector_spacing << 0x5))), function at exception vector 58 too large)

.vector_59      0x000000009fc01960        0x0
 *(.vector_59)
                0x0000000000000001                ASSERT (((_vector_spacing == 0x0) || (SIZEOF (.vector_59) <= (_vector_spacing << 0x5))), function at exception vector 59 too large)

.vector_60      0x000000009fc01980        0x0
 *(.vector_60)
                0x0000000000000001                ASSERT (((_vector_spacing == 0x0) || (SIZEOF (.vector_60) <= (_vector_spacing << 0x5))), function at exception vector 60 too large)

.vector_61      0x000000009fc019a0        0x0
 *(.vector_61)
                0x0000000000000001                ASSERT (((_vector_spacing == 0x0) || (SIZEOF (.vector_61) <= (_vector_spacing << 0x5))), function at exception vector 61 too large)

.vector_62      0x000000009fc019c0        0x0
 *(.vector_62)
                0x0000000000000001                ASSERT (((_vector_spacing == 0x0) || (SIZEOF (.vector_62) <= (_vector_spacing << 0x5))), function at exception vector 62 too large)

.vector_63      0x000000009fc019e0        0x0
 *(.vector_63)
                0x0000000000000001                ASSERT (((_vector_spacing == 0x0) || (SIZEOF (.vector_63) <= (_vector_spacing << 0x5))), function at exception vector 63 too large)

.startup
 *(.startup)

.text           0x000000009d003e00        0x0
 *(.stub .gnu.linkonce.t.*)
 *(.text.*personality*)
 *(.mips16.fn.*)
 *(.mips16.call.*)
 *(.gnu.warning)
                0x000000009d003e00                . = ALIGN (0x4)

.init           0x000000009d003e00        0x0
 *crti.o(.init)
 *crtbegin.o(.init)
 *(EXCLUDE_FILE(*crtn.o *crtend?.o *crtend.o) .init)
 *crtend.o(.init)
 *crtn.o(.init)
                0x000000009d003e00                . = ALIGN (0x4)

.fini           0x000000009d003e00        0x0
 *(.fini)
                0x000000009d003e00                . = ALIGN (0x4)

.preinit_array  0x000000009d003e00        0x0
                [!provide]                        PROVIDE (__preinit_array_start = .)
 *(.preinit_array)
                [!provide]                        PROVIDE (__preinit_array_end = .)
                0x000000009d003e00                . = ALIGN (0x4)

.init_array     0x000000009d003e00        0x0
                [!provide]                        PROVIDE (__init_array_start = .)
 *(SORT_BY_NAME(.init_array.*))
 *(.init_array)
                [!provide]                        PROVIDE (__init_array_end = .)
                0x000000009d003e00                . = ALIGN (0x4)

.fini_array     0x000000009d003e00        0x0
                [!provide]                        PROVIDE (__fini_array_start = .)
 *(SORT_BY_NAME(.fini_array.*))
 *(.fini_array)
                [!provide]                        PROVIDE (__fini_array_end = .)
                0x000000009d003e00                . = ALIGN (0x4)

.ctors          0x000000009d003e00        0x0
 *crtbegin.o(.ctors)
 *crtbegin?.o(.ctors)
 *(EXCLUDE_FILE(*crtend?.o *crtend.o) .ctors)
 *(SORT_BY_NAME(.ctors.*))
 *(.ctors)
                0x000000009d003e00                . = ALIGN (0x4)

.dtors          0x000000009d003e00        0x0
 *crtbegin.o(.dtors)
 *crtbegin?.o(.dtors)
 *(EXCLUDE_FILE(*crtend?.o *crtend.o) .dtors)
 *(SORT_BY_NAME(.dtors.*))
 *(.dtors)
                0x000000009d003e00                . = ALIGN (0x4)

.rodata         0x000000009d003e00        0x0
 *(.gnu.linkonce.r.*)
 *(.rodata1)
                0x000000009d003e00                . = ALIGN (0x4)

.sdata2         0x000000009d003e00        0x0
 *(.sdata2 .sdata2.* .gnu.linkonce.s2.*)
                0x000000009d003e00                . = ALIGN (0x4)

.sbss2          0x000000009d003e00        0x0
 *(.sbss2 .sbss2.* .gnu.linkonce.sb2.*)
                0x000000009d003e00                . = ALIGN (0x4)

.eh_frame_hdr
 *(.eh_frame_hdr)
                0x000000009d003e00                . = ALIGN (0x4)

.eh_frame
 *(.eh_frame)
                0x000000009d003e00                . = ALIGN (0x4)

.gcc_except_table
 *(.gcc_except_table .gcc_except_table.*)
                0x000000009d003e00                . = ALIGN (0x4)

.dbg_data       0x00000000a0000000        0x0
                0x00000000a0000000                . = (. + DEFINED (_DEBUGGER)?0x200:0x0)

.jcr            0x00000000a0000000        0x0
 *(.jcr)
                0x00000000a0000000                . = ALIGN (0x4)

.eh_frame
 *(.eh_frame)
                0x00000000a0000000                . = ALIGN (0x4)

.gcc_except_table
 *(.gcc_except_table .gcc_except_table.*)
                0x00000000a0000000                . = ALIGN (0x4)

.persist        0x00000000a0000000        0x0
                0x00000000a0000000                _persist_begin = .
 *(.persist .persist.*)
 *(.pbss .pbss.*)
                0x00000000a0000000                . = ALIGN (0x4)
                0x00000000a0000000                _persist_end = .

.data           0x00000000a0000000        0x0
 *(.gnu.linkonce.d.*)
 *(.data1)
                0x00000000a0000000                . = ALIGN (0x4)
                0x00000000a0000000                . = .
                0x00000000a0007ff0                _gp = (ALIGN (0x10) + 0x7ff0)

.got            0x00000000a0000000        0x0
 *(.got.plt)
 *(.got)
                0x00000000a0000000                . = ALIGN (0x4)

.sdata          0x00000000a0000000       0x24
                0x00000000a0000000                _sdata_begin = .
 *(.sdata .sdata.* .gnu.linkonce.s.*)
 .sdata         0x00000000a0000000        0x1 build/PIC32_with_bootloader/production/main.o
                0x00000000a0000000                mainFlags
 *fill*         0x00000000a0000001        0x3 
 .sdata         0x00000000a0000004        0x7 build/PIC32_with_bootloader/production/OLED.o
                0x00000000a0000004                PreUpdateBuff
 *fill*         0x00000000a000000b        0x1 
 .sdata         0x00000000a000000c       0x18 build/PIC32_with_bootloader/production/pars.o
                0x00000000a000000c                StrMenuUp
                0x00000000a0000014                StrButtons
                0x00000000a000001c                StrDispRot
                0x00000000a0000024                . = ALIGN (0x4)
                0x00000000a0000024                _sdata_end = .

.lit8
 *(.lit8)

.lit4
 *(.lit4)
                0x00000000a0000024                . = ALIGN (0x4)
                0x00000000a0000024                _data_end = .
                0x00000000a0000024                _bss_begin = .

.sbss           0x00000000a0000024      0x1f4
                0x00000000a0000024                _sbss_begin = .
 *(.dynsbss)
 *(.sbss .sbss.* .gnu.linkonce.sb.*)
 .sbss          0x00000000a0000024        0xc build/PIC32_with_bootloader/production/usb/usb_driver.o
                0x00000000a0000028                USBInHandle
                0x00000000a000002c                USBOutHandle
 .sbss          0x00000000a0000030        0x8 build/PIC32_with_bootloader/production/isr.o
                0x00000000a0000034                ISRComplete
 .sbss          0x00000000a0000038        0x6 build/PIC32_with_bootloader/production/iron.o
 *fill*         0x00000000a000003e        0x2 
 .sbss          0x00000000a0000040       0x10 build/PIC32_with_bootloader/production/io.o
 .sbss          0x00000000a0000050       0x6c build/PIC32_with_bootloader/production/menu.o
 .sbss          0x00000000a00000bc        0x1 build/PIC32_with_bootloader/production/OLED.o
                0x00000000a00000bc                DisplaySetup
 *fill*         0x00000000a00000bd        0x3 
 .sbss          0x00000000a00000c0        0xc build/PIC32_with_bootloader/production/PIC32MX564F128H.o
                0x00000000a00000c8                ADCAuto
 *(.scommon)
 .scommon       0x00000000a00000cc       0x6c build/PIC32_with_bootloader/production/usb/usb_device.o
                0x00000000a00000cc                pDst
                0x00000000a00000d0                USBDeferINDataStagePackets
                0x00000000a00000d4                CtrlTrfData
                0x00000000a00000dc                USBDeferOUTDataStagePackets
                0x00000000a00000e0                USBDeviceState
                0x00000000a00000e4                controlTransferState
                0x00000000a00000e5                endpoint_number
                0x00000000a00000e8                pBDTEntryIn
                0x00000000a00000f0                ep_data_out
                0x00000000a00000f4                USBStatusStageEnabledFlag1
                0x00000000a00000f8                USBStatusStageEnabledFlag2
                0x00000000a00000fc                pBDTEntryOut
                0x00000000a0000104                BothEP0OutUOWNsSet
                0x00000000a0000108                pBDTEntryEP0OutNext
                0x00000000a000010c                USBBusIsSuspended
                0x00000000a0000110                USBStatusStageTimeoutCounter
                0x00000000a0000114                SetupPkt
                0x00000000a000011c                ep_data_in
                0x00000000a000011e                shortPacketStatus
                0x00000000a0000120                pBDTEntryEP0OutCurrent
                0x00000000a0000124                USBActiveConfiguration
                0x00000000a0000128                RemoteWakeup
                0x00000000a000012c                USTATcopy
                0x00000000a0000130                USBAlternateInterface
                0x00000000a0000134                USBDeferStatusStagePacket
 .scommon       0x00000000a0000138        0x2 build/PIC32_with_bootloader/production/usb/usb_function_hid.o
                0x00000000a0000138                active_protocol
                0x00000000a0000139                idle_rate
 *fill*         0x00000000a000013a        0x2 
 .scommon       0x00000000a000013c       0x38 build/PIC32_with_bootloader/production/main.o
                0x00000000a000013c                CalCh
                0x00000000a0000140                MAINS_PER_E_US
                0x00000000a0000144                InvertTicks
                0x00000000a0000148                MAINS_PER
                0x00000000a000014c                BeepTicks
                0x00000000a0000150                POWER_DUTY
                0x00000000a0000154                MAINS_PER_Q_US
                0x00000000a0000158                Enc
                0x00000000a000015c                MAINS_PER_H_US
                0x00000000a0000160                BoardVersion
                0x00000000a0000164                C_PER
                0x00000000a0000168                T_PER
                0x00000000a000016c                TTemp
                0x00000000a0000170                MAINS_PER_US
 .scommon       0x00000000a0000174       0x69 build/PIC32_with_bootloader/production/isr.o
                0x00000000a0000174                EEPCntR
                0x00000000a0000176                EEPCntW
                0x00000000a0000178                NoHeater
                0x00000000a000017c                ISRStep
                0x00000000a0000180                I2CIdle
                0x00000000a0000184                ADCStep
                0x00000000a0000188                KeepOff
                0x00000000a000018c                CompLowTime
                0x00000000a0000190                EEPAddrR
                0x00000000a0000194                EEPDataW
                0x00000000a0000198                I2CCCommand
                0x00000000a000019c                VTIBuffCnt
                0x00000000a00001a0                CompLowTimeOff
                0x00000000a00001a4                ShortCircuit
                0x00000000a00001a8                I2CData
                0x00000000a00001b0                I2CCommands
                0x00000000a00001b4                Holder
                0x00000000a00001b8                ISRTicks
                0x00000000a00001bc                I2CStep
                0x00000000a00001c0                CJTicks
                0x00000000a00001c4                OffDelayOff
                0x00000000a00001c8                EEPDataR
                0x00000000a00001cc                EEPAddrW
                0x00000000a00001d0                ISRStopped
                0x00000000a00001d4                NoSensor
                0x00000000a00001d8                CompLowTimeOn
                0x00000000a00001dc                PHEATER
 *fill*         0x00000000a00001dd        0x3 
 .scommon       0x00000000a00001e0        0x8 build/PIC32_with_bootloader/production/iron.o
                0x00000000a00001e0                IronID
                0x00000000a00001e4                IronTicks
 .scommon       0x00000000a00001e8       0x14 build/PIC32_with_bootloader/production/PID.o
                0x00000000a00001e8                CRTemp
                0x00000000a00001ec                CTTemp
                0x00000000a00001f0                CJTemp
                0x00000000a00001f4                RTAvg
                0x00000000a00001f8                PIDTicks
 .scommon       0x00000000a00001fc       0x10 build/PIC32_with_bootloader/production/menu.o
                0x00000000a00001fc                OLEDTemp
                0x00000000a0000200                OLEDMsg1
                0x00000000a0000204                OLEDPower
                0x00000000a0000208                OLEDMsg2
 .scommon       0x00000000a000020c        0xc build/PIC32_with_bootloader/production/PIC32MX564F128H.o
                0x00000000a000020c                _MRT_LastCoreTimer
                0x00000000a0000210                mcuADCRES
                0x00000000a0000214                SPIAuto
                0x00000000a0000218                _sbss_end = .
                0x00000000a0000218                . = ALIGN (0x4)

.bss            0x00000000a0000400     0x10d4
 *(.dynbss)
 *(COMMON)
 COMMON         0x00000000a0000400       0x5b build/PIC32_with_bootloader/production/usb/usb_device.o
                0x00000000a0000400                BDT
                0x00000000a0000440                inPipes
                0x00000000a0000450                outPipes
 *fill*         0x00000000a000045b        0x1 
 COMMON         0x00000000a000045c       0x80 build/PIC32_with_bootloader/production/usb/usb_driver.o
                0x00000000a000045c                USBRxBuffer
                0x00000000a000049c                USBTxBuffer
 COMMON         0x00000000a00004dc       0x13 build/PIC32_with_bootloader/production/main.o
                0x00000000a00004dc                pars
 *fill*         0x00000000a00004ef        0x1 
 COMMON         0x00000000a00004f0      0x828 build/PIC32_with_bootloader/production/isr.o
                0x00000000a00004f0                TIBuff
                0x00000000a00008f0                VBuff
                0x00000000a0000cf0                ADCData
 COMMON         0x00000000a0000d18       0xa4 build/PIC32_with_bootloader/production/iron.o
                0x00000000a0000d18                IronPars
 COMMON         0x00000000a0000dbc      0x290 build/PIC32_with_bootloader/production/PID.o
                0x00000000a0000dbc                PIDVars
 COMMON         0x00000000a000104c       0x85 build/PIC32_with_bootloader/production/io.o
                0x00000000a000104c                TXP
                0x00000000a0001090                RXP
 *fill*         0x00000000a00010d1        0x3 
 COMMON         0x00000000a00010d4      0x400 build/PIC32_with_bootloader/production/OLED.o
                0x00000000a00010d4                OLEDBUFF
                0x00000000a00014d4                . = ALIGN ((. != 0x0)?0x4:0x1)
                0x00000000a00014d4                . = ALIGN (0x4)
                0x00000000a00014d4                _end = .
                0x00000000a00014d4                _bss_end = .
                0x0000000000008000                _bmxdudba_address = LENGTH (kseg1_data_mem)
                0x0000000000008000                _bmxdupba_address = LENGTH (kseg1_data_mem)

/DISCARD/
 *(.pdr)
 *(.rel.dyn)
 *(.note.GNU-stack)
 *(.note.GNU-stack)
 *(.gnu_debuglink)
 *(.gnu.lto_*)
 *(.discard)

.gptab.sdata
 *(.gptab.data)
 *(.gptab.sdata)

.gptab.sbss
 *(.gptab.bss)
 *(.gptab.sbss)

.mdebug.abi32   0x00000000a00014d4        0x0
 *(.mdebug.abi32)
 .mdebug.abi32  0x00000000a00014d4        0x0 build/PIC32_with_bootloader/production/usb/usb_descriptors.o
 .mdebug.abi32  0x00000000a00014d4        0x0 build/PIC32_with_bootloader/production/usb/usb_device.o
 .mdebug.abi32  0x00000000a00014d4        0x0 build/PIC32_with_bootloader/production/usb/usb_driver.o
 .mdebug.abi32  0x00000000a00014d4        0x0 build/PIC32_with_bootloader/production/usb/usb_function_hid.o
 .mdebug.abi32  0x00000000a00014d4        0x0 build/PIC32_with_bootloader/production/usb/usb_hal_pic24.o
 .mdebug.abi32  0x00000000a00014d4        0x0 build/PIC32_with_bootloader/production/main.o
 .mdebug.abi32  0x00000000a00014d4        0x0 build/PIC32_with_bootloader/production/isr.o
 .mdebug.abi32  0x00000000a00014d4        0x0 build/PIC32_with_bootloader/production/iron.o
 .mdebug.abi32  0x00000000a00014d4        0x0 build/PIC32_with_bootloader/production/PID.o
 .mdebug.abi32  0x00000000a00014d4        0x0 build/PIC32_with_bootloader/production/io.o
 .mdebug.abi32  0x00000000a00014d4        0x0 build/PIC32_with_bootloader/production/menu.o
 .mdebug.abi32  0x00000000a00014d4        0x0 build/PIC32_with_bootloader/production/EEP.o
 .mdebug.abi32  0x00000000a00014d4        0x0 build/PIC32_with_bootloader/production/OLED.o
 .mdebug.abi32  0x00000000a00014d4        0x0 build/PIC32_with_bootloader/production/pars.o
 .mdebug.abi32  0x00000000a00014d4        0x0 build/PIC32_with_bootloader/production/sensorMath.o
 .mdebug.abi32  0x00000000a00014d4        0x0 build/PIC32_with_bootloader/production/PIC32MX564F128H.o
 .mdebug.abi32  0x00000000a00014d4        0x0 c:/program files/microchip/xc32/v4.35/bin/bin/../../lib/gcc/pic32mx/8.3.1/../../../../pic32mx/lib/mips16\libmchp_peripheral.a(open_core_timer_lib.o)
 .mdebug.abi32  0x00000000a00014d4        0x0 c:/program files/microchip/xc32/v4.35/bin/bin/../../lib/gcc/pic32mx/8.3.1/../../../../pic32mx/lib/mips16\libmchp_peripheral.a(read_core_timer_lib.o)
 .mdebug.abi32  0x00000000a00014d4        0x0 c:/program files/microchip/xc32/v4.35/bin/bin/../../lib/gcc/pic32mx/8.3.1/../../../../pic32mx/lib/mips16\libmchp_peripheral_32MX534F064H.a(soft_reset_lib.o)
 .mdebug.abi32  0x00000000a00014d4        0x0 c:/program files/microchip/xc32/v4.35/bin/bin/../../lib/gcc/pic32mx/8.3.1/../../../../pic32mx/lib/mips16\libmchp_peripheral_32MX534F064H.a(pcache.o)
 .mdebug.abi32  0x00000000a00014d4        0x0 c:/program files/microchip/xc32/v4.35/bin/bin/../../lib/gcc/pic32mx/8.3.1/../../../../pic32mx/lib/mips16\libmchp_peripheral_32MX534F064H.a(int_enable_interrupts_lib.o)
 .mdebug.abi32  0x00000000a00014d4        0x0 c:/program files/microchip/xc32/v4.35/bin/bin/../../lib/gcc/pic32mx/8.3.1/../../../../pic32mx/lib/mips16\libmchp_peripheral_32MX534F064H.a(int_disable_interrupts_lib.o)
 .mdebug.abi32  0x00000000a00014d4        0x0 c:/program files/microchip/xc32/v4.35/bin/bin/../../lib/gcc/pic32mx/8.3.1/../../../../pic32mx/lib/mips16\libmchp_peripheral_32MX534F064H.a(int_restore_interrupts_lib.o)
 .mdebug.abi32  0x00000000a00014d4        0x0 c:/program files/microchip/xc32/v4.35/bin/bin/../../lib/gcc/pic32mx/8.3.1/../../../../pic32mx/lib/mips16\libmchp_peripheral_32MX534F064H.a(int_enable_mv_int_lib.o)
 .mdebug.abi32  0x00000000a00014d4        0x0 c:/program files/microchip/xc32/v4.35/bin/bin/../../lib/gcc/pic32mx/8.3.1/../../../../pic32mx/lib/mips16\libmchp_peripheral_32MX534F064H.a(int_tbl_lib.o)
 .mdebug.abi32  0x00000000a00014d4        0x0 c:/program files/microchip/xc32/v4.35/bin/bin/../../lib/gcc/pic32mx/8.3.1/../../../../pic32mx/lib/mips16\libmchp_peripheral_32MX534F064H.a(spi_chn_close_lib.o)
 .mdebug.abi32  0x00000000a00014d4        0x0 c:/program files/microchip/xc32/v4.35/bin/bin/../../lib/gcc/pic32mx/8.3.1/../../../../pic32mx/lib/mips16\libmchp_peripheral_32MX534F064H.a(spi_chn_open_lib.o)
 .mdebug.abi32  0x00000000a00014d4        0x0 c:/program files/microchip/xc32/v4.35/bin/bin/../../lib/gcc/pic32mx/8.3.1/../../../../pic32mx/lib/mips16\libmchp_peripheral_32MX534F064H.a(spi_chn_putc_lib.o)
 .mdebug.abi32  0x00000000a00014d4        0x0 c:/program files/microchip/xc32/v4.35/bin/bin/../../lib/gcc/pic32mx/8.3.1/../../../../pic32mx/lib/mips16\libmchp_peripheral_32MX534F064H.a(spi_chn_puts_lib.o)
 .mdebug.abi32  0x00000000a00014d4        0x0 c:/program files/microchip/xc32/v4.35/bin/bin/../../lib/gcc/pic32mx/8.3.1/../../../../pic32mx/lib/mips16\libmchp_peripheral_32MX534F064H.a(spi_chn_is_busy_lib.o)
 .mdebug.abi32  0x00000000a00014d4        0x0 c:/program files/microchip/xc32/v4.35/bin/bin/../../lib/gcc/pic32mx/8.3.1/../../../../pic32mx/lib/mips16\libmchp_peripheral_32MX534F064H.a(spi_io_tbl_libp.o)
 .mdebug.abi32  0x00000000a00014d4        0x0 c:/program files/microchip/xc32/v4.35/bin/bin/../../lib/gcc/pic32mx/8.3.1/../../../../pic32mx/lib/mips16\libmchp_peripheral_32MX534F064H.a(spi_map_tbl_libp.o)
 .mdebug.abi32  0x00000000a00014d4        0x0 c:/program files/microchip/xc32/v4.35/bin/bin/../../lib/gcc/pic32mx/8.3.1/../../../../pic32mx/lib/mips16\libmchp_peripheral_32MX534F064H.a(dma_chn_abort_txfer_lib.o)
 .mdebug.abi32  0x00000000a00014d4        0x0 c:/program files/microchip/xc32/v4.35/bin/bin/../../lib/gcc/pic32mx/8.3.1/../../../../pic32mx/lib/mips16\libmchp_peripheral_32MX534F064H.a(dma_chn_open_lib.o)
 .mdebug.abi32  0x00000000a00014d4        0x0 c:/program files/microchip/xc32/v4.35/bin/bin/../../lib/gcc/pic32mx/8.3.1/../../../../pic32mx/lib/mips16\libmchp_peripheral_32MX534F064H.a(dma_chn_disable_lib.o)
 .mdebug.abi32  0x00000000a00014d4        0x0 c:/program files/microchip/xc32/v4.35/bin/bin/../../lib/gcc/pic32mx/8.3.1/../../../../pic32mx/lib/mips16\libmchp_peripheral_32MX534F064H.a(dma_chn_enable_lib.o)
 .mdebug.abi32  0x00000000a00014d4        0x0 c:/program files/microchip/xc32/v4.35/bin/bin/../../lib/gcc/pic32mx/8.3.1/../../../../pic32mx/lib/mips16\libmchp_peripheral_32MX534F064H.a(dma_chn_get_dst_pnt_lib.o)
 .mdebug.abi32  0x00000000a00014d4        0x0 c:/program files/microchip/xc32/v4.35/bin/bin/../../lib/gcc/pic32mx/8.3.1/../../../../pic32mx/lib/mips16\libmchp_peripheral_32MX534F064H.a(dma_chn_write_event_control_flags_lib.o)
 .mdebug.abi32  0x00000000a00014d4        0x0 c:/program files/microchip/xc32/v4.35/bin/bin/../../lib/gcc/pic32mx/8.3.1/../../../../pic32mx/lib/mips16\libmchp_peripheral_32MX534F064H.a(dma_chn_set_txfer_lib.o)
 .mdebug.abi32  0x00000000a00014d4        0x0 c:/program files/microchip/xc32/v4.35/bin/bin/../../lib/gcc/pic32mx/8.3.1/../../../../pic32mx/lib/mips16\libmchp_peripheral_32MX534F064H.a(dma_chn_write_ev_enable_flags_lib.o)
 .mdebug.abi32  0x00000000a00014d4        0x0 c:/program files/microchip/xc32/v4.35/bin/bin/../../lib/gcc/pic32mx/8.3.1/../../../../pic32mx/lib/mips16\libmchp_peripheral_32MX534F064H.a(dma_reg_map_tbl_lib.o)
 .mdebug.abi32  0x00000000a00014d4        0x0 c:/program files/microchip/xc32/v4.35/bin/bin/../../lib/gcc/pic32mx/8.3.1/../../../../pic32mx/lib/mips16\libmchp_peripheral_32MX534F064H.a(port_reset_pins_lib.o)
 .mdebug.abi32  0x00000000a00014d4        0x0 c:/program files/microchip/xc32/v4.35/bin/bin/../../lib/gcc/pic32mx/8.3.1/../../../../pic32mx/lib/mips16\libmchp_peripheral_32MX534F064H.a(port_set_pins_digital_in_lib.o)
 .mdebug.abi32  0x00000000a00014d4        0x0 c:/program files/microchip/xc32/v4.35/bin/bin/../../lib/gcc/pic32mx/8.3.1/../../../../pic32mx/lib/mips16\libmchp_peripheral_32MX534F064H.a(port_set_pins_digital_out_lib.o)
 .mdebug.abi32  0x00000000a00014d4        0x0 c:/program files/microchip/xc32/v4.35/bin/bin/../../lib/gcc/pic32mx/8.3.1/../../../../pic32mx/lib/mips16\libmchp_peripheral_32MX534F064H.a(_ports_tbl_libp.o)
 .mdebug.abi32  0x00000000a00014d4        0x0 c:/program files/microchip/xc32/v4.35/bin/bin/../../lib/gcc/pic32mx/8.3.1/../../../../pic32mx/lib/mips16\libmchp_peripheral_32MX534F064H.a(uart_lib.o)
 .mdebug.abi32  0x00000000a00014d4        0x0 c:/program files/microchip/xc32/v4.35/bin/bin/../../lib/gcc/pic32mx/8.3.1/../../../../pic32mx/lib/mips16\libmchp_peripheral_32MX534F064H.a(I2CAcknowledgeByte.o)
 .mdebug.abi32  0x00000000a00014d4        0x0 c:/program files/microchip/xc32/v4.35/bin/bin/../../lib/gcc/pic32mx/8.3.1/../../../../pic32mx/lib/mips16\libmchp_peripheral_32MX534F064H.a(I2CByteWasAcknowledged.o)
 .mdebug.abi32  0x00000000a00014d4        0x0 c:/program files/microchip/xc32/v4.35/bin/bin/../../lib/gcc/pic32mx/8.3.1/../../../../pic32mx/lib/mips16\libmchp_peripheral_32MX534F064H.a(I2CEnable.o)
 .mdebug.abi32  0x00000000a00014d4        0x0 c:/program files/microchip/xc32/v4.35/bin/bin/../../lib/gcc/pic32mx/8.3.1/../../../../pic32mx/lib/mips16\libmchp_peripheral_32MX534F064H.a(I2CGetByte.o)
 .mdebug.abi32  0x00000000a00014d4        0x0 c:/program files/microchip/xc32/v4.35/bin/bin/../../lib/gcc/pic32mx/8.3.1/../../../../pic32mx/lib/mips16\libmchp_peripheral_32MX534F064H.a(I2CReceiverEnable.o)
 .mdebug.abi32  0x00000000a00014d4        0x0 c:/program files/microchip/xc32/v4.35/bin/bin/../../lib/gcc/pic32mx/8.3.1/../../../../pic32mx/lib/mips16\libmchp_peripheral_32MX534F064H.a(I2CSendByte.o)
 .mdebug.abi32  0x00000000a00014d4        0x0 c:/program files/microchip/xc32/v4.35/bin/bin/../../lib/gcc/pic32mx/8.3.1/../../../../pic32mx/lib/mips16\libmchp_peripheral_32MX534F064H.a(I2CSetFrequency.o)
 .mdebug.abi32  0x00000000a00014d4        0x0 c:/program files/microchip/xc32/v4.35/bin/bin/../../lib/gcc/pic32mx/8.3.1/../../../../pic32mx/lib/mips16\libmchp_peripheral_32MX534F064H.a(I2CStart.o)
 .mdebug.abi32  0x00000000a00014d4        0x0 c:/program files/microchip/xc32/v4.35/bin/bin/../../lib/gcc/pic32mx/8.3.1/../../../../pic32mx/lib/mips16\libmchp_peripheral_32MX534F064H.a(I2CStop.o)
 .mdebug.abi32  0x00000000a00014d4        0x0 c:/program files/microchip/xc32/v4.35/bin/bin/../../lib/gcc/pic32mx/8.3.1/../../../../pic32mx/lib/mips16\libmchp_peripheral_32MX534F064H.a(I2CPrivate.o)
 .mdebug.abi32  0x00000000a00014d4        0x0 c:/program files/microchip/xc32/v4.35/bin/bin/../../lib/gcc/pic32mx/8.3.1/../../../../pic32mx/lib/mips16\libpic32.a(default-bootstrap-exception-handler.o)
 .mdebug.abi32  0x00000000a00014d4        0x0 c:/program files/microchip/xc32/v4.35/bin/bin/../../lib/gcc/pic32mx/8.3.1/../../../../pic32mx/lib/mips16\libpic32.a(default-on-reset.o)
 .mdebug.abi32  0x00000000a00014d4        0x0 c:/program files/microchip/xc32/v4.35/bin/bin/../../lib/gcc/pic32mx/8.3.1/../../../../pic32mx/lib/mips16\libpic32.a(default-on-bootstrap.o)
 .mdebug.abi32  0x00000000a00014d4        0x0 c:/program files/microchip/xc32/v4.35/bin/bin/../../lib/gcc/pic32mx/8.3.1/../../../../pic32mx/lib/mips16\libpic32.a(default-general-exception-handler.o)
 .mdebug.abi32  0x00000000a00014d4        0x0 c:/program files/microchip/xc32/v4.35/bin/bin/../../lib/gcc/pic32mx/8.3.1/../../../../pic32mx/lib/mips16\libpic32.a(defaultinterrupt.o)

.mdebug.abiN32
 *(.mdebug.abiN32)

.mdebug.abi64
 *(.mdebug.abi64)

.mdebug.abiO64
 *(.mdebug.abiO64)

.mdebug.eabi32
 *(.mdebug.eabi32)

.mdebug.eabi64
 *(.mdebug.eabi64)

.gcc_compiled_long32
 *(.gcc_compiled_long32)

.gcc_compiled_long64
 *(.gcc_compiled_long64)

.stab
 *(.stab)

.stabstr
 *(.stabstr)

.stab.excl
 *(.stab.excl)

.stab.exclstr
 *(.stab.exclstr)

.stab.index
 *(.stab.index)

.stab.indexstr
 *(.stab.indexstr)

.comment        0x0000000000000000       0x7f
 *(.comment)
 .comment       0x0000000000000000       0x2b build/PIC32_with_bootloader/production/usb/usb_descriptors.o
                                         0x2c (size before relaxing)
 .comment       0x000000000000002b       0x2c build/PIC32_with_bootloader/production/usb/usb_device.o
 .comment       0x000000000000002b       0x2c build/PIC32_with_bootloader/production/usb/usb_driver.o
 .comment       0x000000000000002b       0x2c build/PIC32_with_bootloader/production/usb/usb_function_hid.o
 .comment       0x000000000000002b       0x2c build/PIC32_with_bootloader/production/usb/usb_hal_pic24.o
 .comment       0x000000000000002b       0x2c build/PIC32_with_bootloader/production/main.o
 .comment       0x000000000000002b       0x2c build/PIC32_with_bootloader/production/isr.o
 .comment       0x000000000000002b       0x2c build/PIC32_with_bootloader/production/iron.o
 .comment       0x000000000000002b       0x2c build/PIC32_with_bootloader/production/PID.o
 .comment       0x000000000000002b       0x2c build/PIC32_with_bootloader/production/io.o
 .comment       0x000000000000002b       0x2c build/PIC32_with_bootloader/production/menu.o
 .comment       0x000000000000002b       0x2c build/PIC32_with_bootloader/production/EEP.o
 .comment       0x000000000000002b       0x2c build/PIC32_with_bootloader/production/OLED.o
 .comment       0x000000000000002b       0x2c build/PIC32_with_bootloader/production/pars.o
 .comment       0x000000000000002b       0x2c build/PIC32_with_bootloader/production/sensorMath.o
 .comment       0x000000000000002b       0x2c build/PIC32_with_bootloader/production/PIC32MX564F128H.o
 .comment       0x000000000000002b       0x3c c:/program files/microchip/xc32/v4.35/bin/bin/../../lib/gcc/pic32mx/8.3.1/../../../../pic32mx/lib/mips16\libmchp_peripheral.a(open_core_timer_lib.o)
                                         0x3d (size before relaxing)
 .comment       0x0000000000000067       0x3d c:/program files/microchip/xc32/v4.35/bin/bin/../../lib/gcc/pic32mx/8.3.1/../../../../pic32mx/lib/mips16\libmchp_peripheral.a(read_core_timer_lib.o)
 .comment       0x0000000000000067       0x3d c:/program files/microchip/xc32/v4.35/bin/bin/../../lib/gcc/pic32mx/8.3.1/../../../../pic32mx/lib/mips16\libmchp_peripheral_32MX534F064H.a(soft_reset_lib.o)
 .comment       0x0000000000000067       0x3d c:/program files/microchip/xc32/v4.35/bin/bin/../../lib/gcc/pic32mx/8.3.1/../../../../pic32mx/lib/mips16\libmchp_peripheral_32MX534F064H.a(pcache.o)
 .comment       0x0000000000000067       0x3d c:/program files/microchip/xc32/v4.35/bin/bin/../../lib/gcc/pic32mx/8.3.1/../../../../pic32mx/lib/mips16\libmchp_peripheral_32MX534F064H.a(int_enable_interrupts_lib.o)
 .comment       0x0000000000000067       0x3d c:/program files/microchip/xc32/v4.35/bin/bin/../../lib/gcc/pic32mx/8.3.1/../../../../pic32mx/lib/mips16\libmchp_peripheral_32MX534F064H.a(int_disable_interrupts_lib.o)
 .comment       0x0000000000000067       0x3d c:/program files/microchip/xc32/v4.35/bin/bin/../../lib/gcc/pic32mx/8.3.1/../../../../pic32mx/lib/mips16\libmchp_peripheral_32MX534F064H.a(int_restore_interrupts_lib.o)
 .comment       0x0000000000000067       0x3d c:/program files/microchip/xc32/v4.35/bin/bin/../../lib/gcc/pic32mx/8.3.1/../../../../pic32mx/lib/mips16\libmchp_peripheral_32MX534F064H.a(int_enable_mv_int_lib.o)
 .comment       0x0000000000000067       0x3d c:/program files/microchip/xc32/v4.35/bin/bin/../../lib/gcc/pic32mx/8.3.1/../../../../pic32mx/lib/mips16\libmchp_peripheral_32MX534F064H.a(int_tbl_lib.o)
 .comment       0x0000000000000067       0x3d c:/program files/microchip/xc32/v4.35/bin/bin/../../lib/gcc/pic32mx/8.3.1/../../../../pic32mx/lib/mips16\libmchp_peripheral_32MX534F064H.a(spi_chn_close_lib.o)
 .comment       0x0000000000000067       0x3d c:/program files/microchip/xc32/v4.35/bin/bin/../../lib/gcc/pic32mx/8.3.1/../../../../pic32mx/lib/mips16\libmchp_peripheral_32MX534F064H.a(spi_chn_open_lib.o)
 .comment       0x0000000000000067       0x3d c:/program files/microchip/xc32/v4.35/bin/bin/../../lib/gcc/pic32mx/8.3.1/../../../../pic32mx/lib/mips16\libmchp_peripheral_32MX534F064H.a(spi_chn_putc_lib.o)
 .comment       0x0000000000000067       0x3d c:/program files/microchip/xc32/v4.35/bin/bin/../../lib/gcc/pic32mx/8.3.1/../../../../pic32mx/lib/mips16\libmchp_peripheral_32MX534F064H.a(spi_chn_puts_lib.o)
 .comment       0x0000000000000067       0x3d c:/program files/microchip/xc32/v4.35/bin/bin/../../lib/gcc/pic32mx/8.3.1/../../../../pic32mx/lib/mips16\libmchp_peripheral_32MX534F064H.a(spi_chn_is_busy_lib.o)
 .comment       0x0000000000000067       0x3d c:/program files/microchip/xc32/v4.35/bin/bin/../../lib/gcc/pic32mx/8.3.1/../../../../pic32mx/lib/mips16\libmchp_peripheral_32MX534F064H.a(spi_io_tbl_libp.o)
 .comment       0x0000000000000067       0x3d c:/program files/microchip/xc32/v4.35/bin/bin/../../lib/gcc/pic32mx/8.3.1/../../../../pic32mx/lib/mips16\libmchp_peripheral_32MX534F064H.a(spi_map_tbl_libp.o)
 .comment       0x0000000000000067       0x3d c:/program files/microchip/xc32/v4.35/bin/bin/../../lib/gcc/pic32mx/8.3.1/../../../../pic32mx/lib/mips16\libmchp_peripheral_32MX534F064H.a(dma_chn_abort_txfer_lib.o)
 .comment       0x0000000000000067       0x3d c:/program files/microchip/xc32/v4.35/bin/bin/../../lib/gcc/pic32mx/8.3.1/../../../../pic32mx/lib/mips16\libmchp_peripheral_32MX534F064H.a(dma_chn_open_lib.o)
 .comment       0x0000000000000067       0x3d c:/program files/microchip/xc32/v4.35/bin/bin/../../lib/gcc/pic32mx/8.3.1/../../../../pic32mx/lib/mips16\libmchp_peripheral_32MX534F064H.a(dma_chn_disable_lib.o)
 .comment       0x0000000000000067       0x3d c:/program files/microchip/xc32/v4.35/bin/bin/../../lib/gcc/pic32mx/8.3.1/../../../../pic32mx/lib/mips16\libmchp_peripheral_32MX534F064H.a(dma_chn_enable_lib.o)
 .comment       0x0000000000000067       0x3d c:/program files/microchip/xc32/v4.35/bin/bin/../../lib/gcc/pic32mx/8.3.1/../../../../pic32mx/lib/mips16\libmchp_peripheral_32MX534F064H.a(dma_chn_get_dst_pnt_lib.o)
 .comment       0x0000000000000067       0x3d c:/program files/microchip/xc32/v4.35/bin/bin/../../lib/gcc/pic32mx/8.3.1/../../../../pic32mx/lib/mips16\libmchp_peripheral_32MX534F064H.a(dma_chn_write_event_control_flags_lib.o)
 .comment       0x0000000000000067       0x3d c:/program files/microchip/xc32/v4.35/bin/bin/../../lib/gcc/pic32mx/8.3.1/../../../../pic32mx/lib/mips16\libmchp_peripheral_32MX534F064H.a(dma_chn_set_txfer_lib.o)
 .comment       0x0000000000000067       0x3d c:/program files/microchip/xc32/v4.35/bin/bin/../../lib/gcc/pic32mx/8.3.1/../../../../pic32mx/lib/mips16\libmchp_peripheral_32MX534F064H.a(dma_chn_write_ev_enable_flags_lib.o)
 .comment       0x0000000000000067       0x3d c:/program files/microchip/xc32/v4.35/bin/bin/../../lib/gcc/pic32mx/8.3.1/../../../../pic32mx/lib/mips16\libmchp_peripheral_32MX534F064H.a(dma_reg_map_tbl_lib.o)
 .comment       0x0000000000000067       0x3d c:/program files/microchip/xc32/v4.35/bin/bin/../../lib/gcc/pic32mx/8.3.1/../../../../pic32mx/lib/mips16\libmchp_peripheral_32MX534F064H.a(port_reset_pins_lib.o)
 .comment       0x0000000000000067       0x3d c:/program files/microchip/xc32/v4.35/bin/bin/../../lib/gcc/pic32mx/8.3.1/../../../../pic32mx/lib/mips16\libmchp_peripheral_32MX534F064H.a(port_set_pins_digital_in_lib.o)
 .comment       0x0000000000000067       0x3d c:/program files/microchip/xc32/v4.35/bin/bin/../../lib/gcc/pic32mx/8.3.1/../../../../pic32mx/lib/mips16\libmchp_peripheral_32MX534F064H.a(port_set_pins_digital_out_lib.o)
 .comment       0x0000000000000067       0x3d c:/program files/microchip/xc32/v4.35/bin/bin/../../lib/gcc/pic32mx/8.3.1/../../../../pic32mx/lib/mips16\libmchp_peripheral_32MX534F064H.a(_ports_tbl_libp.o)
 .comment       0x0000000000000067       0x3d c:/program files/microchip/xc32/v4.35/bin/bin/../../lib/gcc/pic32mx/8.3.1/../../../../pic32mx/lib/mips16\libmchp_peripheral_32MX534F064H.a(uart_lib.o)
 .comment       0x0000000000000067       0x3d c:/program files/microchip/xc32/v4.35/bin/bin/../../lib/gcc/pic32mx/8.3.1/../../../../pic32mx/lib/mips16\libmchp_peripheral_32MX534F064H.a(I2CAcknowledgeByte.o)
 .comment       0x0000000000000067       0x3d c:/program files/microchip/xc32/v4.35/bin/bin/../../lib/gcc/pic32mx/8.3.1/../../../../pic32mx/lib/mips16\libmchp_peripheral_32MX534F064H.a(I2CByteWasAcknowledged.o)
 .comment       0x0000000000000067       0x3d c:/program files/microchip/xc32/v4.35/bin/bin/../../lib/gcc/pic32mx/8.3.1/../../../../pic32mx/lib/mips16\libmchp_peripheral_32MX534F064H.a(I2CEnable.o)
 .comment       0x0000000000000067       0x3d c:/program files/microchip/xc32/v4.35/bin/bin/../../lib/gcc/pic32mx/8.3.1/../../../../pic32mx/lib/mips16\libmchp_peripheral_32MX534F064H.a(I2CGetByte.o)
 .comment       0x0000000000000067       0x3d c:/program files/microchip/xc32/v4.35/bin/bin/../../lib/gcc/pic32mx/8.3.1/../../../../pic32mx/lib/mips16\libmchp_peripheral_32MX534F064H.a(I2CReceiverEnable.o)
 .comment       0x0000000000000067       0x3d c:/program files/microchip/xc32/v4.35/bin/bin/../../lib/gcc/pic32mx/8.3.1/../../../../pic32mx/lib/mips16\libmchp_peripheral_32MX534F064H.a(I2CSendByte.o)
 .comment       0x0000000000000067       0x3d c:/program files/microchip/xc32/v4.35/bin/bin/../../lib/gcc/pic32mx/8.3.1/../../../../pic32mx/lib/mips16\libmchp_peripheral_32MX534F064H.a(I2CSetFrequency.o)
 .comment       0x0000000000000067       0x3d c:/program files/microchip/xc32/v4.35/bin/bin/../../lib/gcc/pic32mx/8.3.1/../../../../pic32mx/lib/mips16\libmchp_peripheral_32MX534F064H.a(I2CStart.o)
 .comment       0x0000000000000067       0x3d c:/program files/microchip/xc32/v4.35/bin/bin/../../lib/gcc/pic32mx/8.3.1/../../../../pic32mx/lib/mips16\libmchp_peripheral_32MX534F064H.a(I2CStop.o)
 .comment       0x0000000000000067       0x3d c:/program files/microchip/xc32/v4.35/bin/bin/../../lib/gcc/pic32mx/8.3.1/../../../../pic32mx/lib/mips16\libmchp_peripheral_32MX534F064H.a(I2CPrivate.o)
 .comment       0x0000000000000067       0x18 c:/program files/microchip/xc32/v4.35/bin/bin/../../lib/gcc/pic32mx/8.3.1/../../../../pic32mx/lib/mips16\libpic32.a(memset.o)
                                         0x19 (size before relaxing)
 .comment       0x000000000000007f       0x2c c:/program files/microchip/xc32/v4.35/bin/bin/../../lib/gcc/pic32mx/8.3.1/../../../../pic32mx/lib/mips16\libpic32.a(default-bootstrap-exception-handler.o)
 .comment       0x000000000000007f       0x2c c:/program files/microchip/xc32/v4.35/bin/bin/../../lib/gcc/pic32mx/8.3.1/../../../../pic32mx/lib/mips16\libpic32.a(default-on-reset.o)
 .comment       0x000000000000007f       0x2c c:/program files/microchip/xc32/v4.35/bin/bin/../../lib/gcc/pic32mx/8.3.1/../../../../pic32mx/lib/mips16\libpic32.a(default-on-bootstrap.o)
 .comment       0x000000000000007f       0x2c c:/program files/microchip/xc32/v4.35/bin/bin/../../lib/gcc/pic32mx/8.3.1/../../../../pic32mx/lib/mips16\libpic32.a(default-general-exception-handler.o)
 .comment       0x000000000000007f       0x2c c:/program files/microchip/xc32/v4.35/bin/bin/../../lib/gcc/pic32mx/8.3.1/../../../../pic32mx/lib/mips16\libpic32.a(defaultinterrupt.o)

.debug
 *(.debug)

.line
 *(.line)

.debug_srcinfo
 *(.debug_srcinfo)

.debug_sfnames
 *(.debug_sfnames)

.debug_aranges  0x0000000000000000     0x2c40
 *(.debug_aranges)
 .debug_aranges
                0x0000000000000000      0x260 build/PIC32_with_bootloader/production/usb/usb_descriptors.o
 .debug_aranges
                0x0000000000000260      0x2b0 build/PIC32_with_bootloader/production/usb/usb_device.o
 .debug_aranges
                0x0000000000000510      0x290 build/PIC32_with_bootloader/production/usb/usb_driver.o
 .debug_aranges
                0x00000000000007a0      0x268 build/PIC32_with_bootloader/production/usb/usb_function_hid.o
 .debug_aranges
                0x0000000000000a08      0x260 build/PIC32_with_bootloader/production/usb/usb_hal_pic24.o
 .debug_aranges
                0x0000000000000c68      0x268 build/PIC32_with_bootloader/production/main.o
 .debug_aranges
                0x0000000000000ed0      0x2a0 build/PIC32_with_bootloader/production/isr.o
 .debug_aranges
                0x0000000000001170      0x278 build/PIC32_with_bootloader/production/iron.o
 .debug_aranges
                0x00000000000013e8      0x278 build/PIC32_with_bootloader/production/PID.o
 .debug_aranges
                0x0000000000001660      0x278 build/PIC32_with_bootloader/production/io.o
 .debug_aranges
                0x00000000000018d8      0x278 build/PIC32_with_bootloader/production/menu.o
 .debug_aranges
                0x0000000000001b50      0x278 build/PIC32_with_bootloader/production/EEP.o
 .debug_aranges
                0x0000000000001dc8      0x2d8 build/PIC32_with_bootloader/production/OLED.o
 .debug_aranges
                0x00000000000020a0      0x298 build/PIC32_with_bootloader/production/pars.o
 .debug_aranges
                0x0000000000002338       0x20 build/PIC32_with_bootloader/production/sensorMath.o
 .debug_aranges
                0x0000000000002358      0x350 build/PIC32_with_bootloader/production/PIC32MX564F128H.o
 .debug_aranges
                0x00000000000026a8       0x20 c:/program files/microchip/xc32/v4.35/bin/bin/../../lib/gcc/pic32mx/8.3.1/../../../../pic32mx/lib/mips16\libmchp_peripheral.a(open_core_timer_lib.o)
 .debug_aranges
                0x00000000000026c8       0x20 c:/program files/microchip/xc32/v4.35/bin/bin/../../lib/gcc/pic32mx/8.3.1/../../../../pic32mx/lib/mips16\libmchp_peripheral.a(read_core_timer_lib.o)
 .debug_aranges
                0x00000000000026e8       0x20 c:/program files/microchip/xc32/v4.35/bin/bin/../../lib/gcc/pic32mx/8.3.1/../../../../pic32mx/lib/mips16\libmchp_peripheral_32MX534F064H.a(soft_reset_lib.o)
 .debug_aranges
                0x0000000000002708       0x28 c:/program files/microchip/xc32/v4.35/bin/bin/../../lib/gcc/pic32mx/8.3.1/../../../../pic32mx/lib/mips16\libmchp_peripheral_32MX534F064H.a(pcache.o)
 .debug_aranges
                0x0000000000002730       0x20 c:/program files/microchip/xc32/v4.35/bin/bin/../../lib/gcc/pic32mx/8.3.1/../../../../pic32mx/lib/mips16\libmchp_peripheral_32MX534F064H.a(int_enable_interrupts_lib.o)
 .debug_aranges
                0x0000000000002750       0x20 c:/program files/microchip/xc32/v4.35/bin/bin/../../lib/gcc/pic32mx/8.3.1/../../../../pic32mx/lib/mips16\libmchp_peripheral_32MX534F064H.a(int_disable_interrupts_lib.o)
 .debug_aranges
                0x0000000000002770       0x20 c:/program files/microchip/xc32/v4.35/bin/bin/../../lib/gcc/pic32mx/8.3.1/../../../../pic32mx/lib/mips16\libmchp_peripheral_32MX534F064H.a(int_restore_interrupts_lib.o)
 .debug_aranges
                0x0000000000002790       0x20 c:/program files/microchip/xc32/v4.35/bin/bin/../../lib/gcc/pic32mx/8.3.1/../../../../pic32mx/lib/mips16\libmchp_peripheral_32MX534F064H.a(int_enable_mv_int_lib.o)
 .debug_aranges
                0x00000000000027b0       0x60 c:/program files/microchip/xc32/v4.35/bin/bin/../../lib/gcc/pic32mx/8.3.1/../../../../pic32mx/lib/mips16\libmchp_peripheral_32MX534F064H.a(int_tbl_lib.o)
 .debug_aranges
                0x0000000000002810       0x20 c:/program files/microchip/xc32/v4.35/bin/bin/../../lib/gcc/pic32mx/8.3.1/../../../../pic32mx/lib/mips16\libmchp_peripheral_32MX534F064H.a(spi_chn_close_lib.o)
 .debug_aranges
                0x0000000000002830       0x20 c:/program files/microchip/xc32/v4.35/bin/bin/../../lib/gcc/pic32mx/8.3.1/../../../../pic32mx/lib/mips16\libmchp_peripheral_32MX534F064H.a(spi_chn_open_lib.o)
 .debug_aranges
                0x0000000000002850       0x30 c:/program files/microchip/xc32/v4.35/bin/bin/../../lib/gcc/pic32mx/8.3.1/../../../../pic32mx/lib/mips16\libmchp_peripheral_32MX534F064H.a(spi_chn_putc_lib.o)
 .debug_aranges
                0x0000000000002880       0x20 c:/program files/microchip/xc32/v4.35/bin/bin/../../lib/gcc/pic32mx/8.3.1/../../../../pic32mx/lib/mips16\libmchp_peripheral_32MX534F064H.a(spi_chn_puts_lib.o)
 .debug_aranges
                0x00000000000028a0       0x28 c:/program files/microchip/xc32/v4.35/bin/bin/../../lib/gcc/pic32mx/8.3.1/../../../../pic32mx/lib/mips16\libmchp_peripheral_32MX534F064H.a(spi_chn_is_busy_lib.o)
 .debug_aranges
                0x00000000000028c8       0x20 c:/program files/microchip/xc32/v4.35/bin/bin/../../lib/gcc/pic32mx/8.3.1/../../../../pic32mx/lib/mips16\libmchp_peripheral_32MX534F064H.a(dma_chn_abort_txfer_lib.o)
 .debug_aranges
                0x00000000000028e8       0x20 c:/program files/microchip/xc32/v4.35/bin/bin/../../lib/gcc/pic32mx/8.3.1/../../../../pic32mx/lib/mips16\libmchp_peripheral_32MX534F064H.a(dma_chn_open_lib.o)
 .debug_aranges
                0x0000000000002908       0x20 c:/program files/microchip/xc32/v4.35/bin/bin/../../lib/gcc/pic32mx/8.3.1/../../../../pic32mx/lib/mips16\libmchp_peripheral_32MX534F064H.a(dma_chn_disable_lib.o)
 .debug_aranges
                0x0000000000002928       0x20 c:/program files/microchip/xc32/v4.35/bin/bin/../../lib/gcc/pic32mx/8.3.1/../../../../pic32mx/lib/mips16\libmchp_peripheral_32MX534F064H.a(dma_chn_enable_lib.o)
 .debug_aranges
                0x0000000000002948       0x20 c:/program files/microchip/xc32/v4.35/bin/bin/../../lib/gcc/pic32mx/8.3.1/../../../../pic32mx/lib/mips16\libmchp_peripheral_32MX534F064H.a(dma_chn_get_dst_pnt_lib.o)
 .debug_aranges
                0x0000000000002968       0x20 c:/program files/microchip/xc32/v4.35/bin/bin/../../lib/gcc/pic32mx/8.3.1/../../../../pic32mx/lib/mips16\libmchp_peripheral_32MX534F064H.a(dma_chn_write_event_control_flags_lib.o)
 .debug_aranges
                0x0000000000002988       0x20 c:/program files/microchip/xc32/v4.35/bin/bin/../../lib/gcc/pic32mx/8.3.1/../../../../pic32mx/lib/mips16\libmchp_peripheral_32MX534F064H.a(dma_chn_set_txfer_lib.o)
 .debug_aranges
                0x00000000000029a8       0x20 c:/program files/microchip/xc32/v4.35/bin/bin/../../lib/gcc/pic32mx/8.3.1/../../../../pic32mx/lib/mips16\libmchp_peripheral_32MX534F064H.a(dma_chn_write_ev_enable_flags_lib.o)
 .debug_aranges
                0x00000000000029c8       0x20 c:/program files/microchip/xc32/v4.35/bin/bin/../../lib/gcc/pic32mx/8.3.1/../../../../pic32mx/lib/mips16\libmchp_peripheral_32MX534F064H.a(port_reset_pins_lib.o)
 .debug_aranges
                0x00000000000029e8       0x20 c:/program files/microchip/xc32/v4.35/bin/bin/../../lib/gcc/pic32mx/8.3.1/../../../../pic32mx/lib/mips16\libmchp_peripheral_32MX534F064H.a(port_set_pins_digital_in_lib.o)
 .debug_aranges
                0x0000000000002a08       0x20 c:/program files/microchip/xc32/v4.35/bin/bin/../../lib/gcc/pic32mx/8.3.1/../../../../pic32mx/lib/mips16\libmchp_peripheral_32MX534F064H.a(port_set_pins_digital_out_lib.o)
 .debug_aranges
                0x0000000000002a28       0x58 c:/program files/microchip/xc32/v4.35/bin/bin/../../lib/gcc/pic32mx/8.3.1/../../../../pic32mx/lib/mips16\libmchp_peripheral_32MX534F064H.a(uart_lib.o)
 .debug_aranges
                0x0000000000002a80       0x20 c:/program files/microchip/xc32/v4.35/bin/bin/../../lib/gcc/pic32mx/8.3.1/../../../../pic32mx/lib/mips16\libmchp_peripheral_32MX534F064H.a(I2CAcknowledgeByte.o)
 .debug_aranges
                0x0000000000002aa0       0x20 c:/program files/microchip/xc32/v4.35/bin/bin/../../lib/gcc/pic32mx/8.3.1/../../../../pic32mx/lib/mips16\libmchp_peripheral_32MX534F064H.a(I2CByteWasAcknowledged.o)
 .debug_aranges
                0x0000000000002ac0       0x20 c:/program files/microchip/xc32/v4.35/bin/bin/../../lib/gcc/pic32mx/8.3.1/../../../../pic32mx/lib/mips16\libmchp_peripheral_32MX534F064H.a(I2CEnable.o)
 .debug_aranges
                0x0000000000002ae0       0x20 c:/program files/microchip/xc32/v4.35/bin/bin/../../lib/gcc/pic32mx/8.3.1/../../../../pic32mx/lib/mips16\libmchp_peripheral_32MX534F064H.a(I2CGetByte.o)
 .debug_aranges
                0x0000000000002b00       0x20 c:/program files/microchip/xc32/v4.35/bin/bin/../../lib/gcc/pic32mx/8.3.1/../../../../pic32mx/lib/mips16\libmchp_peripheral_32MX534F064H.a(I2CReceiverEnable.o)
 .debug_aranges
                0x0000000000002b20       0x20 c:/program files/microchip/xc32/v4.35/bin/bin/../../lib/gcc/pic32mx/8.3.1/../../../../pic32mx/lib/mips16\libmchp_peripheral_32MX534F064H.a(I2CSendByte.o)
 .debug_aranges
                0x0000000000002b40       0x20 c:/program files/microchip/xc32/v4.35/bin/bin/../../lib/gcc/pic32mx/8.3.1/../../../../pic32mx/lib/mips16\libmchp_peripheral_32MX534F064H.a(I2CSetFrequency.o)
 .debug_aranges
                0x0000000000002b60       0x20 c:/program files/microchip/xc32/v4.35/bin/bin/../../lib/gcc/pic32mx/8.3.1/../../../../pic32mx/lib/mips16\libmchp_peripheral_32MX534F064H.a(I2CStart.o)
 .debug_aranges
                0x0000000000002b80       0x20 c:/program files/microchip/xc32/v4.35/bin/bin/../../lib/gcc/pic32mx/8.3.1/../../../../pic32mx/lib/mips16\libmchp_peripheral_32MX534F064H.a(I2CStop.o)
 .debug_aranges
                0x0000000000002ba0       0x20 c:/program files/microchip/xc32/v4.35/bin/bin/../../lib/gcc/pic32mx/8.3.1/../../../../pic32mx/lib/mips16\libpic32.a(default-bootstrap-exception-handler.o)
 .debug_aranges
                0x0000000000002bc0       0x20 c:/program files/microchip/xc32/v4.35/bin/bin/../../lib/gcc/pic32mx/8.3.1/../../../../pic32mx/lib/mips16\libpic32.a(default-on-reset.o)
 .debug_aranges
                0x0000000000002be0       0x20 c:/program files/microchip/xc32/v4.35/bin/bin/../../lib/gcc/pic32mx/8.3.1/../../../../pic32mx/lib/mips16\libpic32.a(default-on-bootstrap.o)
 .debug_aranges
                0x0000000000002c00       0x20 c:/program files/microchip/xc32/v4.35/bin/bin/../../lib/gcc/pic32mx/8.3.1/../../../../pic32mx/lib/mips16\libpic32.a(default-general-exception-handler.o)
 .debug_aranges
                0x0000000000002c20       0x20 c:/program files/microchip/xc32/v4.35/bin/bin/../../lib/gcc/pic32mx/8.3.1/../../../../pic32mx/lib/mips16\libpic32.a(defaultinterrupt.o)

.debug_pubnames
 *(.debug_pubnames)

.debug_info     0x0000000000000000    0x38a5c
 *(.debug_info .gnu.linkonce.wi.*)
 .debug_info    0x0000000000000000     0x29a9 build/PIC32_with_bootloader/production/usb/usb_descriptors.o
 .debug_info    0x00000000000029a9     0x4898 build/PIC32_with_bootloader/production/usb/usb_device.o
 .debug_info    0x0000000000007241     0x2b2e build/PIC32_with_bootloader/production/usb/usb_driver.o
 .debug_info    0x0000000000009d6f     0x2e20 build/PIC32_with_bootloader/production/usb/usb_function_hid.o
 .debug_info    0x000000000000cb8f     0x25c5 build/PIC32_with_bootloader/production/usb/usb_hal_pic24.o
 .debug_info    0x000000000000f154     0x3b4b build/PIC32_with_bootloader/production/main.o
 .debug_info    0x0000000000012c9f     0x494b build/PIC32_with_bootloader/production/isr.o
 .debug_info    0x00000000000175ea     0x3716 build/PIC32_with_bootloader/production/iron.o
 .debug_info    0x000000000001ad00     0x30b2 build/PIC32_with_bootloader/production/PID.o
 .debug_info    0x000000000001ddb2     0x35a7 build/PIC32_with_bootloader/production/io.o
 .debug_info    0x0000000000021359     0x5101 build/PIC32_with_bootloader/production/menu.o
 .debug_info    0x000000000002645a     0x2797 build/PIC32_with_bootloader/production/EEP.o
 .debug_info    0x0000000000028bf1     0x4a2b build/PIC32_with_bootloader/production/OLED.o
 .debug_info    0x000000000002d61c     0x2fcc build/PIC32_with_bootloader/production/pars.o
 .debug_info    0x00000000000305e8      0x438 build/PIC32_with_bootloader/production/sensorMath.o
 .debug_info    0x0000000000030a20     0x6560 build/PIC32_with_bootloader/production/PIC32MX564F128H.o
 .debug_info    0x0000000000036f80       0xa8 c:/program files/microchip/xc32/v4.35/bin/bin/../../lib/gcc/pic32mx/8.3.1/../../../../pic32mx/lib/mips16\libmchp_peripheral.a(open_core_timer_lib.o)
 .debug_info    0x0000000000037028       0xa8 c:/program files/microchip/xc32/v4.35/bin/bin/../../lib/gcc/pic32mx/8.3.1/../../../../pic32mx/lib/mips16\libmchp_peripheral.a(read_core_timer_lib.o)
 .debug_info    0x00000000000370d0       0xb0 c:/program files/microchip/xc32/v4.35/bin/bin/../../lib/gcc/pic32mx/8.3.1/../../../../pic32mx/lib/mips16\libmchp_peripheral_32MX534F064H.a(soft_reset_lib.o)
 .debug_info    0x0000000000037180       0xbe c:/program files/microchip/xc32/v4.35/bin/bin/../../lib/gcc/pic32mx/8.3.1/../../../../pic32mx/lib/mips16\libmchp_peripheral_32MX534F064H.a(pcache.o)
 .debug_info    0x000000000003723e       0xb2 c:/program files/microchip/xc32/v4.35/bin/bin/../../lib/gcc/pic32mx/8.3.1/../../../../pic32mx/lib/mips16\libmchp_peripheral_32MX534F064H.a(int_enable_interrupts_lib.o)
 .debug_info    0x00000000000372f0       0xb4 c:/program files/microchip/xc32/v4.35/bin/bin/../../lib/gcc/pic32mx/8.3.1/../../../../pic32mx/lib/mips16\libmchp_peripheral_32MX534F064H.a(int_disable_interrupts_lib.o)
 .debug_info    0x00000000000373a4       0xb4 c:/program files/microchip/xc32/v4.35/bin/bin/../../lib/gcc/pic32mx/8.3.1/../../../../pic32mx/lib/mips16\libmchp_peripheral_32MX534F064H.a(int_restore_interrupts_lib.o)
 .debug_info    0x0000000000037458       0xba c:/program files/microchip/xc32/v4.35/bin/bin/../../lib/gcc/pic32mx/8.3.1/../../../../pic32mx/lib/mips16\libmchp_peripheral_32MX534F064H.a(int_enable_mv_int_lib.o)
 .debug_info    0x0000000000037512      0x19c c:/program files/microchip/xc32/v4.35/bin/bin/../../lib/gcc/pic32mx/8.3.1/../../../../pic32mx/lib/mips16\libmchp_peripheral_32MX534F064H.a(int_tbl_lib.o)
 .debug_info    0x00000000000376ae       0xa2 c:/program files/microchip/xc32/v4.35/bin/bin/../../lib/gcc/pic32mx/8.3.1/../../../../pic32mx/lib/mips16\libmchp_peripheral_32MX534F064H.a(spi_chn_close_lib.o)
 .debug_info    0x0000000000037750       0xa0 c:/program files/microchip/xc32/v4.35/bin/bin/../../lib/gcc/pic32mx/8.3.1/../../../../pic32mx/lib/mips16\libmchp_peripheral_32MX534F064H.a(spi_chn_open_lib.o)
 .debug_info    0x00000000000377f0       0xeb c:/program files/microchip/xc32/v4.35/bin/bin/../../lib/gcc/pic32mx/8.3.1/../../../../pic32mx/lib/mips16\libmchp_peripheral_32MX534F064H.a(spi_chn_putc_lib.o)
 .debug_info    0x00000000000378db       0xb3 c:/program files/microchip/xc32/v4.35/bin/bin/../../lib/gcc/pic32mx/8.3.1/../../../../pic32mx/lib/mips16\libmchp_peripheral_32MX534F064H.a(spi_chn_puts_lib.o)
 .debug_info    0x000000000003798e       0xc4 c:/program files/microchip/xc32/v4.35/bin/bin/../../lib/gcc/pic32mx/8.3.1/../../../../pic32mx/lib/mips16\libmchp_peripheral_32MX534F064H.a(spi_chn_is_busy_lib.o)
 .debug_info    0x0000000000037a52       0xad c:/program files/microchip/xc32/v4.35/bin/bin/../../lib/gcc/pic32mx/8.3.1/../../../../pic32mx/lib/mips16\libmchp_peripheral_32MX534F064H.a(dma_chn_abort_txfer_lib.o)
 .debug_info    0x0000000000037aff       0xb3 c:/program files/microchip/xc32/v4.35/bin/bin/../../lib/gcc/pic32mx/8.3.1/../../../../pic32mx/lib/mips16\libmchp_peripheral_32MX534F064H.a(dma_chn_open_lib.o)
 .debug_info    0x0000000000037bb2       0xa6 c:/program files/microchip/xc32/v4.35/bin/bin/../../lib/gcc/pic32mx/8.3.1/../../../../pic32mx/lib/mips16\libmchp_peripheral_32MX534F064H.a(dma_chn_disable_lib.o)
 .debug_info    0x0000000000037c58       0xa4 c:/program files/microchip/xc32/v4.35/bin/bin/../../lib/gcc/pic32mx/8.3.1/../../../../pic32mx/lib/mips16\libmchp_peripheral_32MX534F064H.a(dma_chn_enable_lib.o)
 .debug_info    0x0000000000037cfc       0xac c:/program files/microchip/xc32/v4.35/bin/bin/../../lib/gcc/pic32mx/8.3.1/../../../../pic32mx/lib/mips16\libmchp_peripheral_32MX534F064H.a(dma_chn_get_dst_pnt_lib.o)
 .debug_info    0x0000000000037da8       0xc7 c:/program files/microchip/xc32/v4.35/bin/bin/../../lib/gcc/pic32mx/8.3.1/../../../../pic32mx/lib/mips16\libmchp_peripheral_32MX534F064H.a(dma_chn_write_event_control_flags_lib.o)
 .debug_info    0x0000000000037e6f       0xba c:/program files/microchip/xc32/v4.35/bin/bin/../../lib/gcc/pic32mx/8.3.1/../../../../pic32mx/lib/mips16\libmchp_peripheral_32MX534F064H.a(dma_chn_set_txfer_lib.o)
 .debug_info    0x0000000000037f29       0xbf c:/program files/microchip/xc32/v4.35/bin/bin/../../lib/gcc/pic32mx/8.3.1/../../../../pic32mx/lib/mips16\libmchp_peripheral_32MX534F064H.a(dma_chn_write_ev_enable_flags_lib.o)
 .debug_info    0x0000000000037fe8       0xa8 c:/program files/microchip/xc32/v4.35/bin/bin/../../lib/gcc/pic32mx/8.3.1/../../../../pic32mx/lib/mips16\libmchp_peripheral_32MX534F064H.a(port_reset_pins_lib.o)
 .debug_info    0x0000000000038090       0xb8 c:/program files/microchip/xc32/v4.35/bin/bin/../../lib/gcc/pic32mx/8.3.1/../../../../pic32mx/lib/mips16\libmchp_peripheral_32MX534F064H.a(port_set_pins_digital_in_lib.o)
 .debug_info    0x0000000000038148       0xba c:/program files/microchip/xc32/v4.35/bin/bin/../../lib/gcc/pic32mx/8.3.1/../../../../pic32mx/lib/mips16\libmchp_peripheral_32MX534F064H.a(port_set_pins_digital_out_lib.o)
 .debug_info    0x0000000000038202      0x17a c:/program files/microchip/xc32/v4.35/bin/bin/../../lib/gcc/pic32mx/8.3.1/../../../../pic32mx/lib/mips16\libmchp_peripheral_32MX534F064H.a(uart_lib.o)
 .debug_info    0x000000000003837c       0xaa c:/program files/microchip/xc32/v4.35/bin/bin/../../lib/gcc/pic32mx/8.3.1/../../../../pic32mx/lib/mips16\libmchp_peripheral_32MX534F064H.a(I2CAcknowledgeByte.o)
 .debug_info    0x0000000000038426       0xb2 c:/program files/microchip/xc32/v4.35/bin/bin/../../lib/gcc/pic32mx/8.3.1/../../../../pic32mx/lib/mips16\libmchp_peripheral_32MX534F064H.a(I2CByteWasAcknowledged.o)
 .debug_info    0x00000000000384d8       0x98 c:/program files/microchip/xc32/v4.35/bin/bin/../../lib/gcc/pic32mx/8.3.1/../../../../pic32mx/lib/mips16\libmchp_peripheral_32MX534F064H.a(I2CEnable.o)
 .debug_info    0x0000000000038570       0x9a c:/program files/microchip/xc32/v4.35/bin/bin/../../lib/gcc/pic32mx/8.3.1/../../../../pic32mx/lib/mips16\libmchp_peripheral_32MX534F064H.a(I2CGetByte.o)
 .debug_info    0x000000000003860a       0xa8 c:/program files/microchip/xc32/v4.35/bin/bin/../../lib/gcc/pic32mx/8.3.1/../../../../pic32mx/lib/mips16\libmchp_peripheral_32MX534F064H.a(I2CReceiverEnable.o)
 .debug_info    0x00000000000386b2       0x9c c:/program files/microchip/xc32/v4.35/bin/bin/../../lib/gcc/pic32mx/8.3.1/../../../../pic32mx/lib/mips16\libmchp_peripheral_32MX534F064H.a(I2CSendByte.o)
 .debug_info    0x000000000003874e       0xa4 c:/program files/microchip/xc32/v4.35/bin/bin/../../lib/gcc/pic32mx/8.3.1/../../../../pic32mx/lib/mips16\libmchp_peripheral_32MX534F064H.a(I2CSetFrequency.o)
 .debug_info    0x00000000000387f2       0x96 c:/program files/microchip/xc32/v4.35/bin/bin/../../lib/gcc/pic32mx/8.3.1/../../../../pic32mx/lib/mips16\libmchp_peripheral_32MX534F064H.a(I2CStart.o)
 .debug_info    0x0000000000038888       0x94 c:/program files/microchip/xc32/v4.35/bin/bin/../../lib/gcc/pic32mx/8.3.1/../../../../pic32mx/lib/mips16\libmchp_peripheral_32MX534F064H.a(I2CStop.o)
 .debug_info    0x000000000003891c       0x41 c:/program files/microchip/xc32/v4.35/bin/bin/../../lib/gcc/pic32mx/8.3.1/../../../../pic32mx/lib/mips16\libpic32.a(default-bootstrap-exception-handler.o)
 .debug_info    0x000000000003895d       0x3f c:/program files/microchip/xc32/v4.35/bin/bin/../../lib/gcc/pic32mx/8.3.1/../../../../pic32mx/lib/mips16\libpic32.a(default-on-reset.o)
 .debug_info    0x000000000003899c       0x3f c:/program files/microchip/xc32/v4.35/bin/bin/../../lib/gcc/pic32mx/8.3.1/../../../../pic32mx/lib/mips16\libpic32.a(default-on-bootstrap.o)
 .debug_info    0x00000000000389db       0x41 c:/program files/microchip/xc32/v4.35/bin/bin/../../lib/gcc/pic32mx/8.3.1/../../../../pic32mx/lib/mips16\libpic32.a(default-general-exception-handler.o)
 .debug_info    0x0000000000038a1c       0x40 c:/program files/microchip/xc32/v4.35/bin/bin/../../lib/gcc/pic32mx/8.3.1/../../../../pic32mx/lib/mips16\libpic32.a(defaultinterrupt.o)

.debug_abbrev   0x0000000000000000     0x56e7
 *(.debug_abbrev)
 .debug_abbrev  0x0000000000000000      0x493 build/PIC32_with_bootloader/production/usb/usb_descriptors.o
 .debug_abbrev  0x0000000000000493      0x629 build/PIC32_with_bootloader/production/usb/usb_device.o
 .debug_abbrev  0x0000000000000abc      0x4cc build/PIC32_with_bootloader/production/usb/usb_driver.o
 .debug_abbrev  0x0000000000000f88      0x4ef build/PIC32_with_bootloader/production/usb/usb_function_hid.o
 .debug_abbrev  0x0000000000001477      0x44d build/PIC32_with_bootloader/production/usb/usb_hal_pic24.o
 .debug_abbrev  0x00000000000018c4      0x4f4 build/PIC32_with_bootloader/production/main.o
 .debug_abbrev  0x0000000000001db8      0x5a3 build/PIC32_with_bootloader/production/isr.o
 .debug_abbrev  0x000000000000235b      0x50b build/PIC32_with_bootloader/production/iron.o
 .debug_abbrev  0x0000000000002866      0x50d build/PIC32_with_bootloader/production/PID.o
 .debug_abbrev  0x0000000000002d73      0x520 build/PIC32_with_bootloader/production/io.o
 .debug_abbrev  0x0000000000003293      0x5cf build/PIC32_with_bootloader/production/menu.o
 .debug_abbrev  0x0000000000003862      0x4c0 build/PIC32_with_bootloader/production/EEP.o
 .debug_abbrev  0x0000000000003d22      0x5cc build/PIC32_with_bootloader/production/OLED.o
 .debug_abbrev  0x00000000000042ee      0x520 build/PIC32_with_bootloader/production/pars.o
 .debug_abbrev  0x000000000000480e      0x19c build/PIC32_with_bootloader/production/sensorMath.o
 .debug_abbrev  0x00000000000049aa      0x675 build/PIC32_with_bootloader/production/PIC32MX564F128H.o
 .debug_abbrev  0x000000000000501f       0x28 c:/program files/microchip/xc32/v4.35/bin/bin/../../lib/gcc/pic32mx/8.3.1/../../../../pic32mx/lib/mips16\libmchp_peripheral.a(open_core_timer_lib.o)
 .debug_abbrev  0x0000000000005047       0x28 c:/program files/microchip/xc32/v4.35/bin/bin/../../lib/gcc/pic32mx/8.3.1/../../../../pic32mx/lib/mips16\libmchp_peripheral.a(read_core_timer_lib.o)
 .debug_abbrev  0x000000000000506f       0x37 c:/program files/microchip/xc32/v4.35/bin/bin/../../lib/gcc/pic32mx/8.3.1/../../../../pic32mx/lib/mips16\libmchp_peripheral_32MX534F064H.a(soft_reset_lib.o)
 .debug_abbrev  0x00000000000050a6       0x28 c:/program files/microchip/xc32/v4.35/bin/bin/../../lib/gcc/pic32mx/8.3.1/../../../../pic32mx/lib/mips16\libmchp_peripheral_32MX534F064H.a(pcache.o)
 .debug_abbrev  0x00000000000050ce       0x28 c:/program files/microchip/xc32/v4.35/bin/bin/../../lib/gcc/pic32mx/8.3.1/../../../../pic32mx/lib/mips16\libmchp_peripheral_32MX534F064H.a(int_enable_interrupts_lib.o)
 .debug_abbrev  0x00000000000050f6       0x28 c:/program files/microchip/xc32/v4.35/bin/bin/../../lib/gcc/pic32mx/8.3.1/../../../../pic32mx/lib/mips16\libmchp_peripheral_32MX534F064H.a(int_disable_interrupts_lib.o)
 .debug_abbrev  0x000000000000511e       0x28 c:/program files/microchip/xc32/v4.35/bin/bin/../../lib/gcc/pic32mx/8.3.1/../../../../pic32mx/lib/mips16\libmchp_peripheral_32MX534F064H.a(int_restore_interrupts_lib.o)
 .debug_abbrev  0x0000000000005146       0x28 c:/program files/microchip/xc32/v4.35/bin/bin/../../lib/gcc/pic32mx/8.3.1/../../../../pic32mx/lib/mips16\libmchp_peripheral_32MX534F064H.a(int_enable_mv_int_lib.o)
 .debug_abbrev  0x000000000000516e       0x28 c:/program files/microchip/xc32/v4.35/bin/bin/../../lib/gcc/pic32mx/8.3.1/../../../../pic32mx/lib/mips16\libmchp_peripheral_32MX534F064H.a(int_tbl_lib.o)
 .debug_abbrev  0x0000000000005196       0x28 c:/program files/microchip/xc32/v4.35/bin/bin/../../lib/gcc/pic32mx/8.3.1/../../../../pic32mx/lib/mips16\libmchp_peripheral_32MX534F064H.a(spi_chn_close_lib.o)
 .debug_abbrev  0x00000000000051be       0x28 c:/program files/microchip/xc32/v4.35/bin/bin/../../lib/gcc/pic32mx/8.3.1/../../../../pic32mx/lib/mips16\libmchp_peripheral_32MX534F064H.a(spi_chn_open_lib.o)