Archive member included because of file (symbol)

f:/program files/microchip/xc32/v2.50/bin/bin/../../lib/gcc/pic32mx/4.8.3/../../../../pic32mx/lib/mips16\libmchp_peripheral.a(open_core_timer_lib.o)
                              build/PIC32_Standalone/production/PIC32MX564F128H.o (OpenCoreTimer)
f:/program files/microchip/xc32/v2.50/bin/bin/../../lib/gcc/pic32mx/4.8.3/../../../../pic32mx/lib/mips16\libmchp_peripheral.a(read_core_timer_lib.o)
                              build/PIC32_Standalone/production/PIC32MX564F128H.o (ReadCoreTimer)
f:/program files/microchip/xc32/v2.50/bin/bin/../../lib/gcc/pic32mx/4.8.3/../../../../pic32mx/lib/mips16\libmchp_peripheral_32MX564F128H.a(soft_reset_lib.o)
                              build/PIC32_Standalone/production/main.o (SoftReset)
f:/program files/microchip/xc32/v2.50/bin/bin/../../lib/gcc/pic32mx/4.8.3/../../../../pic32mx/lib/mips16\libmchp_peripheral_32MX564F128H.a(int_enable_interrupts_lib.o)
                              build/PIC32_Standalone/production/isr.o (INTEnableInterrupts)
f:/program files/microchip/xc32/v2.50/bin/bin/../../lib/gcc/pic32mx/4.8.3/../../../../pic32mx/lib/mips16\libmchp_peripheral_32MX564F128H.a(int_disable_interrupts_lib.o)
                              build/PIC32_Standalone/production/isr.o (INTDisableInterrupts)
f:/program files/microchip/xc32/v2.50/bin/bin/../../lib/gcc/pic32mx/4.8.3/../../../../pic32mx/lib/mips16\libmchp_peripheral_32MX564F128H.a(int_restore_interrupts_lib.o)
                              build/PIC32_Standalone/production/isr.o (INTRestoreInterrupts)
f:/program files/microchip/xc32/v2.50/bin/bin/../../lib/gcc/pic32mx/4.8.3/../../../../pic32mx/lib/mips16\libmchp_peripheral_32MX564F128H.a(int_enable_mv_int_lib.o)
                              build/PIC32_Standalone/production/main.o (INTEnableSystemMultiVectoredInt)
f:/program files/microchip/xc32/v2.50/bin/bin/../../lib/gcc/pic32mx/4.8.3/../../../../pic32mx/lib/mips16\libmchp_peripheral_32MX564F128H.a(int_tbl_lib.o)
                              build/PIC32_Standalone/production/usb/usb_device.o (INTClearFlag)
f:/program files/microchip/xc32/v2.50/bin/bin/../../lib/gcc/pic32mx/4.8.3/../../../../pic32mx/lib/mips16\libmchp_peripheral_32MX564F128H.a(spi_chn_close_lib.o)
                              build/PIC32_Standalone/production/OLED.o (SpiChnClose)
f:/program files/microchip/xc32/v2.50/bin/bin/../../lib/gcc/pic32mx/4.8.3/../../../../pic32mx/lib/mips16\libmchp_peripheral_32MX564F128H.a(spi_chn_open_lib.o)
                              build/PIC32_Standalone/production/OLED.o (SpiChnOpen)
f:/program files/microchip/xc32/v2.50/bin/bin/../../lib/gcc/pic32mx/4.8.3/../../../../pic32mx/lib/mips16\libmchp_peripheral_32MX564F128H.a(spi_chn_putc_lib.o)
                              build/PIC32_Standalone/production/OLED.o (SpiChnPutC)
f:/program files/microchip/xc32/v2.50/bin/bin/../../lib/gcc/pic32mx/4.8.3/../../../../pic32mx/lib/mips16\libmchp_peripheral_32MX564F128H.a(spi_chn_puts_lib.o)
                              build/PIC32_Standalone/production/OLED.o (SpiChnPutS)
f:/program files/microchip/xc32/v2.50/bin/bin/../../lib/gcc/pic32mx/4.8.3/../../../../pic32mx/lib/mips16\libmchp_peripheral_32MX564F128H.a(spi_chn_is_busy_lib.o)
                              build/PIC32_Standalone/production/PIC32MX564F128H.o (SpiChnIsBusy)
f:/program files/microchip/xc32/v2.50/bin/bin/../../lib/gcc/pic32mx/4.8.3/../../../../pic32mx/lib/mips16\libmchp_peripheral_32MX564F128H.a(spi_io_tbl_libp.o)
                              f:/program files/microchip/xc32/v2.50/bin/bin/../../lib/gcc/pic32mx/4.8.3/../../../../pic32mx/lib/mips16\libmchp_peripheral_32MX564F128H.a(spi_chn_close_lib.o) (_SpiIoTbl)
f:/program files/microchip/xc32/v2.50/bin/bin/../../lib/gcc/pic32mx/4.8.3/../../../../pic32mx/lib/mips16\libmchp_peripheral_32MX564F128H.a(spi_map_tbl_libp.o)
                              f:/program files/microchip/xc32/v2.50/bin/bin/../../lib/gcc/pic32mx/4.8.3/../../../../pic32mx/lib/mips16\libmchp_peripheral_32MX564F128H.a(spi_chn_close_lib.o) (_SpiMapTbl)
f:/program files/microchip/xc32/v2.50/bin/bin/../../lib/gcc/pic32mx/4.8.3/../../../../pic32mx/lib/mips16\libmchp_peripheral_32MX564F128H.a(dma_chn_abort_txfer_lib.o)
                              build/PIC32_Standalone/production/PIC32MX564F128H.o (DmaChnAbortTxfer)
f:/program files/microchip/xc32/v2.50/bin/bin/../../lib/gcc/pic32mx/4.8.3/../../../../pic32mx/lib/mips16\libmchp_peripheral_32MX564F128H.a(dma_chn_open_lib.o)
                              build/PIC32_Standalone/production/PIC32MX564F128H.o (DmaChnOpen)
f:/program files/microchip/xc32/v2.50/bin/bin/../../lib/gcc/pic32mx/4.8.3/../../../../pic32mx/lib/mips16\libmchp_peripheral_32MX564F128H.a(dma_chn_disable_lib.o)
                              build/PIC32_Standalone/production/PIC32MX564F128H.o (DmaChnDisable)
f:/program files/microchip/xc32/v2.50/bin/bin/../../lib/gcc/pic32mx/4.8.3/../../../../pic32mx/lib/mips16\libmchp_peripheral_32MX564F128H.a(dma_chn_enable_lib.o)
[...]
Memory Configuration

Name             Origin             Length             Attributes
kseg0_program_mem 0x9d000000         0x00020000         xr
kseg0_boot_mem   0x9fc00490         0x00000970
exception_mem    0x9fc01000         0x00001000
kseg1_boot_mem   0xbfc00000         0x00000490
debug_exec_mem   0xbfc02000         0x00000ff0
config3          0xbfc02ff0         0x00000004
config2          0xbfc02ff4         0x00000004
config1          0xbfc02ff8         0x00000004
config0          0xbfc02ffc         0x00000004
kseg1_data_mem   0xa0000000         0x00008000         w !x
sfrs             0xbf800000         0x00100000
configsfrs       0xbfc02ff0         0x00000010
*default*        0x00000000         0xffffffff

Linker script and memory map

LOAD f:/program files/microchip/xc32/v2.50/bin/bin/../../lib/gcc/pic32mx/4.8.3/../../../../pic32mx/lib/mips16\debug-exception-return.o
LOAD build/PIC32_Standalone/production/usb/usb_descriptors.o
LOAD build/PIC32_Standalone/production/usb/usb_device.o
LOAD build/PIC32_Standalone/production/usb/usb_driver.o
LOAD build/PIC32_Standalone/production/usb/usb_function_hid.o
LOAD build/PIC32_Standalone/production/usb/usb_hal_pic24.o
LOAD build/PIC32_Standalone/production/main.o
LOAD build/PIC32_Standalone/production/isr.o
LOAD build/PIC32_Standalone/production/iron.o
LOAD build/PIC32_Standalone/production/PID.o
LOAD build/PIC32_Standalone/production/io.o
LOAD build/PIC32_Standalone/production/menu.o
LOAD build/PIC32_Standalone/production/EEP.o
LOAD build/PIC32_Standalone/production/OLED.o
LOAD build/PIC32_Standalone/production/pars.o
LOAD build/PIC32_Standalone/production/sensorMath.o
LOAD build/PIC32_Standalone/production/PIC32MX564F128H.o
                0x00000001                __MPLAB_BUILD = 0x1
LOAD C:\Users\Sparky\AppData\Local\Temp\ccSjBuvz.o
LOAD C:\Users\Sparky\AppData\Local\Temp\cc96sMeo.o
LOAD C:\Users\Sparky\AppData\Local\Temp\ccgbYMXe.o
LOAD f:/program files/microchip/xc32/v2.50/bin/bin/../../lib/gcc/pic32mx/4.8.3/../../../../pic32mx/lib/mips16\pic32_software_reset.o
                0x00000400                PROVIDE (_min_stack_size, 0x400)
START GROUP
LOAD f:/program files/microchip/xc32/v2.50/bin/bin/../../lib/gcc/pic32mx/4.8.3/../../../../pic32mx/lib/./proc/32MX564F128H\processor.o
END GROUP
START GROUP
LOAD f:/program files/microchip/xc32/v2.50/bin/bin/../../lib/gcc/pic32mx/4.8.3/../../../../pic32mx/lib/mips16\libmchp_peripheral.a
END GROUP
START GROUP
LOAD f:/program files/microchip/xc32/v2.50/bin/bin/../../lib/gcc/pic32mx/4.8.3/../../../../pic32mx/lib/mips16\libmchp_peripheral_32MX564F128H.a
END GROUP
                0x00000001                PROVIDE (_vector_spacing, 0x1)
                0x9fc01000                PROVIDE (_ebase_address, 0x9fc01000)
                0xbfc00000                _RESET_ADDR = 0xbfc00000
                0xbfc00380                _BEV_EXCPT_ADDR = 0xbfc00380
                0xbfc00480                _DBG_EXCPT_ADDR = 0xbfc00480
                0xbfc02000                _DBG_CODE_ADDR = 0xbfc02000
                0x00000ff0                _DBG_CODE_SIZE = 0xff0
                0x9fc01180                _GEN_EXCPT_ADDR = (_ebase_address + 0x180)

.config_BFC02FF0
                0xbfc02ff0        0x4
 *(.config_BFC02FF0)
 .config_BFC02FF0
                0xbfc02ff0        0x4 build/PIC32_Standalone/production/PIC32MX564F128H.o

.config_BFC02FF4
                0xbfc02ff4        0x4
 *(.config_BFC02FF4)
 .config_BFC02FF4
                0xbfc02ff4        0x4 build/PIC32_Standalone/production/PIC32MX564F128H.o

.config_BFC02FF8
                0xbfc02ff8        0x4
 *(.config_BFC02FF8)
 .config_BFC02FF8
                0xbfc02ff8        0x4 build/PIC32_Standalone/production/PIC32MX564F128H.o

.config_BFC02FFC
                0xbfc02ffc        0x4
 *(.config_BFC02FFC)
 .config_BFC02FFC
                0xbfc02ffc        0x4 build/PIC32_Standalone/production/PIC32MX564F128H.o
                0xbfc02000                PROVIDE (_DBG_CODE_ADDR, 0xbfc02000)
                0x00000ff0                PROVIDE (_DBG_CODE_SIZE, 0xff0)

.reset          0xbfc00000      0x19c
 *(.reset)
 .reset         0xbfc00000        0x8 C:\Users\Sparky\AppData\Local\Temp\ccSjBuvz.o
                0xbfc00000                _reset
 *(.reset.startup)
 .reset.startup
                0xbfc00008      0x194 C:\Users\Sparky\AppData\Local\Temp\ccSjBuvz.o
                0xbfc00008                _startup

.bev_excpt      0xbfc00380       0x10
 *(.bev_handler)
 .bev_handler   0xbfc00380       0x10 C:\Users\Sparky\AppData\Local\Temp\ccSjBuvz.o

.dbg_excpt      0xbfc00480        0x0
                0xbfc00480                . = (. + DEFINED (_DEBUGGER)?0x8:0x0)

.dbg_code       0xbfc02000        0x0
                0xbfc02000                . = (. + DEFINED (_DEBUGGER)?_DBG_CODE_SIZE:0x0)

.app_excpt      0x9fc01180       0x10
 *(.gen_handler)
 .gen_handler   0x9fc01180       0x10 C:\Users\Sparky\AppData\Local\Temp\ccSjBuvz.o

.vector_0       0x9fc01200        0x8
 *(.vector_0)
 .vector_0      0x9fc01200        0x8 f:/program files/microchip/xc32/v2.50/bin/bin/../../lib/gcc/pic32mx/4.8.3/../../../../pic32mx/lib/mips16\libpic32.a(vector0.o)
                0x9fc01200                __vector_dispatch_0
                0x00000001                ASSERT (((_vector_spacing == 0x0) || (SIZEOF (.vector_0) <= (_vector_spacing << 0x5))), function at exception vector 0 too large)

.vector_1       0x9fc01220        0x8
 *(.vector_1)
 .vector_1      0x9fc01220        0x8 f:/program files/microchip/xc32/v2.50/bin/bin/../../lib/gcc/pic32mx/4.8.3/../../../../pic32mx/lib/mips16\libpic32.a(vector1.o)
                0x9fc01220                __vector_dispatch_1
                0x00000001                ASSERT (((_vector_spacing == 0x0) || (SIZEOF (.vector_1) <= (_vector_spacing << 0x5))), function at exception vector 1 too large)

.vector_2       0x9fc01240        0x8
 *(.vector_2)
 .vector_2      0x9fc01240        0x8 f:/program files/microchip/xc32/v2.50/bin/bin/../../lib/gcc/pic32mx/4.8.3/../../../../pic32mx/lib/mips16\libpic32.a(vector2.o)
                0x9fc01240                __vector_dispatch_2
                0x00000001                ASSERT (((_vector_spacing == 0x0) || (SIZEOF (.vector_2) <= (_vector_spacing << 0x5))), function at exception vector 2 too large)

.vector_3       0x9fc01260        0x8
 *(.vector_3)
 .vector_3      0x9fc01260        0x8 f:/program files/microchip/xc32/v2.50/bin/bin/../../lib/gcc/pic32mx/4.8.3/../../../../pic32mx/lib/mips16\libpic32.a(vector3.o)
                0x9fc01260                __vector_dispatch_3
                0x00000001                ASSERT (((_vector_spacing == 0x0) || (SIZEOF (.vector_3) <= (_vector_spacing << 0x5))), function at exception vector 3 too large)

.vector_4       0x9fc01280        0x8
 *(.vector_4)
 .vector_4      0x9fc01280        0x8 build/PIC32_Standalone/production/PIC32MX564F128H.o
                0x9fc01280                __vector_dispatch_4
                0x00000001                ASSERT (((_vector_spacing == 0x0) || (SIZEOF (.vector_4) <= (_vector_spacing << 0x5))), function at exception vector 4 too large)

.vector_5       0x9fc012a0        0x8
 *(.vector_5)
 .vector_5      0x9fc012a0        0x8 f:/program files/microchip/xc32/v2.50/bin/bin/../../lib/gcc/pic32mx/4.8.3/../../../../pic32mx/lib/mips16\libpic32.a(vector5.o)
                0x9fc012a0                __vector_dispatch_5
                0x00000001                ASSERT (((_vector_spacing == 0x0) || (SIZEOF (.vector_5) <= (_vector_spacing << 0x5))), function at exception vector 5 too large)

.vector_6       0x9fc012c0        0x8
 *(.vector_6)
 .vector_6      0x9fc012c0        0x8 f:/program files/microchip/xc32/v2.50/bin/bin/../../lib/gcc/pic32mx/4.8.3/../../../../pic32mx/lib/mips16\libpic32.a(vector6.o)
                0x9fc012c0                __vector_dispatch_6
                0x00000001                ASSERT (((_vector_spacing == 0x0) || (SIZEOF (.vector_6) <= (_vector_spacing << 0x5))), function at exception vector 6 too large)

.vector_7       0x9fc012e0        0x8
 *(.vector_7)
 .vector_7      0x9fc012e0        0x8 f:/program files/microchip/xc32/v2.50/bin/bin/../../lib/gcc/pic32mx/4.8.3/../../../../pic32mx/lib/mips16\libpic32.a(vector7.o)
                0x9fc012e0                __vector_dispatch_7
                0x00000001                ASSERT (((_vector_spacing == 0x0) || (SIZEOF (.vector_7) <= (_vector_spacing << 0x5))), function at exception vector 7 too large)

.vector_8       0x9fc01300        0x8
 *(.vector_8)
 .vector_8      0x9fc01300        0x8 build/PIC32_Standalone/production/PIC32MX564F128H.o
                0x9fc01300                __vector_dispatch_8
                0x00000001                ASSERT (((_vector_spacing == 0x0) || (SIZEOF (.vector_8) <= (_vector_spacing << 0x5))), function at exception vector 8 too large)

.vector_9       0x9fc01320        0x8
 *(.vector_9)
 .vector_9      0x9fc01320        0x8 f:/program files/microchip/xc32/v2.50/bin/bin/../../lib/gcc/pic32mx/4.8.3/../../../../pic32mx/lib/mips16\libpic32.a(vector9.o)
                0x9fc01320                __vector_dispatch_9
                0x00000001                ASSERT (((_vector_spacing == 0x0) || (SIZEOF (.vector_9) <= (_vector_spacing << 0x5))), function at exception vector 9 too large)

.vector_10      0x9fc01340        0x8
 *(.vector_10)
 .vector_10     0x9fc01340        0x8 build/PIC32_Standalone/production/PIC32MX564F128H.o
                0x9fc01340                __vector_dispatch_10
                0x00000001                ASSERT (((_vector_spacing == 0x0) || (SIZEOF (.vector_10) <= (_vector_spacing << 0x5))), function at exception vector 10 too large)

.vector_11      0x9fc01360        0x8
 *(.vector_11)
 .vector_11     0x9fc01360        0x8 f:/program files/microchip/xc32/v2.50/bin/bin/../../lib/gcc/pic32mx/4.8.3/../../../../pic32mx/lib/mips16\libpic32.a(vector11.o)
                0x9fc01360                __vector_dispatch_11
                0x00000001                ASSERT (((_vector_spacing == 0x0) || (SIZEOF (.vector_11) <= (_vector_spacing << 0x5))), function at exception vector 11 too large)

.vector_12      0x9fc01380        0x8
 *(.vector_12)
 .vector_12     0x9fc01380        0x8 f:/program files/microchip/xc32/v2.50/bin/bin/../../lib/gcc/pic32mx/4.8.3/../../../../pic32mx/lib/mips16\libpic32.a(vector12.o)
                0x9fc01380                __vector_dispatch_12
                0x00000001                ASSERT (((_vector_spacing == 0x0) || (SIZEOF (.vector_12) <= (_vector_spacing << 0x5))), function at exception vector 12 too large)

.vector_13      0x9fc013a0        0x8
 *(.vector_13)
 .vector_13     0x9fc013a0        0x8 f:/program files/microchip/xc32/v2.50/bin/bin/../../lib/gcc/pic32mx/4.8.3/../../../../pic32mx/lib/mips16\libpic32.a(vector13.o)
                0x9fc013a0                __vector_dispatch_13
                0x00000001                ASSERT (((_vector_spacing == 0x0) || (SIZEOF (.vector_13) <= (_vector_spacing << 0x5))), function at exception vector 13 too large)

.vector_14      0x9fc013c0        0x8
 *(.vector_14)
 .vector_14     0x9fc013c0        0x8 f:/program files/microchip/xc32/v2.50/bin/bin/../../lib/gcc/pic32mx/4.8.3/../../../../pic32mx/lib/mips16\libpic32.a(vector14.o)
                0x9fc013c0                __vector_dispatch_14
                0x00000001                ASSERT (((_vector_spacing == 0x0) || (SIZEOF (.vector_14) <= (_vector_spacing << 0x5))), function at exception vector 14 too large)

.vector_15      0x9fc013e0        0x8
 *(.vector_15)
 .vector_15     0x9fc013e0        0x8 f:/program files/microchip/xc32/v2.50/bin/bin/../../lib/gcc/pic32mx/4.8.3/../../../../pic32mx/lib/mips16\libpic32.a(vector15.o)
                0x9fc013e0                __vector_dispatch_15
                0x00000001                ASSERT (((_vector_spacing == 0x0) || (SIZEOF (.vector_15) <= (_vector_spacing << 0x5))), function at exception vector 15 too large)

.vector_16      0x9fc01400        0x8
 *(.vector_16)
 .vector_16     0x9fc01400        0x8 f:/program files/microchip/xc32/v2.50/bin/bin/../../lib/gcc/pic32mx/4.8.3/../../../../pic32mx/lib/mips16\libpic32.a(vector16.o)
                0x9fc01400                __vector_dispatch_16
                0x00000001                ASSERT (((_vector_spacing == 0x0) || (SIZEOF (.vector_16) <= (_vector_spacing << 0x5))), function at exception vector 16 too large)

.vector_17      0x9fc01420        0x8
 *(.vector_17)
 .vector_17     0x9fc01420        0x8 f:/program files/microchip/xc32/v2.50/bin/bin/../../lib/gcc/pic32mx/4.8.3/../../../../pic32mx/lib/mips16\libpic32.a(vector17.o)
                0x9fc01420                __vector_dispatch_17
                0x00000001                ASSERT (((_vector_spacing == 0x0) || (SIZEOF (.vector_17) <= (_vector_spacing << 0x5))), function at exception vector 17 too large)

.vector_18      0x9fc01440        0x8
 *(.vector_18)
 .vector_18     0x9fc01440        0x8 f:/program files/microchip/xc32/v2.50/bin/bin/../../lib/gcc/pic32mx/4.8.3/../../../../pic32mx/lib/mips16\libpic32.a(vector18.o)
                0x9fc01440                __vector_dispatch_18
                0x00000001                ASSERT (((_vector_spacing == 0x0) || (SIZEOF (.vector_18) <= (_vector_spacing << 0x5))), function at exception vector 18 too large)

.vector_19      0x9fc01460        0x8
 *(.vector_19)
 .vector_19     0x9fc01460        0x8 f:/program files/microchip/xc32/v2.50/bin/bin/../../lib/gcc/pic32mx/4.8.3/../../../../pic32mx/lib/mips16\libpic32.a(vector19.o)
                0x9fc01460                __vector_dispatch_19
                0x00000001                ASSERT (((_vector_spacing == 0x0) || (SIZEOF (.vector_19) <= (_vector_spacing << 0x5))), function at exception vector 19 too large)

.vector_20      0x9fc01480        0x8
 *(.vector_20)
 .vector_20     0x9fc01480        0x8 f:/program files/microchip/xc32/v2.50/bin/bin/../../lib/gcc/pic32mx/4.8.3/../../../../pic32mx/lib/mips16\libpic32.a(vector20.o)
                0x9fc01480                __vector_dispatch_20
                0x00000001                ASSERT (((_vector_spacing == 0x0) || (SIZEOF (.vector_20) <= (_vector_spacing << 0x5))), function at exception vector 20 too large)

.vector_21      0x9fc014a0        0x8
 *(.vector_21)
 .vector_21     0x9fc014a0        0x8 f:/program files/microchip/xc32/v2.50/bin/bin/../../lib/gcc/pic32mx/4.8.3/../../../../pic32mx/lib/mips16\libpic32.a(vector21.o)
                0x9fc014a0                __vector_dispatch_21
                0x00000001                ASSERT (((_vector_spacing == 0x0) || (SIZEOF (.vector_21) <= (_vector_spacing << 0x5))), function at exception vector 21 too large)

.vector_22      0x9fc014c0        0x8
 *(.vector_22)
 .vector_22     0x9fc014c0        0x8 f:/program files/microchip/xc32/v2.50/bin/bin/../../lib/gcc/pic32mx/4.8.3/../../../../pic32mx/lib/mips16\libpic32.a(vector22.o)
                0x9fc014c0                __vector_dispatch_22
                0x00000001                ASSERT (((_vector_spacing == 0x0) || (SIZEOF (.vector_22) <= (_vector_spacing << 0x5))), function at exception vector 22 too large)

.vector_23      0x9fc014e0        0x8
 *(.vector_23)
 .vector_23     0x9fc014e0        0x8 f:/program files/microchip/xc32/v2.50/bin/bin/../../lib/gcc/pic32mx/4.8.3/../../../../pic32mx/lib/mips16\libpic32.a(vector23.o)
                0x9fc014e0                __vector_dispatch_23
                0x00000001                ASSERT (((_vector_spacing == 0x0) || (SIZEOF (.vector_23) <= (_vector_spacing << 0x5))), function at exception vector 23 too large)

.vector_24      0x9fc01500        0x8
 *(.vector_24)
 .vector_24     0x9fc01500        0x8 f:/program files/microchip/xc32/v2.50/bin/bin/../../lib/gcc/pic32mx/4.8.3/../../../../pic32mx/lib/mips16\libpic32.a(vector24.o)
                0x9fc01500                __vector_dispatch_24
                0x00000001                ASSERT (((_vector_spacing == 0x0) || (SIZEOF (.vector_24) <= (_vector_spacing << 0x5))), function at exception vector 24 too large)

.vector_25      0x9fc01520        0x8
 *(.vector_25)
 .vector_25     0x9fc01520        0x8 f:/program files/microchip/xc32/v2.50/bin/bin/../../lib/gcc/pic32mx/4.8.3/../../../../pic32mx/lib/mips16\libpic32.a(vector25.o)
                0x9fc01520                __vector_dispatch_25
                0x00000001                ASSERT (((_vector_spacing == 0x0) || (SIZEOF (.vector_25) <= (_vector_spacing << 0x5))), function at exception vector 25 too large)

.vector_26      0x9fc01540        0x8
 *(.vector_26)
 .vector_26     0x9fc01540        0x8 f:/program files/microchip/xc32/v2.50/bin/bin/../../lib/gcc/pic32mx/4.8.3/../../../../pic32mx/lib/mips16\libpic32.a(vector26.o)
                0x9fc01540                __vector_dispatch_26
                0x00000001                ASSERT (((_vector_spacing == 0x0) || (SIZEOF (.vector_26) <= (_vector_spacing << 0x5))), function at exception vector 26 too large)

.vector_27      0x9fc01560        0x8
 *(.vector_27)
 .vector_27     0x9fc01560        0x8 build/PIC32_Standalone/production/PIC32MX564F128H.o
                0x9fc01560                __vector_dispatch_27
                0x00000001                ASSERT (((_vector_spacing == 0x0) || (SIZEOF (.vector_27) <= (_vector_spacing << 0x5))), function at exception vector 27 too large)

.vector_28      0x9fc01580        0x8
 *(.vector_28)
 .vector_28     0x9fc01580        0x8 f:/program files/microchip/xc32/v2.50/bin/bin/../../lib/gcc/pic32mx/4.8.3/../../../../pic32mx/lib/mips16\libpic32.a(vector28.o)
                0x9fc01580                __vector_dispatch_28
                0x00000001                ASSERT (((_vector_spacing == 0x0) || (SIZEOF (.vector_28) <= (_vector_spacing << 0x5))), function at exception vector 28 too large)

.vector_29      0x9fc015a0        0x8
 *(.vector_29)
 .vector_29     0x9fc015a0        0x8 f:/program files/microchip/xc32/v2.50/bin/bin/../../lib/gcc/pic32mx/4.8.3/../../../../pic32mx/lib/mips16\libpic32.a(vector29.o)
                0x9fc015a0                __vector_dispatch_29
                0x00000001                ASSERT (((_vector_spacing == 0x0) || (SIZEOF (.vector_29) <= (_vector_spacing << 0x5))), function at exception vector 29 too large)

.vector_30      0x9fc015c0        0x8
 *(.vector_30)
 .vector_30     0x9fc015c0        0x8 build/PIC32_Standalone/production/PIC32MX564F128H.o
                0x9fc015c0                __vector_dispatch_30
                0x00000001                ASSERT (((_vector_spacing == 0x0) || (SIZEOF (.vector_30) <= (_vector_spacing << 0x5))), function at exception vector 30 too large)

.vector_31      0x9fc015e0        0x8
 *(.vector_31)
 .vector_31     0x9fc015e0        0x8 build/PIC32_Standalone/production/PIC32MX564F128H.o
                0x9fc015e0                __vector_dispatch_31
                0x00000001                ASSERT (((_vector_spacing == 0x0) || (SIZEOF (.vector_31) <= (_vector_spacing << 0x5))), function at exception vector 31 too large)

.vector_32      0x9fc01600        0x8
 *(.vector_32)
 .vector_32     0x9fc01600        0x8 f:/program files/microchip/xc32/v2.50/bin/bin/../../lib/gcc/pic32mx/4.8.3/../../../../pic32mx/lib/mips16\libpic32.a(vector32.o)
                0x9fc01600                __vector_dispatch_32
                0x00000001                ASSERT (((_vector_spacing == 0x0) || (SIZEOF (.vector_32) <= (_vector_spacing << 0x5))), function at exception vector 32 too large)

.vector_33      0x9fc01620        0x8
 *(.vector_33)
 .vector_33     0x9fc01620        0x8 f:/program files/microchip/xc32/v2.50/bin/bin/../../lib/gcc/pic32mx/4.8.3/../../../../pic32mx/lib/mips16\libpic32.a(vector33.o)
                0x9fc01620                __vector_dispatch_33
                0x00000001                ASSERT (((_vector_spacing == 0x0) || (SIZEOF (.vector_33) <= (_vector_spacing << 0x5))), function at exception vector 33 too large)

.vector_34      0x9fc01640        0x8
 *(.vector_34)
 .vector_34     0x9fc01640        0x8 f:/program files/microchip/xc32/v2.50/bin/bin/../../lib/gcc/pic32mx/4.8.3/../../../../pic32mx/lib/mips16\libpic32.a(vector34.o)
                0x9fc01640                __vector_dispatch_34
                0x00000001                ASSERT (((_vector_spacing == 0x0) || (SIZEOF (.vector_34) <= (_vector_spacing << 0x5))), function at exception vector 34 too large)

.vector_35      0x9fc01660        0x8
 *(.vector_35)
 .vector_35     0x9fc01660        0x8 f:/program files/microchip/xc32/v2.50/bin/bin/../../lib/gcc/pic32mx/4.8.3/../../../../pic32mx/lib/mips16\libpic32.a(vector35.o)
                0x9fc01660                __vector_dispatch_35
                0x00000001                ASSERT (((_vector_spacing == 0x0) || (SIZEOF (.vector_35) <= (_vector_spacing << 0x5))), function at exception vector 35 too large)

.vector_36      0x9fc01680        0x8
 *(.vector_36)
 .vector_36     0x9fc01680        0x8 f:/program files/microchip/xc32/v2.50/bin/bin/../../lib/gcc/pic32mx/4.8.3/../../../../pic32mx/lib/mips16\libpic32.a(vector36.o)
                0x9fc01680                __vector_dispatch_36
                0x00000001                ASSERT (((_vector_spacing == 0x0) || (SIZEOF (.vector_36) <= (_vector_spacing << 0x5))), function at exception vector 36 too large)

.vector_37      0x9fc016a0        0x8
 *(.vector_37)
 .vector_37     0x9fc016a0        0x8 f:/program files/microchip/xc32/v2.50/bin/bin/../../lib/gcc/pic32mx/4.8.3/../../../../pic32mx/lib/mips16\libpic32.a(vector37.o)
                0x9fc016a0                __vector_dispatch_37
                0x00000001                ASSERT (((_vector_spacing == 0x0) || (SIZEOF (.vector_37) <= (_vector_spacing << 0x5))), function at exception vector 37 too large)

.vector_38      0x9fc016c0        0x8
 *(.vector_38)
 .vector_38     0x9fc016c0        0x8 f:/program files/microchip/xc32/v2.50/bin/bin/../../lib/gcc/pic32mx/4.8.3/../../../../pic32mx/lib/mips16\libpic32.a(vector38.o)
                0x9fc016c0                __vector_dispatch_38
                0x00000001                ASSERT (((_vector_spacing == 0x0) || (SIZEOF (.vector_38) <= (_vector_spacing << 0x5))), function at exception vector 38 too large)

.vector_39      0x9fc016e0        0x8
 *(.vector_39)
 .vector_39     0x9fc016e0        0x8 f:/program files/microchip/xc32/v2.50/bin/bin/../../lib/gcc/pic32mx/4.8.3/../../../../pic32mx/lib/mips16\libpic32.a(vector39.o)
                0x9fc016e0                __vector_dispatch_39
                0x00000001                ASSERT (((_vector_spacing == 0x0) || (SIZEOF (.vector_39) <= (_vector_spacing << 0x5))), function at exception vector 39 too large)

.vector_40      0x9fc01700        0x8
 *(.vector_40)
 .vector_40     0x9fc01700        0x8 f:/program files/microchip/xc32/v2.50/bin/bin/../../lib/gcc/pic32mx/4.8.3/../../../../pic32mx/lib/mips16\libpic32.a(vector40.o)
                0x9fc01700                __vector_dispatch_40
                0x00000001                ASSERT (((_vector_spacing == 0x0) || (SIZEOF (.vector_40) <= (_vector_spacing << 0x5))), function at exception vector 40 too large)

.vector_41      0x9fc01720        0x8
 *(.vector_41)
 .vector_41     0x9fc01720        0x8 f:/program files/microchip/xc32/v2.50/bin/bin/../../lib/gcc/pic32mx/4.8.3/../../../../pic32mx/lib/mips16\libpic32.a(vector41.o)
                0x9fc01720                __vector_dispatch_41
                0x00000001                ASSERT (((_vector_spacing == 0x0) || (SIZEOF (.vector_41) <= (_vector_spacing << 0x5))), function at exception vector 41 too large)

.vector_42      0x9fc01740        0x8
 *(.vector_42)
 .vector_42     0x9fc01740        0x8 f:/program files/microchip/xc32/v2.50/bin/bin/../../lib/gcc/pic32mx/4.8.3/../../../../pic32mx/lib/mips16\libpic32.a(vector42.o)
                0x9fc01740                __vector_dispatch_42
                0x00000001                ASSERT (((_vector_spacing == 0x0) || (SIZEOF (.vector_42) <= (_vector_spacing << 0x5))), function at exception vector 42 too large)

.vector_43      0x9fc01760        0x8
 *(.vector_43)
 .vector_43     0x9fc01760        0x8 f:/program files/microchip/xc32/v2.50/bin/bin/../../lib/gcc/pic32mx/4.8.3/../../../../pic32mx/lib/mips16\libpic32.a(vector43.o)
                0x9fc01760                __vector_dispatch_43
                0x00000001                ASSERT (((_vector_spacing == 0x0) || (SIZEOF (.vector_43) <= (_vector_spacing << 0x5))), function at exception vector 43 too large)

.vector_44      0x9fc01780        0x8
 *(.vector_44)
 .vector_44     0x9fc01780        0x8 f:/program files/microchip/xc32/v2.50/bin/bin/../../lib/gcc/pic32mx/4.8.3/../../../../pic32mx/lib/mips16\libpic32.a(vector44.o)
                0x9fc01780                __vector_dispatch_44
                0x00000001                ASSERT (((_vector_spacing == 0x0) || (SIZEOF (.vector_44) <= (_vector_spacing << 0x5))), function at exception vector 44 too large)

.vector_45      0x9fc017a0        0x8
 *(.vector_45)
 .vector_45     0x9fc017a0        0x8 f:/program files/microchip/xc32/v2.50/bin/bin/../../lib/gcc/pic32mx/4.8.3/../../../../pic32mx/lib/mips16\libpic32.a(vector45.o)
                0x9fc017a0                __vector_dispatch_45
                0x00000001                ASSERT (((_vector_spacing == 0x0) || (SIZEOF (.vector_45) <= (_vector_spacing << 0x5))), function at exception vector 45 too large)

.vector_46      0x9fc017c0        0x8
 *(.vector_46)
 .vector_46     0x9fc017c0        0x8 f:/program files/microchip/xc32/v2.50/bin/bin/../../lib/gcc/pic32mx/4.8.3/../../../../pic32mx/lib/mips16\libpic32.a(vector46.o)
                0x9fc017c0                __vector_dispatch_46
                0x00000001                ASSERT (((_vector_spacing == 0x0) || (SIZEOF (.vector_46) <= (_vector_spacing << 0x5))), function at exception vector 46 too large)

.vector_47      0x9fc017e0        0x8
 *(.vector_47)
 .vector_47     0x9fc017e0        0x8 f:/program files/microchip/xc32/v2.50/bin/bin/../../lib/gcc/pic32mx/4.8.3/../../../../pic32mx/lib/mips16\libpic32.a(vector47.o)
                0x9fc017e0                __vector_dispatch_47
                0x00000001                ASSERT (((_vector_spacing == 0x0) || (SIZEOF (.vector_47) <= (_vector_spacing << 0x5))), function at exception vector 47 too large)

.vector_48      0x9fc01800        0x8
 *(.vector_48)
 .vector_48     0x9fc01800        0x8 f:/program files/microchip/xc32/v2.50/bin/bin/../../lib/gcc/pic32mx/4.8.3/../../../../pic32mx/lib/mips16\libpic32.a(vector48.o)
                0x9fc01800                __vector_dispatch_48
                0x00000001                ASSERT (((_vector_spacing == 0x0) || (SIZEOF (.vector_48) <= (_vector_spacing << 0x5))), function at exception vector 48 too large)

.vector_49      0x9fc01820        0x8
 *(.vector_49)
 .vector_49     0x9fc01820        0x8 f:/program files/microchip/xc32/v2.50/bin/bin/../../lib/gcc/pic32mx/4.8.3/../../../../pic32mx/lib/mips16\libpic32.a(vector49.o)
                0x9fc01820                __vector_dispatch_49
                0x00000001                ASSERT (((_vector_spacing == 0x0) || (SIZEOF (.vector_49) <= (_vector_spacing << 0x5))), function at exception vector 49 too large)

.vector_50      0x9fc01840        0x8
 *(.vector_50)
 .vector_50     0x9fc01840        0x8 f:/program files/microchip/xc32/v2.50/bin/bin/../../lib/gcc/pic32mx/4.8.3/../../../../pic32mx/lib/mips16\libpic32.a(vector50.o)
                0x9fc01840                __vector_dispatch_50
                0x00000001                ASSERT (((_vector_spacing == 0x0) || (SIZEOF (.vector_50) <= (_vector_spacing << 0x5))), function at exception vector 50 too large)

.vector_51      0x9fc01860        0x8
 *(.vector_51)
 .vector_51     0x9fc01860        0x8 f:/program files/microchip/xc32/v2.50/bin/bin/../../lib/gcc/pic32mx/4.8.3/../../../../pic32mx/lib/mips16\libpic32.a(vector51.o)
                0x9fc01860                __vector_dispatch_51
                0x00000001                ASSERT (((_vector_spacing == 0x0) || (SIZEOF (.vector_51) <= (_vector_spacing << 0x5))), function at exception vector 51 too large)

.vector_52      0x9fc01880        0x0
 *(.vector_52)
                0x00000001                ASSERT (((_vector_spacing == 0x0) || (SIZEOF (.vector_52) <= (_vector_spacing << 0x5))), function at exception vector 52 too large)

.vector_53      0x9fc018a0        0x0
 *(.vector_53)
                0x00000001                ASSERT (((_vector_spacing == 0x0) || (SIZEOF (.vector_53) <= (_vector_spacing << 0x5))), function at exception vector 53 too large)

.vector_54      0x9fc018c0        0x0
 *(.vector_54)
                0x00000001                ASSERT (((_vector_spacing == 0x0) || (SIZEOF (.vector_54) <= (_vector_spacing << 0x5))), function at exception vector 54 too large)

.vector_55      0x9fc018e0        0x0
 *(.vector_55)
                0x00000001                ASSERT (((_vector_spacing == 0x0) || (SIZEOF (.vector_55) <= (_vector_spacing << 0x5))), function at exception vector 55 too large)

.vector_56      0x9fc01900        0x0
 *(.vector_56)
                0x00000001                ASSERT (((_vector_spacing == 0x0) || (SIZEOF (.vector_56) <= (_vector_spacing << 0x5))), function at exception vector 56 too large)

.vector_57      0x9fc01920        0x0
 *(.vector_57)
                0x00000001                ASSERT (((_vector_spacing == 0x0) || (SIZEOF (.vector_57) <= (_vector_spacing << 0x5))), function at exception vector 57 too large)

.vector_58      0x9fc01940        0x0
 *(.vector_58)
                0x00000001                ASSERT (((_vector_spacing == 0x0) || (SIZEOF (.vector_58) <= (_vector_spacing << 0x5))), function at exception vector 58 too large)

.vector_59      0x9fc01960        0x0
 *(.vector_59)
                0x00000001                ASSERT (((_vector_spacing == 0x0) || (SIZEOF (.vector_59) <= (_vector_spacing << 0x5))), function at exception vector 59 too large)

.vector_60      0x9fc01980        0x0
 *(.vector_60)
                0x00000001                ASSERT (((_vector_spacing == 0x0) || (SIZEOF (.vector_60) <= (_vector_spacing << 0x5))), function at exception vector 60 too large)

.vector_61      0x9fc019a0        0x0
 *(.vector_61)
                0x00000001                ASSERT (((_vector_spacing == 0x0) || (SIZEOF (.vector_61) <= (_vector_spacing << 0x5))), function at exception vector 61 too large)

.vector_62      0x9fc019c0        0x0
 *(.vector_62)
                0x00000001                ASSERT (((_vector_spacing == 0x0) || (SIZEOF (.vector_62) <= (_vector_spacing << 0x5))), function at exception vector 62 too large)

.vector_63      0x9fc019e0        0x0
 *(.vector_63)
                0x00000001                ASSERT (((_vector_spacing == 0x0) || (SIZEOF (.vector_63) <= (_vector_spacing << 0x5))), function at exception vector 63 too large)

.startup
 *(.startup)

.text           0x9d000000        0x0
 *(.stub .gnu.linkonce.t.*)
 *(.text.*personality*)
 *(.mips16.fn.*)
 *(.mips16.call.*)
 *(.gnu.warning)
                0x9d000000                . = ALIGN (0x4)

.init           0x9d000000        0x0
 *crti.o(.init)
 *crtbegin.o(.init)
 *(EXCLUDE_FILE(*crtn.o *crtend?.o *crtend.o) .init)
 *crtend.o(.init)
 *crtn.o(.init)
                0x9d000000                . = ALIGN (0x4)

.fini           0x9d000000        0x0
 *(.fini)
                0x9d000000                . = ALIGN (0x4)

.preinit_array  0x9d000000        0x0
                0x9d000000                PROVIDE (__preinit_array_start, .)
 *(.preinit_array)
                0x9d000000                PROVIDE (__preinit_array_end, .)
                0x9d000000                . = ALIGN (0x4)

.init_array     0x9d000000        0x0
                0x9d000000                PROVIDE (__init_array_start, .)
 *(SORT(.init_array.*))
 *(.init_array)
                0x9d000000                PROVIDE (__init_array_end, .)
                0x9d000000                . = ALIGN (0x4)

.fini_array     0x9d000000        0x0
                0x9d000000                PROVIDE (__fini_array_start, .)
 *(SORT(.fini_array.*))
 *(.fini_array)
                0x9d000000                PROVIDE (__fini_array_end, .)
                0x9d000000                . = ALIGN (0x4)

.ctors          0x9d000000        0x0
 *crtbegin.o(.ctors)
 *crtbegin?.o(.ctors)
 *(EXCLUDE_FILE(*crtend?.o *crtend.o) .ctors)
 *(SORT(.ctors.*))
 *(.ctors)
                0x9d000000                . = ALIGN (0x4)

.dtors          0x9d000000        0x0
 *crtbegin.o(.dtors)
 *crtbegin?.o(.dtors)
 *(EXCLUDE_FILE(*crtend?.o *crtend.o) .dtors)
 *(SORT(.dtors.*))
 *(.dtors)
                0x9d000000                . = ALIGN (0x4)

.rodata         0x9d000000        0x0
 *(.gnu.linkonce.r.*)
 *(.rodata1)
                0x9d000000                . = ALIGN (0x4)

.sdata2         0x9fc00490        0x0
 *(.sdata2 .sdata2.* .gnu.linkonce.s2.*)
                0x9fc00490                . = ALIGN (0x4)

.sbss2          0x9fc00490        0x0
 *(.sbss2 .sbss2.* .gnu.linkonce.sb2.*)
                0x9fc00490                . = ALIGN (0x4)

.eh_frame_hdr
 *(.eh_frame_hdr)
                0x9fc00490                . = ALIGN (0x4)

.eh_frame
 *(.eh_frame)
                0x9fc00490                . = ALIGN (0x4)

.gcc_except_table
 *(.gcc_except_table .gcc_except_table.*)
                0x9fc00490                . = ALIGN (0x4)

.dbg_data       0xa0000000        0x0
                0xa0000000                . = (. + DEFINED (_DEBUGGER)?0x200:0x0)

.jcr            0xa0000000        0x0
 *(.jcr)
                0xa0000000                . = ALIGN (0x4)

.eh_frame
 *(.eh_frame)
                0xa0000000                . = ALIGN (0x4)

.gcc_except_table
 *(.gcc_except_table .gcc_except_table.*)
                0xa0000000                . = ALIGN (0x4)

.persist        0xa0000000        0x0
                0xa0000000                _persist_begin = .
 *(.persist .persist.*)
 *(.pbss .pbss.*)
                0xa0000000                . = ALIGN (0x4)
                0xa0000000                _persist_end = .

.data           0xa0000000        0x0
 *(.gnu.linkonce.d.*)
 *(.data1)
                0xa0000000                . = ALIGN (0x4)
                0xa0000000                . = .
                0xa0007ff0                _gp = (ALIGN (0x10) + 0x7ff0)

.got            0xa0000000        0x0
 *(.got.plt)
 *(.got)
                0xa0000000                . = ALIGN (0x4)

.sdata          0xa0000000       0x24
                0xa0000000                _sdata_begin = .
 *(.sdata .sdata.* .gnu.linkonce.s.*)
 .sdata         0xa0000000        0x4 build/PIC32_Standalone/production/main.o
                0xa0000000                mainFlags
 .sdata         0xa0000004        0x8 build/PIC32_Standalone/production/OLED.o
                0xa0000004                PreUpdateBuff
 .sdata         0xa000000c       0x18 build/PIC32_Standalone/production/pars.o
                0xa000000c                StrMenuUp
                0xa0000014                StrButtons
                0xa000001c                StrDispRot
                0xa0000024                . = ALIGN (0x4)
                0xa0000024                _sdata_end = .

.lit8
 *(.lit8)

.lit4
 *(.lit4)
                0xa0000024                . = ALIGN (0x4)
                0xa0000024                _data_end = .
                0xa0000024                _bss_begin = .

.sbss           0xa0000024      0x1d4
                0xa0000024                _sbss_begin = .
 *(.dynsbss)
 *(.sbss .sbss.* .gnu.linkonce.sb.*)
 .sbss          0xa0000024        0x8 build/PIC32_Standalone/production/usb/usb_driver.o
                0xa0000024                USBInHandle
                0xa0000028                USBOutHandle
 .sbss          0xa000002c        0x8 build/PIC32_Standalone/production/isr.o
                0xa0000030                ISRComplete
 .sbss          0xa0000034        0x8 build/PIC32_Standalone/production/iron.o
 .sbss          0xa000003c       0x10 build/PIC32_Standalone/production/io.o
 .sbss          0xa000004c       0x60 build/PIC32_Standalone/production/menu.o
 .sbss          0xa00000ac        0x4 build/PIC32_Standalone/production/OLED.o
                0xa00000ac                DisplaySetup
 .sbss          0xa00000b0        0xc build/PIC32_Standalone/production/PIC32MX564F128H.o
                0xa00000b8                ADCAuto
 *(.scommon)
 .scommon       0xa00000bc       0x6c build/PIC32_Standalone/production/usb/usb_device.o
                0xa00000bc                pDst
                0xa00000c0                USBDeferINDataStagePackets
                0xa00000c4                CtrlTrfData
                0xa00000cc                USBDeferOUTDataStagePackets
                0xa00000d0                USBDeviceState
                0xa00000d4                controlTransferState
                0xa00000d5                endpoint_number
                0xa00000d8                pBDTEntryIn
                0xa00000e0                ep_data_out
                0xa00000e4                USBStatusStageEnabledFlag1
                0xa00000e8                USBStatusStageEnabledFlag2
                0xa00000ec                pBDTEntryOut
                0xa00000f4                BothEP0OutUOWNsSet
                0xa00000f8                pBDTEntryEP0OutNext
                0xa00000fc                USBBusIsSuspended
                0xa0000100                USBStatusStageTimeoutCounter
                0xa0000104                SetupPkt
                0xa000010c                ep_data_in
                0xa000010e                shortPacketStatus
                0xa0000110                pBDTEntryEP0OutCurrent
                0xa0000114                USBActiveConfiguration
                0xa0000118                RemoteWakeup
                0xa000011c                USTATcopy
                0xa0000120                USBAlternateInterface
                0xa0000124                USBDeferStatusStagePacket
 .scommon       0xa0000128        0x2 build/PIC32_Standalone/production/usb/usb_function_hid.o
                0xa0000128                active_protocol
                0xa0000129                idle_rate
 *fill*         0xa000012a        0x2 
 .scommon       0xa000012c       0x28 build/PIC32_Standalone/production/main.o
                0xa000012c                CalCh
                0xa0000130                InvertTicks
                0xa0000134                MAINS_PER
                0xa0000138                BeepTicks
                0xa000013c                MAINS_PER_Q_US
                0xa0000140                MAINS_PER_H_US
                0xa0000144                C_PER
                0xa0000148                T_PER
                0xa000014c                TTemp
                0xa0000150                MAINS_PER_US
 .scommon       0xa0000154       0x65 build/PIC32_Standalone/production/isr.o
                0xa0000154                EEPCntR
                0xa0000156                EEPCntW
                0xa0000158                NoHeater
                0xa000015c                ISRStep
                0xa0000160                I2CIdle
                0xa0000164                ADCStep
                0xa0000168                KeepOff
                0xa000016c                CompLowTime
                0xa0000170                EEPAddrR
                0xa0000174                EEPDataW
                0xa0000178                I2CCCommand
                0xa000017c                VTIBuffCnt
                0xa0000180                CompLowTimeOff
                0xa0000184                ShortCircuit
                0xa0000188                I2CData
                0xa0000190                I2CCommands
                0xa0000194                ISRTicks
                0xa0000198                I2CStep
                0xa000019c                CJTicks
                0xa00001a0                OffDelayOff
                0xa00001a4                EEPDataR
                0xa00001a8                EEPAddrW
                0xa00001ac                ISRStopped
                0xa00001b0                NoSensor
                0xa00001b4                CompLowTimeOn
                0xa00001b8                PHEATER
 *fill*         0xa00001b9        0x3 
 .scommon       0xa00001bc        0x8 build/PIC32_Standalone/production/iron.o
                0xa00001bc                IronID
                0xa00001c0                IronTicks
 .scommon       0xa00001c4       0x14 build/PIC32_Standalone/production/PID.o
                0xa00001c4                CRTemp
                0xa00001c8                CTTemp
                0xa00001cc                CJTemp
                0xa00001d0                RTAvg
                0xa00001d4                PIDTicks
 .scommon       0xa00001d8        0x4 build/PIC32_Standalone/production/io.o
                0xa00001d8                BuffEmpty
 .scommon       0xa00001dc       0x10 build/PIC32_Standalone/production/menu.o
                0xa00001dc                OLEDTemp
                0xa00001e0                OLEDMsg1
                0xa00001e4                OLEDPower
                0xa00001e8                OLEDMsg2
 .scommon       0xa00001ec        0xc build/PIC32_Standalone/production/PIC32MX564F128H.o
                0xa00001ec                _MRT_LastCoreTimer
                0xa00001f0                mcuADCRES
                0xa00001f4                SPIAuto
                0xa00001f8                _sbss_end = .
                0xa00001f8                . = ALIGN (0x4)

.bss            0xa0000200     0x1448
 *(.dynbss)
 *(COMMON)
 COMMON         0xa0000200       0x5b build/PIC32_Standalone/production/usb/usb_device.o
                0xa0000200                BDT
                0xa0000240                inPipes
                0xa0000250                outPipes
 *fill*         0xa000025b        0x1 
 COMMON         0xa000025c       0x80 build/PIC32_Standalone/production/usb/usb_driver.o
                0xa000025c                USBRxBuffer
                0xa000029c                USBTxBuffer
 COMMON         0xa00002dc       0x11 build/PIC32_Standalone/production/main.o
                0xa00002dc                pars
 *fill*         0xa00002ed        0x3 
 COMMON         0xa00002f0      0xc24 build/PIC32_Standalone/production/isr.o
                0xa00002f0                TIBuff
                0xa00006f0                VBuff
                0xa0000af0                Buff2
                0xa0000cf0                ADCData
                0xa0000d14                Buff1
 COMMON         0xa0000f14       0xa4 build/PIC32_Standalone/production/iron.o
                0xa0000f14                IronPars
 COMMON         0xa0000fb8      0x290 build/PIC32_Standalone/production/PID.o
                0xa0000fb8                PIDVars
 COMMON         0xa0001248      0x400 build/PIC32_Standalone/production/OLED.o
                0xa0001248                OLEDBUFF
                0xa0001648                . = ALIGN ((. != 0x0)?0x4:0x1)
                0xa0001648                . = ALIGN (0x4)
                0xa0001648                _end = .
                0xa0001648                _bss_end = .
                0x00008000                _bmxdudba_address = 0x8000
                0x00008000                _bmxdupba_address = 0x8000

/DISCARD/
 *(.pdr)
 *(.rel.dyn)
 *(.note.GNU-stack)
 *(.note.GNU-stack)
 *(.gnu_debuglink)
 *(.gnu.lto_*)
 *(.discard)

.gptab.sdata
 *(.gptab.data)
 *(.gptab.sdata)

.gptab.sbss
 *(.gptab.bss)
 *(.gptab.sbss)

.mdebug.abi32   0xa0001648        0x0
 *(.mdebug.abi32)
 .mdebug.abi32  0xa0001648        0x0 build/PIC32_Standalone/production/usb/usb_descriptors.o
 .mdebug.abi32  0xa0001648        0x0 build/PIC32_Standalone/production/usb/usb_device.o
 .mdebug.abi32  0xa0001648        0x0 build/PIC32_Standalone/production/usb/usb_driver.o
 .mdebug.abi32  0xa0001648        0x0 build/PIC32_Standalone/production/usb/usb_function_hid.o
 .mdebug.abi32  0xa0001648        0x0 build/PIC32_Standalone/production/usb/usb_hal_pic24.o
 .mdebug.abi32  0xa0001648        0x0 build/PIC32_Standalone/production/main.o
 .mdebug.abi32  0xa0001648        0x0 build/PIC32_Standalone/production/isr.o
 .mdebug.abi32  0xa0001648        0x0 build/PIC32_Standalone/production/iron.o
 .mdebug.abi32  0xa0001648        0x0 build/PIC32_Standalone/production/PID.o
 .mdebug.abi32  0xa0001648        0x0 build/PIC32_Standalone/production/io.o
 .mdebug.abi32  0xa0001648        0x0 build/PIC32_Standalone/production/menu.o
 .mdebug.abi32  0xa0001648        0x0 build/PIC32_Standalone/production/EEP.o
 .mdebug.abi32  0xa0001648        0x0 build/PIC32_Standalone/production/OLED.o
 .mdebug.abi32  0xa0001648        0x0 build/PIC32_Standalone/production/pars.o
 .mdebug.abi32  0xa0001648        0x0 build/PIC32_Standalone/production/sensorMath.o
 .mdebug.abi32  0xa0001648        0x0 build/PIC32_Standalone/production/PIC32MX564F128H.o
 .mdebug.abi32  0xa0001648        0x0 f:/program files/microchip/xc32/v2.50/bin/bin/../../lib/gcc/pic32mx/4.8.3/../../../../pic32mx/lib/mips16\libmchp_peripheral.a(open_core_timer_lib.o)
 .mdebug.abi32  0xa0001648        0x0 f:/program files/microchip/xc32/v2.50/bin/bin/../../lib/gcc/pic32mx/4.8.3/../../../../pic32mx/lib/mips16\libmchp_peripheral.a(read_core_timer_lib.o)
 .mdebug.abi32  0xa0001648        0x0 f:/program files/microchip/xc32/v2.50/bin/bin/../../lib/gcc/pic32mx/4.8.3/../../../../pic32mx/lib/mips16\libmchp_peripheral_32MX564F128H.a(soft_reset_lib.o)
 .mdebug.abi32  0xa0001648        0x0 f:/program files/microchip/xc32/v2.50/bin/bin/../../lib/gcc/pic32mx/4.8.3/../../../../pic32mx/lib/mips16\libmchp_peripheral_32MX564F128H.a(int_enable_interrupts_lib.o)
 .mdebug.abi32  0xa0001648        0x0 f:/program files/microchip/xc32/v2.50/bin/bin/../../lib/gcc/pic32mx/4.8.3/../../../../pic32mx/lib/mips16\libmchp_peripheral_32MX564F128H.a(int_disable_interrupts_lib.o)
 .mdebug.abi32  0xa0001648        0x0 f:/program files/microchip/xc32/v2.50/bin/bin/../../lib/gcc/pic32mx/4.8.3/../../../../pic32mx/lib/mips16\libmchp_peripheral_32MX564F128H.a(int_restore_interrupts_lib.o)
 .mdebug.abi32  0xa0001648        0x0 f:/program files/microchip/xc32/v2.50/bin/bin/../../lib/gcc/pic32mx/4.8.3/../../../../pic32mx/lib/mips16\libmchp_peripheral_32MX564F128H.a(int_enable_mv_int_lib.o)
 .mdebug.abi32  0xa0001648        0x0 f:/program files/microchip/xc32/v2.50/bin/bin/../../lib/gcc/pic32mx/4.8.3/../../../../pic32mx/lib/mips16\libmchp_peripheral_32MX564F128H.a(int_tbl_lib.o)
 .mdebug.abi32  0xa0001648        0x0 f:/program files/microchip/xc32/v2.50/bin/bin/../../lib/gcc/pic32mx/4.8.3/../../../../pic32mx/lib/mips16\libmchp_peripheral_32MX564F128H.a(spi_chn_close_lib.o)
 .mdebug.abi32  0xa0001648        0x0 f:/program files/microchip/xc32/v2.50/bin/bin/../../lib/gcc/pic32mx/4.8.3/../../../../pic32mx/lib/mips16\libmchp_peripheral_32MX564F128H.a(spi_chn_open_lib.o)
 .mdebug.abi32  0xa0001648        0x0 f:/program files/microchip/xc32/v2.50/bin/bin/../../lib/gcc/pic32mx/4.8.3/../../../../pic32mx/lib/mips16\libmchp_peripheral_32MX564F128H.a(spi_chn_putc_lib.o)
 .mdebug.abi32  0xa0001648        0x0 f:/program files/microchip/xc32/v2.50/bin/bin/../../lib/gcc/pic32mx/4.8.3/../../../../pic32mx/lib/mips16\libmchp_peripheral_32MX564F128H.a(spi_chn_puts_lib.o)
 .mdebug.abi32  0xa0001648        0x0 f:/program files/microchip/xc32/v2.50/bin/bin/../../lib/gcc/pic32mx/4.8.3/../../../../pic32mx/lib/mips16\libmchp_peripheral_32MX564F128H.a(spi_chn_is_busy_lib.o)
 .mdebug.abi32  0xa0001648        0x0 f:/program files/microchip/xc32/v2.50/bin/bin/../../lib/gcc/pic32mx/4.8.3/../../../../pic32mx/lib/mips16\libmchp_peripheral_32MX564F128H.a(spi_io_tbl_libp.o)
 .mdebug.abi32  0xa0001648        0x0 f:/program files/microchip/xc32/v2.50/bin/bin/../../lib/gcc/pic32mx/4.8.3/../../../../pic32mx/lib/mips16\libmchp_peripheral_32MX564F128H.a(spi_map_tbl_libp.o)
 .mdebug.abi32  0xa0001648        0x0 f:/program files/microchip/xc32/v2.50/bin/bin/../../lib/gcc/pic32mx/4.8.3/../../../../pic32mx/lib/mips16\libmchp_peripheral_32MX564F128H.a(dma_chn_abort_txfer_lib.o)
 .mdebug.abi32  0xa0001648        0x0 f:/program files/microchip/xc32/v2.50/bin/bin/../../lib/gcc/pic32mx/4.8.3/../../../../pic32mx/lib/mips16\libmchp_peripheral_32MX564F128H.a(dma_chn_open_lib.o)
 .mdebug.abi32  0xa0001648        0x0 f:/program files/microchip/xc32/v2.50/bin/bin/../../lib/gcc/pic32mx/4.8.3/../../../../pic32mx/lib/mips16\libmchp_peripheral_32MX564F128H.a(dma_chn_disable_lib.o)
 .mdebug.abi32  0xa0001648        0x0 f:/program files/microchip/xc32/v2.50/bin/bin/../../lib/gcc/pic32mx/4.8.3/../../../../pic32mx/lib/mips16\libmchp_peripheral_32MX564F128H.a(dma_chn_enable_lib.o)
 .mdebug.abi32  0xa0001648        0x0 f:/program files/microchip/xc32/v2.50/bin/bin/../../lib/gcc/pic32mx/4.8.3/../../../../pic32mx/lib/mips16\libmchp_peripheral_32MX564F128H.a(dma_chn_get_dst_pnt_lib.o)
 .mdebug.abi32  0xa0001648        0x0 f:/program files/microchip/xc32/v2.50/bin/bin/../../lib/gcc/pic32mx/4.8.3/../../../../pic32mx/lib/mips16\libmchp_peripheral_32MX564F128H.a(dma_chn_write_event_control_flags_lib.o)
 .mdebug.abi32  0xa0001648        0x0 f:/program files/microchip/xc32/v2.50/bin/bin/../../lib/gcc/pic32mx/4.8.3/../../../../pic32mx/lib/mips16\libmchp_peripheral_32MX564F128H.a(dma_chn_set_txfer_lib.o)
 .mdebug.abi32  0xa0001648        0x0 f:/program files/microchip/xc32/v2.50/bin/bin/../../lib/gcc/pic32mx/4.8.3/../../../../pic32mx/lib/mips16\libmchp_peripheral_32MX564F128H.a(dma_chn_write_ev_enable_flags_lib.o)
 .mdebug.abi32  0xa0001648        0x0 f:/program files/microchip/xc32/v2.50/bin/bin/../../lib/gcc/pic32mx/4.8.3/../../../../pic32mx/lib/mips16\libmchp_peripheral_32MX564F128H.a(dma_reg_map_tbl_lib.o)
 .mdebug.abi32  0xa0001648        0x0 f:/program files/microchip/xc32/v2.50/bin/bin/../../lib/gcc/pic32mx/4.8.3/../../../../pic32mx/lib/mips16\libmchp_peripheral_32MX564F128H.a(port_reset_pins_lib.o)
 .mdebug.abi32  0xa0001648        0x0 f:/program files/microchip/xc32/v2.50/bin/bin/../../lib/gcc/pic32mx/4.8.3/../../../../pic32mx/lib/mips16\libmchp_peripheral_32MX564F128H.a(port_set_pins_digital_in_lib.o)
 .mdebug.abi32  0xa0001648        0x0 f:/program files/microchip/xc32/v2.50/bin/bin/../../lib/gcc/pic32mx/4.8.3/../../../../pic32mx/lib/mips16\libmchp_peripheral_32MX564F128H.a(port_set_pins_digital_out_lib.o)
 .mdebug.abi32  0xa0001648        0x0 f:/program files/microchip/xc32/v2.50/bin/bin/../../lib/gcc/pic32mx/4.8.3/../../../../pic32mx/lib/mips16\libmchp_peripheral_32MX564F128H.a(_ports_tbl_libp.o)
 .mdebug.abi32  0xa0001648        0x0 f:/program files/microchip/xc32/v2.50/bin/bin/../../lib/gcc/pic32mx/4.8.3/../../../../pic32mx/lib/mips16\libmchp_peripheral_32MX564F128H.a(I2CAcknowledgeByte.o)
 .mdebug.abi32  0xa0001648        0x0 f:/program files/microchip/xc32/v2.50/bin/bin/../../lib/gcc/pic32mx/4.8.3/../../../../pic32mx/lib/mips16\libmchp_peripheral_32MX564F128H.a(I2CByteWasAcknowledged.o)
 .mdebug.abi32  0xa0001648        0x0 f:/program files/microchip/xc32/v2.50/bin/bin/../../lib/gcc/pic32mx/4.8.3/../../../../pic32mx/lib/mips16\libmchp_peripheral_32MX564F128H.a(I2CEnable.o)
 .mdebug.abi32  0xa0001648        0x0 f:/program files/microchip/xc32/v2.50/bin/bin/../../lib/gcc/pic32mx/4.8.3/../../../../pic32mx/lib/mips16\libmchp_peripheral_32MX564F128H.a(I2CGetByte.o)
 .mdebug.abi32  0xa0001648        0x0 f:/program files/microchip/xc32/v2.50/bin/bin/../../lib/gcc/pic32mx/4.8.3/../../../../pic32mx/lib/mips16\libmchp_peripheral_32MX564F128H.a(I2CReceiverEnable.o)
 .mdebug.abi32  0xa0001648        0x0 f:/program files/microchip/xc32/v2.50/bin/bin/../../lib/gcc/pic32mx/4.8.3/../../../../pic32mx/lib/mips16\libmchp_peripheral_32MX564F128H.a(I2CSendByte.o)
 .mdebug.abi32  0xa0001648        0x0 f:/program files/microchip/xc32/v2.50/bin/bin/../../lib/gcc/pic32mx/4.8.3/../../../../pic32mx/lib/mips16\libmchp_peripheral_32MX564F128H.a(I2CSetFrequency.o)
 .mdebug.abi32  0xa0001648        0x0 f:/program files/microchip/xc32/v2.50/bin/bin/../../lib/gcc/pic32mx/4.8.3/../../../../pic32mx/lib/mips16\libmchp_peripheral_32MX564F128H.a(I2CStart.o)
 .mdebug.abi32  0xa0001648        0x0 f:/program files/microchip/xc32/v2.50/bin/bin/../../lib/gcc/pic32mx/4.8.3/../../../../pic32mx/lib/mips16\libmchp_peripheral_32MX564F128H.a(I2CStop.o)
 .mdebug.abi32  0xa0001648        0x0 f:/program files/microchip/xc32/v2.50/bin/bin/../../lib/gcc/pic32mx/4.8.3/../../../../pic32mx/lib/mips16\libmchp_peripheral_32MX564F128H.a(I2CPrivate.o)
 .mdebug.abi32  0xa0001648        0x0 f:/program files/microchip/xc32/v2.50/bin/bin/../../lib/gcc/pic32mx/4.8.3/../../../../pic32mx/lib/mips16\libpic32.a(default-bootstrap-exception-handler.o)
 .mdebug.abi32  0xa0001648        0x0 f:/program files/microchip/xc32/v2.50/bin/bin/../../lib/gcc/pic32mx/4.8.3/../../../../pic32mx/lib/mips16\libpic32.a(default-on-reset.o)
 .mdebug.abi32  0xa0001648        0x0 f:/program files/microchip/xc32/v2.50/bin/bin/../../lib/gcc/pic32mx/4.8.3/../../../../pic32mx/lib/mips16\libpic32.a(default-on-bootstrap.o)
 .mdebug.abi32  0xa0001648        0x0 f:/program files/microchip/xc32/v2.50/bin/bin/../../lib/gcc/pic32mx/4.8.3/../../../../pic32mx/lib/mips16\libpic32.a(default-general-exception-handler.o)
 .mdebug.abi32  0xa0001648        0x0 f:/program files/microchip/xc32/v2.50/bin/bin/../../lib/gcc/pic32mx/4.8.3/../../../../pic32mx/lib/mips16\libpic32.a(defaultinterrupt.o)

.mdebug.abiN32
 *(.mdebug.abiN32)

.mdebug.abi64
 *(.mdebug.abi64)

.mdebug.abiO64
 *(.mdebug.abiO64)

.mdebug.eabi32
 *(.mdebug.eabi32)

.mdebug.eabi64
 *(.mdebug.eabi64)

.gcc_compiled_long32
 *(.gcc_compiled_long32)

.gcc_compiled_long64
 *(.gcc_compiled_long64)

.stab
 *(.stab)

.stabstr
 *(.stabstr)

.stab.excl
 *(.stab.excl)

.stab.exclstr
 *(.stab.exclstr)

.stab.index
 *(.stab.index)

.stab.indexstr
 *(.stab.indexstr)

.comment        0x00000000       0x90
 *(.comment)
 .comment       0x00000000       0x3c build/PIC32_Standalone/production/usb/usb_descriptors.o
                                 0x3d (size before relaxing)
 .comment       0x00000000       0x3d build/PIC32_Standalone/production/usb/usb_device.o
 .comment       0x00000000       0x3d build/PIC32_Standalone/production/usb/usb_driver.o
 .comment       0x00000000       0x3d build/PIC32_Standalone/production/usb/usb_function_hid.o
 .comment       0x00000000       0x3d build/PIC32_Standalone/production/usb/usb_hal_pic24.o
 .comment       0x00000000       0x3d build/PIC32_Standalone/production/main.o
 .comment       0x00000000       0x3d build/PIC32_Standalone/production/isr.o
 .comment       0x00000000       0x3d build/PIC32_Standalone/production/iron.o
 .comment       0x00000000       0x3d build/PIC32_Standalone/production/PID.o
 .comment       0x00000000       0x3d build/PIC32_Standalone/production/io.o
 .comment       0x00000000       0x3d build/PIC32_Standalone/production/menu.o
 .comment       0x00000000       0x3d build/PIC32_Standalone/production/EEP.o
 .comment       0x00000000       0x3d build/PIC32_Standalone/production/OLED.o
 .comment       0x00000000       0x3d build/PIC32_Standalone/production/pars.o
 .comment       0x00000000       0x3d build/PIC32_Standalone/production/sensorMath.o
 .comment       0x00000000       0x3d build/PIC32_Standalone/production/PIC32MX564F128H.o
 .comment       0x0000003c       0x3c f:/program files/microchip/xc32/v2.50/bin/bin/../../lib/gcc/pic32mx/4.8.3/../../../../pic32mx/lib/mips16\libmchp_peripheral.a(open_core_timer_lib.o)
                                 0x3d (size before relaxing)
 .comment       0x00000000       0x3d f:/program files/microchip/xc32/v2.50/bin/bin/../../lib/gcc/pic32mx/4.8.3/../../../../pic32mx/lib/mips16\libmchp_peripheral.a(read_core_timer_lib.o)
 .comment       0x00000000       0x3d f:/program files/microchip/xc32/v2.50/bin/bin/../../lib/gcc/pic32mx/4.8.3/../../../../pic32mx/lib/mips16\libmchp_peripheral_32MX564F128H.a(soft_reset_lib.o)
 .comment       0x00000000       0x3d f:/program files/microchip/xc32/v2.50/bin/bin/../../lib/gcc/pic32mx/4.8.3/../../../../pic32mx/lib/mips16\libmchp_peripheral_32MX564F128H.a(int_enable_interrupts_lib.o)
 .comment       0x00000000       0x3d f:/program files/microchip/xc32/v2.50/bin/bin/../../lib/gcc/pic32mx/4.8.3/../../../../pic32mx/lib/mips16\libmchp_peripheral_32MX564F128H.a(int_disable_interrupts_lib.o)
 .comment       0x00000000       0x3d f:/program files/microchip/xc32/v2.50/bin/bin/../../lib/gcc/pic32mx/4.8.3/../../../../pic32mx/lib/mips16\libmchp_peripheral_32MX564F128H.a(int_restore_interrupts_lib.o)
 .comment       0x00000000       0x3d f:/program files/microchip/xc32/v2.50/bin/bin/../../lib/gcc/pic32mx/4.8.3/../../../../pic32mx/lib/mips16\libmchp_peripheral_32MX564F128H.a(int_enable_mv_int_lib.o)
 .comment       0x00000000       0x3d f:/program files/microchip/xc32/v2.50/bin/bin/../../lib/gcc/pic32mx/4.8.3/../../../../pic32mx/lib/mips16\libmchp_peripheral_32MX564F128H.a(int_tbl_lib.o)
 .comment       0x00000000       0x3d f:/program files/microchip/xc32/v2.50/bin/bin/../../lib/gcc/pic32mx/4.8.3/../../../../pic32mx/lib/mips16\libmchp_peripheral_32MX564F128H.a(spi_chn_close_lib.o)
 .comment       0x00000000       0x3d f:/program files/microchip/xc32/v2.50/bin/bin/../../lib/gcc/pic32mx/4.8.3/../../../../pic32mx/lib/mips16\libmchp_peripheral_32MX564F128H.a(spi_chn_open_lib.o)
 .comment       0x00000000       0x3d f:/program files/microchip/xc32/v2.50/bin/bin/../../lib/gcc/pic32mx/4.8.3/../../../../pic32mx/lib/mips16\libmchp_peripheral_32MX564F128H.a(spi_chn_putc_lib.o)
 .comment       0x00000000       0x3d f:/program files/microchip/xc32/v2.50/bin/bin/../../lib/gcc/pic32mx/4.8.3/../../../../pic32mx/lib/mips16\libmchp_peripheral_32MX564F128H.a(spi_chn_puts_lib.o)
 .comment       0x00000000       0x3d f:/program files/microchip/xc32/v2.50/bin/bin/../../lib/gcc/pic32mx/4.8.3/../../../../pic32mx/lib/mips16\libmchp_peripheral_32MX564F128H.a(spi_chn_is_busy_lib.o)
 .comment       0x00000000       0x3d f:/program files/microchip/xc32/v2.50/bin/bin/../../lib/gcc/pic32mx/4.8.3/../../../../pic32mx/lib/mips16\libmchp_peripheral_32MX564F128H.a(spi_io_tbl_libp.o)
 .comment       0x00000000       0x3d f:/program files/microchip/xc32/v2.50/bin/bin/../../lib/gcc/pic32mx/4.8.3/../../../../pic32mx/lib/mips16\libmchp_peripheral_32MX564F128H.a(spi_map_tbl_libp.o)
 .comment       0x00000000       0x3d f:/program files/microchip/xc32/v2.50/bin/bin/../../lib/gcc/pic32mx/4.8.3/../../../../pic32mx/lib/mips16\libmchp_peripheral_32MX564F128H.a(dma_chn_abort_txfer_lib.o)
 .comment       0x00000000       0x3d f:/program files/microchip/xc32/v2.50/bin/bin/../../lib/gcc/pic32mx/4.8.3/../../../../pic32mx/lib/mips16\libmchp_peripheral_32MX564F128H.a(dma_chn_open_lib.o)
 .comment       0x00000000       0x3d f:/program files/microchip/xc32/v2.50/bin/bin/../../lib/gcc/pic32mx/4.8.3/../../../../pic32mx/lib/mips16\libmchp_peripheral_32MX564F128H.a(dma_chn_disable_lib.o)
 .comment       0x00000000       0x3d f:/program files/microchip/xc32/v2.50/bin/bin/../../lib/gcc/pic32mx/4.8.3/../../../../pic32mx/lib/mips16\libmchp_peripheral_32MX564F128H.a(dma_chn_enable_lib.o)
 .comment       0x00000000       0x3d f:/program files/microchip/xc32/v2.50/bin/bin/../../lib/gcc/pic32mx/4.8.3/../../../../pic32mx/lib/mips16\libmchp_peripheral_32MX564F128H.a(dma_chn_get_dst_pnt_lib.o)
 .comment       0x00000000       0x3d f:/program files/microchip/xc32/v2.50/bin/bin/../../lib/gcc/pic32mx/4.8.3/../../../../pic32mx/lib/mips16\libmchp_peripheral_32MX564F128H.a(dma_chn_write_event_control_flags_lib.o)
 .comment       0x00000000       0x3d f:/program files/microchip/xc32/v2.50/bin/bin/../../lib/gcc/pic32mx/4.8.3/../../../../pic32mx/lib/mips16\libmchp_peripheral_32MX564F128H.a(dma_chn_set_txfer_lib.o)
 .comment       0x00000000       0x3d f:/program files/microchip/xc32/v2.50/bin/bin/../../lib/gcc/pic32mx/4.8.3/../../../../pic32mx/lib/mips16\libmchp_peripheral_32MX564F128H.a(dma_chn_write_ev_enable_flags_lib.o)
 .comment       0x00000000       0x3d f:/program files/microchip/xc32/v2.50/bin/bin/../../lib/gcc/pic32mx/4.8.3/../../../../pic32mx/lib/mips16\libmchp_peripheral_32MX564F128H.a(dma_reg_map_tbl_lib.o)
 .comment       0x00000000       0x3d f:/program files/microchip/xc32/v2.50/bin/bin/../../lib/gcc/pic32mx/4.8.3/../../../../pic32mx/lib/mips16\libmchp_peripheral_32MX564F128H.a(port_reset_pins_lib.o)
 .comment       0x00000000       0x3d f:/program files/microchip/xc32/v2.50/bin/bin/../../lib/gcc/pic32mx/4.8.3/../../../../pic32mx/lib/mips16\libmchp_peripheral_32MX564F128H.a(port_set_pins_digital_in_lib.o)
 .comment       0x00000000       0x3d f:/program files/microchip/xc32/v2.50/bin/bin/../../lib/gcc/pic32mx/4.8.3/../../../../pic32mx/lib/mips16\libmchp_peripheral_32MX564F128H.a(port_set_pins_digital_out_lib.o)
 .comment       0x00000000       0x3d f:/program files/microchip/xc32/v2.50/bin/bin/../../lib/gcc/pic32mx/4.8.3/../../../../pic32mx/lib/mips16\libmchp_peripheral_32MX564F128H.a(_ports_tbl_libp.o)
 .comment       0x00000000       0x3d f:/program files/microchip/xc32/v2.50/bin/bin/../../lib/gcc/pic32mx/4.8.3/../../../../pic32mx/lib/mips16\libmchp_peripheral_32MX564F128H.a(I2CAcknowledgeByte.o)
 .comment       0x00000000       0x3d f:/program files/microchip/xc32/v2.50/bin/bin/../../lib/gcc/pic32mx/4.8.3/../../../../pic32mx/lib/mips16\libmchp_peripheral_32MX564F128H.a(I2CByteWasAcknowledged.o)
 .comment       0x00000000       0x3d f:/program files/microchip/xc32/v2.50/bin/bin/../../lib/gcc/pic32mx/4.8.3/../../../../pic32mx/lib/mips16\libmchp_peripheral_32MX564F128H.a(I2CEnable.o)
 .comment       0x00000000       0x3d f:/program files/microchip/xc32/v2.50/bin/bin/../../lib/gcc/pic32mx/4.8.3/../../../../pic32mx/lib/mips16\libmchp_peripheral_32MX564F128H.a(I2CGetByte.o)
 .comment       0x00000000       0x3d f:/program files/microchip/xc32/v2.50/bin/bin/../../lib/gcc/pic32mx/4.8.3/../../../../pic32mx/lib/mips16\libmchp_peripheral_32MX564F128H.a(I2CReceiverEnable.o)
 .comment       0x00000000       0x3d f:/program files/microchip/xc32/v2.50/bin/bin/../../lib/gcc/pic32mx/4.8.3/../../../../pic32mx/lib/mips16\libmchp_peripheral_32MX564F128H.a(I2CSendByte.o)
 .comment       0x00000000       0x3d f:/program files/microchip/xc32/v2.50/bin/bin/../../lib/gcc/pic32mx/4.8.3/../../../../pic32mx/lib/mips16\libmchp_peripheral_32MX564F128H.a(I2CSetFrequency.o)
 .comment       0x00000000       0x3d f:/program files/microchip/xc32/v2.50/bin/bin/../../lib/gcc/pic32mx/4.8.3/../../../../pic32mx/lib/mips16\libmchp_peripheral_32MX564F128H.a(I2CStart.o)
 .comment       0x00000000       0x3d f:/program files/microchip/xc32/v2.50/bin/bin/../../lib/gcc/pic32mx/4.8.3/../../../../pic32mx/lib/mips16\libmchp_peripheral_32MX564F128H.a(I2CStop.o)
 .comment       0x00000000       0x3d f:/program files/microchip/xc32/v2.50/bin/bin/../../lib/gcc/pic32mx/4.8.3/../../../../pic32mx/lib/mips16\libmchp_peripheral_32MX564F128H.a(I2CPrivate.o)
 .comment       0x00000078       0x18 f:/program files/microchip/xc32/v2.50/bin/bin/../../lib/gcc/pic32mx/4.8.3/../../../../pic32mx/lib/mips16\libpic32.a(memset.o)
                                 0x19 (size before relaxing)
 .comment       0x00000000       0x3d f:/program files/microchip/xc32/v2.50/bin/bin/../../lib/gcc/pic32mx/4.8.3/../../../../pic32mx/lib/mips16\libpic32.a(default-bootstrap-exception-handler.o)
 .comment       0x00000000       0x3d f:/program files/microchip/xc32/v2.50/bin/bin/../../lib/gcc/pic32mx/4.8.3/../../../../pic32mx/lib/mips16\libpic32.a(default-on-reset.o)
 .comment       0x00000000       0x3d f:/program files/microchip/xc32/v2.50/bin/bin/../../lib/gcc/pic32mx/4.8.3/../../../../pic32mx/lib/mips16\libpic32.a(default-on-bootstrap.o)
 .comment       0x00000000       0x3d f:/program files/microchip/xc32/v2.50/bin/bin/../../lib/gcc/pic32mx/4.8.3/../../../../pic32mx/lib/mips16\libpic32.a(default-general-exception-handler.o)
 .comment       0x00000000       0x3d f:/program files/microchip/xc32/v2.50/bin/bin/../../lib/gcc/pic32mx/4.8.3/../../../../pic32mx/lib/mips16\libpic32.a(defaultinterrupt.o)

.debug
 *(.debug)

.line
 *(.line)

.debug_srcinfo
 *(.debug_srcinfo)

.debug_sfnames
 *(.debug_sfnames)

.debug_aranges
 *(.debug_aranges)

.debug_pubnames
 *(.debug_pubnames)

.debug_info
 *(.debug_info .gnu.linkonce.wi.*)

.debug_abbrev
 *(.debug_abbrev)

.debug_line
 *(.debug_line)

.debug_frame
 *(.debug_frame)

.debug_str
 *(.debug_str)

.debug_loc
 *(.debug_loc)

.debug_macinfo
 *(.debug_macinfo)

.debug_weaknames
 *(.debug_weaknames)

.debug_funcnames
 *(.debug_funcnames)

.debug_typenames
 *(.debug_typenames)

.debug_varnames
 *(.debug_varnames)

.debug_pubtypes
 *(.debug_pubtypes)

.debug_ranges
 *(.debug_ranges)

.gnu.attributes
                0x00000000       0x10
 *(.gnu.attributes)
 .gnu.attributes
                0x00000000       0x10 build/PIC32_Standalone/production/usb/usb_descriptors.o
 .gnu.attributes
                0x00000010       0x10 build/PIC32_Standalone/production/usb/usb_device.o
 .gnu.attributes
                0x00000020       0x10 build/PIC32_Standalone/production/usb/usb_driver.o
 .gnu.attributes
                0x00000030       0x10 build/PIC32_Standalone/production/usb/usb_function_hid.o
 .gnu.attributes
                0x00000040       0x10 build/PIC32_Standalone/production/usb/usb_hal_pic24.o
 .gnu.attributes
                0x00000050       0x10 build/PIC32_Standalone/production/main.o
 .gnu.attributes
                0x00000060       0x10 build/PIC32_Standalone/production/isr.o
 .gnu.attributes
                0x00000070       0x10 build/PIC32_Standalone/production/iron.o
 .gnu.attributes
                0x00000080       0x10 build/PIC32_Standalone/production/PID.o
 .gnu.attributes
                0x00000090       0x10 build/PIC32_Standalone/production/io.o
 .gnu.attributes
                0x000000a0       0x10 build/PIC32_Standalone/production/menu.o
 .gnu.attributes
                0x000000b0       0x10 build/PIC32_Standalone/production/EEP.o
 .gnu.attributes
                0x000000c0       0x10 build/PIC32_Standalone/production/OLED.o
 .gnu.attributes
                0x000000d0       0x10 build/PIC32_Standalone/production/pars.o
 .gnu.attributes
                0x000000e0       0x10 build/PIC32_Standalone/production/sensorMath.o
 .gnu.attributes
                0x000000f0       0x10 build/PIC32_Standalone/production/PIC32MX564F128H.o
 .gnu.attributes
                0x00000100       0x10 f:/program files/microchip/xc32/v2.50/bin/bin/../../lib/gcc/pic32mx/4.8.3/../../../../pic32mx/lib/mips16\libmchp_peripheral.a(open_core_timer_lib.o)
 .gnu.attributes
                0x00000110       0x10 f:/program files/microchip/xc32/v2.50/bin/bin/../../lib/gcc/pic32mx/4.8.3/../../../../pic32mx/lib/mips16\libmchp_peripheral.a(read_core_timer_lib.o)
 .gnu.attributes
                0x00000120       0x10 f:/program files/microchip/xc32/v2.50/bin/bin/../../lib/gcc/pic32mx/4.8.3/../../../../pic32mx/lib/mips16\libmchp_peripheral_32MX564F128H.a(soft_reset_lib.o)
 .gnu.attributes
                0x00000130       0x10 f:/program files/microchip/xc32/v2.50/bin/bin/../../lib/gcc/pic32mx/4.8.3/../../../../pic32mx/lib/mips16\libmchp_peripheral_32MX564F128H.a(int_enable_interrupts_lib.o)
 .gnu.attributes
                0x00000140       0x10 f:/program files/microchip/xc32/v2.50/bin/bin/../../lib/gcc/pic32mx/4.8.3/../../../../pic32mx/lib/mips16\libmchp_peripheral_32MX564F128H.a(int_disable_interrupts_lib.o)
 .gnu.attributes
                0x00000150       0x10 f:/program files/microchip/xc32/v2.50/bin/bin/../../lib/gcc/pic32mx/4.8.3/../../../../pic32mx/lib/mips16\libmchp_peripheral_32MX564F128H.a(int_restore_interrupts_lib.o)
 .gnu.attributes
                0x00000160       0x10 f:/program files/microchip/xc32/v2.50/bin/bin/../../lib/gcc/pic32mx/4.8.3/../../../../pic32mx/lib/mips16\libmchp_peripheral_32MX564F128H.a(int_enable_mv_int_lib.o)
 .gnu.attributes
                0x00000170       0x10 f:/program files/microchip/xc32/v2.50/bin/bin/../../lib/gcc/pic32mx/4.8.3/../../../../pic32mx/lib/mips16\libmchp_peripheral_32MX564F128H.a(int_tbl_lib.o)
 .gnu.attributes
                0x00000180       0x10 f:/program files/microchip/xc32/v2.50/bin/bin/../../lib/gcc/pic32mx/4.8.3/../../../../pic32mx/lib/mips16\libmchp_peripheral_32MX564F128H.a(spi_chn_close_lib.o)
 .gnu.attributes
                0x00000190       0x10 f:/program files/microchip/xc32/v2.50/bin/bin/../../lib/gcc/pic32mx/4.8.3/../../../../pic32mx/lib/mips16\libmchp_peripheral_32MX564F128H.a(spi_chn_open_lib.o)
 .gnu.attributes
                0x000001a0       0x10 f:/program files/microchip/xc32/v2.50/bin/bin/../../lib/gcc/pic32mx/4.8.3/../../../../pic32mx/lib/mips16\libmchp_peripheral_32MX564F128H.a(spi_chn_putc_lib.o)
 .gnu.attributes
                0x000001b0       0x10 f:/program files/microchip/xc32/v2.50/bin/bin/../../lib/gcc/pic32mx/4.8.3/../../../../pic32mx/lib/mips16\libmchp_peripheral_32MX564F128H.a(spi_chn_puts_lib.o)
 .gnu.attributes
                0x000001c0       0x10 f:/program files/microchip/xc32/v2.50/bin/bin/../../lib/gcc/pic32mx/4.8.3/../../../../pic32mx/lib/mips16\libmchp_peripheral_32MX564F128H.a(spi_chn_is_busy_lib.o)
 .gnu.attributes
                0x000001d0       0x10 f:/program files/microchip/xc32/v2.50/bin/bin/../../lib/gcc/pic32mx/4.8.3/../../../../pic32mx/lib/mips16\libmchp_peripheral_32MX564F128H.a(spi_io_tbl_libp.o)
 .gnu.attributes
                0x000001e0       0x10 f:/program files/microchip/xc32/v2.50/bin/bin/../../lib/gcc/pic32mx/4.8.3/../../../../pic32mx/lib/mips16\libmchp_peripheral_32MX564F128H.a(spi_map_tbl_libp.o)
 .gnu.attributes
                0x000001f0       0x10 f:/program files/microchip/xc32/v2.50/bin/bin/../../lib/gcc/pic32mx/4.8.3/../../../../pic32mx/lib/mips16\libmchp_peripheral_32MX564F128H.a(dma_chn_abort_txfer_lib.o)
 .gnu.attributes
                0x00000200       0x10 f:/program files/microchip/xc32/v2.50/bin/bin/../../lib/gcc/pic32mx/4.8.3/../../../../pic32mx/lib/mips16\libmchp_peripheral_32MX564F128H.a(dma_chn_open_lib.o)
 .gnu.attributes
                0x00000210       0x10 f:/program files/microchip/xc32/v2.50/bin/bin/../../lib/gcc/pic32mx/4.8.3/../../../../pic32mx/lib/mips16\libmchp_peripheral_32MX564F128H.a(dma_chn_disable_lib.o)
 .gnu.attributes
                0x00000220       0x10 f:/program files/microchip/xc32/v2.50/bin/bin/../../lib/gcc/pic32mx/4.8.3/../../../../pic32mx/lib/mips16\libmchp_peripheral_32MX564F128H.a(dma_chn_enable_lib.o)
 .gnu.attributes
                0x00000230       0x10 f:/program files/microchip/xc32/v2.50/bin/bin/../../lib/gcc/pic32mx/4.8.3/../../../../pic32mx/lib/mips16\libmchp_peripheral_32MX564F128H.a(dma_chn_get_dst_pnt_lib.o)
 .gnu.attributes
                0x00000240       0x10 f:/program files/microchip/xc32/v2.50/bin/bin/../../lib/gcc/pic32mx/4.8.3/../../../../pic32mx/lib/mips16\libmchp_peripheral_32MX564F128H.a(dma_chn_write_event_control_flags_lib.o)
 .gnu.attributes
                0x00000250       0x10 f:/program files/microchip/xc32/v2.50/bin/bin/../../lib/gcc/pic32mx/4.8.3/../../../../pic32mx/lib/mips16\libmchp_peripheral_32MX564F128H.a(dma_chn_set_txfer_lib.o)
 .gnu.attributes
                0x00000260       0x10 f:/program files/microchip/xc32/v2.50/bin/bin/../../lib/gcc/pic32mx/4.8.3/../../../../pic32mx/lib/mips16\libmchp_peripheral_32MX564F128H.a(dma_chn_write_ev_enable_flags_lib.o)
 .gnu.attributes
                0x00000270       0x10 f:/program files/microchip/xc32/v2.50/bin/bin/../../lib/gcc/pic32mx/4.8.3/../../../../pic32mx/lib/mips16\libmchp_peripheral_32MX564F128H.a(dma_reg_map_tbl_lib.o)
 .gnu.attributes
                0x00000280       0x10 f:/program files/microchip/xc32/v2.50/bin/bin/../../lib/gcc/pic32mx/4.8.3/../../../../pic32mx/lib/mips16\libmchp_peripheral_32MX564F128H.a(port_reset_pins_lib.o)
 .gnu.attributes
                0x00000290       0x10 f:/program files/microchip/xc32/v2.50/bin/bin/../../lib/gcc/pic32mx/4.8.3/../../../../pic32mx/lib/mips16\libmchp_peripheral_32MX564F128H.a(port_set_pins_digital_in_lib.o)
 .gnu.attributes
                0x000002a0       0x10 f:/program files/microchip/xc32/v2.50/bin/bin/../../lib/gcc/pic32mx/4.8.3/../../../../pic32mx/lib/mips16\libmchp_peripheral_32MX564F128H.a(port_set_pins_digital_out_lib.o)
 .gnu.attributes
                0x000002b0       0x10 f:/program files/microchip/xc32/v2.50/bin/bin/../../lib/gcc/pic32mx/4.8.3/../../../../pic32mx/lib/mips16\libmchp_peripheral_32MX564F128H.a(_ports_tbl_libp.o)
 .gnu.attributes
                0x000002c0       0x10 f:/program files/microchip/xc32/v2.50/bin/bin/../../lib/gcc/pic32mx/4.8.3/../../../../pic32mx/lib/mips16\libmchp_peripheral_32MX564F128H.a(I2CAcknowledgeByte.o)
 .gnu.attributes
                0x000002d0       0x10 f:/program files/microchip/xc32/v2.50/bin/bin/../../lib/gcc/pic32mx/4.8.3/../../../../pic32mx/lib/mips16\libmchp_peripheral_32MX564F128H.a(I2CByteWasAcknowledged.o)
 .gnu.attributes
                0x000002e0       0x10 f:/program files/microchip/xc32/v2.50/bin/bin/../../lib/gcc/pic32mx/4.8.3/../../../../pic32mx/lib/mips16\libmchp_peripheral_32MX564F128H.a(I2CEnable.o)
 .gnu.attributes
                0x000002f0       0x10 f:/program files/microchip/xc32/v2.50/bin/bin/../../lib/gcc/pic32mx/4.8.3/../../../../pic32mx/lib/mips16\libmchp_peripheral_32MX564F128H.a(I2CGetByte.o)
 .gnu.attributes
                0x00000300       0x10 f:/program files/microchip/xc32/v2.50/bin/bin/../../lib/gcc/pic32mx/4.8.3/../../../../pic32mx/lib/mips16\libmchp_peripheral_32MX564F128H.a(I2CReceiverEnable.o)
 .gnu.attributes
                0x00000310       0x10 f:/program files/microchip/xc32/v2.50/bin/bin/../../lib/gcc/pic32mx/4.8.3/../../../../pic32mx/lib/mips16\libmchp_peripheral_32MX564F128H.a(I2CSendByte.o)
 .gnu.attributes
                0x00000320       0x10 f:/program files/microchip/xc32/v2.50/bin/bin/../../lib/gcc/pic32mx/4.8.3/../../../../pic32mx/lib/mips16\libmchp_peripheral_32MX564F128H.a(I2CSetFrequency.o)
 .gnu.attributes
                0x00000330       0x10 f:/program files/microchip/xc32/v2.50/bin/bin/../../lib/gcc/pic32mx/4.8.3/../../../../pic32mx/lib/mips16\libmchp_peripheral_32MX564F128H.a(I2CStart.o)
 .gnu.attributes
                0x00000340       0x10 f:/program files/microchip/xc32/v2.50/bin/bin/../../lib/gcc/pic32mx/4.8.3/../../../../pic32mx/lib/mips16\libmchp_peripheral_32MX564F128H.a(I2CStop.o)
 .gnu.attributes
                0x00000350       0x10 f:/program files/microchip/xc32/v2.50/bin/bin/../../lib/gcc/pic32mx/4.8.3/../../../../pic32mx/lib/mips16\libmchp_peripheral_32MX564F128H.a(I2CPrivate.o)
 .gnu.attributes
                0x00000360       0x10 f:/program files/microchip/xc32/v2.50/bin/bin/../../lib/gcc/pic32mx/4.8.3/../../../../pic32mx/lib/mips16\libpic32.a(default-bootstrap-exception-handler.o)
 .gnu.attributes
                0x00000370       0x10 f:/program files/microchip/xc32/v2.50/bin/bin/../../lib/gcc/pic32mx/4.8.3/../../../../pic32mx/lib/mips16\libpic32.a(default-on-reset.o)
 .gnu.attributes
                0x00000380       0x10 f:/program files/microchip/xc32/v2.50/bin/bin/../../lib/gcc/pic32mx/4.8.3/../../../../pic32mx/lib/mips16\libpic32.a(default-on-bootstrap.o)
 .gnu.attributes
                0x00000390       0x10 f:/program files/microchip/xc32/v2.50/bin/bin/../../lib/gcc/pic32mx/4.8.3/../../../../pic32mx/lib/mips16\libpic32.a(default-general-exception-handler.o)
 .gnu.attributes
                0x000003a0       0x10 f:/program files/microchip/xc32/v2.50/bin/bin/../../lib/gcc/pic32mx/4.8.3/../../../../pic32mx/lib/mips16\libpic32.a(defaultinterrupt.o)
LOAD f:/program files/microchip/xc32/v2.50/bin/bin/../../lib/gcc/pic32mx/4.8.3/mips16\libgcc.a
START GROUP
LOAD f:/program files/microchip/xc32/v2.50/bin/bin/../../lib/gcc/pic32mx/4.8.3/../../../../pic32mx/lib/mips16\libpic32.a
LOAD f:/program files/microchip/xc32/v2.50/bin/bin/../../lib/gcc/pic32mx/4.8.3/../../../../pic32mx/lib/mips16\libdebug.a
LOAD f:/program files/microchip/xc32/v2.50/bin/bin/../../lib/gcc/pic32mx/4.8.3/../../../../pic32mx/lib/mips16\libpic32.a
LOAD f:/program files/microchip/xc32/v2.50/bin/bin/../../lib/gcc/pic32mx/4.8.3/../../../../pic32mx/lib/mips16\libc.a
LOAD f:/program files/microchip/xc32/v2.50/bin/bin/../../lib/gcc/pic32mx/4.8.3/../../../../pic32mx/lib/mips16\libc.a
LOAD f:/program files/microchip/xc32/v2.50/bin/bin/../../lib/gcc/pic32mx/4.8.3/../../../../pic32mx/lib/mips16\libm.a
LOAD f:/program files/microchip/xc32/v2.50/bin/bin/../../lib/gcc/pic32mx/4.8.3/../../../../pic32mx/lib/mips16\libe.a
LOAD f:/program files/microchip/xc32/v2.50/bin/bin/../../lib/gcc/pic32mx/4.8.3/../../../../pic32mx/lib/mips16\libdsp.a
LOAD f:/program files/microchip/xc32/v2.50/bin/bin/../../lib/gcc/pic32mx/4.8.3/mips16\libgcc.a
LOAD f:/program files/microchip/xc32/v2.50/bin/bin/../../lib/gcc/pic32mx/4.8.3/../../../../pic32mx/lib/mips16\libpic32.a
END GROUP
LOAD f:/program files/microchip/xc32/v2.50/bin/bin/../../lib/gcc/pic32mx/4.8.3/mips16\libgcc.a
OUTPUT(dist/PIC32_Standalone/production/US_Firmware.X.production.elf elf32-tradlittlemips)
LOAD stack
LOAD data_init

.reginfo        0x00000000       0x18
 .reginfo       0x00000000       0x18 f:/program files/microchip/xc32/v2.50/bin/bin/../../lib/gcc/pic32mx/4.8.3/../../../../pic32mx/lib/mips16\debug-exception-return.o

.stack          0xa00016b8      0x400
 .stack         0xa00016b8      0x400 stack

.bss            0xa0001648       0x24
 .bss           0xa0001648       0x24 build/PIC32_Standalone/production/menu.o

.data           0xa000166c       0x1c
 .data          0xa000166c       0x1c build/PIC32_Standalone/production/pars.o
                0xa000166c                StrOffOnAuto
                0xa0001678                StrResume

._debug_exception
                0xbfc00480       0x2c
 ._debug_exception
                0xbfc00480       0x2c f:/program files/microchip/xc32/v2.50/bin/bin/../../lib/gcc/pic32mx/4.8.3/../../../../pic32mx/lib/mips16\debug-exception-return.o
                0xbfc00480                __DbgExecReturn

.rodata         0x9d000000     0x1700
 .rodata        0x9d000000     0x1700 build/PIC32_Standalone/production/OLED.o
                0x9d000000                OLEDInitBuff2
                0x9d00000c                OLEDInitBuff1
                0x9d000014                font8x16
                0x9d000814                degrees4x16
                0x9d00081c                font6x8
                0x9d0009fc                font8x8
                0x9d000dfc                degrees4x8
                0x9d000e00                numbers32x48

.text.OLEDTasks
                0x9d001700     0x1454
 .text.OLEDTasks
                0x9d001700     0x1454 build/PIC32_Standalone/production/menu.o
                0x9d001701                OLEDTasks

.text.USBDeviceTasks
                0x9d002b54      0xf08
 .text.USBDeviceTasks
                0x9d002b54      0xf08 build/PIC32_Standalone/production/usb/usb_device.o
                0x9d002b55                USBDeviceTasks

.text.ISRHigh   0x9d003a5c      0xd34
 .text.ISRHigh  0x9d003a5c      0xd34 build/PIC32_Standalone/production/isr.o
                0x9d003a5d                ISRHigh

.text.PID       0x9d004790      0x994
 .text.PID      0x9d004790      0x994 build/PIC32_Standalone/production/PID.o
                0x9d004791                PID

.rodata         0x9d005124     0x1134
 .rodata        0x9d005124      0x960 build/PIC32_Standalone/production/iron.o
                0x9d005124                Irons
                0x9d005978                NoIronPars
                0x9d005a1c                NTC2252_B_1
                0x9d005a50                IDHash
 .rodata        0x9d005a84      0x7d4 f:/program files/microchip/xc32/v2.50/bin/bin/../../lib/gcc/pic32mx/4.8.3/../../../../pic32mx/lib/mips16\libmchp_peripheral_32MX564F128H.a(int_tbl_lib.o)
                0x9d005a84                __IntSrcTbl
                0x9d005fa0                __IntVectorTbl

.text.main      0x9d006258      0x6cc
 .text.main     0x9d006258      0x6cc build/PIC32_Standalone/production/main.o
                0x9d006259                main

.text.I2CISRTasks
                0x9d006924      0x554
 .text.I2CISRTasks
                0x9d006924      0x554 build/PIC32_Standalone/production/isr.o
                0x9d006925                I2CISRTasks

.text.MenuTasks
                0x9d006e78      0x38c
 .text.MenuTasks
                0x9d006e78      0x38c build/PIC32_Standalone/production/menu.o
                0x9d006e79                MenuTasks

.text.ProcessIO
                0x9d007204      0x374
 .text.ProcessIO
                0x9d007204      0x374 build/PIC32_Standalone/production/io.o
                0x9d007205                ProcessIO

.text.GetSensorTemperature
                0x9d007578      0x310
 .text.GetSensorTemperature
                0x9d007578      0x310 build/PIC32_Standalone/production/sensorMath.o
                0x9d007579                GetSensorTemperature

.text.OLEDInit  0x9d007888      0x2d4
 .text.OLEDInit
                0x9d007888      0x2d4 build/PIC32_Standalone/production/OLED.o
                0x9d007889                OLEDInit

.text.IronIdentify
                0x9d007b5c      0x2a8
 .text.IronIdentify
                0x9d007b5c      0x2a8 build/PIC32_Standalone/production/iron.o
                0x9d007b5d                IronIdentify

.rodata         0x9d007e04      0x290
 .rodata        0x9d007e04      0x290 build/PIC32_Standalone/production/pars.o
                0x9d007ee0                ParDef

.text.OLEDPrintNum
                0x9d008094      0x210
 .text.OLEDPrintNum
                0x9d008094      0x210 build/PIC32_Standalone/production/OLED.o
                0x9d008095                OLEDPrintNum

.text.mcuInit2  0x9d0082a4      0x204
 .text.mcuInit2
                0x9d0082a4      0x204 build/PIC32_Standalone/production/PIC32MX564F128H.o
                0x9d0082a5                mcuInit2

.text.USBDeviceInit
                0x9d0084a8      0x194
 .text.USBDeviceInit
                0x9d0084a8      0x194 build/PIC32_Standalone/production/usb/usb_device.o
                0x9d0084a9                USBDeviceInit

.text           0x9d00863c      0x168
 .text          0x9d00863c      0x168 f:/program files/microchip/xc32/v2.50/bin/bin/../../lib/gcc/pic32mx/4.8.3/../../../../pic32mx/lib/mips16\libpic32.a(memcpy.o)
                0x9d00863c                memcpy

.text.mcuInit1  0x9d0087a4      0x164
 .text.mcuInit1
                0x9d0087a4      0x164 build/PIC32_Standalone/production/PIC32MX564F128H.o
                0x9d0087a5                mcuInit1

.text.OLEDPrintCF1648
                0x9d008908      0x160
 .text.OLEDPrintCF1648
                0x9d008908      0x160 build/PIC32_Standalone/production/OLED.o
                0x9d008909                OLEDPrintCF1648

.text.ComparatorISR
                0x9d008a68      0x144
 .text.ComparatorISR
                0x9d008a68      0x144 build/PIC32_Standalone/production/PIC32MX564F128H.o
                0x9d008a68                ComparatorISR

.text.I2CISR    0x9d008bac      0x130
 .text.I2CISR   0x9d008bac      0x130 build/PIC32_Standalone/production/PIC32MX564F128H.o
                0x9d008bac                I2CISR

.dinit          0x9d008cdc      0x130
 .dinit         0x9d008cdc      0x130 data_init

.rodata         0x9d008e0c      0x114
 .rodata        0x9d008e0c      0x114 build/PIC32_Standalone/production/menu.o

.text.PIDISR    0x9d008f20      0x110
 .text.PIDISR   0x9d008f20      0x110 build/PIC32_Standalone/production/PIC32MX564F128H.o
                0x9d008f20                PIDISR

.text.mcuADCStartAuto
                0x9d009030      0x100
 .text.mcuADCStartAuto
                0x9d009030      0x100 build/PIC32_Standalone/production/PIC32MX564F128H.o
                0x9d009031                mcuADCStartAuto

.text.OLEDPrintHex
                0x9d009130       0xec
 .text.OLEDPrintHex
                0x9d009130       0xec build/PIC32_Standalone/production/OLED.o
                0x9d009131                OLEDPrintHex

.text.OLEDPrint
                0x9d00921c       0xec
 .text.OLEDPrint
                0x9d00921c       0xec build/PIC32_Standalone/production/OLED.o
                0x9d00921d                OLEDPrint

.text.mcuADCStop
                0x9d009308       0xec
 .text.mcuADCStop
                0x9d009308       0xec build/PIC32_Standalone/production/PIC32MX564F128H.o
                0x9d009309                mcuADCStop

.text.OLEDPrintNum3248
                0x9d0093f4       0xe8
 .text.OLEDPrintNum3248
                0x9d0093f4       0xe8 build/PIC32_Standalone/production/OLED.o
                0x9d0093f5                OLEDPrintNum3248

.text.USBCtrlEPAllowStatusStage
                0x9d0094dc       0xe4
 .text.USBCtrlEPAllowStatusStage
                0x9d0094dc       0xe4 build/PIC32_Standalone/production/usb/usb_device.o
                0x9d0094dd                USBCtrlEPAllowStatusStage

.text.USBCtrlTrfTxService
                0x9d0095c0       0xe0
 .text.USBCtrlTrfTxService
                0x9d0095c0       0xe0 build/PIC32_Standalone/production/usb/usb_device.o

.text.USBCheckHIDRequest
                0x9d0096a0       0xdc
 .text.USBCheckHIDRequest
                0x9d0096a0       0xdc build/PIC32_Standalone/production/usb/usb_function_hid.o
                0x9d0096a1                USBCheckHIDRequest

.text.general_exception
                0x9d00977c       0xdc
 .text.general_exception
                0x9d00977c       0xdc f:/program files/microchip/xc32/v2.50/bin/bin/../../lib/gcc/pic32mx/4.8.3/../../../../pic32mx/lib/mips16\libpic32.a(general-exception.o)
                0x9d00977c                _general_exception_context

.rodata         0x9d009858       0xd4
 .rodata        0x9d009858       0xd4 build/PIC32_Standalone/production/usb/usb_descriptors.o
                0x9d009858                USB_SD_Ptr
                0x9d009864                USB_CD_Ptr
                0x9d009868                hid_rpt01
                0x9d009884                sd002
                0x9d0098b4                sd001
                0x9d0098e8                sd000
                0x9d0098ec                configDescriptor1
                0x9d009918                device_dsc

.text.USBCtrlEPAllowDataStage
                0x9d00992c       0xd0
 .text.USBCtrlEPAllowDataStage
                0x9d00992c       0xd0 build/PIC32_Standalone/production/usb/usb_device.o
                0x9d00992d                USBCtrlEPAllowDataStage

.text.ISRStart  0x9d0099fc       0xd0
 .text.ISRStart
                0x9d0099fc       0xd0 build/PIC32_Standalone/production/isr.o
                0x9d0099fd                ISRStart

.text.OLEDWriteXY
                0x9d009acc       0xd0
 .text.OLEDWriteXY
                0x9d009acc       0xd0 build/PIC32_Standalone/production/OLED.o
                0x9d009acd                OLEDWriteXY

.text.USBTransferOnePacket
                0x9d009b9c       0xc8
 .text.USBTransferOnePacket
                0x9d009b9c       0xc8 build/PIC32_Standalone/production/usb/usb_device.o
                0x9d009b9d                USBTransferOnePacket

.text.OLEDPrintXY
                0x9d009c64       0xc8
 .text.OLEDPrintXY
                0x9d009c64       0xc8 build/PIC32_Standalone/production/OLED.o
                0x9d009c65                OLEDPrintXY

.text.mcuADCReadWait
                0x9d009d2c       0xc4
 .text.mcuADCReadWait
                0x9d009d2c       0xc4 build/PIC32_Standalone/production/PIC32MX564F128H.o
                0x9d009d2d                mcuADCReadWait

.text.OLEDUpdate
                0x9d009df0       0xc0
 .text.OLEDUpdate
                0x9d009df0       0xc0 build/PIC32_Standalone/production/OLED.o
                0x9d009df1                OLEDUpdate

.text.SavePars  0x9d009eb0       0xb4
 .text.SavePars
                0x9d009eb0       0xb4 build/PIC32_Standalone/production/main.o
                0x9d009eb1                SavePars

.text.LoadPars  0x9d009f64       0xb0
 .text.LoadPars
                0x9d009f64       0xb0 build/PIC32_Standalone/production/main.o
                0x9d009f65                LoadPars

.text.mcuI2CReset
                0x9d00a014       0xac
 .text.mcuI2CReset
                0x9d00a014       0xac build/PIC32_Standalone/production/PIC32MX564F128H.o
                0x9d00a015                mcuI2CReset

.text.SpiChnOpen
                0x9d00a0c0       0xac
 .text.SpiChnOpen
                0x9d00a0c0       0xac f:/program files/microchip/xc32/v2.50/bin/bin/../../lib/gcc/pic32mx/4.8.3/../../../../pic32mx/lib/mips16\libmchp_peripheral_32MX564F128H.a(spi_chn_open_lib.o)
                0x9d00a0c1                SpiChnOpen

.text           0x9d00a16c       0xa8
 .text          0x9d00a16c       0xa8 f:/program files/microchip/xc32/v2.50/bin/bin/../../lib/gcc/pic32mx/4.8.3/../../../../pic32mx/lib/mips16\libpic32.a(memset.o)
                0x9d00a16c                memset

.text.ISRInit   0x9d00a214       0xa0
 .text.ISRInit  0x9d00a214       0xa0 build/PIC32_Standalone/production/isr.o
                0x9d00a215                ISRInit

.rodata         0x9d00a2b4       0xa0
 .rodata        0x9d00a2b4       0xa0 f:/program files/microchip/xc32/v2.50/bin/bin/../../lib/gcc/pic32mx/4.8.3/../../../../pic32mx/lib/mips16\libmchp_peripheral_32MX564F128H.a(spi_io_tbl_libp.o)
                0x9d00a2b4                _SpiIoTbl

.text.ADCISR    0x9d00a354       0x9c
 .text.ADCISR   0x9d00a354       0x9c build/PIC32_Standalone/production/PIC32MX564F128H.o
                0x9d00a354                ADCISR

.text.DmaChnOpen
                0x9d00a3f0       0x90
 .text.DmaChnOpen
                0x9d00a3f0       0x90 f:/program files/microchip/xc32/v2.50/bin/bin/../../lib/gcc/pic32mx/4.8.3/../../../../pic32mx/lib/mips16\libmchp_peripheral_32MX564F128H.a(dma_chn_open_lib.o)
                0x9d00a3f1                DmaChnOpen

.text.PIDTasks  0x9d00a480       0x84
 .text.PIDTasks
                0x9d00a480       0x84 build/PIC32_Standalone/production/PID.o
                0x9d00a481                PIDTasks

.text           0x9d00a504       0x84
 .text          0x9d00a504       0x84 f:/program files/microchip/xc32/v2.50/bin/bin/../../lib/gcc/pic32mx/4.8.3/../../../../pic32mx/lib/mips16\libpic32.a(pic32_data_init.o)
                0x9d00a504                __pic32_data_init

.text.USBEnableEndpoint
                0x9d00a588       0x7c
 .text.USBEnableEndpoint
                0x9d00a588       0x7c build/PIC32_Standalone/production/usb/usb_device.o
                0x9d00a589                USBEnableEndpoint

.text.MenuInit  0x9d00a604       0x7c
 .text.MenuInit
                0x9d00a604       0x7c build/PIC32_Standalone/production/menu.o
                0x9d00a605                MenuInit

.text.mcuADCStartManual
                0x9d00a680       0x7c
 .text.mcuADCStartManual
                0x9d00a680       0x7c build/PIC32_Standalone/production/PIC32MX564F128H.o
                0x9d00a681                mcuADCStartManual

.text.IronTasks
                0x9d00a6fc       0x78
 .text.IronTasks
                0x9d00a6fc       0x78 build/PIC32_Standalone/production/iron.o
                0x9d00a6fd                IronTasks

.text.Timer2ISR
                0x9d00a774       0x78
 .text.Timer2ISR
                0x9d00a774       0x78 build/PIC32_Standalone/production/PIC32MX564F128H.o
                0x9d00a774                Timer2ISR

.text.SpiChnPutS
                0x9d00a7ec       0x74
 .text.SpiChnPutS
                0x9d00a7ec       0x74 f:/program files/microchip/xc32/v2.50/bin/bin/../../lib/gcc/pic32mx/4.8.3/../../../../pic32mx/lib/mips16\libmchp_peripheral_32MX564F128H.a(spi_chn_puts_lib.o)
                0x9d00a7ed                SpiChnPutS

.text.ISRStop   0x9d00a860       0x70
 .text.ISRStop  0x9d00a860       0x70 build/PIC32_Standalone/production/isr.o
                0x9d00a861                ISRStop

.text.ParDispTemp
                0x9d00a8d0       0x70
 .text.ParDispTemp
                0x9d00a8d0       0x70 build/PIC32_Standalone/production/pars.o
                0x9d00a8d1                ParDispTemp

.text.Timer1ISR
                0x9d00a940       0x70
 .text.Timer1ISR
                0x9d00a940       0x70 build/PIC32_Standalone/production/PIC32MX564F128H.o
                0x9d00a940                Timer1ISR

.text.OnPowerLost.part.0
                0x9d00a9b0       0x6c
 .text.OnPowerLost.part.0
                0x9d00a9b0       0x6c build/PIC32_Standalone/production/isr.o

.text.DmaChnSetTxfer
                0x9d00aa1c       0x68
 .text.DmaChnSetTxfer
                0x9d00aa1c       0x68 f:/program files/microchip/xc32/v2.50/bin/bin/../../lib/gcc/pic32mx/4.8.3/../../../../pic32mx/lib/mips16\libmchp_peripheral_32MX564F128H.a(dma_chn_set_txfer_lib.o)
                0x9d00aa1d                DmaChnSetTxfer

.text.ParDispNum
                0x9d00aa84       0x64
 .text.ParDispNum
                0x9d00aa84       0x64 build/PIC32_Standalone/production/pars.o
                0x9d00aa85                ParDispNum

.text.SpiChnClose
                0x9d00aae8       0x64
 .text.SpiChnClose
                0x9d00aae8       0x64 f:/program files/microchip/xc32/v2.50/bin/bin/../../lib/gcc/pic32mx/4.8.3/../../../../pic32mx/lib/mips16\libmchp_peripheral_32MX564F128H.a(spi_chn_close_lib.o)
                0x9d00aae9                SpiChnClose

.text.mcuInitISRTimer
                0x9d00ab4c       0x60
 .text.mcuInitISRTimer
                0x9d00ab4c       0x60 build/PIC32_Standalone/production/PIC32MX564F128H.o
                0x9d00ab4d                mcuInitISRTimer

.text.SoftReset
                0x9d00abac       0x60
 .text.SoftReset
                0x9d00abac       0x60 f:/program files/microchip/xc32/v2.50/bin/bin/../../lib/gcc/pic32mx/4.8.3/../../../../pic32mx/lib/mips16\libmchp_peripheral_32MX564F128H.a(soft_reset_lib.o)
                0x9d00abad                SoftReset

.text.main_entry
                0x9d00ac0c       0x54
 .text.main_entry
                0x9d00ac0c       0x54 C:\Users\Sparky\AppData\Local\Temp\ccSjBuvz.o
                0x9d00ac40                __crt0_exit

.text.PIDInit   0x9d00ac60       0x50
 .text.PIDInit  0x9d00ac60       0x50 build/PIC32_Standalone/production/PID.o
                0x9d00ac61                PIDInit

.text.ParDispCF
                0x9d00acb0       0x50
 .text.ParDispCF
                0x9d00acb0       0x50 build/PIC32_Standalone/production/pars.o
                0x9d00acb1                ParDispCF

.text.EEPRead   0x9d00ad00       0x48
 .text.EEPRead  0x9d00ad00       0x48 build/PIC32_Standalone/production/EEP.o
                0x9d00ad01                EEPRead

.text.OLEDFill  0x9d00ad48       0x48
 .text.OLEDFill
                0x9d00ad48       0x48 build/PIC32_Standalone/production/OLED.o
                0x9d00ad49                OLEDFill
