Archive member included because of file (symbol)

c:/program files/microchip/xc32/v2.50/bin/bin/../../lib/gcc/pic32mx/4.8.3/../../../../pic32mx/lib/mips16\libmchp_peripheral.a(open_core_timer_lib.o)
                              build/PIC32_Standalone/production/PIC32MX564F128H.o (OpenCoreTimer)
c:/program files/microchip/xc32/v2.50/bin/bin/../../lib/gcc/pic32mx/4.8.3/../../../../pic32mx/lib/mips16\libmchp_peripheral.a(read_core_timer_lib.o)
                              build/PIC32_Standalone/production/PIC32MX564F128H.o (ReadCoreTimer)
c:/program files/microchip/xc32/v2.50/bin/bin/../../lib/gcc/pic32mx/4.8.3/../../../../pic32mx/lib/mips16\libmchp_peripheral_32MX564F128H.a(soft_reset_lib.o)
                              build/PIC32_Standalone/production/main.o (SoftReset)
c:/program files/microchip/xc32/v2.50/bin/bin/../../lib/gcc/pic32mx/4.8.3/../../../../pic32mx/lib/mips16\libmchp_peripheral_32MX564F128H.a(int_enable_interrupts_lib.o)
                              build/PIC32_Standalone/production/isr.o (INTEnableInterrupts)
c:/program files/microchip/xc32/v2.50/bin/bin/../../lib/gcc/pic32mx/4.8.3/../../../../pic32mx/lib/mips16\libmchp_peripheral_32MX564F128H.a(int_disable_interrupts_lib.o)
                              build/PIC32_Standalone/production/isr.o (INTDisableInterrupts)
c:/program files/microchip/xc32/v2.50/bin/bin/../../lib/gcc/pic32mx/4.8.3/../../../../pic32mx/lib/mips16\libmchp_peripheral_32MX564F128H.a(int_restore_interrupts_lib.o)
                              build/PIC32_Standalone/production/isr.o (INTRestoreInterrupts)
c:/program files/microchip/xc32/v2.50/bin/bin/../../lib/gcc/pic32mx/4.8.3/../../../../pic32mx/lib/mips16\libmchp_peripheral_32MX564F128H.a(int_enable_mv_int_lib.o)
                              build/PIC32_Standalone/production/PIC32MX564F128H.o (INTEnableSystemMultiVectoredInt)
c:/program files/microchip/xc32/v2.50/bin/bin/../../lib/gcc/pic32mx/4.8.3/../../../../pic32mx/lib/mips16\libmchp_peripheral_32MX564F128H.a(int_tbl_lib.o)
                              build/PIC32_Standalone/production/usb/usb_device.o (INTClearFlag)
c:/program files/microchip/xc32/v2.50/bin/bin/../../lib/gcc/pic32mx/4.8.3/../../../../pic32mx/lib/mips16\libmchp_peripheral_32MX564F128H.a(spi_chn_close_lib.o)
                              build/PIC32_Standalone/production/OLED.o (SpiChnClose)
c:/program files/microchip/xc32/v2.50/bin/bin/../../lib/gcc/pic32mx/4.8.3/../../../../pic32mx/lib/mips16\libmchp_peripheral_32MX564F128H.a(spi_chn_open_lib.o)
                              build/PIC32_Standalone/production/OLED.o (SpiChnOpen)
c:/program files/microchip/xc32/v2.50/bin/bin/../../lib/gcc/pic32mx/4.8.3/../../../../pic32mx/lib/mips16\libmchp_peripheral_32MX564F128H.a(spi_chn_putc_lib.o)
                              build/PIC32_Standalone/production/OLED.o (SpiChnPutC)
c:/program files/microchip/xc32/v2.50/bin/bin/../../lib/gcc/pic32mx/4.8.3/../../../../pic32mx/lib/mips16\libmchp_peripheral_32MX564F128H.a(spi_chn_puts_lib.o)
                              build/PIC32_Standalone/production/OLED.o (SpiChnPutS)
c:/program files/microchip/xc32/v2.50/bin/bin/../../lib/gcc/pic32mx/4.8.3/../../../../pic32mx/lib/mips16\libmchp_peripheral_32MX564F128H.a(spi_chn_is_busy_lib.o)
                              build/PIC32_Standalone/production/PIC32MX564F128H.o (SpiChnIsBusy)
c:/program files/microchip/xc32/v2.50/bin/bin/../../lib/gcc/pic32mx/4.8.3/../../../../pic32mx/lib/mips16\libmchp_peripheral_32MX564F128H.a(spi_io_tbl_libp.o)
                              c:/program files/microchip/xc32/v2.50/bin/bin/../../lib/gcc/pic32mx/4.8.3/../../../../pic32mx/lib/mips16\libmchp_peripheral_32MX564F128H.a(spi_chn_close_lib.o) (_SpiIoTbl)
c:/program files/microchip/xc32/v2.50/bin/bin/../../lib/gcc/pic32mx/4.8.3/../../../../pic32mx/lib/mips16\libmchp_peripheral_32MX564F128H.a(spi_map_tbl_libp.o)
                              c:/program files/microchip/xc32/v2.50/bin/bin/../../lib/gcc/pic32mx/4.8.3/../../../../pic32mx/lib/mips16\libmchp_peripheral_32MX564F128H.a(spi_chn_close_lib.o) (_SpiMapTbl)
c:/program files/microchip/xc32/v2.50/bin/bin/../../lib/gcc/pic32mx/4.8.3/../../../../pic32mx/lib/mips16\libmchp_peripheral_32MX564F128H.a(dma_chn_abort_txfer_lib.o)
                              build/PIC32_Standalone/production/PIC32MX564F128H.o (DmaChnAbortTxfer)
c:/program files/microchip/xc32/v2.50/bin/bin/../../lib/gcc/pic32mx/4.8.3/../../../../pic32mx/lib/mips16\libmchp_peripheral_32MX564F128H.a(dma_chn_open_lib.o)
                              build/PIC32_Standalone/production/PIC32MX564F128H.o (DmaChnOpen)
c:/program files/microchip/xc32/v2.50/bin/bin/../../lib/gcc/pic32mx/4.8.3/../../../../pic32mx/lib/mips16\libmchp_peripheral_32MX564F128H.a(dma_chn_disable_lib.o)
                              build/PIC32_Standalone/production/PIC32MX564F128H.o (DmaChnDisable)
c:/program files/microchip/xc32/v2.50/bin/bin/../../lib/gcc/pic32mx/4.8.3/../../../../pic32mx/lib/mips16\libmchp_peripheral_32MX564F128H.a(dma_chn_enable_lib.o)
[...]
Memory Configuration

Name             Origin             Length             Attributes
kseg0_program_mem 0x9d000000         0x00020000         xr
kseg0_boot_mem   0x9fc00490         0x00000970
exception_mem    0x9fc01000         0x00001000
kseg1_boot_mem   0xbfc00000         0x00000490
debug_exec_mem   0xbfc02000         0x00000ff0
config3          0xbfc02ff0         0x00000004
config2          0xbfc02ff4         0x00000004
config1          0xbfc02ff8         0x00000004
config0          0xbfc02ffc         0x00000004
kseg1_data_mem   0xa0000000         0x00008000         w !x
sfrs             0xbf800000         0x00100000
configsfrs       0xbfc02ff0         0x00000010
*default*        0x00000000         0xffffffff

Linker script and memory map

LOAD c:/program files/microchip/xc32/v2.50/bin/bin/../../lib/gcc/pic32mx/4.8.3/../../../../pic32mx/lib/mips16\debug-exception-return.o
LOAD build/PIC32_Standalone/production/usb/usb_descriptors.o
LOAD build/PIC32_Standalone/production/usb/usb_device.o
LOAD build/PIC32_Standalone/production/usb/usb_driver.o
LOAD build/PIC32_Standalone/production/usb/usb_function_hid.o
LOAD build/PIC32_Standalone/production/usb/usb_hal_pic24.o
LOAD build/PIC32_Standalone/production/main.o
LOAD build/PIC32_Standalone/production/isr.o
LOAD build/PIC32_Standalone/production/iron.o
LOAD build/PIC32_Standalone/production/PID.o
LOAD build/PIC32_Standalone/production/io.o
LOAD build/PIC32_Standalone/production/menu.o
LOAD build/PIC32_Standalone/production/EEP.o
LOAD build/PIC32_Standalone/production/OLED.o
LOAD build/PIC32_Standalone/production/pars.o
LOAD build/PIC32_Standalone/production/sensorMath.o
LOAD build/PIC32_Standalone/production/PIC32MX564F128H.o
                0x00000001                __MPLAB_BUILD = 0x1
LOAD C:\Users\pasca\AppData\Local\Temp\cc4Mg1q3.o
LOAD C:\Users\pasca\AppData\Local\Temp\ccd4OzRg.o
LOAD C:\Users\pasca\AppData\Local\Temp\ccaZ02uM.o
LOAD c:/program files/microchip/xc32/v2.50/bin/bin/../../lib/gcc/pic32mx/4.8.3/../../../../pic32mx/lib/./proc/32MX564F128H\default_isr_vectors.o
LOAD c:/program files/microchip/xc32/v2.50/bin/bin/../../lib/gcc/pic32mx/4.8.3/../../../../pic32mx/lib/mips16\pic32_software_reset.o
                0x00000400                PROVIDE (_min_stack_size, 0x400)
START GROUP
LOAD c:/program files/microchip/xc32/v2.50/bin/bin/../../lib/gcc/pic32mx/4.8.3/../../../../pic32mx/lib/./proc/32MX564F128H\processor.o
END GROUP
START GROUP
LOAD c:/program files/microchip/xc32/v2.50/bin/bin/../../lib/gcc/pic32mx/4.8.3/../../../../pic32mx/lib/mips16\libmchp_peripheral.a
END GROUP
START GROUP
LOAD c:/program files/microchip/xc32/v2.50/bin/bin/../../lib/gcc/pic32mx/4.8.3/../../../../pic32mx/lib/mips16\libmchp_peripheral_32MX564F128H.a
END GROUP
                0x00000001                PROVIDE (_vector_spacing, 0x1)
                0x9fc01000                PROVIDE (_ebase_address, 0x9fc01000)
                0xbfc00000                _RESET_ADDR = 0xbfc00000
                0xbfc00380                _BEV_EXCPT_ADDR = 0xbfc00380
                0xbfc00480                _DBG_EXCPT_ADDR = 0xbfc00480
                0xbfc02000                _DBG_CODE_ADDR = 0xbfc02000
                0x00000ff0                _DBG_CODE_SIZE = 0xff0
                0x9fc01180                _GEN_EXCPT_ADDR = (_ebase_address + 0x180)

.config_BFC02FF0
                0xbfc02ff0        0x4
 *(.config_BFC02FF0)
 .config_BFC02FF0
                0xbfc02ff0        0x4 build/PIC32_Standalone/production/PIC32MX564F128H.o

.config_BFC02FF4
                0xbfc02ff4        0x4
 *(.config_BFC02FF4)
 .config_BFC02FF4
                0xbfc02ff4        0x4 build/PIC32_Standalone/production/PIC32MX564F128H.o

.config_BFC02FF8
                0xbfc02ff8        0x4
 *(.config_BFC02FF8)
 .config_BFC02FF8
                0xbfc02ff8        0x4 build/PIC32_Standalone/production/PIC32MX564F128H.o

.config_BFC02FFC
                0xbfc02ffc        0x4
 *(.config_BFC02FFC)
 .config_BFC02FFC
                0xbfc02ffc        0x4 build/PIC32_Standalone/production/PIC32MX564F128H.o
                0xbfc02000                PROVIDE (_DBG_CODE_ADDR, 0xbfc02000)
                0x00000ff0                PROVIDE (_DBG_CODE_SIZE, 0xff0)

.reset          0xbfc00000      0x19c
 *(.reset)
 .reset         0xbfc00000        0x8 C:\Users\pasca\AppData\Local\Temp\cc4Mg1q3.o
                0xbfc00000                _reset
 *(.reset.startup)
 .reset.startup
                0xbfc00008      0x194 C:\Users\pasca\AppData\Local\Temp\cc4Mg1q3.o
                0xbfc00008                _startup

.bev_excpt      0xbfc00380       0x10
 *(.bev_handler)
 .bev_handler   0xbfc00380       0x10 C:\Users\pasca\AppData\Local\Temp\cc4Mg1q3.o

.dbg_excpt      0xbfc00480        0x0
                0xbfc00480                . = (. + DEFINED (_DEBUGGER)?0x8:0x0)

.dbg_code       0xbfc02000        0x0
                0xbfc02000                . = (. + DEFINED (_DEBUGGER)?_DBG_CODE_SIZE:0x0)

.app_excpt      0x9fc01180       0x10
 *(.gen_handler)
 .gen_handler   0x9fc01180       0x10 C:\Users\pasca\AppData\Local\Temp\cc4Mg1q3.o

.vector_0       0x9fc01200        0x8
 *(.vector_0)
 .vector_0      0x9fc01200        0x8 c:/program files/microchip/xc32/v2.50/bin/bin/../../lib/gcc/pic32mx/4.8.3/../../../../pic32mx/lib/mips16\libpic32.a(vector0.o)
                0x9fc01200                __vector_dispatch_0
                0x00000001                ASSERT (((_vector_spacing == 0x0) || (SIZEOF (.vector_0) <= (_vector_spacing << 0x5))), function at exception vector 0 too large)

.vector_1       0x9fc01220        0x8
 *(.vector_1)
 .vector_1      0x9fc01220        0x8 c:/program files/microchip/xc32/v2.50/bin/bin/../../lib/gcc/pic32mx/4.8.3/../../../../pic32mx/lib/mips16\libpic32.a(vector1.o)
                0x9fc01220                __vector_dispatch_1
                0x00000001                ASSERT (((_vector_spacing == 0x0) || (SIZEOF (.vector_1) <= (_vector_spacing << 0x5))), function at exception vector 1 too large)

.vector_2       0x9fc01240        0x8
 *(.vector_2)
 .vector_2      0x9fc01240        0x8 c:/program files/microchip/xc32/v2.50/bin/bin/../../lib/gcc/pic32mx/4.8.3/../../../../pic32mx/lib/mips16\libpic32.a(vector2.o)
                0x9fc01240                __vector_dispatch_2
                0x00000001                ASSERT (((_vector_spacing == 0x0) || (SIZEOF (.vector_2) <= (_vector_spacing << 0x5))), function at exception vector 2 too large)

.vector_3       0x9fc01260        0x8
 *(.vector_3)
 .vector_3      0x9fc01260        0x8 c:/program files/microchip/xc32/v2.50/bin/bin/../../lib/gcc/pic32mx/4.8.3/../../../../pic32mx/lib/mips16\libpic32.a(vector3.o)
                0x9fc01260                __vector_dispatch_3
                0x00000001                ASSERT (((_vector_spacing == 0x0) || (SIZEOF (.vector_3) <= (_vector_spacing << 0x5))), function at exception vector 3 too large)

.vector_4       0x9fc01280        0x8
 *(.vector_4)
 .vector_4      0x9fc01280        0x8 build/PIC32_Standalone/production/PIC32MX564F128H.o
                0x9fc01280                __vector_dispatch_4
                0x00000001                ASSERT (((_vector_spacing == 0x0) || (SIZEOF (.vector_4) <= (_vector_spacing << 0x5))), function at exception vector 4 too large)

.vector_5       0x9fc012a0        0x8
 *(.vector_5)
 .vector_5      0x9fc012a0        0x8 build/PIC32_Standalone/production/PIC32MX564F128H.o
                0x9fc012a0                __vector_dispatch_5
                0x00000001                ASSERT (((_vector_spacing == 0x0) || (SIZEOF (.vector_5) <= (_vector_spacing << 0x5))), function at exception vector 5 too large)

.vector_6       0x9fc012c0        0x8
 *(.vector_6)
 .vector_6      0x9fc012c0        0x8 c:/program files/microchip/xc32/v2.50/bin/bin/../../lib/gcc/pic32mx/4.8.3/../../../../pic32mx/lib/mips16\libpic32.a(vector6.o)
                0x9fc012c0                __vector_dispatch_6
                0x00000001                ASSERT (((_vector_spacing == 0x0) || (SIZEOF (.vector_6) <= (_vector_spacing << 0x5))), function at exception vector 6 too large)

.vector_7       0x9fc012e0        0x8
 *(.vector_7)
 .vector_7      0x9fc012e0        0x8 c:/program files/microchip/xc32/v2.50/bin/bin/../../lib/gcc/pic32mx/4.8.3/../../../../pic32mx/lib/mips16\libpic32.a(vector7.o)
                0x9fc012e0                __vector_dispatch_7
                0x00000001                ASSERT (((_vector_spacing == 0x0) || (SIZEOF (.vector_7) <= (_vector_spacing << 0x5))), function at exception vector 7 too large)

.vector_8       0x9fc01300        0x8
 *(.vector_8)
 .vector_8      0x9fc01300        0x8 build/PIC32_Standalone/production/PIC32MX564F128H.o
                0x9fc01300                __vector_dispatch_8
                0x00000001                ASSERT (((_vector_spacing == 0x0) || (SIZEOF (.vector_8) <= (_vector_spacing << 0x5))), function at exception vector 8 too large)

.vector_9       0x9fc01320        0x8
 *(.vector_9)
 .vector_9      0x9fc01320        0x8 c:/program files/microchip/xc32/v2.50/bin/bin/../../lib/gcc/pic32mx/4.8.3/../../../../pic32mx/lib/mips16\libpic32.a(vector9.o)
                0x9fc01320                __vector_dispatch_9
                0x00000001                ASSERT (((_vector_spacing == 0x0) || (SIZEOF (.vector_9) <= (_vector_spacing << 0x5))), function at exception vector 9 too large)

.vector_10      0x9fc01340        0x8
 *(.vector_10)
 .vector_10     0x9fc01340        0x8 build/PIC32_Standalone/production/PIC32MX564F128H.o
                0x9fc01340                __vector_dispatch_10
                0x00000001                ASSERT (((_vector_spacing == 0x0) || (SIZEOF (.vector_10) <= (_vector_spacing << 0x5))), function at exception vector 10 too large)

.vector_11      0x9fc01360        0x8
 *(.vector_11)
 .vector_11     0x9fc01360        0x8 c:/program files/microchip/xc32/v2.50/bin/bin/../../lib/gcc/pic32mx/4.8.3/../../../../pic32mx/lib/mips16\libpic32.a(vector11.o)
                0x9fc01360                __vector_dispatch_11
                0x00000001                ASSERT (((_vector_spacing == 0x0) || (SIZEOF (.vector_11) <= (_vector_spacing << 0x5))), function at exception vector 11 too large)

.vector_12      0x9fc01380        0x8
 *(.vector_12)
 .vector_12     0x9fc01380        0x8 c:/program files/microchip/xc32/v2.50/bin/bin/../../lib/gcc/pic32mx/4.8.3/../../../../pic32mx/lib/mips16\libpic32.a(vector12.o)
                0x9fc01380                __vector_dispatch_12
                0x00000001                ASSERT (((_vector_spacing == 0x0) || (SIZEOF (.vector_12) <= (_vector_spacing << 0x5))), function at exception vector 12 too large)

.vector_13      0x9fc013a0        0x8
 *(.vector_13)
 .vector_13     0x9fc013a0        0x8 build/PIC32_Standalone/production/PIC32MX564F128H.o
                0x9fc013a0                __vector_dispatch_13
                0x00000001                ASSERT (((_vector_spacing == 0x0) || (SIZEOF (.vector_13) <= (_vector_spacing << 0x5))), function at exception vector 13 too large)

.vector_14      0x9fc013c0        0x8
 *(.vector_14)
 .vector_14     0x9fc013c0        0x8 c:/program files/microchip/xc32/v2.50/bin/bin/../../lib/gcc/pic32mx/4.8.3/../../../../pic32mx/lib/mips16\libpic32.a(vector14.o)
                0x9fc013c0                __vector_dispatch_14
                0x00000001                ASSERT (((_vector_spacing == 0x0) || (SIZEOF (.vector_14) <= (_vector_spacing << 0x5))), function at exception vector 14 too large)

.vector_15      0x9fc013e0        0x8
 *(.vector_15)
 .vector_15     0x9fc013e0        0x8 c:/program files/microchip/xc32/v2.50/bin/bin/../../lib/gcc/pic32mx/4.8.3/../../../../pic32mx/lib/mips16\libpic32.a(vector15.o)
                0x9fc013e0                __vector_dispatch_15
                0x00000001                ASSERT (((_vector_spacing == 0x0) || (SIZEOF (.vector_15) <= (_vector_spacing << 0x5))), function at exception vector 15 too large)

.vector_16      0x9fc01400        0x8
 *(.vector_16)
 .vector_16     0x9fc01400        0x8 c:/program files/microchip/xc32/v2.50/bin/bin/../../lib/gcc/pic32mx/4.8.3/../../../../pic32mx/lib/mips16\libpic32.a(vector16.o)
                0x9fc01400                __vector_dispatch_16
                0x00000001                ASSERT (((_vector_spacing == 0x0) || (SIZEOF (.vector_16) <= (_vector_spacing << 0x5))), function at exception vector 16 too large)

.vector_17      0x9fc01420        0x8
 *(.vector_17)
 .vector_17     0x9fc01420        0x8 c:/program files/microchip/xc32/v2.50/bin/bin/../../lib/gcc/pic32mx/4.8.3/../../../../pic32mx/lib/mips16\libpic32.a(vector17.o)
                0x9fc01420                __vector_dispatch_17
                0x00000001                ASSERT (((_vector_spacing == 0x0) || (SIZEOF (.vector_17) <= (_vector_spacing << 0x5))), function at exception vector 17 too large)

.vector_18      0x9fc01440        0x8
 *(.vector_18)
 .vector_18     0x9fc01440        0x8 c:/program files/microchip/xc32/v2.50/bin/bin/../../lib/gcc/pic32mx/4.8.3/../../../../pic32mx/lib/mips16\libpic32.a(vector18.o)
                0x9fc01440                __vector_dispatch_18
                0x00000001                ASSERT (((_vector_spacing == 0x0) || (SIZEOF (.vector_18) <= (_vector_spacing << 0x5))), function at exception vector 18 too large)

.vector_19      0x9fc01460        0x8
 *(.vector_19)
 .vector_19     0x9fc01460        0x8 c:/program files/microchip/xc32/v2.50/bin/bin/../../lib/gcc/pic32mx/4.8.3/../../../../pic32mx/lib/mips16\libpic32.a(vector19.o)
                0x9fc01460                __vector_dispatch_19
                0x00000001                ASSERT (((_vector_spacing == 0x0) || (SIZEOF (.vector_19) <= (_vector_spacing << 0x5))), function at exception vector 19 too large)

.vector_20      0x9fc01480        0x8
 *(.vector_20)
 .vector_20     0x9fc01480        0x8 c:/program files/microchip/xc32/v2.50/bin/bin/../../lib/gcc/pic32mx/4.8.3/../../../../pic32mx/lib/mips16\libpic32.a(vector20.o)
                0x9fc01480                __vector_dispatch_20
                0x00000001                ASSERT (((_vector_spacing == 0x0) || (SIZEOF (.vector_20) <= (_vector_spacing << 0x5))), function at exception vector 20 too large)

.vector_21      0x9fc014a0        0x8
 *(.vector_21)
 .vector_21     0x9fc014a0        0x8 c:/program files/microchip/xc32/v2.50/bin/bin/../../lib/gcc/pic32mx/4.8.3/../../../../pic32mx/lib/mips16\libpic32.a(vector21.o)
                0x9fc014a0                __vector_dispatch_21
                0x00000001                ASSERT (((_vector_spacing == 0x0) || (SIZEOF (.vector_21) <= (_vector_spacing << 0x5))), function at exception vector 21 too large)

.vector_22      0x9fc014c0        0x8
 *(.vector_22)
 .vector_22     0x9fc014c0        0x8 c:/program files/microchip/xc32/v2.50/bin/bin/../../lib/gcc/pic32mx/4.8.3/../../../../pic32mx/lib/mips16\libpic32.a(vector22.o)
                0x9fc014c0                __vector_dispatch_22
                0x00000001                ASSERT (((_vector_spacing == 0x0) || (SIZEOF (.vector_22) <= (_vector_spacing << 0x5))), function at exception vector 22 too large)

.vector_23      0x9fc014e0        0x8
 *(.vector_23)
 .vector_23     0x9fc014e0        0x8 c:/program files/microchip/xc32/v2.50/bin/bin/../../lib/gcc/pic32mx/4.8.3/../../../../pic32mx/lib/mips16\libpic32.a(vector23.o)
                0x9fc014e0                __vector_dispatch_23
                0x00000001                ASSERT (((_vector_spacing == 0x0) || (SIZEOF (.vector_23) <= (_vector_spacing << 0x5))), function at exception vector 23 too large)

.vector_24      0x9fc01500        0x8
 *(.vector_24)
 .vector_24     0x9fc01500        0x8 c:/program files/microchip/xc32/v2.50/bin/bin/../../lib/gcc/pic32mx/4.8.3/../../../../pic32mx/lib/mips16\libpic32.a(vector24.o)
                0x9fc01500                __vector_dispatch_24
                0x00000001                ASSERT (((_vector_spacing == 0x0) || (SIZEOF (.vector_24) <= (_vector_spacing << 0x5))), function at exception vector 24 too large)

.vector_25      0x9fc01520        0x8
 *(.vector_25)
 .vector_25     0x9fc01520        0x8 c:/program files/microchip/xc32/v2.50/bin/bin/../../lib/gcc/pic32mx/4.8.3/../../../../pic32mx/lib/mips16\libpic32.a(vector25.o)
                0x9fc01520                __vector_dispatch_25
                0x00000001                ASSERT (((_vector_spacing == 0x0) || (SIZEOF (.vector_25) <= (_vector_spacing << 0x5))), function at exception vector 25 too large)

.vector_26      0x9fc01540        0x8
 *(.vector_26)
 .vector_26     0x9fc01540        0x8 c:/program files/microchip/xc32/v2.50/bin/bin/../../lib/gcc/pic32mx/4.8.3/../../../../pic32mx/lib/mips16\libpic32.a(vector26.o)
                0x9fc01540                __vector_dispatch_26
                0x00000001                ASSERT (((_vector_spacing == 0x0) || (SIZEOF (.vector_26) <= (_vector_spacing << 0x5))), function at exception vector 26 too large)

.vector_27      0x9fc01560        0x8
 *(.vector_27)
 .vector_27     0x9fc01560        0x8 build/PIC32_Standalone/production/PIC32MX564F128H.o
                0x9fc01560                __vector_dispatch_27
                0x00000001                ASSERT (((_vector_spacing == 0x0) || (SIZEOF (.vector_27) <= (_vector_spacing << 0x5))), function at exception vector 27 too large)

.vector_28      0x9fc01580        0x8
 *(.vector_28)
 .vector_28     0x9fc01580        0x8 c:/program files/microchip/xc32/v2.50/bin/bin/../../lib/gcc/pic32mx/4.8.3/../../../../pic32mx/lib/mips16\libpic32.a(vector28.o)
                0x9fc01580                __vector_dispatch_28
                0x00000001                ASSERT (((_vector_spacing == 0x0) || (SIZEOF (.vector_28) <= (_vector_spacing << 0x5))), function at exception vector 28 too large)

.vector_29      0x9fc015a0        0x8
 *(.vector_29)
 .vector_29     0x9fc015a0        0x8 c:/program files/microchip/xc32/v2.50/bin/bin/../../lib/gcc/pic32mx/4.8.3/../../../../pic32mx/lib/mips16\libpic32.a(vector29.o)
                0x9fc015a0                __vector_dispatch_29
                0x00000001                ASSERT (((_vector_spacing == 0x0) || (SIZEOF (.vector_29) <= (_vector_spacing << 0x5))), function at exception vector 29 too large)

.vector_30      0x9fc015c0        0x8
 *(.vector_30)
 .vector_30     0x9fc015c0        0x8 build/PIC32_Standalone/production/PIC32MX564F128H.o
                0x9fc015c0                __vector_dispatch_30
                0x00000001                ASSERT (((_vector_spacing == 0x0) || (SIZEOF (.vector_30) <= (_vector_spacing << 0x5))), function at exception vector 30 too large)

.vector_31      0x9fc015e0        0x8
 *(.vector_31)
 .vector_31     0x9fc015e0        0x8 build/PIC32_Standalone/production/PIC32MX564F128H.o
                0x9fc015e0                __vector_dispatch_31
                0x00000001                ASSERT (((_vector_spacing == 0x0) || (SIZEOF (.vector_31) <= (_vector_spacing << 0x5))), function at exception vector 31 too large)

.vector_32      0x9fc01600        0x8
 *(.vector_32)
 .vector_32     0x9fc01600        0x8 c:/program files/microchip/xc32/v2.50/bin/bin/../../lib/gcc/pic32mx/4.8.3/../../../../pic32mx/lib/mips16\libpic32.a(vector32.o)
                0x9fc01600                __vector_dispatch_32
                0x00000001                ASSERT (((_vector_spacing == 0x0) || (SIZEOF (.vector_32) <= (_vector_spacing << 0x5))), function at exception vector 32 too large)

.vector_33      0x9fc01620        0x8
 *(.vector_33)
 .vector_33     0x9fc01620        0x8 c:/program files/microchip/xc32/v2.50/bin/bin/../../lib/gcc/pic32mx/4.8.3/../../../../pic32mx/lib/mips16\libpic32.a(vector33.o)
                0x9fc01620                __vector_dispatch_33
                0x00000001                ASSERT (((_vector_spacing == 0x0) || (SIZEOF (.vector_33) <= (_vector_spacing << 0x5))), function at exception vector 33 too large)

.vector_34      0x9fc01640        0x8
 *(.vector_34)
 .vector_34     0x9fc01640        0x8 c:/program files/microchip/xc32/v2.50/bin/bin/../../lib/gcc/pic32mx/4.8.3/../../../../pic32mx/lib/mips16\libpic32.a(vector34.o)
                0x9fc01640                __vector_dispatch_34
                0x00000001                ASSERT (((_vector_spacing == 0x0) || (SIZEOF (.vector_34) <= (_vector_spacing << 0x5))), function at exception vector 34 too large)

.vector_35      0x9fc01660        0x8
 *(.vector_35)
 .vector_35     0x9fc01660        0x8 c:/program files/microchip/xc32/v2.50/bin/bin/../../lib/gcc/pic32mx/4.8.3/../../../../pic32mx/lib/mips16\libpic32.a(vector35.o)
                0x9fc01660                __vector_dispatch_35
                0x00000001                ASSERT (((_vector_spacing == 0x0) || (SIZEOF (.vector_35) <= (_vector_spacing << 0x5))), function at exception vector 35 too large)

.vector_36      0x9fc01680        0x8
 *(.vector_36)
 .vector_36     0x9fc01680        0x8 c:/program files/microchip/xc32/v2.50/bin/bin/../../lib/gcc/pic32mx/4.8.3/../../../../pic32mx/lib/mips16\libpic32.a(vector36.o)
                0x9fc01680                __vector_dispatch_36
                0x00000001                ASSERT (((_vector_spacing == 0x0) || (SIZEOF (.vector_36) <= (_vector_spacing << 0x5))), function at exception vector 36 too large)

.vector_37      0x9fc016a0        0x8
 *(.vector_37)
 .vector_37     0x9fc016a0        0x8 c:/program files/microchip/xc32/v2.50/bin/bin/../../lib/gcc/pic32mx/4.8.3/../../../../pic32mx/lib/mips16\libpic32.a(vector37.o)
                0x9fc016a0                __vector_dispatch_37
                0x00000001                ASSERT (((_vector_spacing == 0x0) || (SIZEOF (.vector_37) <= (_vector_spacing << 0x5))), function at exception vector 37 too large)

.vector_38      0x9fc016c0        0x8
 *(.vector_38)
 .vector_38     0x9fc016c0        0x8 c:/program files/microchip/xc32/v2.50/bin/bin/../../lib/gcc/pic32mx/4.8.3/../../../../pic32mx/lib/mips16\libpic32.a(vector38.o)
                0x9fc016c0                __vector_dispatch_38
                0x00000001                ASSERT (((_vector_spacing == 0x0) || (SIZEOF (.vector_38) <= (_vector_spacing << 0x5))), function at exception vector 38 too large)

.vector_39      0x9fc016e0        0x8
 *(.vector_39)
 .vector_39     0x9fc016e0        0x8 c:/program files/microchip/xc32/v2.50/bin/bin/../../lib/gcc/pic32mx/4.8.3/../../../../pic32mx/lib/mips16\libpic32.a(vector39.o)
                0x9fc016e0                __vector_dispatch_39
                0x00000001                ASSERT (((_vector_spacing == 0x0) || (SIZEOF (.vector_39) <= (_vector_spacing << 0x5))), function at exception vector 39 too large)

.vector_40      0x9fc01700        0x8
 *(.vector_40)
 .vector_40     0x9fc01700        0x8 c:/program files/microchip/xc32/v2.50/bin/bin/../../lib/gcc/pic32mx/4.8.3/../../../../pic32mx/lib/mips16\libpic32.a(vector40.o)
                0x9fc01700                __vector_dispatch_40
                0x00000001                ASSERT (((_vector_spacing == 0x0) || (SIZEOF (.vector_40) <= (_vector_spacing << 0x5))), function at exception vector 40 too large)

.vector_41      0x9fc01720        0x8
 *(.vector_41)
 .vector_41     0x9fc01720        0x8 c:/program files/microchip/xc32/v2.50/bin/bin/../../lib/gcc/pic32mx/4.8.3/../../../../pic32mx/lib/mips16\libpic32.a(vector41.o)
                0x9fc01720                __vector_dispatch_41
                0x00000001                ASSERT (((_vector_spacing == 0x0) || (SIZEOF (.vector_41) <= (_vector_spacing << 0x5))), function at exception vector 41 too large)

.vector_42      0x9fc01740        0x8
 *(.vector_42)
 .vector_42     0x9fc01740        0x8 c:/program files/microchip/xc32/v2.50/bin/bin/../../lib/gcc/pic32mx/4.8.3/../../../../pic32mx/lib/mips16\libpic32.a(vector42.o)
                0x9fc01740                __vector_dispatch_42
                0x00000001                ASSERT (((_vector_spacing == 0x0) || (SIZEOF (.vector_42) <= (_vector_spacing << 0x5))), function at exception vector 42 too large)

.vector_43      0x9fc01760        0x8
 *(.vector_43)
 .vector_43     0x9fc01760        0x8 c:/program files/microchip/xc32/v2.50/bin/bin/../../lib/gcc/pic32mx/4.8.3/../../../../pic32mx/lib/mips16\libpic32.a(vector43.o)
                0x9fc01760                __vector_dispatch_43
                0x00000001                ASSERT (((_vector_spacing == 0x0) || (SIZEOF (.vector_43) <= (_vector_spacing << 0x5))), function at exception vector 43 too large)

.vector_44      0x9fc01780        0x8
 *(.vector_44)
 .vector_44     0x9fc01780        0x8 c:/program files/microchip/xc32/v2.50/bin/bin/../../lib/gcc/pic32mx/4.8.3/../../../../pic32mx/lib/mips16\libpic32.a(vector44.o)
                0x9fc01780                __vector_dispatch_44
                0x00000001                ASSERT (((_vector_spacing == 0x0) || (SIZEOF (.vector_44) <= (_vector_spacing << 0x5))), function at exception vector 44 too large)

.vector_45      0x9fc017a0        0x8
 *(.vector_45)
 .vector_45     0x9fc017a0        0x8 c:/program files/microchip/xc32/v2.50/bin/bin/../../lib/gcc/pic32mx/4.8.3/../../../../pic32mx/lib/mips16\libpic32.a(vector45.o)
                0x9fc017a0                __vector_dispatch_45
                0x00000001                ASSERT (((_vector_spacing == 0x0) || (SIZEOF (.vector_45) <= (_vector_spacing << 0x5))), function at exception vector 45 too large)

.vector_46      0x9fc017c0        0x8
 *(.vector_46)
 .vector_46     0x9fc017c0        0x8 c:/program files/microchip/xc32/v2.50/bin/bin/../../lib/gcc/pic32mx/4.8.3/../../../../pic32mx/lib/mips16\libpic32.a(vector46.o)
                0x9fc017c0                __vector_dispatch_46
                0x00000001                ASSERT (((_vector_spacing == 0x0) || (SIZEOF (.vector_46) <= (_vector_spacing << 0x5))), function at exception vector 46 too large)

.vector_47      0x9fc017e0        0x8
 *(.vector_47)
 .vector_47     0x9fc017e0        0x8 c:/program files/microchip/xc32/v2.50/bin/bin/../../lib/gcc/pic32mx/4.8.3/../../../../pic32mx/lib/mips16\libpic32.a(vector47.o)
                0x9fc017e0                __vector_dispatch_47
                0x00000001                ASSERT (((_vector_spacing == 0x0) || (SIZEOF (.vector_47) <= (_vector_spacing << 0x5))), function at exception vector 47 too large)

.vector_48      0x9fc01800        0x8
 *(.vector_48)
 .vector_48     0x9fc01800        0x8 c:/program files/microchip/xc32/v2.50/bin/bin/../../lib/gcc/pic32mx/4.8.3/../../../../pic32mx/lib/mips16\libpic32.a(vector48.o)
                0x9fc01800                __vector_dispatch_48
                0x00000001                ASSERT (((_vector_spacing == 0x0) || (SIZEOF (.vector_48) <= (_vector_spacing << 0x5))), function at exception vector 48 too large)

.vector_49      0x9fc01820        0x8
 *(.vector_49)
 .vector_49     0x9fc01820        0x8 c:/program files/microchip/xc32/v2.50/bin/bin/../../lib/gcc/pic32mx/4.8.3/../../../../pic32mx/lib/mips16\libpic32.a(vector49.o)
                0x9fc01820                __vector_dispatch_49
                0x00000001                ASSERT (((_vector_spacing == 0x0) || (SIZEOF (.vector_49) <= (_vector_spacing << 0x5))), function at exception vector 49 too large)

.vector_50      0x9fc01840        0x8
 *(.vector_50)
 .vector_50     0x9fc01840        0x8 c:/program files/microchip/xc32/v2.50/bin/bin/../../lib/gcc/pic32mx/4.8.3/../../../../pic32mx/lib/mips16\libpic32.a(vector50.o)
                0x9fc01840                __vector_dispatch_50
                0x00000001                ASSERT (((_vector_spacing == 0x0) || (SIZEOF (.vector_50) <= (_vector_spacing << 0x5))), function at exception vector 50 too large)

.vector_51      0x9fc01860        0x8
 *(.vector_51)
 .vector_51     0x9fc01860        0x8 c:/program files/microchip/xc32/v2.50/bin/bin/../../lib/gcc/pic32mx/4.8.3/../../../../pic32mx/lib/mips16\libpic32.a(vector51.o)
                0x9fc01860                __vector_dispatch_51
                0x00000001                ASSERT (((_vector_spacing == 0x0) || (SIZEOF (.vector_51) <= (_vector_spacing << 0x5))), function at exception vector 51 too large)

.vector_52      0x9fc01880        0x0
 *(.vector_52)
                0x00000001                ASSERT (((_vector_spacing == 0x0) || (SIZEOF (.vector_52) <= (_vector_spacing << 0x5))), function at exception vector 52 too large)

.vector_53      0x9fc018a0        0x0
 *(.vector_53)
                0x00000001                ASSERT (((_vector_spacing == 0x0) || (SIZEOF (.vector_53) <= (_vector_spacing << 0x5))), function at exception vector 53 too large)

.vector_54      0x9fc018c0        0x0
 *(.vector_54)
                0x00000001                ASSERT (((_vector_spacing == 0x0) || (SIZEOF (.vector_54) <= (_vector_spacing << 0x5))), function at exception vector 54 too large)

.vector_55      0x9fc018e0        0x0
 *(.vector_55)
                0x00000001                ASSERT (((_vector_spacing == 0x0) || (SIZEOF (.vector_55) <= (_vector_spacing << 0x5))), function at exception vector 55 too large)

.vector_56      0x9fc01900        0x0
 *(.vector_56)
                0x00000001                ASSERT (((_vector_spacing == 0x0) || (SIZEOF (.vector_56) <= (_vector_spacing << 0x5))), function at exception vector 56 too large)

.vector_57      0x9fc01920        0x0
 *(.vector_57)
                0x00000001                ASSERT (((_vector_spacing == 0x0) || (SIZEOF (.vector_57) <= (_vector_spacing << 0x5))), function at exception vector 57 too large)

.vector_58      0x9fc01940        0x0
 *(.vector_58)
                0x00000001                ASSERT (((_vector_spacing == 0x0) || (SIZEOF (.vector_58) <= (_vector_spacing << 0x5))), function at exception vector 58 too large)

.vector_59      0x9fc01960        0x0
 *(.vector_59)
                0x00000001                ASSERT (((_vector_spacing == 0x0) || (SIZEOF (.vector_59) <= (_vector_spacing << 0x5))), function at exception vector 59 too large)

.vector_60      0x9fc01980        0x0
 *(.vector_60)
                0x00000001                ASSERT (((_vector_spacing == 0x0) || (SIZEOF (.vector_60) <= (_vector_spacing << 0x5))), function at exception vector 60 too large)

.vector_61      0x9fc019a0        0x0
 *(.vector_61)
                0x00000001                ASSERT (((_vector_spacing == 0x0) || (SIZEOF (.vector_61) <= (_vector_spacing << 0x5))), function at exception vector 61 too large)

.vector_62      0x9fc019c0        0x0
 *(.vector_62)
                0x00000001                ASSERT (((_vector_spacing == 0x0) || (SIZEOF (.vector_62) <= (_vector_spacing << 0x5))), function at exception vector 62 too large)

.vector_63      0x9fc019e0        0x0
 *(.vector_63)
                0x00000001                ASSERT (((_vector_spacing == 0x0) || (SIZEOF (.vector_63) <= (_vector_spacing << 0x5))), function at exception vector 63 too large)

.startup
 *(.startup)

.text           0x9d000000        0x0
 *(.stub .gnu.linkonce.t.*)
 *(.text.*personality*)
 *(.mips16.fn.*)
 *(.mips16.call.*)
 *(.gnu.warning)
                0x9d000000                . = ALIGN (0x4)

.init           0x9d000000        0x0
 *crti.o(.init)
 *crtbegin.o(.init)
 *(EXCLUDE_FILE(*crtn.o *crtend?.o *crtend.o) .init)
 *crtend.o(.init)
 *crtn.o(.init)
                0x9d000000                . = ALIGN (0x4)

.fini           0x9d000000        0x0
 *(.fini)
                0x9d000000                . = ALIGN (0x4)

.preinit_array  0x9d000000        0x0
                0x9d000000                PROVIDE (__preinit_array_start, .)
 *(.preinit_array)
                0x9d000000                PROVIDE (__preinit_array_end, .)
                0x9d000000                . = ALIGN (0x4)

.init_array     0x9d000000        0x0
                0x9d000000                PROVIDE (__init_array_start, .)
 *(SORT(.init_array.*))
 *(.init_array)
                0x9d000000                PROVIDE (__init_array_end, .)
                0x9d000000                . = ALIGN (0x4)

.fini_array     0x9d000000        0x0
                0x9d000000                PROVIDE (__fini_array_start, .)
 *(SORT(.fini_array.*))
 *(.fini_array)
                0x9d000000                PROVIDE (__fini_array_end, .)
                0x9d000000                . = ALIGN (0x4)

.ctors          0x9d000000        0x0
 *crtbegin.o(.ctors)
 *crtbegin?.o(.ctors)
 *(EXCLUDE_FILE(*crtend?.o *crtend.o) .ctors)
 *(SORT(.ctors.*))
 *(.ctors)
                0x9d000000                . = ALIGN (0x4)

.dtors          0x9d000000        0x0
 *crtbegin.o(.dtors)
 *crtbegin?.o(.dtors)
 *(EXCLUDE_FILE(*crtend?.o *crtend.o) .dtors)
 *(SORT(.dtors.*))
 *(.dtors)
                0x9d000000                . = ALIGN (0x4)

.rodata         0x9d000000        0x0
 *(.gnu.linkonce.r.*)
 *(.rodata1)
                0x9d000000                . = ALIGN (0x4)

.sdata2         0x9fc00490        0x0
 *(.sdata2 .sdata2.* .gnu.linkonce.s2.*)
                0x9fc00490                . = ALIGN (0x4)

.sbss2          0x9fc00490        0x0
 *(.sbss2 .sbss2.* .gnu.linkonce.sb2.*)
                0x9fc00490                . = ALIGN (0x4)

.eh_frame_hdr
 *(.eh_frame_hdr)
                0x9fc00490                . = ALIGN (0x4)

.eh_frame
 *(.eh_frame)
                0x9fc00490                . = ALIGN (0x4)

.gcc_except_table
 *(.gcc_except_table .gcc_except_table.*)
                0x9fc00490                . = ALIGN (0x4)

.dbg_data       0xa0000000        0x0
                0xa0000000                . = (. + DEFINED (_DEBUGGER)?0x200:0x0)

.jcr            0xa0000000        0x0
 *(.jcr)
                0xa0000000                . = ALIGN (0x4)

.eh_frame
 *(.eh_frame)
                0xa0000000                . = ALIGN (0x4)

.gcc_except_table
 *(.gcc_except_table .gcc_except_table.*)
                0xa0000000                . = ALIGN (0x4)

.persist        0xa0000000        0x0
                0xa0000000                _persist_begin = .
 *(.persist .persist.*)
 *(.pbss .pbss.*)
                0xa0000000                . = ALIGN (0x4)
                0xa0000000                _persist_end = .

.data           0xa0000000        0x0
 *(.gnu.linkonce.d.*)
 *(.data1)
                0xa0000000                . = ALIGN (0x4)
                0xa0000000                . = .
                0xa0007ff0                _gp = (ALIGN (0x10) + 0x7ff0)

.got            0xa0000000        0x0
 *(.got.plt)
 *(.got)
                0xa0000000                . = ALIGN (0x4)

.sdata          0xa0000000       0x24
                0xa0000000                _sdata_begin = .
 *(.sdata .sdata.* .gnu.linkonce.s.*)
 .sdata         0xa0000000        0x4 build/PIC32_Standalone/production/main.o
                0xa0000000                mainFlags
 .sdata         0xa0000004        0x8 build/PIC32_Standalone/production/OLED.o
                0xa0000004                PreUpdateBuff
 .sdata         0xa000000c       0x18 build/PIC32_Standalone/production/pars.o
                0xa000000c                StrMenuUp
                0xa0000014                StrButtons
                0xa000001c                StrDispRot
                0xa0000024                . = ALIGN (0x4)
                0xa0000024                _sdata_end = .

.lit8
 *(.lit8)

.lit4
 *(.lit4)
                0xa0000024                . = ALIGN (0x4)
                0xa0000024                _data_end = .
                0xa0000024                _bss_begin = .

.sbss           0xa0000024      0x1f4
                0xa0000024                _sbss_begin = .
 *(.dynsbss)
 *(.sbss .sbss.* .gnu.linkonce.sb.*)
 .sbss          0xa0000024        0x8 build/PIC32_Standalone/production/usb/usb_driver.o
                0xa0000024                USBInHandle
                0xa0000028                USBOutHandle
 .sbss          0xa000002c        0x8 build/PIC32_Standalone/production/isr.o
                0xa0000030                ISRComplete
 .sbss          0xa0000034        0x8 build/PIC32_Standalone/production/iron.o
 .sbss          0xa000003c       0x10 build/PIC32_Standalone/production/io.o
 .sbss          0xa000004c       0x6c build/PIC32_Standalone/production/menu.o
 .sbss          0xa00000b8        0x4 build/PIC32_Standalone/production/OLED.o
                0xa00000b8                DisplaySetup
 .sbss          0xa00000bc        0xc build/PIC32_Standalone/production/PIC32MX564F128H.o
                0xa00000c4                ADCAuto
 *(.scommon)
 .scommon       0xa00000c8       0x6c build/PIC32_Standalone/production/usb/usb_device.o
                0xa00000c8                pDst
                0xa00000cc                USBDeferINDataStagePackets
                0xa00000d0                CtrlTrfData
                0xa00000d8                USBDeferOUTDataStagePackets
                0xa00000dc                USBDeviceState
                0xa00000e0                controlTransferState
                0xa00000e1                endpoint_number
                0xa00000e4                pBDTEntryIn
                0xa00000ec                ep_data_out
                0xa00000f0                USBStatusStageEnabledFlag1
                0xa00000f4                USBStatusStageEnabledFlag2
                0xa00000f8                pBDTEntryOut
                0xa0000100                BothEP0OutUOWNsSet
                0xa0000104                pBDTEntryEP0OutNext
                0xa0000108                USBBusIsSuspended
                0xa000010c                USBStatusStageTimeoutCounter
                0xa0000110                SetupPkt
                0xa0000118                ep_data_in
                0xa000011a                shortPacketStatus
                0xa000011c                pBDTEntryEP0OutCurrent
                0xa0000120                USBActiveConfiguration
                0xa0000124                RemoteWakeup
                0xa0000128                USTATcopy
                0xa000012c                USBAlternateInterface
                0xa0000130                USBDeferStatusStagePacket
 .scommon       0xa0000134        0x2 build/PIC32_Standalone/production/usb/usb_function_hid.o
                0xa0000134                active_protocol
                0xa0000135                idle_rate
 *fill*         0xa0000136        0x2 
 .scommon       0xa0000138       0x38 build/PIC32_Standalone/production/main.o
                0xa0000138                CalCh
                0xa000013c                MAINS_PER_E_US
                0xa0000140                InvertTicks
                0xa0000144                MAINS_PER
                0xa0000148                BeepTicks
                0xa000014c                POWER_DUTY
                0xa0000150                MAINS_PER_Q_US
                0xa0000154                Enc
                0xa0000158                MAINS_PER_H_US
                0xa000015c                BoardVersion
                0xa0000160                C_PER
                0xa0000164                T_PER
                0xa0000168                TTemp
                0xa000016c                MAINS_PER_US
 .scommon       0xa0000170       0x69 build/PIC32_Standalone/production/isr.o
                0xa0000170                EEPCntR
                0xa0000172                EEPCntW
                0xa0000174                NoHeater
                0xa0000178                ISRStep
                0xa000017c                I2CIdle
                0xa0000180                ADCStep
                0xa0000184                KeepOff
                0xa0000188                CompLowTime
                0xa000018c                EEPAddrR
                0xa0000190                EEPDataW
                0xa0000194                I2CCCommand
                0xa0000198                VTIBuffCnt
                0xa000019c                CompLowTimeOff
                0xa00001a0                ShortCircuit
                0xa00001a4                I2CData
                0xa00001ac                I2CCommands
                0xa00001b0                Holder
                0xa00001b4                ISRTicks
                0xa00001b8                I2CStep
                0xa00001bc                CJTicks
                0xa00001c0                OffDelayOff
                0xa00001c4                EEPDataR
                0xa00001c8                EEPAddrW
                0xa00001cc                ISRStopped
                0xa00001d0                NoSensor
                0xa00001d4                CompLowTimeOn
                0xa00001d8                PHEATER
 *fill*         0xa00001d9        0x3 
 .scommon       0xa00001dc        0x8 build/PIC32_Standalone/production/iron.o
                0xa00001dc                IronID
                0xa00001e0                IronTicks
 .scommon       0xa00001e4       0x14 build/PIC32_Standalone/production/PID.o
                0xa00001e4                CRTemp
                0xa00001e8                CTTemp
                0xa00001ec                CJTemp
                0xa00001f0                RTAvg
                0xa00001f4                PIDTicks
 .scommon       0xa00001f8        0x4 build/PIC32_Standalone/production/io.o
                0xa00001f8                BuffEmpty
 .scommon       0xa00001fc       0x10 build/PIC32_Standalone/production/menu.o
                0xa00001fc                OLEDTemp
                0xa0000200                OLEDMsg1
                0xa0000204                OLEDPower
                0xa0000208                OLEDMsg2
 .scommon       0xa000020c        0xc build/PIC32_Standalone/production/PIC32MX564F128H.o
                0xa000020c                _MRT_LastCoreTimer
                0xa0000210                mcuADCRES
                0xa0000214                SPIAuto
                0xa0000218                _sbss_end = .
                0xa0000218                . = ALIGN (0x4)

.bss            0xa0000400     0x10d4
 *(.dynbss)
 *(COMMON)
 COMMON         0xa0000400       0x5b build/PIC32_Standalone/production/usb/usb_device.o
                0xa0000400                BDT
                0xa0000440                inPipes
                0xa0000450                outPipes
 *fill*         0xa000045b        0x1 
 COMMON         0xa000045c       0x80 build/PIC32_Standalone/production/usb/usb_driver.o
                0xa000045c                USBRxBuffer
                0xa000049c                USBTxBuffer
 COMMON         0xa00004dc       0x14 build/PIC32_Standalone/production/main.o
                0xa00004dc                pars
 COMMON         0xa00004f0      0x828 build/PIC32_Standalone/production/isr.o
                0xa00004f0                TIBuff
                0xa00008f0                VBuff
                0xa0000cf0                ADCData
 COMMON         0xa0000d18       0xa4 build/PIC32_Standalone/production/iron.o
                0xa0000d18                IronPars
 COMMON         0xa0000dbc      0x290 build/PIC32_Standalone/production/PID.o
                0xa0000dbc                PIDVars
 COMMON         0xa000104c       0x85 build/PIC32_Standalone/production/io.o
                0xa000104c                TXP
                0xa0001090                RXP
 *fill*         0xa00010d1        0x3 
 COMMON         0xa00010d4      0x400 build/PIC32_Standalone/production/OLED.o
                0xa00010d4                OLEDBUFF
                0xa00014d4                . = ALIGN ((. != 0x0)?0x4:0x1)
                0xa00014d4                . = ALIGN (0x4)
                0xa00014d4                _end = .
                0xa00014d4                _bss_end = .
                0x00008000                _bmxdudba_address = 0x8000
                0x00008000                _bmxdupba_address = 0x8000

/DISCARD/
 *(.pdr)
 *(.rel.dyn)
 *(.note.GNU-stack)
 *(.note.GNU-stack)
 *(.gnu_debuglink)
 *(.gnu.lto_*)
 *(.discard)

.gptab.sdata
 *(.gptab.data)
 *(.gptab.sdata)

.gptab.sbss
 *(.gptab.bss)
 *(.gptab.sbss)

.mdebug.abi32   0xa00014d4        0x0
 *(.mdebug.abi32)
 .mdebug.abi32  0xa00014d4        0x0 build/PIC32_Standalone/production/usb/usb_descriptors.o
 .mdebug.abi32  0xa00014d4        0x0 build/PIC32_Standalone/production/usb/usb_device.o
 .mdebug.abi32  0xa00014d4        0x0 build/PIC32_Standalone/production/usb/usb_driver.o
 .mdebug.abi32  0xa00014d4        0x0 build/PIC32_Standalone/production/usb/usb_function_hid.o
 .mdebug.abi32  0xa00014d4        0x0 build/PIC32_Standalone/production/usb/usb_hal_pic24.o
 .mdebug.abi32  0xa00014d4        0x0 build/PIC32_Standalone/production/main.o
 .mdebug.abi32  0xa00014d4        0x0 build/PIC32_Standalone/production/isr.o
 .mdebug.abi32  0xa00014d4        0x0 build/PIC32_Standalone/production/iron.o
 .mdebug.abi32  0xa00014d4        0x0 build/PIC32_Standalone/production/PID.o
 .mdebug.abi32  0xa00014d4        0x0 build/PIC32_Standalone/production/io.o
 .mdebug.abi32  0xa00014d4        0x0 build/PIC32_Standalone/production/menu.o
 .mdebug.abi32  0xa00014d4        0x0 build/PIC32_Standalone/production/EEP.o
 .mdebug.abi32  0xa00014d4        0x0 build/PIC32_Standalone/production/OLED.o
 .mdebug.abi32  0xa00014d4        0x0 build/PIC32_Standalone/production/pars.o
 .mdebug.abi32  0xa00014d4        0x0 build/PIC32_Standalone/production/sensorMath.o
 .mdebug.abi32  0xa00014d4        0x0 build/PIC32_Standalone/production/PIC32MX564F128H.o
 .mdebug.abi32  0xa00014d4        0x0 c:/program files/microchip/xc32/v2.50/bin/bin/../../lib/gcc/pic32mx/4.8.3/../../../../pic32mx/lib/mips16\libmchp_peripheral.a(open_core_timer_lib.o)
 .mdebug.abi32  0xa00014d4        0x0 c:/program files/microchip/xc32/v2.50/bin/bin/../../lib/gcc/pic32mx/4.8.3/../../../../pic32mx/lib/mips16\libmchp_peripheral.a(read_core_timer_lib.o)
 .mdebug.abi32  0xa00014d4        0x0 c:/program files/microchip/xc32/v2.50/bin/bin/../../lib/gcc/pic32mx/4.8.3/../../../../pic32mx/lib/mips16\libmchp_peripheral_32MX564F128H.a(soft_reset_lib.o)
 .mdebug.abi32  0xa00014d4        0x0 c:/program files/microchip/xc32/v2.50/bin/bin/../../lib/gcc/pic32mx/4.8.3/../../../../pic32mx/lib/mips16\libmchp_peripheral_32MX564F128H.a(int_enable_interrupts_lib.o)
 .mdebug.abi32  0xa00014d4        0x0 c:/program files/microchip/xc32/v2.50/bin/bin/../../lib/gcc/pic32mx/4.8.3/../../../../pic32mx/lib/mips16\libmchp_peripheral_32MX564F128H.a(int_disable_interrupts_lib.o)
 .mdebug.abi32  0xa00014d4        0x0 c:/program files/microchip/xc32/v2.50/bin/bin/../../lib/gcc/pic32mx/4.8.3/../../../../pic32mx/lib/mips16\libmchp_peripheral_32MX564F128H.a(int_restore_interrupts_lib.o)
 .mdebug.abi32  0xa00014d4        0x0 c:/program files/microchip/xc32/v2.50/bin/bin/../../lib/gcc/pic32mx/4.8.3/../../../../pic32mx/lib/mips16\libmchp_peripheral_32MX564F128H.a(int_enable_mv_int_lib.o)
 .mdebug.abi32  0xa00014d4        0x0 c:/program files/microchip/xc32/v2.50/bin/bin/../../lib/gcc/pic32mx/4.8.3/../../../../pic32mx/lib/mips16\libmchp_peripheral_32MX564F128H.a(int_tbl_lib.o)
 .mdebug.abi32  0xa00014d4        0x0 c:/program files/microchip/xc32/v2.50/bin/bin/../../lib/gcc/pic32mx/4.8.3/../../../../pic32mx/lib/mips16\libmchp_peripheral_32MX564F128H.a(spi_chn_close_lib.o)
 .mdebug.abi32  0xa00014d4        0x0 c:/program files/microchip/xc32/v2.50/bin/bin/../../lib/gcc/pic32mx/4.8.3/../../../../pic32mx/lib/mips16\libmchp_peripheral_32MX564F128H.a(spi_chn_open_lib.o)
 .mdebug.abi32  0xa00014d4        0x0 c:/program files/microchip/xc32/v2.50/bin/bin/../../lib/gcc/pic32mx/4.8.3/../../../../pic32mx/lib/mips16\libmchp_peripheral_32MX564F128H.a(spi_chn_putc_lib.o)
 .mdebug.abi32  0xa00014d4        0x0 c:/program files/microchip/xc32/v2.50/bin/bin/../../lib/gcc/pic32mx/4.8.3/../../../../pic32mx/lib/mips16\libmchp_peripheral_32MX564F128H.a(spi_chn_puts_lib.o)
 .mdebug.abi32  0xa00014d4        0x0 c:/program files/microchip/xc32/v2.50/bin/bin/../../lib/gcc/pic32mx/4.8.3/../../../../pic32mx/lib/mips16\libmchp_peripheral_32MX564F128H.a(spi_chn_is_busy_lib.o)
 .mdebug.abi32  0xa00014d4        0x0 c:/program files/microchip/xc32/v2.50/bin/bin/../../lib/gcc/pic32mx/4.8.3/../../../../pic32mx/lib/mips16\libmchp_peripheral_32MX564F128H.a(spi_io_tbl_libp.o)
 .mdebug.abi32  0xa00014d4        0x0 c:/program files/microchip/xc32/v2.50/bin/bin/../../lib/gcc/pic32mx/4.8.3/../../../../pic32mx/lib/mips16\libmchp_peripheral_32MX564F128H.a(spi_map_tbl_libp.o)
 .mdebug.abi32  0xa00014d4        0x0 c:/program files/microchip/xc32/v2.50/bin/bin/../../lib/gcc/pic32mx/4.8.3/../../../../pic32mx/lib/mips16\libmchp_peripheral_32MX564F128H.a(dma_chn_abort_txfer_lib.o)
 .mdebug.abi32  0xa00014d4        0x0 c:/program files/microchip/xc32/v2.50/bin/bin/../../lib/gcc/pic32mx/4.8.3/../../../../pic32mx/lib/mips16\libmchp_peripheral_32MX564F128H.a(dma_chn_open_lib.o)
 .mdebug.abi32  0xa00014d4        0x0 c:/program files/microchip/xc32/v2.50/bin/bin/../../lib/gcc/pic32mx/4.8.3/../../../../pic32mx/lib/mips16\libmchp_peripheral_32MX564F128H.a(dma_chn_disable_lib.o)
 .mdebug.abi32  0xa00014d4        0x0 c:/program files/microchip/xc32/v2.50/bin/bin/../../lib/gcc/pic32mx/4.8.3/../../../../pic32mx/lib/mips16\libmchp_peripheral_32MX564F128H.a(dma_chn_enable_lib.o)
 .mdebug.abi32  0xa00014d4        0x0 c:/program files/microchip/xc32/v2.50/bin/bin/../../lib/gcc/pic32mx/4.8.3/../../../../pic32mx/lib/mips16\libmchp_peripheral_32MX564F128H.a(dma_chn_get_dst_pnt_lib.o)
 .mdebug.abi32  0xa00014d4        0x0 c:/program files/microchip/xc32/v2.50/bin/bin/../../lib/gcc/pic32mx/4.8.3/../../../../pic32mx/lib/mips16\libmchp_peripheral_32MX564F128H.a(dma_chn_write_event_control_flags_lib.o)
 .mdebug.abi32  0xa00014d4        0x0 c:/program files/microchip/xc32/v2.50/bin/bin/../../lib/gcc/pic32mx/4.8.3/../../../../pic32mx/lib/mips16\libmchp_peripheral_32MX564F128H.a(dma_chn_set_txfer_lib.o)
 .mdebug.abi32  0xa00014d4        0x0 c:/program files/microchip/xc32/v2.50/bin/bin/../../lib/gcc/pic32mx/4.8.3/../../../../pic32mx/lib/mips16\libmchp_peripheral_32MX564F128H.a(dma_chn_write_ev_enable_flags_lib.o)
 .mdebug.abi32  0xa00014d4        0x0 c:/program files/microchip/xc32/v2.50/bin/bin/../../lib/gcc/pic32mx/4.8.3/../../../../pic32mx/lib/mips16\libmchp_peripheral_32MX564F128H.a(dma_reg_map_tbl_lib.o)
 .mdebug.abi32  0xa00014d4        0x0 c:/program files/microchip/xc32/v2.50/bin/bin/../../lib/gcc/pic32mx/4.8.3/../../../../pic32mx/lib/mips16\libmchp_peripheral_32MX564F128H.a(port_reset_pins_lib.o)
 .mdebug.abi32  0xa00014d4        0x0 c:/program files/microchip/xc32/v2.50/bin/bin/../../lib/gcc/pic32mx/4.8.3/../../../../pic32mx/lib/mips16\libmchp_peripheral_32MX564F128H.a(port_set_pins_digital_in_lib.o)
 .mdebug.abi32  0xa00014d4        0x0 c:/program files/microchip/xc32/v2.50/bin/bin/../../lib/gcc/pic32mx/4.8.3/../../../../pic32mx/lib/mips16\libmchp_peripheral_32MX564F128H.a(port_set_pins_digital_out_lib.o)
 .mdebug.abi32  0xa00014d4        0x0 c:/program files/microchip/xc32/v2.50/bin/bin/../../lib/gcc/pic32mx/4.8.3/../../../../pic32mx/lib/mips16\libmchp_peripheral_32MX564F128H.a(_ports_tbl_libp.o)
 .mdebug.abi32  0xa00014d4        0x0 c:/program files/microchip/xc32/v2.50/bin/bin/../../lib/gcc/pic32mx/4.8.3/../../../../pic32mx/lib/mips16\libmchp_peripheral_32MX564F128H.a(I2CAcknowledgeByte.o)
 .mdebug.abi32  0xa00014d4        0x0 c:/program files/microchip/xc32/v2.50/bin/bin/../../lib/gcc/pic32mx/4.8.3/../../../../pic32mx/lib/mips16\libmchp_peripheral_32MX564F128H.a(I2CByteWasAcknowledged.o)
 .mdebug.abi32  0xa00014d4        0x0 c:/program files/microchip/xc32/v2.50/bin/bin/../../lib/gcc/pic32mx/4.8.3/../../../../pic32mx/lib/mips16\libmchp_peripheral_32MX564F128H.a(I2CEnable.o)
 .mdebug.abi32  0xa00014d4        0x0 c:/program files/microchip/xc32/v2.50/bin/bin/../../lib/gcc/pic32mx/4.8.3/../../../../pic32mx/lib/mips16\libmchp_peripheral_32MX564F128H.a(I2CGetByte.o)
 .mdebug.abi32  0xa00014d4        0x0 c:/program files/microchip/xc32/v2.50/bin/bin/../../lib/gcc/pic32mx/4.8.3/../../../../pic32mx/lib/mips16\libmchp_peripheral_32MX564F128H.a(I2CReceiverEnable.o)
 .mdebug.abi32  0xa00014d4        0x0 c:/program files/microchip/xc32/v2.50/bin/bin/../../lib/gcc/pic32mx/4.8.3/../../../../pic32mx/lib/mips16\libmchp_peripheral_32MX564F128H.a(I2CSendByte.o)
 .mdebug.abi32  0xa00014d4        0x0 c:/program files/microchip/xc32/v2.50/bin/bin/../../lib/gcc/pic32mx/4.8.3/../../../../pic32mx/lib/mips16\libmchp_peripheral_32MX564F128H.a(I2CSetFrequency.o)
 .mdebug.abi32  0xa00014d4        0x0 c:/program files/microchip/xc32/v2.50/bin/bin/../../lib/gcc/pic32mx/4.8.3/../../../../pic32mx/lib/mips16\libmchp_peripheral_32MX564F128H.a(I2CStart.o)
 .mdebug.abi32  0xa00014d4        0x0 c:/program files/microchip/xc32/v2.50/bin/bin/../../lib/gcc/pic32mx/4.8.3/../../../../pic32mx/lib/mips16\libmchp_peripheral_32MX564F128H.a(I2CStop.o)
 .mdebug.abi32  0xa00014d4        0x0 c:/program files/microchip/xc32/v2.50/bin/bin/../../lib/gcc/pic32mx/4.8.3/../../../../pic32mx/lib/mips16\libmchp_peripheral_32MX564F128H.a(I2CPrivate.o)
 .mdebug.abi32  0xa00014d4        0x0 c:/program files/microchip/xc32/v2.50/bin/bin/../../lib/gcc/pic32mx/4.8.3/../../../../pic32mx/lib/mips16\libpic32.a(default-bootstrap-exception-handler.o)
 .mdebug.abi32  0xa00014d4        0x0 c:/program files/microchip/xc32/v2.50/bin/bin/../../lib/gcc/pic32mx/4.8.3/../../../../pic32mx/lib/mips16\libpic32.a(default-on-reset.o)
 .mdebug.abi32  0xa00014d4        0x0 c:/program files/microchip/xc32/v2.50/bin/bin/../../lib/gcc/pic32mx/4.8.3/../../../../pic32mx/lib/mips16\libpic32.a(default-on-bootstrap.o)
 .mdebug.abi32  0xa00014d4        0x0 c:/program files/microchip/xc32/v2.50/bin/bin/../../lib/gcc/pic32mx/4.8.3/../../../../pic32mx/lib/mips16\libpic32.a(default-general-exception-handler.o)
 .mdebug.abi32  0xa00014d4        0x0 c:/program files/microchip/xc32/v2.50/bin/bin/../../lib/gcc/pic32mx/4.8.3/../../../../pic32mx/lib/mips16\libpic32.a(defaultinterrupt.o)

.mdebug.abiN32
 *(.mdebug.abiN32)

.mdebug.abi64
 *(.mdebug.abi64)

.mdebug.abiO64
 *(.mdebug.abiO64)

.mdebug.eabi32
 *(.mdebug.eabi32)

.mdebug.eabi64
 *(.mdebug.eabi64)

.gcc_compiled_long32
 *(.gcc_compiled_long32)

.gcc_compiled_long64
 *(.gcc_compiled_long64)

.stab
 *(.stab)

.stabstr
 *(.stabstr)

.stab.excl
 *(.stab.excl)

.stab.exclstr
 *(.stab.exclstr)

.stab.index
 *(.stab.index)

.stab.indexstr
 *(.stab.indexstr)

.comment        0x00000000       0x90
 *(.comment)
 .comment       0x00000000       0x3c build/PIC32_Standalone/production/usb/usb_descriptors.o
                                 0x3d (size before relaxing)
 .comment       0x00000000       0x3d build/PIC32_Standalone/production/usb/usb_device.o
 .comment       0x00000000       0x3d build/PIC32_Standalone/production/usb/usb_driver.o
 .comment       0x00000000       0x3d build/PIC32_Standalone/production/usb/usb_function_hid.o
 .comment       0x00000000       0x3d build/PIC32_Standalone/production/usb/usb_hal_pic24.o
 .comment       0x00000000       0x3d build/PIC32_Standalone/production/main.o
 .comment       0x00000000       0x3d build/PIC32_Standalone/production/isr.o
 .comment       0x00000000       0x3d build/PIC32_Standalone/production/iron.o
 .comment       0x00000000       0x3d build/PIC32_Standalone/production/PID.o
 .comment       0x00000000       0x3d build/PIC32_Standalone/production/io.o
 .comment       0x00000000       0x3d build/PIC32_Standalone/production/menu.o
 .comment       0x00000000       0x3d build/PIC32_Standalone/production/EEP.o
 .comment       0x00000000       0x3d build/PIC32_Standalone/production/OLED.o
 .comment       0x00000000       0x3d build/PIC32_Standalone/production/pars.o
 .comment       0x00000000       0x3d build/PIC32_Standalone/production/sensorMath.o
 .comment       0x00000000       0x3d build/PIC32_Standalone/production/PIC32MX564F128H.o
 .comment       0x0000003c       0x3c c:/program files/microchip/xc32/v2.50/bin/bin/../../lib/gcc/pic32mx/4.8.3/../../../../pic32mx/lib/mips16\libmchp_peripheral.a(open_core_timer_lib.o)
                                 0x3d (size before relaxing)
 .comment       0x00000000       0x3d c:/program files/microchip/xc32/v2.50/bin/bin/../../lib/gcc/pic32mx/4.8.3/../../../../pic32mx/lib/mips16\libmchp_peripheral.a(read_core_timer_lib.o)
 .comment       0x00000000       0x3d c:/program files/microchip/xc32/v2.50/bin/bin/../../lib/gcc/pic32mx/4.8.3/../../../../pic32mx/lib/mips16\libmchp_peripheral_32MX564F128H.a(soft_reset_lib.o)
 .comment       0x00000000       0x3d c:/program files/microchip/xc32/v2.50/bin/bin/../../lib/gcc/pic32mx/4.8.3/../../../../pic32mx/lib/mips16\libmchp_peripheral_32MX564F128H.a(int_enable_interrupts_lib.o)
 .comment       0x00000000       0x3d c:/program files/microchip/xc32/v2.50/bin/bin/../../lib/gcc/pic32mx/4.8.3/../../../../pic32mx/lib/mips16\libmchp_peripheral_32MX564F128H.a(int_disable_interrupts_lib.o)
 .comment       0x00000000       0x3d c:/program files/microchip/xc32/v2.50/bin/bin/../../lib/gcc/pic32mx/4.8.3/../../../../pic32mx/lib/mips16\libmchp_peripheral_32MX564F128H.a(int_restore_interrupts_lib.o)
 .comment       0x00000000       0x3d c:/program files/microchip/xc32/v2.50/bin/bin/../../lib/gcc/pic32mx/4.8.3/../../../../pic32mx/lib/mips16\libmchp_peripheral_32MX564F128H.a(int_enable_mv_int_lib.o)
 .comment       0x00000000       0x3d c:/program files/microchip/xc32/v2.50/bin/bin/../../lib/gcc/pic32mx/4.8.3/../../../../pic32mx/lib/mips16\libmchp_peripheral_32MX564F128H.a(int_tbl_lib.o)
 .comment       0x00000000       0x3d c:/program files/microchip/xc32/v2.50/bin/bin/../../lib/gcc/pic32mx/4.8.3/../../../../pic32mx/lib/mips16\libmchp_peripheral_32MX564F128H.a(spi_chn_close_lib.o)
 .comment       0x00000000       0x3d c:/program files/microchip/xc32/v2.50/bin/bin/../../lib/gcc/pic32mx/4.8.3/../../../../pic32mx/lib/mips16\libmchp_peripheral_32MX564F128H.a(spi_chn_open_lib.o)
 .comment       0x00000000       0x3d c:/program files/microchip/xc32/v2.50/bin/bin/../../lib/gcc/pic32mx/4.8.3/../../../../pic32mx/lib/mips16\libmchp_peripheral_32MX564F128H.a(spi_chn_putc_lib.o)
 .comment       0x00000000       0x3d c:/program files/microchip/xc32/v2.50/bin/bin/../../lib/gcc/pic32mx/4.8.3/../../../../pic32mx/lib/mips16\libmchp_peripheral_32MX564F128H.a(spi_chn_puts_lib.o)
 .comment       0x00000000       0x3d c:/program files/microchip/xc32/v2.50/bin/bin/../../lib/gcc/pic32mx/4.8.3/../../../../pic32mx/lib/mips16\libmchp_peripheral_32MX564F128H.a(spi_chn_is_busy_lib.o)
 .comment       0x00000000       0x3d c:/program files/microchip/xc32/v2.50/bin/bin/../../lib/gcc/pic32mx/4.8.3/../../../../pic32mx/lib/mips16\libmchp_peripheral_32MX564F128H.a(spi_io_tbl_libp.o)
 .comment       0x00000000       0x3d c:/program files/microchip/xc32/v2.50/bin/bin/../../lib/gcc/pic32mx/4.8.3/../../../../pic32mx/lib/mips16\libmchp_peripheral_32MX564F128H.a(spi_map_tbl_libp.o)
 .comment       0x00000000       0x3d c:/program files/microchip/xc32/v2.50/bin/bin/../../lib/gcc/pic32mx/4.8.3/../../../../pic32mx/lib/mips16\libmchp_peripheral_32MX564F128H.a(dma_chn_abort_txfer_lib.o)
 .comment       0x00000000       0x3d c:/program files/microchip/xc32/v2.50/bin/bin/../../lib/gcc/pic32mx/4.8.3/../../../../pic32mx/lib/mips16\libmchp_peripheral_32MX564F128H.a(dma_chn_open_lib.o)
 .comment       0x00000000       0x3d c:/program files/microchip/xc32/v2.50/bin/bin/../../lib/gcc/pic32mx/4.8.3/../../../../pic32mx/lib/mips16\libmchp_peripheral_32MX564F128H.a(dma_chn_disable_lib.o)
 .comment       0x00000000       0x3d c:/program files/microchip/xc32/v2.50/bin/bin/../../lib/gcc/pic32mx/4.8.3/../../../../pic32mx/lib/mips16\libmchp_peripheral_32MX564F128H.a(dma_chn_enable_lib.o)
 .comment       0x00000000       0x3d c:/program files/microchip/xc32/v2.50/bin/bin/../../lib/gcc/pic32mx/4.8.3/../../../../pic32mx/lib/mips16\libmchp_peripheral_32MX564F128H.a(dma_chn_get_dst_pnt_lib.o)
 .comment       0x00000000       0x3d c:/program files/microchip/xc32/v2.50/bin/bin/../../lib/gcc/pic32mx/4.8.3/../../../../pic32mx/lib/mips16\libmchp_peripheral_32MX564F128H.a(dma_chn_write_event_control_flags_lib.o)
 .comment       0x00000000       0x3d c:/program files/microchip/xc32/v2.50/bin/bin/../../lib/gcc/pic32mx/4.8.3/../../../../pic32mx/lib/mips16\libmchp_peripheral_32MX564F128H.a(dma_chn_set_txfer_lib.o)
 .comment       0x00000000       0x3d c:/program files/microchip/xc32/v2.50/bin/bin/../../lib/gcc/pic32mx/4.8.3/../../../../pic32mx/lib/mips16\libmchp_peripheral_32MX564F128H.a(dma_chn_write_ev_enable_flags_lib.o)
 .comment       0x00000000       0x3d c:/program files/microchip/xc32/v2.50/bin/bin/../../lib/gcc/pic32mx/4.8.3/../../../../pic32mx/lib/mips16\libmchp_peripheral_32MX564F128H.a(dma_reg_map_tbl_lib.o)
 .comment       0x00000000       0x3d c:/program files/microchip/xc32/v2.50/bin/bin/../../lib/gcc/pic32mx/4.8.3/../../../../pic32mx/lib/mips16\libmchp_peripheral_32MX564F128H.a(port_reset_pins_lib.o)
 .comment       0x00000000       0x3d c:/program files/microchip/xc32/v2.50/bin/bin/../../lib/gcc/pic32mx/4.8.3/../../../../pic32mx/lib/mips16\libmchp_peripheral_32MX564F128H.a(port_set_pins_digital_in_lib.o)
 .comment       0x00000000       0x3d c:/program files/microchip/xc32/v2.50/bin/bin/../../lib/gcc/pic32mx/4.8.3/../../../../pic32mx/lib/mips16\libmchp_peripheral_32MX564F128H.a(port_set_pins_digital_out_lib.o)
 .comment       0x00000000       0x3d c:/program files/microchip/xc32/v2.50/bin/bin/../../lib/gcc/pic32mx/4.8.3/../../../../pic32mx/lib/mips16\libmchp_peripheral_32MX564F128H.a(_ports_tbl_libp.o)
 .comment       0x00000000       0x3d c:/program files/microchip/xc32/v2.50/bin/bin/../../lib/gcc/pic32mx/4.8.3/../../../../pic32mx/lib/mips16\libmchp_peripheral_32MX564F128H.a(I2CAcknowledgeByte.o)
 .comment       0x00000000       0x3d c:/program files/microchip/xc32/v2.50/bin/bin/../../lib/gcc/pic32mx/4.8.3/../../../../pic32mx/lib/mips16\libmchp_peripheral_32MX564F128H.a(I2CByteWasAcknowledged.o)
 .comment       0x00000000       0x3d c:/program files/microchip/xc32/v2.50/bin/bin/../../lib/gcc/pic32mx/4.8.3/../../../../pic32mx/lib/mips16\libmchp_peripheral_32MX564F128H.a(I2CEnable.o)
 .comment       0x00000000       0x3d c:/program files/microchip/xc32/v2.50/bin/bin/../../lib/gcc/pic32mx/4.8.3/../../../../pic32mx/lib/mips16\libmchp_peripheral_32MX564F128H.a(I2CGetByte.o)
 .comment       0x00000000       0x3d c:/program files/microchip/xc32/v2.50/bin/bin/../../lib/gcc/pic32mx/4.8.3/../../../../pic32mx/lib/mips16\libmchp_peripheral_32MX564F128H.a(I2CReceiverEnable.o)
 .comment       0x00000000       0x3d c:/program files/microchip/xc32/v2.50/bin/bin/../../lib/gcc/pic32mx/4.8.3/../../../../pic32mx/lib/mips16\libmchp_peripheral_32MX564F128H.a(I2CSendByte.o)
 .comment       0x00000000       0x3d c:/program files/microchip/xc32/v2.50/bin/bin/../../lib/gcc/pic32mx/4.8.3/../../../../pic32mx/lib/mips16\libmchp_peripheral_32MX564F128H.a(I2CSetFrequency.o)
 .comment       0x00000000       0x3d c:/program files/microchip/xc32/v2.50/bin/bin/../../lib/gcc/pic32mx/4.8.3/../../../../pic32mx/lib/mips16\libmchp_peripheral_32MX564F128H.a(I2CStart.o)
 .comment       0x00000000       0x3d c:/program files/microchip/xc32/v2.50/bin/bin/../../lib/gcc/pic32mx/4.8.3/../../../../pic32mx/lib/mips16\libmchp_peripheral_32MX564F128H.a(I2CStop.o)
 .comment       0x00000000       0x3d c:/program files/microchip/xc32/v2.50/bin/bin/../../lib/gcc/pic32mx/4.8.3/../../../../pic32mx/lib/mips16\libmchp_peripheral_32MX564F128H.a(I2CPrivate.o)
 .comment       0x00000078       0x18 c:/program files/microchip/xc32/v2.50/bin/bin/../../lib/gcc/pic32mx/4.8.3/../../../../pic32mx/lib/mips16\libpic32.a(memset.o)
                                 0x19 (size before relaxing)
 .comment       0x00000000       0x3d c:/program files/microchip/xc32/v2.50/bin/bin/../../lib/gcc/pic32mx/4.8.3/../../../../pic32mx/lib/mips16\libpic32.a(default-bootstrap-exception-handler.o)
 .comment       0x00000000       0x3d c:/program files/microchip/xc32/v2.50/bin/bin/../../lib/gcc/pic32mx/4.8.3/../../../../pic32mx/lib/mips16\libpic32.a(default-on-reset.o)
 .comment       0x00000000       0x3d c:/program files/microchip/xc32/v2.50/bin/bin/../../lib/gcc/pic32mx/4.8.3/../../../../pic32mx/lib/mips16\libpic32.a(default-on-bootstrap.o)
 .comment       0x00000000       0x3d c:/program files/microchip/xc32/v2.50/bin/bin/../../lib/gcc/pic32mx/4.8.3/../../../../pic32mx/lib/mips16\libpic32.a(default-general-exception-handler.o)
 .comment       0x00000000       0x3d c:/program files/microchip/xc32/v2.50/bin/bin/../../lib/gcc/pic32mx/4.8.3/../../../../pic32mx/lib/mips16\libpic32.a(defaultinterrupt.o)

.debug
 *(.debug)

.line
 *(.line)

.debug_srcinfo
 *(.debug_srcinfo)

.debug_sfnames
 *(.debug_sfnames)

.debug_aranges
 *(.debug_aranges)

.debug_pubnames
 *(.debug_pubnames)

.debug_info
 *(.debug_info .gnu.linkonce.wi.*)

.debug_abbrev
 *(.debug_abbrev)

.debug_line
 *(.debug_line)

.debug_frame
 *(.debug_frame)

.debug_str
 *(.debug_str)

.debug_loc
 *(.debug_loc)

.debug_macinfo
 *(.debug_macinfo)

.debug_weaknames
 *(.debug_weaknames)

.debug_funcnames
 *(.debug_funcnames)

.debug_typenames
 *(.debug_typenames)

.debug_varnames
 *(.debug_varnames)

.debug_pubtypes
 *(.debug_pubtypes)

.debug_ranges
 *(.debug_ranges)

.gnu.attributes
                0x00000000       0x10
 *(.gnu.attributes)
 .gnu.attributes
                0x00000000       0x10 build/PIC32_Standalone/production/usb/usb_descriptors.o
 .gnu.attributes
                0x00000010       0x10 build/PIC32_Standalone/production/usb/usb_device.o
 .gnu.attributes
                0x00000020       0x10 build/PIC32_Standalone/production/usb/usb_driver.o
 .gnu.attributes
                0x00000030       0x10 build/PIC32_Standalone/production/usb/usb_function_hid.o
 .gnu.attributes
                0x00000040       0x10 build/PIC32_Standalone/production/usb/usb_hal_pic24.o
 .gnu.attributes
                0x00000050       0x10 build/PIC32_Standalone/production/main.o
 .gnu.attributes
                0x00000060       0x10 build/PIC32_Standalone/production/isr.o
 .gnu.attributes
                0x00000070       0x10 build/PIC32_Standalone/production/iron.o
 .gnu.attributes
                0x00000080       0x10 build/PIC32_Standalone/production/PID.o
 .gnu.attributes
                0x00000090       0x10 build/PIC32_Standalone/production/io.o
 .gnu.attributes
                0x000000a0       0x10 build/PIC32_Standalone/production/menu.o
 .gnu.attributes
                0x000000b0       0x10 build/PIC32_Standalone/production/EEP.o
 .gnu.attributes
                0x000000c0       0x10 build/PIC32_Standalone/production/OLED.o
 .gnu.attributes
                0x000000d0       0x10 build/PIC32_Standalone/production/pars.o
 .gnu.attributes
                0x000000e0       0x10 build/PIC32_Standalone/production/sensorMath.o
 .gnu.attributes
                0x000000f0       0x10 build/PIC32_Standalone/production/PIC32MX564F128H.o
 .gnu.attributes
                0x00000100       0x10 c:/program files/microchip/xc32/v2.50/bin/bin/../../lib/gcc/pic32mx/4.8.3/../../../../pic32mx/lib/mips16\libmchp_peripheral.a(open_core_timer_lib.o)
 .gnu.attributes
                0x00000110       0x10 c:/program files/microchip/xc32/v2.50/bin/bin/../../lib/gcc/pic32mx/4.8.3/../../../../pic32mx/lib/mips16\libmchp_peripheral.a(read_core_timer_lib.o)
 .gnu.attributes
                0x00000120       0x10 c:/program files/microchip/xc32/v2.50/bin/bin/../../lib/gcc/pic32mx/4.8.3/../../../../pic32mx/lib/mips16\libmchp_peripheral_32MX564F128H.a(soft_reset_lib.o)
 .gnu.attributes
                0x00000130       0x10 c:/program files/microchip/xc32/v2.50/bin/bin/../../lib/gcc/pic32mx/4.8.3/../../../../pic32mx/lib/mips16\libmchp_peripheral_32MX564F128H.a(int_enable_interrupts_lib.o)
 .gnu.attributes
                0x00000140       0x10 c:/program files/microchip/xc32/v2.50/bin/bin/../../lib/gcc/pic32mx/4.8.3/../../../../pic32mx/lib/mips16\libmchp_peripheral_32MX564F128H.a(int_disable_interrupts_lib.o)
 .gnu.attributes
                0x00000150       0x10 c:/program files/microchip/xc32/v2.50/bin/bin/../../lib/gcc/pic32mx/4.8.3/../../../../pic32mx/lib/mips16\libmchp_peripheral_32MX564F128H.a(int_restore_interrupts_lib.o)
 .gnu.attributes
                0x00000160       0x10 c:/program files/microchip/xc32/v2.50/bin/bin/../../lib/gcc/pic32mx/4.8.3/../../../../pic32mx/lib/mips16\libmchp_peripheral_32MX564F128H.a(int_enable_mv_int_lib.o)
 .gnu.attributes
                0x00000170       0x10 c:/program files/microchip/xc32/v2.50/bin/bin/../../lib/gcc/pic32mx/4.8.3/../../../../pic32mx/lib/mips16\libmchp_peripheral_32MX564F128H.a(int_tbl_lib.o)
 .gnu.attributes
                0x00000180       0x10 c:/program files/microchip/xc32/v2.50/bin/bin/../../lib/gcc/pic32mx/4.8.3/../../../../pic32mx/lib/mips16\libmchp_peripheral_32MX564F128H.a(spi_chn_close_lib.o)
 .gnu.attributes
                0x00000190       0x10 c:/program files/microchip/xc32/v2.50/bin/bin/../../lib/gcc/pic32mx/4.8.3/../../../../pic32mx/lib/mips16\libmchp_peripheral_32MX564F128H.a(spi_chn_open_lib.o)
 .gnu.attributes
                0x000001a0       0x10 c:/program files/microchip/xc32/v2.50/bin/bin/../../lib/gcc/pic32mx/4.8.3/../../../../pic32mx/lib/mips16\libmchp_peripheral_32MX564F128H.a(spi_chn_putc_lib.o)
 .gnu.attributes
                0x000001b0       0x10 c:/program files/microchip/xc32/v2.50/bin/bin/../../lib/gcc/pic32mx/4.8.3/../../../../pic32mx/lib/mips16\libmchp_peripheral_32MX564F128H.a(spi_chn_puts_lib.o)
 .gnu.attributes
                0x000001c0       0x10 c:/program files/microchip/xc32/v2.50/bin/bin/../../lib/gcc/pic32mx/4.8.3/../../../../pic32mx/lib/mips16\libmchp_peripheral_32MX564F128H.a(spi_chn_is_busy_lib.o)
 .gnu.attributes
                0x000001d0       0x10 c:/program files/microchip/xc32/v2.50/bin/bin/../../lib/gcc/pic32mx/4.8.3/../../../../pic32mx/lib/mips16\libmchp_peripheral_32MX564F128H.a(spi_io_tbl_libp.o)
 .gnu.attributes
                0x000001e0       0x10 c:/program files/microchip/xc32/v2.50/bin/bin/../../lib/gcc/pic32mx/4.8.3/../../../../pic32mx/lib/mips16\libmchp_peripheral_32MX564F128H.a(spi_map_tbl_libp.o)
 .gnu.attributes
                0x000001f0       0x10 c:/program files/microchip/xc32/v2.50/bin/bin/../../lib/gcc/pic32mx/4.8.3/../../../../pic32mx/lib/mips16\libmchp_peripheral_32MX564F128H.a(dma_chn_abort_txfer_lib.o)
 .gnu.attributes
                0x00000200       0x10 c:/program files/microchip/xc32/v2.50/bin/bin/../../lib/gcc/pic32mx/4.8.3/../../../../pic32mx/lib/mips16\libmchp_peripheral_32MX564F128H.a(dma_chn_open_lib.o)
 .gnu.attributes
                0x00000210       0x10 c:/program files/microchip/xc32/v2.50/bin/bin/../../lib/gcc/pic32mx/4.8.3/../../../../pic32mx/lib/mips16\libmchp_peripheral_32MX564F128H.a(dma_chn_disable_lib.o)
 .gnu.attributes
                0x00000220       0x10 c:/program files/microchip/xc32/v2.50/bin/bin/../../lib/gcc/pic32mx/4.8.3/../../../../pic32mx/lib/mips16\libmchp_peripheral_32MX564F128H.a(dma_chn_enable_lib.o)
 .gnu.attributes
                0x00000230       0x10 c:/program files/microchip/xc32/v2.50/bin/bin/../../lib/gcc/pic32mx/4.8.3/../../../../pic32mx/lib/mips16\libmchp_peripheral_32MX564F128H.a(dma_chn_get_dst_pnt_lib.o)
 .gnu.attributes
                0x00000240       0x10 c:/program files/microchip/xc32/v2.50/bin/bin/../../lib/gcc/pic32mx/4.8.3/../../../../pic32mx/lib/mips16\libmchp_peripheral_32MX564F128H.a(dma_chn_write_event_control_flags_lib.o)
 .gnu.attributes
                0x00000250       0x10 c:/program files/microchip/xc32/v2.50/bin/bin/../../lib/gcc/pic32mx/4.8.3/../../../../pic32mx/lib/mips16\libmchp_peripheral_32MX564F128H.a(dma_chn_set_txfer_lib.o)
 .gnu.attributes
                0x00000260       0x10 c:/program files/microchip/xc32/v2.50/bin/bin/../../lib/gcc/pic32mx/4.8.3/../../../../pic32mx/lib/mips16\libmchp_peripheral_32MX564F128H.a(dma_chn_write_ev_enable_flags_lib.o)
 .gnu.attributes
                0x00000270       0x10 c:/program files/microchip/xc32/v2.50/bin/bin/../../lib/gcc/pic32mx/4.8.3/../../../../pic32mx/lib/mips16\libmchp_peripheral_32MX564F128H.a(dma_reg_map_tbl_lib.o)
 .gnu.attributes
                0x00000280       0x10 c:/program files/microchip/xc32/v2.50/bin/bin/../../lib/gcc/pic32mx/4.8.3/../../../../pic32mx/lib/mips16\libmchp_peripheral_32MX564F128H.a(port_reset_pins_lib.o)
 .gnu.attributes
                0x00000290       0x10 c:/program files/microchip/xc32/v2.50/bin/bin/../../lib/gcc/pic32mx/4.8.3/../../../../pic32mx/lib/mips16\libmchp_peripheral_32MX564F128H.a(port_set_pins_digital_in_lib.o)
 .gnu.attributes
                0x000002a0       0x10 c:/program files/microchip/xc32/v2.50/bin/bin/../../lib/gcc/pic32mx/4.8.3/../../../../pic32mx/lib/mips16\libmchp_peripheral_32MX564F128H.a(port_set_pins_digital_out_lib.o)
 .gnu.attributes
                0x000002b0       0x10 c:/program files/microchip/xc32/v2.50/bin/bin/../../lib/gcc/pic32mx/4.8.3/../../../../pic32mx/lib/mips16\libmchp_peripheral_32MX564F128H.a(_ports_tbl_libp.o)
 .gnu.attributes
                0x000002c0       0x10 c:/program files/microchip/xc32/v2.50/bin/bin/../../lib/gcc/pic32mx/4.8.3/../../../../pic32mx/lib/mips16\libmchp_peripheral_32MX564F128H.a(I2CAcknowledgeByte.o)
 .gnu.attributes
                0x000002d0       0x10 c:/program files/microchip/xc32/v2.50/bin/bin/../../lib/gcc/pic32mx/4.8.3/../../../../pic32mx/lib/mips16\libmchp_peripheral_32MX564F128H.a(I2CByteWasAcknowledged.o)
 .gnu.attributes
                0x000002e0       0x10 c:/program files/microchip/xc32/v2.50/bin/bin/../../lib/gcc/pic32mx/4.8.3/../../../../pic32mx/lib/mips16\libmchp_peripheral_32MX564F128H.a(I2CEnable.o)
 .gnu.attributes
                0x000002f0       0x10 c:/program files/microchip/xc32/v2.50/bin/bin/../../lib/gcc/pic32mx/4.8.3/../../../../pic32mx/lib/mips16\libmchp_peripheral_32MX564F128H.a(I2CGetByte.o)
 .gnu.attributes
                0x00000300       0x10 c:/program files/microchip/xc32/v2.50/bin/bin/../../lib/gcc/pic32mx/4.8.3/../../../../pic32mx/lib/mips16\libmchp_peripheral_32MX564F128H.a(I2CReceiverEnable.o)
 .gnu.attributes
                0x00000310       0x10 c:/program files/microchip/xc32/v2.50/bin/bin/../../lib/gcc/pic32mx/4.8.3/../../../../pic32mx/lib/mips16\libmchp_peripheral_32MX564F128H.a(I2CSendByte.o)
 .gnu.attributes
                0x00000320       0x10 c:/program files/microchip/xc32/v2.50/bin/bin/../../lib/gcc/pic32mx/4.8.3/../../../../pic32mx/lib/mips16\libmchp_peripheral_32MX564F128H.a(I2CSetFrequency.o)
 .gnu.attributes
                0x00000330       0x10 c:/program files/microchip/xc32/v2.50/bin/bin/../../lib/gcc/pic32mx/4.8.3/../../../../pic32mx/lib/mips16\libmchp_peripheral_32MX564F128H.a(I2CStart.o)
 .gnu.attributes
                0x00000340       0x10 c:/program files/microchip/xc32/v2.50/bin/bin/../../lib/gcc/pic32mx/4.8.3/../../../../pic32mx/lib/mips16\libmchp_peripheral_32MX564F128H.a(I2CStop.o)
 .gnu.attributes
                0x00000350       0x10 c:/program files/microchip/xc32/v2.50/bin/bin/../../lib/gcc/pic32mx/4.8.3/../../../../pic32mx/lib/mips16\libmchp_peripheral_32MX564F128H.a(I2CPrivate.o)
 .gnu.attributes
                0x00000360       0x10 c:/program files/microchip/xc32/v2.50/bin/bin/../../lib/gcc/pic32mx/4.8.3/../../../../pic32mx/lib/mips16\libpic32.a(default-bootstrap-exception-handler.o)
 .gnu.attributes
                0x00000370       0x10 c:/program files/microchip/xc32/v2.50/bin/bin/../../lib/gcc/pic32mx/4.8.3/../../../../pic32mx/lib/mips16\libpic32.a(default-on-reset.o)
 .gnu.attributes
                0x00000380       0x10 c:/program files/microchip/xc32/v2.50/bin/bin/../../lib/gcc/pic32mx/4.8.3/../../../../pic32mx/lib/mips16\libpic32.a(default-on-bootstrap.o)
 .gnu.attributes
                0x00000390       0x10 c:/program files/microchip/xc32/v2.50/bin/bin/../../lib/gcc/pic32mx/4.8.3/../../../../pic32mx/lib/mips16\libpic32.a(default-general-exception-handler.o)
 .gnu.attributes
                0x000003a0       0x10 c:/program files/microchip/xc32/v2.50/bin/bin/../../lib/gcc/pic32mx/4.8.3/../../../../pic32mx/lib/mips16\libpic32.a(defaultinterrupt.o)
LOAD c:/program files/microchip/xc32/v2.50/bin/bin/../../lib/gcc/pic32mx/4.8.3/mips16\libgcc.a
START GROUP
LOAD c:/program files/microchip/xc32/v2.50/bin/bin/../../lib/gcc/pic32mx/4.8.3/../../../../pic32mx/lib/mips16\libpic32.a
LOAD c:/program files/microchip/xc32/v2.50/bin/bin/../../lib/gcc/pic32mx/4.8.3/../../../../pic32mx/lib/mips16\libdebug.a
LOAD c:/program files/microchip/xc32/v2.50/bin/bin/../../lib/gcc/pic32mx/4.8.3/../../../../pic32mx/lib/mips16\libpic32.a
LOAD c:/program files/microchip/xc32/v2.50/bin/bin/../../lib/gcc/pic32mx/4.8.3/../../../../pic32mx/lib/mips16\liblega-c.a
LOAD c:/program files/microchip/xc32/v2.50/bin/bin/../../lib/gcc/pic32mx/4.8.3/../../../../pic32mx/lib/mips16\libm.a
LOAD c:/program files/microchip/xc32/v2.50/bin/bin/../../lib/gcc/pic32mx/4.8.3/../../../../pic32mx/lib/mips16\libe.a
LOAD c:/program files/microchip/xc32/v2.50/bin/bin/../../lib/gcc/pic32mx/4.8.3/../../../../pic32mx/lib/mips16\libdsp.a
LOAD c:/program files/microchip/xc32/v2.50/bin/bin/../../lib/gcc/pic32mx/4.8.3/mips16\libgcc.a
LOAD c:/program files/microchip/xc32/v2.50/bin/bin/../../lib/gcc/pic32mx/4.8.3/../../../../pic32mx/lib/mips16\libpic32.a
END GROUP
LOAD c:/program files/microchip/xc32/v2.50/bin/bin/../../lib/gcc/pic32mx/4.8.3/mips16\libgcc.a
OUTPUT(dist/PIC32_Standalone/production/US_Firmware.X.production.elf elf32-tradlittlemips)
LOAD stack
LOAD data_init

.reginfo        0x00000000       0x18
 .reginfo       0x00000000       0x18 c:/program files/microchip/xc32/v2.50/bin/bin/../../lib/gcc/pic32mx/4.8.3/../../../../pic32mx/lib/mips16\debug-exception-return.o

.stack          0xa0001500      0x400
 .stack         0xa0001500      0x400 stack

.bss            0xa0000218       0x24
 .bss           0xa0000218       0x24 build/PIC32_Standalone/production/menu.o

.data           0xa000023c       0x1c
 .data          0xa000023c       0x1c build/PIC32_Standalone/production/pars.o
                0xa000023c                StrOffOnAuto
                0xa0000248                StrResume

._debug_exception
                0xbfc00480       0x2c
 ._debug_exception
                0xbfc00480       0x2c c:/program files/microchip/xc32/v2.50/bin/bin/../../lib/gcc/pic32mx/4.8.3/../../../../pic32mx/lib/mips16\debug-exception-return.o
                0xbfc00480                __DbgExecReturn

.text.OLEDTasks
                0x9d000000     0x1ad8
 .text.OLEDTasks
                0x9d000000     0x1ad8 build/PIC32_Standalone/production/menu.o
                0x9d000001                OLEDTasks

.rodata         0x9d001ad8     0x1700
 .rodata        0x9d001ad8     0x1700 build/PIC32_Standalone/production/OLED.o
                0x9d001ad8                OLEDInitBuff2
                0x9d001ae4                OLEDInitBuff1
                0x9d001aec                font8x16
                0x9d0022ec                degrees4x16
                0x9d0022f4                font6x8
                0x9d0024d4                font8x8
                0x9d0028d4                degrees4x8
                0x9d0028d8                numbers32x48

.text.USBDeviceTasks
                0x9d0031d8      0xf08
 .text.USBDeviceTasks
                0x9d0031d8      0xf08 build/PIC32_Standalone/production/usb/usb_device.o
                0x9d0031d9                USBDeviceTasks

.text.ISRHigh   0x9d0040e0      0xde4
 .text.ISRHigh  0x9d0040e0      0xde4 build/PIC32_Standalone/production/isr.o
                0x9d0040e1                ISRHigh

.text.PID       0x9d004ec4      0xa34
 .text.PID      0x9d004ec4      0xa34 build/PIC32_Standalone/production/PID.o
                0x9d004ec5                PID

.rodata         0x9d0058f8     0x11f0
 .rodata        0x9d0058f8      0xa1c build/PIC32_Standalone/production/iron.o
                0x9d005910                Irons
                0x9d006208                NoIronPars
                0x9d0062ac                NTC2252_B_1
                0x9d0062e0                IDHash
 .rodata        0x9d006314      0x7d4 c:/program files/microchip/xc32/v2.50/bin/bin/../../lib/gcc/pic32mx/4.8.3/../../../../pic32mx/lib/mips16\libmchp_peripheral_32MX564F128H.a(int_tbl_lib.o)
                0x9d006314                __IntSrcTbl
                0x9d006830                __IntVectorTbl

.text.main      0x9d006ae8      0x548
 .text.main     0x9d006ae8      0x548 build/PIC32_Standalone/production/main.o
                0x9d006ae9                main

.text.I2CISRTasks
                0x9d007030      0x548
 .text.I2CISRTasks
                0x9d007030      0x548 build/PIC32_Standalone/production/isr.o
                0x9d007031                I2CISRTasks

.text.MenuTasks
                0x9d007578      0x4ec
 .text.MenuTasks
                0x9d007578      0x4ec build/PIC32_Standalone/production/menu.o
                0x9d007579                MenuTasks

.text.ProcessIO
                0x9d007a64      0x428
 .text.ProcessIO
                0x9d007a64      0x428 build/PIC32_Standalone/production/io.o
                0x9d007a65                ProcessIO

.rodata         0x9d007e8c      0x734
 .rodata        0x9d007e8c      0x400 build/PIC32_Standalone/production/main.o
                0x9d007e8c                logo
 .rodata        0x9d00828c      0x334 build/PIC32_Standalone/production/pars.o
                0x9d0083a8                ParDef
                0x9d00854c                MenuOrder

.text.GetSensorTemperature
                0x9d0085c0      0x318
 .text.GetSensorTemperature
                0x9d0085c0      0x318 build/PIC32_Standalone/production/sensorMath.o
                0x9d0085c1                GetSensorTemperature

.text.OLEDInit  0x9d0088d8      0x2d4
 .text.OLEDInit
                0x9d0088d8      0x2d4 build/PIC32_Standalone/production/OLED.o
                0x9d0088d9                OLEDInit

.text.IronIdentify
                0x9d008bac      0x2d0
 .text.IronIdentify
                0x9d008bac      0x2d0 build/PIC32_Standalone/production/iron.o
                0x9d008bad                IronIdentify

.text.mcuInit2  0x9d008e7c      0x2b8
 .text.mcuInit2
                0x9d008e7c      0x2b8 build/PIC32_Standalone/production/PIC32MX564F128H.o
                0x9d008e7d                mcuInit2

.text.mcuInit4  0x9d009134      0x220
 .text.mcuInit4
                0x9d009134      0x220 build/PIC32_Standalone/production/PIC32MX564F128H.o
                0x9d009135                mcuInit4

.text.OLEDPrintNum
                0x9d009354      0x210
 .text.OLEDPrintNum
                0x9d009354      0x210 build/PIC32_Standalone/production/OLED.o
                0x9d009355                OLEDPrintNum

.rodata         0x9d009564      0x1f4
 .rodata        0x9d009564      0x1f4 build/PIC32_Standalone/production/menu.o

.text.IC1ISR    0x9d009758      0x1b8
 .text.IC1ISR   0x9d009758      0x1b8 build/PIC32_Standalone/production/PIC32MX564F128H.o
                0x9d009758                IC1ISR

.text.IC3ISR    0x9d009910      0x1b8
 .text.IC3ISR   0x9d009910      0x1b8 build/PIC32_Standalone/production/PIC32MX564F128H.o
                0x9d009910                IC3ISR

.text.mcuInit1  0x9d009ac8      0x1b0
 .text.mcuInit1
                0x9d009ac8      0x1b0 build/PIC32_Standalone/production/PIC32MX564F128H.o
                0x9d009ac9                mcuInit1

.text.OLEDPrintNumXY
                0x9d009c78      0x1ac
 .text.OLEDPrintNumXY
                0x9d009c78      0x1ac build/PIC32_Standalone/production/OLED.o
                0x9d009c79                OLEDPrintNumXY

.text.USBDeviceInit
                0x9d009e24      0x194
 .text.USBDeviceInit
                0x9d009e24      0x194 build/PIC32_Standalone/production/usb/usb_device.o
                0x9d009e25                USBDeviceInit

.text           0x9d009fb8      0x168
 .text          0x9d009fb8      0x168 c:/program files/microchip/xc32/v2.50/bin/bin/../../lib/gcc/pic32mx/4.8.3/../../../../pic32mx/lib/mips16\libpic32.a(memcpy.o)
                0x9d009fb8                memcpy

.text.OLEDPrintCF1648
                0x9d00a120      0x160
 .text.OLEDPrintCF1648
                0x9d00a120      0x160 build/PIC32_Standalone/production/OLED.o
                0x9d00a121                OLEDPrintCF1648

.text.GetBoardVersion
                0x9d00a280      0x144
 .text.GetBoardVersion
                0x9d00a280      0x144 build/PIC32_Standalone/production/PIC32MX564F128H.o
                0x9d00a281                GetBoardVersion

.text.ComparatorISR
                0x9d00a3c4      0x140
 .text.ComparatorISR
                0x9d00a3c4      0x140 build/PIC32_Standalone/production/PIC32MX564F128H.o
                0x9d00a3c4                ComparatorISR

.dinit          0x9d00a504      0x140
 .dinit         0x9d00a504      0x140 data_init

.text.I2CISR    0x9d00a644      0x130
 .text.I2CISR   0x9d00a644      0x130 build/PIC32_Standalone/production/PIC32MX564F128H.o
                0x9d00a644                I2CISR

.text.PIDISR    0x9d00a774      0x110
 .text.PIDISR   0x9d00a774      0x110 build/PIC32_Standalone/production/PIC32MX564F128H.o
                0x9d00a774                PIDISR

.text.mcuADCStartAutoVRef
                0x9d00a884      0x100
 .text.mcuADCStartAutoVRef
                0x9d00a884      0x100 build/PIC32_Standalone/production/PIC32MX564F128H.o
                0x9d00a885                mcuADCStartAutoVRef

.text.OLEDPrintHex
                0x9d00a984       0xec
 .text.OLEDPrintHex
                0x9d00a984       0xec build/PIC32_Standalone/production/OLED.o
                0x9d00a985                OLEDPrintHex

.text.OLEDPrint
                0x9d00aa70       0xec
 .text.OLEDPrint
                0x9d00aa70       0xec build/PIC32_Standalone/production/OLED.o
                0x9d00aa71                OLEDPrint

.text.mcuADCStop
                0x9d00ab5c       0xec
 .text.mcuADCStop
                0x9d00ab5c       0xec build/PIC32_Standalone/production/PIC32MX564F128H.o
                0x9d00ab5d                mcuADCStop

.text.OLEDPrintNum3248
                0x9d00ac48       0xe8
 .text.OLEDPrintNum3248
                0x9d00ac48       0xe8 build/PIC32_Standalone/production/OLED.o
                0x9d00ac49                OLEDPrintNum3248

.text.USBCtrlEPAllowStatusStage
                0x9d00ad30       0xe4
 .text.USBCtrlEPAllowStatusStage
                0x9d00ad30       0xe4 build/PIC32_Standalone/production/usb/usb_device.o
                0x9d00ad31                USBCtrlEPAllowStatusStage

.text.USBCtrlTrfTxService
                0x9d00ae14       0xe0
 .text.USBCtrlTrfTxService
                0x9d00ae14       0xe0 build/PIC32_Standalone/production/usb/usb_device.o

.text.OLEDFillXY
                0x9d00aef4       0xe0
 .text.OLEDFillXY
                0x9d00aef4       0xe0 build/PIC32_Standalone/production/OLED.o
                0x9d00aef5                OLEDFillXY

.text.USBCheckHIDRequest
                0x9d00afd4       0xdc
 .text.USBCheckHIDRequest
                0x9d00afd4       0xdc build/PIC32_Standalone/production/usb/usb_function_hid.o
                0x9d00afd5                USBCheckHIDRequest

.text.general_exception
                0x9d00b0b0       0xdc
 .text.general_exception
                0x9d00b0b0       0xdc c:/program files/microchip/xc32/v2.50/bin/bin/../../lib/gcc/pic32mx/4.8.3/../../../../pic32mx/lib/mips16\libpic32.a(general-exception.o)
                0x9d00b0b0                _general_exception_context

.rodata         0x9d00b18c       0xd4
 .rodata        0x9d00b18c       0xd4 build/PIC32_Standalone/production/usb/usb_descriptors.o
                0x9d00b18c                USB_SD_Ptr
                0x9d00b198                USB_CD_Ptr
                0x9d00b19c                hid_rpt01
                0x9d00b1b8                sd002
                0x9d00b1e8                sd001
                0x9d00b21c                sd000
                0x9d00b220                configDescriptor1
                0x9d00b24c                device_dsc

.text.USBCtrlEPAllowDataStage
                0x9d00b260       0xd0
 .text.USBCtrlEPAllowDataStage
                0x9d00b260       0xd0 build/PIC32_Standalone/production/usb/usb_device.o
                0x9d00b261                USBCtrlEPAllowDataStage

.text.ISRStart  0x9d00b330       0xd0
 .text.ISRStart
                0x9d00b330       0xd0 build/PIC32_Standalone/production/isr.o
                0x9d00b331                ISRStart

.text.OLEDWriteXY
                0x9d00b400       0xd0
 .text.OLEDWriteXY
                0x9d00b400       0xd0 build/PIC32_Standalone/production/OLED.o
                0x9d00b401                OLEDWriteXY

.text.USBTransferOnePacket
                0x9d00b4d0       0xc8
 .text.USBTransferOnePacket
                0x9d00b4d0       0xc8 build/PIC32_Standalone/production/usb/usb_device.o
                0x9d00b4d1                USBTransferOnePacket

.text.mcuADCReadWait
                0x9d00b598       0xc4
 .text.mcuADCReadWait
                0x9d00b598       0xc4 build/PIC32_Standalone/production/PIC32MX564F128H.o
                0x9d00b599                mcuADCReadWait

.text.OLEDUpdate
                0x9d00b65c       0xc0
 .text.OLEDUpdate
                0x9d00b65c       0xc0 build/PIC32_Standalone/production/OLED.o
                0x9d00b65d                OLEDUpdate

.text.SavePars  0x9d00b71c       0xb4
 .text.SavePars
                0x9d00b71c       0xb4 build/PIC32_Standalone/production/pars.o
                0x9d00b71d                SavePars

.text.mcuI2CReset
                0x9d00b7d0       0xac
 .text.mcuI2CReset
                0x9d00b7d0       0xac build/PIC32_Standalone/production/PIC32MX564F128H.o
                0x9d00b7d1                mcuI2CReset

.text.SpiChnOpen
                0x9d00b87c       0xac
 .text.SpiChnOpen
                0x9d00b87c       0xac c:/program files/microchip/xc32/v2.50/bin/bin/../../lib/gcc/pic32mx/4.8.3/../../../../pic32mx/lib/mips16\libmchp_peripheral_32MX564F128H.a(spi_chn_open_lib.o)
                0x9d00b87d                SpiChnOpen

.text.OLEDInvertXY
                0x9d00b928       0xa8
 .text.OLEDInvertXY
                0x9d00b928       0xa8 build/PIC32_Standalone/production/OLED.o
                0x9d00b929                OLEDInvertXY

.text.ParDispInstr
                0x9d00b9d0       0xa8
 .text.ParDispInstr
                0x9d00b9d0       0xa8 build/PIC32_Standalone/production/pars.o
                0x9d00b9d1                ParDispInstr

.text.LoadPars  0x9d00ba78       0xa8
 .text.LoadPars
                0x9d00ba78       0xa8 build/PIC32_Standalone/production/pars.o
                0x9d00ba79                LoadPars

.text           0x9d00bb20       0xa8
 .text          0x9d00bb20       0xa8 c:/program files/microchip/xc32/v2.50/bin/bin/../../lib/gcc/pic32mx/4.8.3/../../../../pic32mx/lib/mips16\libpic32.a(memset.o)
                0x9d00bb20                memset

.text.ISRInit   0x9d00bbc8       0xa0
 .text.ISRInit  0x9d00bbc8       0xa0 build/PIC32_Standalone/production/isr.o
                0x9d00bbc9                ISRInit

.rodata         0x9d00bc68       0xa0
 .rodata        0x9d00bc68       0xa0 c:/program files/microchip/xc32/v2.50/bin/bin/../../lib/gcc/pic32mx/4.8.3/../../../../pic32mx/lib/mips16\libmchp_peripheral_32MX564F128H.a(spi_io_tbl_libp.o)
                0x9d00bc68                _SpiIoTbl

.text.ADCISR    0x9d00bd08       0x9c
 .text.ADCISR   0x9d00bd08       0x9c build/PIC32_Standalone/production/PIC32MX564F128H.o
                0x9d00bd08                ADCISR

.text.MenuInit  0x9d00bda4       0x90
 .text.MenuInit
                0x9d00bda4       0x90 build/PIC32_Standalone/production/menu.o
                0x9d00bda5                MenuInit

.text.DmaChnOpen
                0x9d00be34       0x90
 .text.DmaChnOpen
                0x9d00be34       0x90 c:/program files/microchip/xc32/v2.50/bin/bin/../../lib/gcc/pic32mx/4.8.3/../../../../pic32mx/lib/mips16\libmchp_peripheral_32MX564F128H.a(dma_chn_open_lib.o)
                0x9d00be35                DmaChnOpen

.text.PIDTasks  0x9d00bec4       0x84
 .text.PIDTasks
                0x9d00bec4       0x84 build/PIC32_Standalone/production/PID.o
                0x9d00bec5                PIDTasks

.text           0x9d00bf48       0x84
 .text          0x9d00bf48       0x84 c:/program files/microchip/xc32/v2.50/bin/bin/../../lib/gcc/pic32mx/4.8.3/../../../../pic32mx/lib/mips16\libpic32.a(pic32_data_init.o)
                0x9d00bf48                __pic32_data_init

.text.USBEnableEndpoint
                0x9d00bfcc       0x7c
 .text.USBEnableEndpoint
                0x9d00bfcc       0x7c build/PIC32_Standalone/production/usb/usb_device.o
                0x9d00bfcd                USBEnableEndpoint

.text.OnPowerLost.part.0
                0x9d00c048       0x7c
 .text.OnPowerLost.part.0
                0x9d00c048       0x7c build/PIC32_Standalone/production/isr.o

.text.mcuADCStartManualVRef
                0x9d00c0c4       0x7c
 .text.mcuADCStartManualVRef
                0x9d00c0c4       0x7c build/PIC32_Standalone/production/PIC32MX564F128H.o
                0x9d00c0c5                mcuADCStartManualVRef

.text.mcuADCStartManualAVdd
                0x9d00c140       0x7c
 .text.mcuADCStartManualAVdd
                0x9d00c140       0x7c build/PIC32_Standalone/production/PIC32MX564F128H.o
                0x9d00c141                mcuADCStartManualAVdd

.text.IronTasks
                0x9d00c1bc       0x78
 .text.IronTasks
                0x9d00c1bc       0x78 build/PIC32_Standalone/production/iron.o
                0x9d00c1bd                IronTasks

.text.Timer2ISR
                0x9d00c234       0x78
 .text.Timer2ISR
                0x9d00c234       0x78 build/PIC32_Standalone/production/PIC32MX564F128H.o
                0x9d00c234                Timer2ISR

.text.OLEDPrintXY
                0x9d00c2ac       0x74
 .text.OLEDPrintXY
                0x9d00c2ac       0x74 build/PIC32_Standalone/production/OLED.o
                0x9d00c2ad                OLEDPrintXY

.text.mcuInit3  0x9d00c320       0x74
 .text.mcuInit3
                0x9d00c320       0x74 build/PIC32_Standalone/production/PIC32MX564F128H.o
                0x9d00c321                mcuInit3

.text.SpiChnPutS
                0x9d00c394       0x74
 .text.SpiChnPutS
                0x9d00c394       0x74 c:/program files/microchip/xc32/v2.50/bin/bin/../../lib/gcc/pic32mx/4.8.3/../../../../pic32mx/lib/mips16\libmchp_peripheral_32MX564F128H.a(spi_chn_puts_lib.o)
                0x9d00c395                SpiChnPutS

.text.ISRStop   0x9d00c408       0x70
 .text.ISRStop  0x9d00c408       0x70 build/PIC32_Standalone/production/isr.o
                0x9d00c409                ISRStop

.text.ParDispTemp
                0x9d00c478       0x70
 .text.ParDispTemp
                0x9d00c478       0x70 build/PIC32_Standalone/production/pars.o
                0x9d00c479                ParDispTemp

.text.Timer1ISR
                0x9d00c4e8       0x70
 .text.Timer1ISR