Archive member included because of file (symbol)

c:/program files/microchip/xc32/v2.50/bin/bin/../../lib/gcc/pic32mx/4.8.3/../../../../pic32mx/lib/mips16\libmchp_peripheral.a(open_core_timer_lib.o)
                              build/PIC32_Standalone/production/PIC32MX564F128H.o (OpenCoreTimer)
c:/program files/microchip/xc32/v2.50/bin/bin/../../lib/gcc/pic32mx/4.8.3/../../../../pic32mx/lib/mips16\libmchp_peripheral.a(read_core_timer_lib.o)
                              build/PIC32_Standalone/production/PIC32MX564F128H.o (ReadCoreTimer)
c:/program files/microchip/xc32/v2.50/bin/bin/../../lib/gcc/pic32mx/4.8.3/../../../../pic32mx/lib/mips16\libmchp_peripheral_32MX564F128H.a(soft_reset_lib.o)
                              build/PIC32_Standalone/production/main.o (SoftReset)
c:/program files/microchip/xc32/v2.50/bin/bin/../../lib/gcc/pic32mx/4.8.3/../../../../pic32mx/lib/mips16\libmchp_peripheral_32MX564F128H.a(int_enable_interrupts_lib.o)
                              build/PIC32_Standalone/production/isr.o (INTEnableInterrupts)
c:/program files/microchip/xc32/v2.50/bin/bin/../../lib/gcc/pic32mx/4.8.3/../../../../pic32mx/lib/mips16\libmchp_peripheral_32MX564F128H.a(int_disable_interrupts_lib.o)
                              build/PIC32_Standalone/production/isr.o (INTDisableInterrupts)
c:/program files/microchip/xc32/v2.50/bin/bin/../../lib/gcc/pic32mx/4.8.3/../../../../pic32mx/lib/mips16\libmchp_peripheral_32MX564F128H.a(int_restore_interrupts_lib.o)
                              build/PIC32_Standalone/production/isr.o (INTRestoreInterrupts)
c:/program files/microchip/xc32/v2.50/bin/bin/../../lib/gcc/pic32mx/4.8.3/../../../../pic32mx/lib/mips16\libmchp_peripheral_32MX564F128H.a(int_enable_mv_int_lib.o)
                              build/PIC32_Standalone/production/PIC32MX564F128H.o (INTEnableSystemMultiVectoredInt)
c:/program files/microchip/xc32/v2.50/bin/bin/../../lib/gcc/pic32mx/4.8.3/../../../../pic32mx/lib/mips16\libmchp_peripheral_32MX564F128H.a(int_tbl_lib.o)
                              build/PIC32_Standalone/production/usb/usb_device.o (INTClearFlag)
c:/program files/microchip/xc32/v2.50/bin/bin/../../lib/gcc/pic32mx/4.8.3/../../../../pic32mx/lib/mips16\libmchp_peripheral_32MX564F128H.a(spi_chn_close_lib.o)
                              build/PIC32_Standalone/production/OLED.o (SpiChnClose)
c:/program files/microchip/xc32/v2.50/bin/bin/../../lib/gcc/pic32mx/4.8.3/../../../../pic32mx/lib/mips16\libmchp_peripheral_32MX564F128H.a(spi_chn_open_lib.o)
                              build/PIC32_Standalone/production/OLED.o (SpiChnOpen)
c:/program files/microchip/xc32/v2.50/bin/bin/../../lib/gcc/pic32mx/4.8.3/../../../../pic32mx/lib/mips16\libmchp_peripheral_32MX564F128H.a(spi_chn_putc_lib.o)
                              build/PIC32_Standalone/production/OLED.o (SpiChnPutC)
c:/program files/microchip/xc32/v2.50/bin/bin/../../lib/gcc/pic32mx/4.8.3/../../../../pic32mx/lib/mips16\libmchp_peripheral_32MX564F128H.a(spi_chn_puts_lib.o)
                              build/PIC32_Standalone/production/OLED.o (SpiChnPutS)
c:/program files/microchip/xc32/v2.50/bin/bin/../../lib/gcc/pic32mx/4.8.3/../../../../pic32mx/lib/mips16\libmchp_peripheral_32MX564F128H.a(spi_chn_is_busy_lib.o)
                              build/PIC32_Standalone/production/PIC32MX564F128H.o (SpiChnIsBusy)
c:/program files/microchip/xc32/v2.50/bin/bin/../../lib/gcc/pic32mx/4.8.3/../../../../pic32mx/lib/mips16\libmchp_peripheral_32MX564F128H.a(spi_io_tbl_libp.o)
                              c:/program files/microchip/xc32/v2.50/bin/bin/../../lib/gcc/pic32mx/4.8.3/../../../../pic32mx/lib/mips16\libmchp_peripheral_32MX564F128H.a(spi_chn_close_lib.o) (_SpiIoTbl)
c:/program files/microchip/xc32/v2.50/bin/bin/../../lib/gcc/pic32mx/4.8.3/../../../../pic32mx/lib/mips16\libmchp_peripheral_32MX564F128H.a(spi_map_tbl_libp.o)
                              c:/program files/microchip/xc32/v2.50/bin/bin/../../lib/gcc/pic32mx/4.8.3/../../../../pic32mx/lib/mips16\libmchp_peripheral_32MX564F128H.a(spi_chn_close_lib.o) (_SpiMapTbl)
c:/program files/microchip/xc32/v2.50/bin/bin/../../lib/gcc/pic32mx/4.8.3/../../../../pic32mx/lib/mips16\libmchp_peripheral_32MX564F128H.a(dma_chn_abort_txfer_lib.o)
                              build/PIC32_Standalone/production/PIC32MX564F128H.o (DmaChnAbortTxfer)
c:/program files/microchip/xc32/v2.50/bin/bin/../../lib/gcc/pic32mx/4.8.3/../../../../pic32mx/lib/mips16\libmchp_peripheral_32MX564F128H.a(dma_chn_open_lib.o)
                              build/PIC32_Standalone/production/PIC32MX564F128H.o (DmaChnOpen)
c:/program files/microchip/xc32/v2.50/bin/bin/../../lib/gcc/pic32mx/4.8.3/../../../../pic32mx/lib/mips16\libmchp_peripheral_32MX564F128H.a(dma_chn_disable_lib.o)
                              build/PIC32_Standalone/production/PIC32MX564F128H.o (DmaChnDisable)
c:/program files/microchip/xc32/v2.50/bin/bin/../../lib/gcc/pic32mx/4.8.3/../../../../pic32mx/lib/mips16\libmchp_peripheral_32MX564F128H.a(dma_chn_enable_lib.o)
[...]
Memory Configuration

Name             Origin             Length             Attributes
kseg0_program_mem 0x9d000000         0x00020000         xr
kseg0_boot_mem   0x9fc00490         0x00000970
exception_mem    0x9fc01000         0x00001000
kseg1_boot_mem   0xbfc00000         0x00000490
debug_exec_mem   0xbfc02000         0x00000ff0
config3          0xbfc02ff0         0x00000004
config2          0xbfc02ff4         0x00000004
config1          0xbfc02ff8         0x00000004
config0          0xbfc02ffc         0x00000004
kseg1_data_mem   0xa0000000         0x00008000         w !x
sfrs             0xbf800000         0x00100000
configsfrs       0xbfc02ff0         0x00000010
*default*        0x00000000         0xffffffff

Linker script and memory map

LOAD c:/program files/microchip/xc32/v2.50/bin/bin/../../lib/gcc/pic32mx/4.8.3/../../../../pic32mx/lib/mips16\debug-exception-return.o
LOAD build/PIC32_Standalone/production/usb/usb_descriptors.o
LOAD build/PIC32_Standalone/production/usb/usb_device.o
LOAD build/PIC32_Standalone/production/usb/usb_driver.o
LOAD build/PIC32_Standalone/production/usb/usb_function_hid.o
LOAD build/PIC32_Standalone/production/usb/usb_hal_pic24.o
LOAD build/PIC32_Standalone/production/main.o
LOAD build/PIC32_Standalone/production/isr.o
LOAD build/PIC32_Standalone/production/iron.o
LOAD build/PIC32_Standalone/production/PID.o
LOAD build/PIC32_Standalone/production/io.o
LOAD build/PIC32_Standalone/production/menu.o
LOAD build/PIC32_Standalone/production/EEP.o
LOAD build/PIC32_Standalone/production/OLED.o
LOAD build/PIC32_Standalone/production/pars.o
LOAD build/PIC32_Standalone/production/sensorMath.o
LOAD build/PIC32_Standalone/production/PIC32MX564F128H.o
                0x00000001                __MPLAB_BUILD = 0x1
LOAD C:\Users\Spartak\AppData\Local\Temp\cceju0KZ.o
LOAD C:\Users\Spartak\AppData\Local\Temp\ccVqZrZ0.o
LOAD C:\Users\Spartak\AppData\Local\Temp\ccslefM2.o
LOAD c:/program files/microchip/xc32/v2.50/bin/bin/../../lib/gcc/pic32mx/4.8.3/../../../../pic32mx/lib/mips16\pic32_software_reset.o
                0x00000400                PROVIDE (_min_stack_size, 0x400)
START GROUP
LOAD c:/program files/microchip/xc32/v2.50/bin/bin/../../lib/gcc/pic32mx/4.8.3/../../../../pic32mx/lib/./proc/32MX564F128H\processor.o
END GROUP
START GROUP
LOAD c:/program files/microchip/xc32/v2.50/bin/bin/../../lib/gcc/pic32mx/4.8.3/../../../../pic32mx/lib/mips16\libmchp_peripheral.a
END GROUP
START GROUP
LOAD c:/program files/microchip/xc32/v2.50/bin/bin/../../lib/gcc/pic32mx/4.8.3/../../../../pic32mx/lib/mips16\libmchp_peripheral_32MX564F128H.a
END GROUP
                0x00000001                PROVIDE (_vector_spacing, 0x1)
                0x9fc01000                PROVIDE (_ebase_address, 0x9fc01000)
                0xbfc00000                _RESET_ADDR = 0xbfc00000
                0xbfc00380                _BEV_EXCPT_ADDR = 0xbfc00380
                0xbfc00480                _DBG_EXCPT_ADDR = 0xbfc00480
                0xbfc02000                _DBG_CODE_ADDR = 0xbfc02000
                0x00000ff0                _DBG_CODE_SIZE = 0xff0
                0x9fc01180                _GEN_EXCPT_ADDR = (_ebase_address + 0x180)

.config_BFC02FF0
                0xbfc02ff0        0x4
 *(.config_BFC02FF0)
 .config_BFC02FF0
                0xbfc02ff0        0x4 build/PIC32_Standalone/production/PIC32MX564F128H.o

.config_BFC02FF4
                0xbfc02ff4        0x4
 *(.config_BFC02FF4)
 .config_BFC02FF4
                0xbfc02ff4        0x4 build/PIC32_Standalone/production/PIC32MX564F128H.o

.config_BFC02FF8
                0xbfc02ff8        0x4
 *(.config_BFC02FF8)
 .config_BFC02FF8
                0xbfc02ff8        0x4 build/PIC32_Standalone/production/PIC32MX564F128H.o

.config_BFC02FFC
                0xbfc02ffc        0x4
 *(.config_BFC02FFC)
 .config_BFC02FFC
                0xbfc02ffc        0x4 build/PIC32_Standalone/production/PIC32MX564F128H.o
                0xbfc02000                PROVIDE (_DBG_CODE_ADDR, 0xbfc02000)
                0x00000ff0                PROVIDE (_DBG_CODE_SIZE, 0xff0)

.reset          0xbfc00000      0x19c
 *(.reset)
 .reset         0xbfc00000        0x8 C:\Users\Spartak\AppData\Local\Temp\cceju0KZ.o
                0xbfc00000                _reset
 *(.reset.startup)
 .reset.startup
                0xbfc00008      0x194 C:\Users\Spartak\AppData\Local\Temp\cceju0KZ.o
                0xbfc00008                _startup

.bev_excpt      0xbfc00380       0x10
 *(.bev_handler)
 .bev_handler   0xbfc00380       0x10 C:\Users\Spartak\AppData\Local\Temp\cceju0KZ.o

.dbg_excpt      0xbfc00480        0x0
                0xbfc00480                . = (. + DEFINED (_DEBUGGER)?0x8:0x0)

.dbg_code       0xbfc02000        0x0
                0xbfc02000                . = (. + DEFINED (_DEBUGGER)?_DBG_CODE_SIZE:0x0)

.app_excpt      0x9fc01180       0x10
 *(.gen_handler)
 .gen_handler   0x9fc01180       0x10 C:\Users\Spartak\AppData\Local\Temp\cceju0KZ.o

.vector_0       0x9fc01200        0x8
 *(.vector_0)
 .vector_0      0x9fc01200        0x8 c:/program files/microchip/xc32/v2.50/bin/bin/../../lib/gcc/pic32mx/4.8.3/../../../../pic32mx/lib/mips16\libpic32.a(vector0.o)
                0x9fc01200                __vector_dispatch_0
                0x00000001                ASSERT (((_vector_spacing == 0x0) || (SIZEOF (.vector_0) <= (_vector_spacing << 0x5))), function at exception vector 0 too large)

.vector_1       0x9fc01220        0x8
 *(.vector_1)
 .vector_1      0x9fc01220        0x8 c:/program files/microchip/xc32/v2.50/bin/bin/../../lib/gcc/pic32mx/4.8.3/../../../../pic32mx/lib/mips16\libpic32.a(vector1.o)
                0x9fc01220                __vector_dispatch_1
                0x00000001                ASSERT (((_vector_spacing == 0x0) || (SIZEOF (.vector_1) <= (_vector_spacing << 0x5))), function at exception vector 1 too large)

.vector_2       0x9fc01240        0x8
 *(.vector_2)
 .vector_2      0x9fc01240        0x8 c:/program files/microchip/xc32/v2.50/bin/bin/../../lib/gcc/pic32mx/4.8.3/../../../../pic32mx/lib/mips16\libpic32.a(vector2.o)
                0x9fc01240                __vector_dispatch_2
                0x00000001                ASSERT (((_vector_spacing == 0x0) || (SIZEOF (.vector_2) <= (_vector_spacing << 0x5))), function at exception vector 2 too large)

.vector_3       0x9fc01260        0x8
 *(.vector_3)
 .vector_3      0x9fc01260        0x8 c:/program files/microchip/xc32/v2.50/bin/bin/../../lib/gcc/pic32mx/4.8.3/../../../../pic32mx/lib/mips16\libpic32.a(vector3.o)
                0x9fc01260                __vector_dispatch_3
                0x00000001                ASSERT (((_vector_spacing == 0x0) || (SIZEOF (.vector_3) <= (_vector_spacing << 0x5))), function at exception vector 3 too large)

.vector_4       0x9fc01280        0x8
 *(.vector_4)
 .vector_4      0x9fc01280        0x8 build/PIC32_Standalone/production/PIC32MX564F128H.o
                0x9fc01280                __vector_dispatch_4
                0x00000001                ASSERT (((_vector_spacing == 0x0) || (SIZEOF (.vector_4) <= (_vector_spacing << 0x5))), function at exception vector 4 too large)

.vector_5       0x9fc012a0        0x8
 *(.vector_5)
 .vector_5      0x9fc012a0        0x8 build/PIC32_Standalone/production/PIC32MX564F128H.o
                0x9fc012a0                __vector_dispatch_5
                0x00000001                ASSERT (((_vector_spacing == 0x0) || (SIZEOF (.vector_5) <= (_vector_spacing << 0x5))), function at exception vector 5 too large)

.vector_6       0x9fc012c0        0x8
 *(.vector_6)
 .vector_6      0x9fc012c0        0x8 c:/program files/microchip/xc32/v2.50/bin/bin/../../lib/gcc/pic32mx/4.8.3/../../../../pic32mx/lib/mips16\libpic32.a(vector6.o)
                0x9fc012c0                __vector_dispatch_6
                0x00000001                ASSERT (((_vector_spacing == 0x0) || (SIZEOF (.vector_6) <= (_vector_spacing << 0x5))), function at exception vector 6 too large)

.vector_7       0x9fc012e0        0x8
 *(.vector_7)
 .vector_7      0x9fc012e0        0x8 c:/program files/microchip/xc32/v2.50/bin/bin/../../lib/gcc/pic32mx/4.8.3/../../../../pic32mx/lib/mips16\libpic32.a(vector7.o)
                0x9fc012e0                __vector_dispatch_7
                0x00000001                ASSERT (((_vector_spacing == 0x0) || (SIZEOF (.vector_7) <= (_vector_spacing << 0x5))), function at exception vector 7 too large)

.vector_8       0x9fc01300        0x8
 *(.vector_8)
 .vector_8      0x9fc01300        0x8 build/PIC32_Standalone/production/PIC32MX564F128H.o
                0x9fc01300                __vector_dispatch_8
                0x00000001                ASSERT (((_vector_spacing == 0x0) || (SIZEOF (.vector_8) <= (_vector_spacing << 0x5))), function at exception vector 8 too large)

.vector_9       0x9fc01320        0x8
 *(.vector_9)
 .vector_9      0x9fc01320        0x8 c:/program files/microchip/xc32/v2.50/bin/bin/../../lib/gcc/pic32mx/4.8.3/../../../../pic32mx/lib/mips16\libpic32.a(vector9.o)
                0x9fc01320                __vector_dispatch_9
                0x00000001                ASSERT (((_vector_spacing == 0x0) || (SIZEOF (.vector_9) <= (_vector_spacing << 0x5))), function at exception vector 9 too large)

.vector_10      0x9fc01340        0x8
 *(.vector_10)
 .vector_10     0x9fc01340        0x8 build/PIC32_Standalone/production/PIC32MX564F128H.o
                0x9fc01340                __vector_dispatch_10
                0x00000001                ASSERT (((_vector_spacing == 0x0) || (SIZEOF (.vector_10) <= (_vector_spacing << 0x5))), function at exception vector 10 too large)

.vector_11      0x9fc01360        0x8
 *(.vector_11)
 .vector_11     0x9fc01360        0x8 c:/program files/microchip/xc32/v2.50/bin/bin/../../lib/gcc/pic32mx/4.8.3/../../../../pic32mx/lib/mips16\libpic32.a(vector11.o)
                0x9fc01360                __vector_dispatch_11
                0x00000001                ASSERT (((_vector_spacing == 0x0) || (SIZEOF (.vector_11) <= (_vector_spacing << 0x5))), function at exception vector 11 too large)

.vector_12      0x9fc01380        0x8
 *(.vector_12)
 .vector_12     0x9fc01380        0x8 c:/program files/microchip/xc32/v2.50/bin/bin/../../lib/gcc/pic32mx/4.8.3/../../../../pic32mx/lib/mips16\libpic32.a(vector12.o)
                0x9fc01380                __vector_dispatch_12
                0x00000001                ASSERT (((_vector_spacing == 0x0) || (SIZEOF (.vector_12) <= (_vector_spacing << 0x5))), function at exception vector 12 too large)

.vector_13      0x9fc013a0        0x8
 *(.vector_13)
 .vector_13     0x9fc013a0        0x8 build/PIC32_Standalone/production/PIC32MX564F128H.o
                0x9fc013a0                __vector_dispatch_13
                0x00000001                ASSERT (((_vector_spacing == 0x0) || (SIZEOF (.vector_13) <= (_vector_spacing << 0x5))), function at exception vector 13 too large)

.vector_14      0x9fc013c0        0x8
 *(.vector_14)
 .vector_14     0x9fc013c0        0x8 c:/program files/microchip/xc32/v2.50/bin/bin/../../lib/gcc/pic32mx/4.8.3/../../../../pic32mx/lib/mips16\libpic32.a(vector14.o)
                0x9fc013c0                __vector_dispatch_14
                0x00000001                ASSERT (((_vector_spacing == 0x0) || (SIZEOF (.vector_14) <= (_vector_spacing << 0x5))), function at exception vector 14 too large)

.vector_15      0x9fc013e0        0x8
 *(.vector_15)
 .vector_15     0x9fc013e0        0x8 c:/program files/microchip/xc32/v2.50/bin/bin/../../lib/gcc/pic32mx/4.8.3/../../../../pic32mx/lib/mips16\libpic32.a(vector15.o)
                0x9fc013e0                __vector_dispatch_15
                0x00000001                ASSERT (((_vector_spacing == 0x0) || (SIZEOF (.vector_15) <= (_vector_spacing << 0x5))), function at exception vector 15 too large)

.vector_16      0x9fc01400        0x8
 *(.vector_16)
 .vector_16     0x9fc01400        0x8 c:/program files/microchip/xc32/v2.50/bin/bin/../../lib/gcc/pic32mx/4.8.3/../../../../pic32mx/lib/mips16\libpic32.a(vector16.o)
                0x9fc01400                __vector_dispatch_16
                0x00000001                ASSERT (((_vector_spacing == 0x0) || (SIZEOF (.vector_16) <= (_vector_spacing << 0x5))), function at exception vector 16 too large)

.vector_17      0x9fc01420        0x8
 *(.vector_17)
 .vector_17     0x9fc01420        0x8 c:/program files/microchip/xc32/v2.50/bin/bin/../../lib/gcc/pic32mx/4.8.3/../../../../pic32mx/lib/mips16\libpic32.a(vector17.o)
                0x9fc01420                __vector_dispatch_17
                0x00000001                ASSERT (((_vector_spacing == 0x0) || (SIZEOF (.vector_17) <= (_vector_spacing << 0x5))), function at exception vector 17 too large)

.vector_18      0x9fc01440        0x8
 *(.vector_18)
 .vector_18     0x9fc01440        0x8 c:/program files/microchip/xc32/v2.50/bin/bin/../../lib/gcc/pic32mx/4.8.3/../../../../pic32mx/lib/mips16\libpic32.a(vector18.o)
                0x9fc01440                __vector_dispatch_18
                0x00000001                ASSERT (((_vector_spacing == 0x0) || (SIZEOF (.vector_18) <= (_vector_spacing << 0x5))), function at exception vector 18 too large)

.vector_19      0x9fc01460        0x8
 *(.vector_19)
 .vector_19     0x9fc01460        0x8 c:/program files/microchip/xc32/v2.50/bin/bin/../../lib/gcc/pic32mx/4.8.3/../../../../pic32mx/lib/mips16\libpic32.a(vector19.o)
                0x9fc01460                __vector_dispatch_19
                0x00000001                ASSERT (((_vector_spacing == 0x0) || (SIZEOF (.vector_19) <= (_vector_spacing << 0x5))), function at exception vector 19 too large)

.vector_20      0x9fc01480        0x8
 *(.vector_20)
 .vector_20     0x9fc01480        0x8 c:/program files/microchip/xc32/v2.50/bin/bin/../../lib/gcc/pic32mx/4.8.3/../../../../pic32mx/lib/mips16\libpic32.a(vector20.o)
                0x9fc01480                __vector_dispatch_20
                0x00000001                ASSERT (((_vector_spacing == 0x0) || (SIZEOF (.vector_20) <= (_vector_spacing << 0x5))), function at exception vector 20 too large)

.vector_21      0x9fc014a0        0x8
 *(.vector_21)
 .vector_21     0x9fc014a0        0x8 c:/program files/microchip/xc32/v2.50/bin/bin/../../lib/gcc/pic32mx/4.8.3/../../../../pic32mx/lib/mips16\libpic32.a(vector21.o)
                0x9fc014a0                __vector_dispatch_21
                0x00000001                ASSERT (((_vector_spacing == 0x0) || (SIZEOF (.vector_21) <= (_vector_spacing << 0x5))), function at exception vector 21 too large)

.vector_22      0x9fc014c0        0x8
 *(.vector_22)
 .vector_22     0x9fc014c0        0x8 c:/program files/microchip/xc32/v2.50/bin/bin/../../lib/gcc/pic32mx/4.8.3/../../../../pic32mx/lib/mips16\libpic32.a(vector22.o)
                0x9fc014c0                __vector_dispatch_22
                0x00000001                ASSERT (((_vector_spacing == 0x0) || (SIZEOF (.vector_22) <= (_vector_spacing << 0x5))), function at exception vector 22 too large)

.vector_23      0x9fc014e0        0x8
 *(.vector_23)
 .vector_23     0x9fc014e0        0x8 c:/program files/microchip/xc32/v2.50/bin/bin/../../lib/gcc/pic32mx/4.8.3/../../../../pic32mx/lib/mips16\libpic32.a(vector23.o)
                0x9fc014e0                __vector_dispatch_23
                0x00000001                ASSERT (((_vector_spacing == 0x0) || (SIZEOF (.vector_23) <= (_vector_spacing << 0x5))), function at exception vector 23 too large)

.vector_24      0x9fc01500        0x8
 *(.vector_24)
 .vector_24     0x9fc01500        0x8 c:/program files/microchip/xc32/v2.50/bin/bin/../../lib/gcc/pic32mx/4.8.3/../../../../pic32mx/lib/mips16\libpic32.a(vector24.o)
                0x9fc01500                __vector_dispatch_24
                0x00000001                ASSERT (((_vector_spacing == 0x0) || (SIZEOF (.vector_24) <= (_vector_spacing << 0x5))), function at exception vector 24 too large)

.vector_25      0x9fc01520        0x8
 *(.vector_25)
 .vector_25     0x9fc01520        0x8 c:/program files/microchip/xc32/v2.50/bin/bin/../../lib/gcc/pic32mx/4.8.3/../../../../pic32mx/lib/mips16\libpic32.a(vector25.o)
                0x9fc01520                __vector_dispatch_25
                0x00000001                ASSERT (((_vector_spacing == 0x0) || (SIZEOF (.vector_25) <= (_vector_spacing << 0x5))), function at exception vector 25 too large)

.vector_26      0x9fc01540        0x8
 *(.vector_26)
 .vector_26     0x9fc01540        0x8 c:/program files/microchip/xc32/v2.50/bin/bin/../../lib/gcc/pic32mx/4.8.3/../../../../pic32mx/lib/mips16\libpic32.a(vector26.o)
                0x9fc01540                __vector_dispatch_26
                0x00000001                ASSERT (((_vector_spacing == 0x0) || (SIZEOF (.vector_26) <= (_vector_spacing << 0x5))), function at exception vector 26 too large)

.vector_27      0x9fc01560        0x8
 *(.vector_27)
 .vector_27     0x9fc01560        0x8 build/PIC32_Standalone/production/PIC32MX564F128H.o
                0x9fc01560                __vector_dispatch_27
                0x00000001                ASSERT (((_vector_spacing == 0x0) || (SIZEOF (.vector_27) <= (_vector_spacing << 0x5))), function at exception vector 27 too large)

.vector_28      0x9fc01580        0x8
 *(.vector_28)
 .vector_28     0x9fc01580        0x8 c:/program files/microchip/xc32/v2.50/bin/bin/../../lib/gcc/pic32mx/4.8.3/../../../../pic32mx/lib/mips16\libpic32.a(vector28.o)
                0x9fc01580                __vector_dispatch_28
                0x00000001                ASSERT (((_vector_spacing == 0x0) || (SIZEOF (.vector_28) <= (_vector_spacing << 0x5))), function at exception vector 28 too large)

.vector_29      0x9fc015a0        0x8
 *(.vector_29)
 .vector_29     0x9fc015a0        0x8 c:/program files/microchip/xc32/v2.50/bin/bin/../../lib/gcc/pic32mx/4.8.3/../../../../pic32mx/lib/mips16\libpic32.a(vector29.o)
                0x9fc015a0                __vector_dispatch_29
                0x00000001                ASSERT (((_vector_spacing == 0x0) || (SIZEOF (.vector_29) <= (_vector_spacing << 0x5))), function at exception vector 29 too large)

.vector_30      0x9fc015c0        0x8
 *(.vector_30)
 .vector_30     0x9fc015c0        0x8 build/PIC32_Standalone/production/PIC32MX564F128H.o
                0x9fc015c0                __vector_dispatch_30
                0x00000001                ASSERT (((_vector_spacing == 0x0) || (SIZEOF (.vector_30) <= (_vector_spacing << 0x5))), function at exception vector 30 too large)

.vector_31      0x9fc015e0        0x8
 *(.vector_31)
 .vector_31     0x9fc015e0        0x8 build/PIC32_Standalone/production/PIC32MX564F128H.o
                0x9fc015e0                __vector_dispatch_31
                0x00000001                ASSERT (((_vector_spacing == 0x0) || (SIZEOF (.vector_31) <= (_vector_spacing << 0x5))), function at exception vector 31 too large)

.vector_32      0x9fc01600        0x8
 *(.vector_32)
 .vector_32     0x9fc01600        0x8 c:/program files/microchip/xc32/v2.50/bin/bin/../../lib/gcc/pic32mx/4.8.3/../../../../pic32mx/lib/mips16\libpic32.a(vector32.o)
                0x9fc01600                __vector_dispatch_32
                0x00000001                ASSERT (((_vector_spacing == 0x0) || (SIZEOF (.vector_32) <= (_vector_spacing << 0x5))), function at exception vector 32 too large)

.vector_33      0x9fc01620        0x8
 *(.vector_33)
 .vector_33     0x9fc01620        0x8 c:/program files/microchip/xc32/v2.50/bin/bin/../../lib/gcc/pic32mx/4.8.3/../../../../pic32mx/lib/mips16\libpic32.a(vector33.o)
                0x9fc01620                __vector_dispatch_33
                0x00000001                ASSERT (((_vector_spacing == 0x0) || (SIZEOF (.vector_33) <= (_vector_spacing << 0x5))), function at exception vector 33 too large)

.vector_34      0x9fc01640        0x8
 *(.vector_34)
 .vector_34     0x9fc01640        0x8 c:/program files/microchip/xc32/v2.50/bin/bin/../../lib/gcc/pic32mx/4.8.3/../../../../pic32mx/lib/mips16\libpic32.a(vector34.o)
                0x9fc01640                __vector_dispatch_34
                0x00000001                ASSERT (((_vector_spacing == 0x0) || (SIZEOF (.vector_34) <= (_vector_spacing << 0x5))), function at exception vector 34 too large)

.vector_35      0x9fc01660        0x8
 *(.vector_35)
 .vector_35     0x9fc01660        0x8 c:/program files/microchip/xc32/v2.50/bin/bin/../../lib/gcc/pic32mx/4.8.3/../../../../pic32mx/lib/mips16\libpic32.a(vector35.o)
                0x9fc01660                __vector_dispatch_35
                0x00000001                ASSERT (((_vector_spacing == 0x0) || (SIZEOF (.vector_35) <= (_vector_spacing << 0x5))), function at exception vector 35 too large)

.vector_36      0x9fc01680        0x8
 *(.vector_36)
 .vector_36     0x9fc01680        0x8 c:/program files/microchip/xc32/v2.50/bin/bin/../../lib/gcc/pic32mx/4.8.3/../../../../pic32mx/lib/mips16\libpic32.a(vector36.o)
                0x9fc01680                __vector_dispatch_36
                0x00000001                ASSERT (((_vector_spacing == 0x0) || (SIZEOF (.vector_36) <= (_vector_spacing << 0x5))), function at exception vector 36 too large)

.vector_37      0x9fc016a0        0x8
 *(.vector_37)
 .vector_37     0x9fc016a0        0x8 c:/program files/microchip/xc32/v2.50/bin/bin/../../lib/gcc/pic32mx/4.8.3/../../../../pic32mx/lib/mips16\libpic32.a(vector37.o)
                0x9fc016a0                __vector_dispatch_37
                0x00000001                ASSERT (((_vector_spacing == 0x0) || (SIZEOF (.vector_37) <= (_vector_spacing << 0x5))), function at exception vector 37 too large)

.vector_38      0x9fc016c0        0x8
 *(.vector_38)
 .vector_38     0x9fc016c0        0x8 c:/program files/microchip/xc32/v2.50/bin/bin/../../lib/gcc/pic32mx/4.8.3/../../../../pic32mx/lib/mips16\libpic32.a(vector38.o)
                0x9fc016c0                __vector_dispatch_38
                0x00000001                ASSERT (((_vector_spacing == 0x0) || (SIZEOF (.vector_38) <= (_vector_spacing << 0x5))), function at exception vector 38 too large)

.vector_39      0x9fc016e0        0x8
 *(.vector_39)
 .vector_39     0x9fc016e0        0x8 c:/program files/microchip/xc32/v2.50/bin/bin/../../lib/gcc/pic32mx/4.8.3/../../../../pic32mx/lib/mips16\libpic32.a(vector39.o)
                0x9fc016e0                __vector_dispatch_39
                0x00000001                ASSERT (((_vector_spacing == 0x0) || (SIZEOF (.vector_39) <= (_vector_spacing << 0x5))), function at exception vector 39 too large)

.vector_40      0x9fc01700        0x8
 *(.vector_40)
 .vector_40     0x9fc01700        0x8 c:/program files/microchip/xc32/v2.50/bin/bin/../../lib/gcc/pic32mx/4.8.3/../../../../pic32mx/lib/mips16\libpic32.a(vector40.o)
                0x9fc01700                __vector_dispatch_40
                0x00000001                ASSERT (((_vector_spacing == 0x0) || (SIZEOF (.vector_40) <= (_vector_spacing << 0x5))), function at exception vector 40 too large)

.vector_41      0x9fc01720        0x8
 *(.vector_41)
 .vector_41     0x9fc01720        0x8 c:/program files/microchip/xc32/v2.50/bin/bin/../../lib/gcc/pic32mx/4.8.3/../../../../pic32mx/lib/mips16\libpic32.a(vector41.o)
                0x9fc01720                __vector_dispatch_41
                0x00000001                ASSERT (((_vector_spacing == 0x0) || (SIZEOF (.vector_41) <= (_vector_spacing << 0x5))), function at exception vector 41 too large)

.vector_42      0x9fc01740        0x8
 *(.vector_42)
 .vector_42     0x9fc01740        0x8 c:/program files/microchip/xc32/v2.50/bin/bin/../../lib/gcc/pic32mx/4.8.3/../../../../pic32mx/lib/mips16\libpic32.a(vector42.o)
                0x9fc01740                __vector_dispatch_42
                0x00000001                ASSERT (((_vector_spacing == 0x0) || (SIZEOF (.vector_42) <= (_vector_spacing << 0x5))), function at exception vector 42 too large)

.vector_43      0x9fc01760        0x8
 *(.vector_43)
 .vector_43     0x9fc01760        0x8 c:/program files/microchip/xc32/v2.50/bin/bin/../../lib/gcc/pic32mx/4.8.3/../../../../pic32mx/lib/mips16\libpic32.a(vector43.o)
                0x9fc01760                __vector_dispatch_43
                0x00000001                ASSERT (((_vector_spacing == 0x0) || (SIZEOF (.vector_43) <= (_vector_spacing << 0x5))), function at exception vector 43 too large)

.vector_44      0x9fc01780        0x8
 *(.vector_44)
 .vector_44     0x9fc01780        0x8 c:/program files/microchip/xc32/v2.50/bin/bin/../../lib/gcc/pic32mx/4.8.3/../../../../pic32mx/lib/mips16\libpic32.a(vector44.o)
                0x9fc01780                __vector_dispatch_44
                0x00000001                ASSERT (((_vector_spacing == 0x0) || (SIZEOF (.vector_44) <= (_vector_spacing << 0x5))), function at exception vector 44 too large)

.vector_45      0x9fc017a0        0x8
 *(.vector_45)
 .vector_45     0x9fc017a0        0x8 c:/program files/microchip/xc32/v2.50/bin/bin/../../lib/gcc/pic32mx/4.8.3/../../../../pic32mx/lib/mips16\libpic32.a(vector45.o)
                0x9fc017a0                __vector_dispatch_45
                0x00000001                ASSERT (((_vector_spacing == 0x0) || (SIZEOF (.vector_45) <= (_vector_spacing << 0x5))), function at exception vector 45 too large)

.vector_46      0x9fc017c0        0x8
 *(.vector_46)
 .vector_46     0x9fc017c0        0x8 c:/program files/microchip/xc32/v2.50/bin/bin/../../lib/gcc/pic32mx/4.8.3/../../../../pic32mx/lib/mips16\libpic32.a(vector46.o)
                0x9fc017c0                __vector_dispatch_46
                0x00000001                ASSERT (((_vector_spacing == 0x0) || (SIZEOF (.vector_46) <= (_vector_spacing << 0x5))), function at exception vector 46 too large)

.vector_47      0x9fc017e0        0x8
 *(.vector_47)
 .vector_47     0x9fc017e0        0x8 c:/program files/microchip/xc32/v2.50/bin/bin/../../lib/gcc/pic32mx/4.8.3/../../../../pic32mx/lib/mips16\libpic32.a(vector47.o)
                0x9fc017e0                __vector_dispatch_47
                0x00000001                ASSERT (((_vector_spacing == 0x0) || (SIZEOF (.vector_47) <= (_vector_spacing << 0x5))), function at exception vector 47 too large)

.vector_48      0x9fc01800        0x8
 *(.vector_48)
 .vector_48     0x9fc01800        0x8 c:/program files/microchip/xc32/v2.50/bin/bin/../../lib/gcc/pic32mx/4.8.3/../../../../pic32mx/lib/mips16\libpic32.a(vector48.o)
                0x9fc01800                __vector_dispatch_48
                0x00000001                ASSERT (((_vector_spacing == 0x0) || (SIZEOF (.vector_48) <= (_vector_spacing << 0x5))), function at exception vector 48 too large)

.vector_49      0x9fc01820        0x8
 *(.vector_49)
 .vector_49     0x9fc01820        0x8 c:/program files/microchip/xc32/v2.50/bin/bin/../../lib/gcc/pic32mx/4.8.3/../../../../pic32mx/lib/mips16\libpic32.a(vector49.o)
                0x9fc01820                __vector_dispatch_49
                0x00000001                ASSERT (((_vector_spacing == 0x0) || (SIZEOF (.vector_49) <= (_vector_spacing << 0x5))), function at exception vector 49 too large)

.vector_50      0x9fc01840        0x8
 *(.vector_50)
 .vector_50     0x9fc01840        0x8 c:/program files/microchip/xc32/v2.50/bin/bin/../../lib/gcc/pic32mx/4.8.3/../../../../pic32mx/lib/mips16\libpic32.a(vector50.o)
                0x9fc01840                __vector_dispatch_50
                0x00000001                ASSERT (((_vector_spacing == 0x0) || (SIZEOF (.vector_50) <= (_vector_spacing << 0x5))), function at exception vector 50 too large)

.vector_51      0x9fc01860        0x8
 *(.vector_51)
 .vector_51     0x9fc01860        0x8 c:/program files/microchip/xc32/v2.50/bin/bin/../../lib/gcc/pic32mx/4.8.3/../../../../pic32mx/lib/mips16\libpic32.a(vector51.o)
                0x9fc01860                __vector_dispatch_51
                0x00000001                ASSERT (((_vector_spacing == 0x0) || (SIZEOF (.vector_51) <= (_vector_spacing << 0x5))), function at exception vector 51 too large)

.vector_52      0x9fc01880        0x0
 *(.vector_52)
                0x00000001                ASSERT (((_vector_spacing == 0x0) || (SIZEOF (.vector_52) <= (_vector_spacing << 0x5))), function at exception vector 52 too large)

.vector_53      0x9fc018a0        0x0
 *(.vector_53)
                0x00000001                ASSERT (((_vector_spacing == 0x0) || (SIZEOF (.vector_53) <= (_vector_spacing << 0x5))), function at exception vector 53 too large)

.vector_54      0x9fc018c0        0x0
 *(.vector_54)
                0x00000001                ASSERT (((_vector_spacing == 0x0) || (SIZEOF (.vector_54) <= (_vector_spacing << 0x5))), function at exception vector 54 too large)

.vector_55      0x9fc018e0        0x0
 *(.vector_55)
                0x00000001                ASSERT (((_vector_spacing == 0x0) || (SIZEOF (.vector_55) <= (_vector_spacing << 0x5))), function at exception vector 55 too large)

.vector_56      0x9fc01900        0x0
 *(.vector_56)
                0x00000001                ASSERT (((_vector_spacing == 0x0) || (SIZEOF (.vector_56) <= (_vector_spacing << 0x5))), function at exception vector 56 too large)

.vector_57      0x9fc01920        0x0
 *(.vector_57)
                0x00000001                ASSERT (((_vector_spacing == 0x0) || (SIZEOF (.vector_57) <= (_vector_spacing << 0x5))), function at exception vector 57 too large)

.vector_58      0x9fc01940        0x0
 *(.vector_58)
                0x00000001                ASSERT (((_vector_spacing == 0x0) || (SIZEOF (.vector_58) <= (_vector_spacing << 0x5))), function at exception vector 58 too large)

.vector_59      0x9fc01960        0x0
 *(.vector_59)
                0x00000001                ASSERT (((_vector_spacing == 0x0) || (SIZEOF (.vector_59) <= (_vector_spacing << 0x5))), function at exception vector 59 too large)

.vector_60      0x9fc01980        0x0
 *(.vector_60)
                0x00000001                ASSERT (((_vector_spacing == 0x0) || (SIZEOF (.vector_60) <= (_vector_spacing << 0x5))), function at exception vector 60 too large)

.vector_61      0x9fc019a0        0x0
 *(.vector_61)
                0x00000001                ASSERT (((_vector_spacing == 0x0) || (SIZEOF (.vector_61) <= (_vector_spacing << 0x5))), function at exception vector 61 too large)

.vector_62      0x9fc019c0        0x0
 *(.vector_62)
                0x00000001                ASSERT (((_vector_spacing == 0x0) || (SIZEOF (.vector_62) <= (_vector_spacing << 0x5))), function at exception vector 62 too large)

.vector_63      0x9fc019e0        0x0
 *(.vector_63)
                0x00000001                ASSERT (((_vector_spacing == 0x0) || (SIZEOF (.vector_63) <= (_vector_spacing << 0x5))), function at exception vector 63 too large)

.startup
 *(.startup)

.text           0x9d000000        0x0
 *(.stub .gnu.linkonce.t.*)
 *(.text.*personality*)
 *(.mips16.fn.*)
 *(.mips16.call.*)
 *(.gnu.warning)
                0x9d000000                . = ALIGN (0x4)

.init           0x9d000000        0x0
 *crti.o(.init)
 *crtbegin.o(.init)
 *(EXCLUDE_FILE(*crtn.o *crtend?.o *crtend.o) .init)
 *crtend.o(.init)
 *crtn.o(.init)
                0x9d000000                . = ALIGN (0x4)

.fini           0x9d000000        0x0
 *(.fini)
                0x9d000000                . = ALIGN (0x4)

.preinit_array  0x9d000000        0x0
                0x9d000000                PROVIDE (__preinit_array_start, .)
 *(.preinit_array)
                0x9d000000                PROVIDE (__preinit_array_end, .)
                0x9d000000                . = ALIGN (0x4)

.init_array     0x9d000000        0x0
                0x9d000000                PROVIDE (__init_array_start, .)
 *(SORT(.init_array.*))
 *(.init_array)
                0x9d000000                PROVIDE (__init_array_end, .)
                0x9d000000                . = ALIGN (0x4)

.fini_array     0x9d000000        0x0
                0x9d000000                PROVIDE (__fini_array_start, .)
 *(SORT(.fini_array.*))
 *(.fini_array)
                0x9d000000                PROVIDE (__fini_array_end, .)
                0x9d000000                . = ALIGN (0x4)

.ctors          0x9d000000        0x0
 *crtbegin.o(.ctors)
 *crtbegin?.o(.ctors)
 *(EXCLUDE_FILE(*crtend?.o *crtend.o) .ctors)
 *(SORT(.ctors.*))
 *(.ctors)
                0x9d000000                . = ALIGN (0x4)

.dtors          0x9d000000        0x0
 *crtbegin.o(.dtors)
 *crtbegin?.o(.dtors)
 *(EXCLUDE_FILE(*crtend?.o *crtend.o) .dtors)
 *(SORT(.dtors.*))
 *(.dtors)
                0x9d000000                . = ALIGN (0x4)

.rodata         0x9d000000        0x0
 *(.gnu.linkonce.r.*)
 *(.rodata1)
                0x9d000000                . = ALIGN (0x4)

.sdata2         0x9fc00490        0x0
 *(.sdata2 .sdata2.* .gnu.linkonce.s2.*)
                0x9fc00490                . = ALIGN (0x4)

.sbss2          0x9fc00490        0x0
 *(.sbss2 .sbss2.* .gnu.linkonce.sb2.*)
                0x9fc00490                . = ALIGN (0x4)

.eh_frame_hdr
 *(.eh_frame_hdr)
                0x9fc00490                . = ALIGN (0x4)

.eh_frame
 *(.eh_frame)
                0x9fc00490                . = ALIGN (0x4)

.gcc_except_table
 *(.gcc_except_table .gcc_except_table.*)
                0x9fc00490                . = ALIGN (0x4)

.dbg_data       0xa0000000        0x0
                0xa0000000                . = (. + DEFINED (_DEBUGGER)?0x200:0x0)

.jcr            0xa0000000        0x0
 *(.jcr)
                0xa0000000                . = ALIGN (0x4)

.eh_frame
 *(.eh_frame)
                0xa0000000                . = ALIGN (0x4)

.gcc_except_table
 *(.gcc_except_table .gcc_except_table.*)
                0xa0000000                . = ALIGN (0x4)

.persist        0xa0000000        0x0
                0xa0000000                _persist_begin = .
 *(.persist .persist.*)
 *(.pbss .pbss.*)
                0xa0000000                . = ALIGN (0x4)
                0xa0000000                _persist_end = .

.data           0xa0000000        0x0
 *(.gnu.linkonce.d.*)
 *(.data1)
                0xa0000000                . = ALIGN (0x4)
                0xa0000000                . = .
                0xa0007ff0                _gp = (ALIGN (0x10) + 0x7ff0)

.got            0xa0000000        0x0
 *(.got.plt)
 *(.got)
                0xa0000000                . = ALIGN (0x4)

.sdata          0xa0000000       0x24
                0xa0000000                _sdata_begin = .
 *(.sdata .sdata.* .gnu.linkonce.s.*)
 .sdata         0xa0000000        0x4 build/PIC32_Standalone/production/main.o
                0xa0000000                mainFlags
 .sdata         0xa0000004        0x8 build/PIC32_Standalone/production/OLED.o
                0xa0000004                PreUpdateBuff
 .sdata         0xa000000c       0x18 build/PIC32_Standalone/production/pars.o
                0xa000000c                StrMenuUp
                0xa0000014                StrButtons
                0xa000001c                StrDispRot
                0xa0000024                . = ALIGN (0x4)
                0xa0000024                _sdata_end = .

.lit8
 *(.lit8)

.lit4
 *(.lit4)
                0xa0000024                . = ALIGN (0x4)
                0xa0000024                _data_end = .
                0xa0000024                _bss_begin = .

.sbss           0xa0000024      0x1e8
                0xa0000024                _sbss_begin = .
 *(.dynsbss)
 *(.sbss .sbss.* .gnu.linkonce.sb.*)
 .sbss          0xa0000024       0x6c build/PIC32_Standalone/production/usb/usb_device.o
                0xa0000024                CtrlTrfData
                0xa000002c                SetupPkt
                0xa0000034                USBDeferOUTDataStagePackets
                0xa0000038                USBDeferINDataStagePackets
                0xa000003c                USBStatusStageEnabledFlag2
                0xa0000040                USBStatusStageEnabledFlag1
                0xa0000044                USBDeferStatusStagePacket
                0xa0000048                USBStatusStageTimeoutCounter
                0xa000004c                ep_data_out
                0xa0000050                ep_data_in
                0xa0000054                BothEP0OutUOWNsSet
                0xa0000058                endpoint_number
                0xa000005c                USTATcopy
                0xa0000060                USBBusIsSuspended
                0xa0000064                RemoteWakeup
                0xa0000068                pDst
                0xa000006c                controlTransferState
                0xa000006d                shortPacketStatus
                0xa0000070                pBDTEntryIn
                0xa0000078                pBDTEntryOut
                0xa0000080                pBDTEntryEP0OutNext
                0xa0000084                pBDTEntryEP0OutCurrent
                0xa0000088                USBAlternateInterface
                0xa0000089                USBActiveConfiguration
                0xa000008c                USBDeviceState
 .sbss          0xa0000090        0x8 build/PIC32_Standalone/production/usb/usb_driver.o
                0xa0000090                USBInHandle
                0xa0000094                USBOutHandle
 .sbss          0xa0000098        0x2 build/PIC32_Standalone/production/usb/usb_function_hid.o
                0xa0000098                active_protocol
                0xa0000099                idle_rate
 *fill*         0xa000009a        0x2 
 .sbss          0xa000009c       0x38 build/PIC32_Standalone/production/main.o
                0xa000009c                Enc
                0xa00000a0                TTemp
                0xa00000a4                CalCh
                0xa00000a8                C_PER
                0xa00000ac                T_PER
                0xa00000b0                MAINS_PER_E_US
                0xa00000b4                MAINS_PER_Q_US
                0xa00000b8                MAINS_PER_H_US
                0xa00000bc                MAINS_PER_US
                0xa00000c0                MAINS_PER
                0xa00000c4                POWER_DUTY
                0xa00000c8                InvertTicks
                0xa00000cc                BeepTicks
                0xa00000d0                BoardVersion
 .sbss          0xa00000d4       0x68 build/PIC32_Standalone/production/isr.o
                0xa00000d8                I2CCCommand
                0xa00000dc                I2CCommands
                0xa00000e0                ISRComplete
                0xa00000e4                I2CIdle
                0xa00000e8                I2CStep
                0xa00000ec                EEPCntW
                0xa00000ee                EEPCntR
                0xa00000f0                EEPDataW
                0xa00000f4                EEPDataR
                0xa00000f8                EEPAddrW
                0xa00000fa                EEPAddrR
                0xa00000fc                Holder
                0xa0000100                ShortCircuit
                0xa0000101                NoSensor
                0xa0000102                NoHeater
                0xa0000104                KeepOff
                0xa0000108                ADCStep
                0xa000010c                PHEATER
                0xa0000110                I2CData
                0xa0000118                CompLowTimeOff
                0xa000011c                CompLowTimeOn
                0xa0000120                CompLowTime
                0xa0000124                OffDelayOff
                0xa0000128                VTIBuffCnt
                0xa000012c                ISRStopped
                0xa0000130                CJTicks
                0xa0000134                ISRTicks
                0xa0000138                ISRStep
 .sbss          0xa000013c       0x10 build/PIC32_Standalone/production/iron.o
                0xa0000144                IronTicks
                0xa0000148                IronID
 .sbss          0xa000014c       0x14 build/PIC32_Standalone/production/PID.o
                0xa000014c                CTTemp
                0xa0000150                CJTemp
                0xa0000154                RTAvg
                0xa0000158                CRTemp
                0xa000015c                PIDTicks
 .sbss          0xa0000160       0x14 build/PIC32_Standalone/production/io.o
                0xa0000170                BuffEmpty
 .sbss          0xa0000174       0x7c build/PIC32_Standalone/production/menu.o
                0xa000018c                OLEDMsg2
                0xa0000190                OLEDMsg1
                0xa0000194                OLEDPower
                0xa0000198                OLEDTemp
 .sbss          0xa00001f0        0x4 build/PIC32_Standalone/production/OLED.o
                0xa00001f0                DisplaySetup
 .sbss          0xa00001f4       0x18 build/PIC32_Standalone/production/PIC32MX564F128H.o
                0xa00001f8                SPIAuto
                0xa0000200                _MRT_LastCoreTimer
                0xa0000204                ADCAuto
                0xa0000208                mcuADCRES
 *(.scommon)
                0xa000020c                _sbss_end = .
                0xa000020c                . = ALIGN (0x4)

.bss            0xa000020c        0x0
 *(.dynbss)
 *(COMMON)
                0xa000020c                . = ALIGN ((. != 0x0)?0x4:0x1)
                0xa000020c                . = ALIGN (0x4)
                0xa000020c                _end = .
                0xa000020c                _bss_end = .
                0x00008000                _bmxdudba_address = 0x8000
                0x00008000                _bmxdupba_address = 0x8000

/DISCARD/
 *(.pdr)
 *(.rel.dyn)
 *(.note.GNU-stack)
 *(.note.GNU-stack)
 *(.gnu_debuglink)
 *(.gnu.lto_*)
 *(.discard)

.gptab.sdata
 *(.gptab.data)
 *(.gptab.sdata)

.gptab.sbss
 *(.gptab.bss)
 *(.gptab.sbss)

.mdebug.abi32   0xa000020c        0x0
 *(.mdebug.abi32)
 .mdebug.abi32  0xa000020c        0x0 build/PIC32_Standalone/production/usb/usb_descriptors.o
 .mdebug.abi32  0xa000020c        0x0 build/PIC32_Standalone/production/usb/usb_device.o
 .mdebug.abi32  0xa000020c        0x0 build/PIC32_Standalone/production/usb/usb_driver.o
 .mdebug.abi32  0xa000020c        0x0 build/PIC32_Standalone/production/usb/usb_function_hid.o
 .mdebug.abi32  0xa000020c        0x0 build/PIC32_Standalone/production/usb/usb_hal_pic24.o
 .mdebug.abi32  0xa000020c        0x0 build/PIC32_Standalone/production/main.o
 .mdebug.abi32  0xa000020c        0x0 build/PIC32_Standalone/production/isr.o
 .mdebug.abi32  0xa000020c        0x0 build/PIC32_Standalone/production/iron.o
 .mdebug.abi32  0xa000020c        0x0 build/PIC32_Standalone/production/PID.o
 .mdebug.abi32  0xa000020c        0x0 build/PIC32_Standalone/production/io.o
 .mdebug.abi32  0xa000020c        0x0 build/PIC32_Standalone/production/menu.o
 .mdebug.abi32  0xa000020c        0x0 build/PIC32_Standalone/production/EEP.o
 .mdebug.abi32  0xa000020c        0x0 build/PIC32_Standalone/production/OLED.o
 .mdebug.abi32  0xa000020c        0x0 build/PIC32_Standalone/production/pars.o
 .mdebug.abi32  0xa000020c        0x0 build/PIC32_Standalone/production/sensorMath.o
 .mdebug.abi32  0xa000020c        0x0 build/PIC32_Standalone/production/PIC32MX564F128H.o
 .mdebug.abi32  0xa000020c        0x0 c:/program files/microchip/xc32/v2.50/bin/bin/../../lib/gcc/pic32mx/4.8.3/../../../../pic32mx/lib/mips16\libmchp_peripheral.a(open_core_timer_lib.o)
 .mdebug.abi32  0xa000020c        0x0 c:/program files/microchip/xc32/v2.50/bin/bin/../../lib/gcc/pic32mx/4.8.3/../../../../pic32mx/lib/mips16\libmchp_peripheral.a(read_core_timer_lib.o)
 .mdebug.abi32  0xa000020c        0x0 c:/program files/microchip/xc32/v2.50/bin/bin/../../lib/gcc/pic32mx/4.8.3/../../../../pic32mx/lib/mips16\libmchp_peripheral_32MX564F128H.a(soft_reset_lib.o)
 .mdebug.abi32  0xa000020c        0x0 c:/program files/microchip/xc32/v2.50/bin/bin/../../lib/gcc/pic32mx/4.8.3/../../../../pic32mx/lib/mips16\libmchp_peripheral_32MX564F128H.a(int_enable_interrupts_lib.o)
 .mdebug.abi32  0xa000020c        0x0 c:/program files/microchip/xc32/v2.50/bin/bin/../../lib/gcc/pic32mx/4.8.3/../../../../pic32mx/lib/mips16\libmchp_peripheral_32MX564F128H.a(int_disable_interrupts_lib.o)
 .mdebug.abi32  0xa000020c        0x0 c:/program files/microchip/xc32/v2.50/bin/bin/../../lib/gcc/pic32mx/4.8.3/../../../../pic32mx/lib/mips16\libmchp_peripheral_32MX564F128H.a(int_restore_interrupts_lib.o)
 .mdebug.abi32  0xa000020c        0x0 c:/program files/microchip/xc32/v2.50/bin/bin/../../lib/gcc/pic32mx/4.8.3/../../../../pic32mx/lib/mips16\libmchp_peripheral_32MX564F128H.a(int_enable_mv_int_lib.o)
 .mdebug.abi32  0xa000020c        0x0 c:/program files/microchip/xc32/v2.50/bin/bin/../../lib/gcc/pic32mx/4.8.3/../../../../pic32mx/lib/mips16\libmchp_peripheral_32MX564F128H.a(int_tbl_lib.o)
 .mdebug.abi32  0xa000020c        0x0 c:/program files/microchip/xc32/v2.50/bin/bin/../../lib/gcc/pic32mx/4.8.3/../../../../pic32mx/lib/mips16\libmchp_peripheral_32MX564F128H.a(spi_chn_close_lib.o)
 .mdebug.abi32  0xa000020c        0x0 c:/program files/microchip/xc32/v2.50/bin/bin/../../lib/gcc/pic32mx/4.8.3/../../../../pic32mx/lib/mips16\libmchp_peripheral_32MX564F128H.a(spi_chn_open_lib.o)
 .mdebug.abi32  0xa000020c        0x0 c:/program files/microchip/xc32/v2.50/bin/bin/../../lib/gcc/pic32mx/4.8.3/../../../../pic32mx/lib/mips16\libmchp_peripheral_32MX564F128H.a(spi_chn_putc_lib.o)
 .mdebug.abi32  0xa000020c        0x0 c:/program files/microchip/xc32/v2.50/bin/bin/../../lib/gcc/pic32mx/4.8.3/../../../../pic32mx/lib/mips16\libmchp_peripheral_32MX564F128H.a(spi_chn_puts_lib.o)
 .mdebug.abi32  0xa000020c        0x0 c:/program files/microchip/xc32/v2.50/bin/bin/../../lib/gcc/pic32mx/4.8.3/../../../../pic32mx/lib/mips16\libmchp_peripheral_32MX564F128H.a(spi_chn_is_busy_lib.o)
 .mdebug.abi32  0xa000020c        0x0 c:/program files/microchip/xc32/v2.50/bin/bin/../../lib/gcc/pic32mx/4.8.3/../../../../pic32mx/lib/mips16\libmchp_peripheral_32MX564F128H.a(spi_io_tbl_libp.o)
 .mdebug.abi32  0xa000020c        0x0 c:/program files/microchip/xc32/v2.50/bin/bin/../../lib/gcc/pic32mx/4.8.3/../../../../pic32mx/lib/mips16\libmchp_peripheral_32MX564F128H.a(spi_map_tbl_libp.o)
 .mdebug.abi32  0xa000020c        0x0 c:/program files/microchip/xc32/v2.50/bin/bin/../../lib/gcc/pic32mx/4.8.3/../../../../pic32mx/lib/mips16\libmchp_peripheral_32MX564F128H.a(dma_chn_abort_txfer_lib.o)
 .mdebug.abi32  0xa000020c        0x0 c:/program files/microchip/xc32/v2.50/bin/bin/../../lib/gcc/pic32mx/4.8.3/../../../../pic32mx/lib/mips16\libmchp_peripheral_32MX564F128H.a(dma_chn_open_lib.o)
 .mdebug.abi32  0xa000020c        0x0 c:/program files/microchip/xc32/v2.50/bin/bin/../../lib/gcc/pic32mx/4.8.3/../../../../pic32mx/lib/mips16\libmchp_peripheral_32MX564F128H.a(dma_chn_disable_lib.o)
 .mdebug.abi32  0xa000020c        0x0 c:/program files/microchip/xc32/v2.50/bin/bin/../../lib/gcc/pic32mx/4.8.3/../../../../pic32mx/lib/mips16\libmchp_peripheral_32MX564F128H.a(dma_chn_enable_lib.o)
 .mdebug.abi32  0xa000020c        0x0 c:/program files/microchip/xc32/v2.50/bin/bin/../../lib/gcc/pic32mx/4.8.3/../../../../pic32mx/lib/mips16\libmchp_peripheral_32MX564F128H.a(dma_chn_get_dst_pnt_lib.o)
 .mdebug.abi32  0xa000020c        0x0 c:/program files/microchip/xc32/v2.50/bin/bin/../../lib/gcc/pic32mx/4.8.3/../../../../pic32mx/lib/mips16\libmchp_peripheral_32MX564F128H.a(dma_chn_write_event_control_flags_lib.o)
 .mdebug.abi32  0xa000020c        0x0 c:/program files/microchip/xc32/v2.50/bin/bin/../../lib/gcc/pic32mx/4.8.3/../../../../pic32mx/lib/mips16\libmchp_peripheral_32MX564F128H.a(dma_chn_set_txfer_lib.o)
 .mdebug.abi32  0xa000020c        0x0 c:/program files/microchip/xc32/v2.50/bin/bin/../../lib/gcc/pic32mx/4.8.3/../../../../pic32mx/lib/mips16\libmchp_peripheral_32MX564F128H.a(dma_chn_write_ev_enable_flags_lib.o)
 .mdebug.abi32  0xa000020c        0x0 c:/program files/microchip/xc32/v2.50/bin/bin/../../lib/gcc/pic32mx/4.8.3/../../../../pic32mx/lib/mips16\libmchp_peripheral_32MX564F128H.a(dma_reg_map_tbl_lib.o)
 .mdebug.abi32  0xa000020c        0x0 c:/program files/microchip/xc32/v2.50/bin/bin/../../lib/gcc/pic32mx/4.8.3/../../../../pic32mx/lib/mips16\libmchp_peripheral_32MX564F128H.a(port_reset_pins_lib.o)
 .mdebug.abi32  0xa000020c        0x0 c:/program files/microchip/xc32/v2.50/bin/bin/../../lib/gcc/pic32mx/4.8.3/../../../../pic32mx/lib/mips16\libmchp_peripheral_32MX564F128H.a(port_set_pins_digital_in_lib.o)
 .mdebug.abi32  0xa000020c        0x0 c:/program files/microchip/xc32/v2.50/bin/bin/../../lib/gcc/pic32mx/4.8.3/../../../../pic32mx/lib/mips16\libmchp_peripheral_32MX564F128H.a(port_set_pins_digital_out_lib.o)
 .mdebug.abi32  0xa000020c        0x0 c:/program files/microchip/xc32/v2.50/bin/bin/../../lib/gcc/pic32mx/4.8.3/../../../../pic32mx/lib/mips16\libmchp_peripheral_32MX564F128H.a(_ports_tbl_libp.o)
 .mdebug.abi32  0xa000020c        0x0 c:/program files/microchip/xc32/v2.50/bin/bin/../../lib/gcc/pic32mx/4.8.3/../../../../pic32mx/lib/mips16\libmchp_peripheral_32MX564F128H.a(I2CAcknowledgeByte.o)
 .mdebug.abi32  0xa000020c        0x0 c:/program files/microchip/xc32/v2.50/bin/bin/../../lib/gcc/pic32mx/4.8.3/../../../../pic32mx/lib/mips16\libmchp_peripheral_32MX564F128H.a(I2CByteWasAcknowledged.o)
 .mdebug.abi32  0xa000020c        0x0 c:/program files/microchip/xc32/v2.50/bin/bin/../../lib/gcc/pic32mx/4.8.3/../../../../pic32mx/lib/mips16\libmchp_peripheral_32MX564F128H.a(I2CEnable.o)
 .mdebug.abi32  0xa000020c        0x0 c:/program files/microchip/xc32/v2.50/bin/bin/../../lib/gcc/pic32mx/4.8.3/../../../../pic32mx/lib/mips16\libmchp_peripheral_32MX564F128H.a(I2CGetByte.o)
 .mdebug.abi32  0xa000020c        0x0 c:/program files/microchip/xc32/v2.50/bin/bin/../../lib/gcc/pic32mx/4.8.3/../../../../pic32mx/lib/mips16\libmchp_peripheral_32MX564F128H.a(I2CReceiverEnable.o)
 .mdebug.abi32  0xa000020c        0x0 c:/program files/microchip/xc32/v2.50/bin/bin/../../lib/gcc/pic32mx/4.8.3/../../../../pic32mx/lib/mips16\libmchp_peripheral_32MX564F128H.a(I2CSendByte.o)
 .mdebug.abi32  0xa000020c        0x0 c:/program files/microchip/xc32/v2.50/bin/bin/../../lib/gcc/pic32mx/4.8.3/../../../../pic32mx/lib/mips16\libmchp_peripheral_32MX564F128H.a(I2CSetFrequency.o)
 .mdebug.abi32  0xa000020c        0x0 c:/program files/microchip/xc32/v2.50/bin/bin/../../lib/gcc/pic32mx/4.8.3/../../../../pic32mx/lib/mips16\libmchp_peripheral_32MX564F128H.a(I2CStart.o)
 .mdebug.abi32  0xa000020c        0x0 c:/program files/microchip/xc32/v2.50/bin/bin/../../lib/gcc/pic32mx/4.8.3/../../../../pic32mx/lib/mips16\libmchp_peripheral_32MX564F128H.a(I2CStop.o)
 .mdebug.abi32  0xa000020c        0x0 c:/program files/microchip/xc32/v2.50/bin/bin/../../lib/gcc/pic32mx/4.8.3/../../../../pic32mx/lib/mips16\libmchp_peripheral_32MX564F128H.a(I2CPrivate.o)
 .mdebug.abi32  0xa000020c        0x0 c:/program files/microchip/xc32/v2.50/bin/bin/../../lib/gcc/pic32mx/4.8.3/../../../../pic32mx/lib/mips16\libpic32.a(default-bootstrap-exception-handler.o)
 .mdebug.abi32  0xa000020c        0x0 c:/program files/microchip/xc32/v2.50/bin/bin/../../lib/gcc/pic32mx/4.8.3/../../../../pic32mx/lib/mips16\libpic32.a(default-on-reset.o)
 .mdebug.abi32  0xa000020c        0x0 c:/program files/microchip/xc32/v2.50/bin/bin/../../lib/gcc/pic32mx/4.8.3/../../../../pic32mx/lib/mips16\libpic32.a(default-on-bootstrap.o)
 .mdebug.abi32  0xa000020c        0x0 c:/program files/microchip/xc32/v2.50/bin/bin/../../lib/gcc/pic32mx/4.8.3/../../../../pic32mx/lib/mips16\libpic32.a(default-general-exception-handler.o)
 .mdebug.abi32  0xa000020c        0x0 c:/program files/microchip/xc32/v2.50/bin/bin/../../lib/gcc/pic32mx/4.8.3/../../../../pic32mx/lib/mips16\libpic32.a(defaultinterrupt.o)

.mdebug.abiN32
 *(.mdebug.abiN32)

.mdebug.abi64
 *(.mdebug.abi64)

.mdebug.abiO64
 *(.mdebug.abiO64)

.mdebug.eabi32
 *(.mdebug.eabi32)

.mdebug.eabi64
 *(.mdebug.eabi64)

.gcc_compiled_long32
 *(.gcc_compiled_long32)

.gcc_compiled_long64
 *(.gcc_compiled_long64)

.stab
 *(.stab)

.stabstr
 *(.stabstr)

.stab.excl
 *(.stab.excl)

.stab.exclstr
 *(.stab.exclstr)

.stab.index
 *(.stab.index)

.stab.indexstr
 *(.stab.indexstr)

.comment        0x00000000       0x90
 *(.comment)
 .comment       0x00000000       0x3c build/PIC32_Standalone/production/usb/usb_descriptors.o
                                 0x3d (size before relaxing)
 .comment       0x00000000       0x3d build/PIC32_Standalone/production/usb/usb_device.o
 .comment       0x00000000       0x3d build/PIC32_Standalone/production/usb/usb_driver.o
 .comment       0x00000000       0x3d build/PIC32_Standalone/production/usb/usb_function_hid.o
 .comment       0x00000000       0x3d build/PIC32_Standalone/production/usb/usb_hal_pic24.o
 .comment       0x00000000       0x3d build/PIC32_Standalone/production/main.o
 .comment       0x00000000       0x3d build/PIC32_Standalone/production/isr.o
 .comment       0x00000000       0x3d build/PIC32_Standalone/production/iron.o
 .comment       0x00000000       0x3d build/PIC32_Standalone/production/PID.o
 .comment       0x00000000       0x3d build/PIC32_Standalone/production/io.o
 .comment       0x00000000       0x3d build/PIC32_Standalone/production/menu.o
 .comment       0x00000000       0x3d build/PIC32_Standalone/production/EEP.o
 .comment       0x00000000       0x3d build/PIC32_Standalone/production/OLED.o
 .comment       0x00000000       0x3d build/PIC32_Standalone/production/pars.o
 .comment       0x00000000       0x3d build/PIC32_Standalone/production/sensorMath.o
 .comment       0x00000000       0x3d build/PIC32_Standalone/production/PIC32MX564F128H.o
 .comment       0x0000003c       0x3c c:/program files/microchip/xc32/v2.50/bin/bin/../../lib/gcc/pic32mx/4.8.3/../../../../pic32mx/lib/mips16\libmchp_peripheral.a(open_core_timer_lib.o)
                                 0x3d (size before relaxing)
 .comment       0x00000000       0x3d c:/program files/microchip/xc32/v2.50/bin/bin/../../lib/gcc/pic32mx/4.8.3/../../../../pic32mx/lib/mips16\libmchp_peripheral.a(read_core_timer_lib.o)
 .comment       0x00000000       0x3d c:/program files/microchip/xc32/v2.50/bin/bin/../../lib/gcc/pic32mx/4.8.3/../../../../pic32mx/lib/mips16\libmchp_peripheral_32MX564F128H.a(soft_reset_lib.o)
 .comment       0x00000000       0x3d c:/program files/microchip/xc32/v2.50/bin/bin/../../lib/gcc/pic32mx/4.8.3/../../../../pic32mx/lib/mips16\libmchp_peripheral_32MX564F128H.a(int_enable_interrupts_lib.o)
 .comment       0x00000000       0x3d c:/program files/microchip/xc32/v2.50/bin/bin/../../lib/gcc/pic32mx/4.8.3/../../../../pic32mx/lib/mips16\libmchp_peripheral_32MX564F128H.a(int_disable_interrupts_lib.o)
 .comment       0x00000000       0x3d c:/program files/microchip/xc32/v2.50/bin/bin/../../lib/gcc/pic32mx/4.8.3/../../../../pic32mx/lib/mips16\libmchp_peripheral_32MX564F128H.a(int_restore_interrupts_lib.o)
 .comment       0x00000000       0x3d c:/program files/microchip/xc32/v2.50/bin/bin/../../lib/gcc/pic32mx/4.8.3/../../../../pic32mx/lib/mips16\libmchp_peripheral_32MX564F128H.a(int_enable_mv_int_lib.o)
 .comment       0x00000000       0x3d c:/program files/microchip/xc32/v2.50/bin/bin/../../lib/gcc/pic32mx/4.8.3/../../../../pic32mx/lib/mips16\libmchp_peripheral_32MX564F128H.a(int_tbl_lib.o)
 .comment       0x00000000       0x3d c:/program files/microchip/xc32/v2.50/bin/bin/../../lib/gcc/pic32mx/4.8.3/../../../../pic32mx/lib/mips16\libmchp_peripheral_32MX564F128H.a(spi_chn_close_lib.o)
 .comment       0x00000000       0x3d c:/program files/microchip/xc32/v2.50/bin/bin/../../lib/gcc/pic32mx/4.8.3/../../../../pic32mx/lib/mips16\libmchp_peripheral_32MX564F128H.a(spi_chn_open_lib.o)
 .comment       0x00000000       0x3d c:/program files/microchip/xc32/v2.50/bin/bin/../../lib/gcc/pic32mx/4.8.3/../../../../pic32mx/lib/mips16\libmchp_peripheral_32MX564F128H.a(spi_chn_putc_lib.o)
 .comment       0x00000000       0x3d c:/program files/microchip/xc32/v2.50/bin/bin/../../lib/gcc/pic32mx/4.8.3/../../../../pic32mx/lib/mips16\libmchp_peripheral_32MX564F128H.a(spi_chn_puts_lib.o)
 .comment       0x00000000       0x3d c:/program files/microchip/xc32/v2.50/bin/bin/../../lib/gcc/pic32mx/4.8.3/../../../../pic32mx/lib/mips16\libmchp_peripheral_32MX564F128H.a(spi_chn_is_busy_lib.o)
 .comment       0x00000000       0x3d c:/program files/microchip/xc32/v2.50/bin/bin/../../lib/gcc/pic32mx/4.8.3/../../../../pic32mx/lib/mips16\libmchp_peripheral_32MX564F128H.a(spi_io_tbl_libp.o)
 .comment       0x00000000       0x3d c:/program files/microchip/xc32/v2.50/bin/bin/../../lib/gcc/pic32mx/4.8.3/../../../../pic32mx/lib/mips16\libmchp_peripheral_32MX564F128H.a(spi_map_tbl_libp.o)
 .comment       0x00000000       0x3d c:/program files/microchip/xc32/v2.50/bin/bin/../../lib/gcc/pic32mx/4.8.3/../../../../pic32mx/lib/mips16\libmchp_peripheral_32MX564F128H.a(dma_chn_abort_txfer_lib.o)
 .comment       0x00000000       0x3d c:/program files/microchip/xc32/v2.50/bin/bin/../../lib/gcc/pic32mx/4.8.3/../../../../pic32mx/lib/mips16\libmchp_peripheral_32MX564F128H.a(dma_chn_open_lib.o)
 .comment       0x00000000       0x3d c:/program files/microchip/xc32/v2.50/bin/bin/../../lib/gcc/pic32mx/4.8.3/../../../../pic32mx/lib/mips16\libmchp_peripheral_32MX564F128H.a(dma_chn_disable_lib.o)
 .comment       0x00000000       0x3d c:/program files/microchip/xc32/v2.50/bin/bin/../../lib/gcc/pic32mx/4.8.3/../../../../pic32mx/lib/mips16\libmchp_peripheral_32MX564F128H.a(dma_chn_enable_lib.o)
 .comment       0x00000000       0x3d c:/program files/microchip/xc32/v2.50/bin/bin/../../lib/gcc/pic32mx/4.8.3/../../../../pic32mx/lib/mips16\libmchp_peripheral_32MX564F128H.a(dma_chn_get_dst_pnt_lib.o)
 .comment       0x00000000       0x3d c:/program files/microchip/xc32/v2.50/bin/bin/../../lib/gcc/pic32mx/4.8.3/../../../../pic32mx/lib/mips16\libmchp_peripheral_32MX564F128H.a(dma_chn_write_event_control_flags_lib.o)
 .comment       0x00000000       0x3d c:/program files/microchip/xc32/v2.50/bin/bin/../../lib/gcc/pic32mx/4.8.3/../../../../pic32mx/lib/mips16\libmchp_peripheral_32MX564F128H.a(dma_chn_set_txfer_lib.o)
 .comment       0x00000000       0x3d c:/program files/microchip/xc32/v2.50/bin/bin/../../lib/gcc/pic32mx/4.8.3/../../../../pic32mx/lib/mips16\libmchp_peripheral_32MX564F128H.a(dma_chn_write_ev_enable_flags_lib.o)
 .comment       0x00000000       0x3d c:/program files/microchip/xc32/v2.50/bin/bin/../../lib/gcc/pic32mx/4.8.3/../../../../pic32mx/lib/mips16\libmchp_peripheral_32MX564F128H.a(dma_reg_map_tbl_lib.o)
 .comment       0x00000000       0x3d c:/program files/microchip/xc32/v2.50/bin/bin/../../lib/gcc/pic32mx/4.8.3/../../../../pic32mx/lib/mips16\libmchp_peripheral_32MX564F128H.a(port_reset_pins_lib.o)
 .comment       0x00000000       0x3d c:/program files/microchip/xc32/v2.50/bin/bin/../../lib/gcc/pic32mx/4.8.3/../../../../pic32mx/lib/mips16\libmchp_peripheral_32MX564F128H.a(port_set_pins_digital_in_lib.o)
 .comment       0x00000000       0x3d c:/program files/microchip/xc32/v2.50/bin/bin/../../lib/gcc/pic32mx/4.8.3/../../../../pic32mx/lib/mips16\libmchp_peripheral_32MX564F128H.a(port_set_pins_digital_out_lib.o)
 .comment       0x00000000       0x3d c:/program files/microchip/xc32/v2.50/bin/bin/../../lib/gcc/pic32mx/4.8.3/../../../../pic32mx/lib/mips16\libmchp_peripheral_32MX564F128H.a(_ports_tbl_libp.o)
 .comment       0x00000000       0x3d c:/program files/microchip/xc32/v2.50/bin/bin/../../lib/gcc/pic32mx/4.8.3/../../../../pic32mx/lib/mips16\libmchp_peripheral_32MX564F128H.a(I2CAcknowledgeByte.o)
 .comment       0x00000000       0x3d c:/program files/microchip/xc32/v2.50/bin/bin/../../lib/gcc/pic32mx/4.8.3/../../../../pic32mx/lib/mips16\libmchp_peripheral_32MX564F128H.a(I2CByteWasAcknowledged.o)
 .comment       0x00000000       0x3d c:/program files/microchip/xc32/v2.50/bin/bin/../../lib/gcc/pic32mx/4.8.3/../../../../pic32mx/lib/mips16\libmchp_peripheral_32MX564F128H.a(I2CEnable.o)
 .comment       0x00000000       0x3d c:/program files/microchip/xc32/v2.50/bin/bin/../../lib/gcc/pic32mx/4.8.3/../../../../pic32mx/lib/mips16\libmchp_peripheral_32MX564F128H.a(I2CGetByte.o)
 .comment       0x00000000       0x3d c:/program files/microchip/xc32/v2.50/bin/bin/../../lib/gcc/pic32mx/4.8.3/../../../../pic32mx/lib/mips16\libmchp_peripheral_32MX564F128H.a(I2CReceiverEnable.o)
 .comment       0x00000000       0x3d c:/program files/microchip/xc32/v2.50/bin/bin/../../lib/gcc/pic32mx/4.8.3/../../../../pic32mx/lib/mips16\libmchp_peripheral_32MX564F128H.a(I2CSendByte.o)
 .comment       0x00000000       0x3d c:/program files/microchip/xc32/v2.50/bin/bin/../../lib/gcc/pic32mx/4.8.3/../../../../pic32mx/lib/mips16\libmchp_peripheral_32MX564F128H.a(I2CSetFrequency.o)
 .comment       0x00000000       0x3d c:/program files/microchip/xc32/v2.50/bin/bin/../../lib/gcc/pic32mx/4.8.3/../../../../pic32mx/lib/mips16\libmchp_peripheral_32MX564F128H.a(I2CStart.o)
 .comment       0x00000000       0x3d c:/program files/microchip/xc32/v2.50/bin/bin/../../lib/gcc/pic32mx/4.8.3/../../../../pic32mx/lib/mips16\libmchp_peripheral_32MX564F128H.a(I2CStop.o)
 .comment       0x00000000       0x3d c:/program files/microchip/xc32/v2.50/bin/bin/../../lib/gcc/pic32mx/4.8.3/../../../../pic32mx/lib/mips16\libmchp_peripheral_32MX564F128H.a(I2CPrivate.o)
 .comment       0x00000078       0x18 c:/program files/microchip/xc32/v2.50/bin/bin/../../lib/gcc/pic32mx/4.8.3/../../../../pic32mx/lib/mips16\libpic32.a(memset.o)
                                 0x19 (size before relaxing)
 .comment       0x00000000       0x3d c:/program files/microchip/xc32/v2.50/bin/bin/../../lib/gcc/pic32mx/4.8.3/../../../../pic32mx/lib/mips16\libpic32.a(default-bootstrap-exception-handler.o)
 .comment       0x00000000       0x3d c:/program files/microchip/xc32/v2.50/bin/bin/../../lib/gcc/pic32mx/4.8.3/../../../../pic32mx/lib/mips16\libpic32.a(default-on-reset.o)
 .comment       0x00000000       0x3d c:/program files/microchip/xc32/v2.50/bin/bin/../../lib/gcc/pic32mx/4.8.3/../../../../pic32mx/lib/mips16\libpic32.a(default-on-bootstrap.o)
 .comment       0x00000000       0x3d c:/program files/microchip/xc32/v2.50/bin/bin/../../lib/gcc/pic32mx/4.8.3/../../../../pic32mx/lib/mips16\libpic32.a(default-general-exception-handler.o)
 .comment       0x00000000       0x3d c:/program files/microchip/xc32/v2.50/bin/bin/../../lib/gcc/pic32mx/4.8.3/../../../../pic32mx/lib/mips16\libpic32.a(defaultinterrupt.o)

.debug
 *(.debug)

.line
 *(.line)

.debug_srcinfo
 *(.debug_srcinfo)

.debug_sfnames
 *(.debug_sfnames)

.debug_aranges
 *(.debug_aranges)

.debug_pubnames
 *(.debug_pubnames)

.debug_info
 *(.debug_info .gnu.linkonce.wi.*)

.debug_abbrev
 *(.debug_abbrev)

.debug_line
 *(.debug_line)

.debug_frame
 *(.debug_frame)

.debug_str
 *(.debug_str)

.debug_loc
 *(.debug_loc)

.debug_macinfo
 *(.debug_macinfo)

.debug_weaknames
 *(.debug_weaknames)

.debug_funcnames
 *(.debug_funcnames)

.debug_typenames
 *(.debug_typenames)

.debug_varnames
 *(.debug_varnames)

.debug_pubtypes
 *(.debug_pubtypes)

.debug_ranges
 *(.debug_ranges)

.gnu.attributes
                0x00000000       0x10
 *(.gnu.attributes)
 .gnu.attributes
                0x00000000       0x10 build/PIC32_Standalone/production/usb/usb_descriptors.o
 .gnu.attributes
                0x00000010       0x10 build/PIC32_Standalone/production/usb/usb_device.o
 .gnu.attributes
                0x00000020       0x10 build/PIC32_Standalone/production/usb/usb_driver.o
 .gnu.attributes
                0x00000030       0x10 build/PIC32_Standalone/production/usb/usb_function_hid.o
 .gnu.attributes
                0x00000040       0x10 build/PIC32_Standalone/production/usb/usb_hal_pic24.o
 .gnu.attributes
                0x00000050       0x10 build/PIC32_Standalone/production/main.o
 .gnu.attributes
                0x00000060       0x10 build/PIC32_Standalone/production/isr.o
 .gnu.attributes
                0x00000070       0x10 build/PIC32_Standalone/production/iron.o
 .gnu.attributes
                0x00000080       0x10 build/PIC32_Standalone/production/PID.o
 .gnu.attributes
                0x00000090       0x10 build/PIC32_Standalone/production/io.o
 .gnu.attributes
                0x000000a0       0x10 build/PIC32_Standalone/production/menu.o
 .gnu.attributes
                0x000000b0       0x10 build/PIC32_Standalone/production/EEP.o
 .gnu.attributes
                0x000000c0       0x10 build/PIC32_Standalone/production/OLED.o
 .gnu.attributes
                0x000000d0       0x10 build/PIC32_Standalone/production/pars.o
 .gnu.attributes
                0x000000e0       0x10 build/PIC32_Standalone/production/sensorMath.o
 .gnu.attributes
                0x000000f0       0x10 build/PIC32_Standalone/production/PIC32MX564F128H.o
 .gnu.attributes
                0x00000100       0x10 c:/program files/microchip/xc32/v2.50/bin/bin/../../lib/gcc/pic32mx/4.8.3/../../../../pic32mx/lib/mips16\libmchp_peripheral.a(open_core_timer_lib.o)
 .gnu.attributes
                0x00000110       0x10 c:/program files/microchip/xc32/v2.50/bin/bin/../../lib/gcc/pic32mx/4.8.3/../../../../pic32mx/lib/mips16\libmchp_peripheral.a(read_core_timer_lib.o)
 .gnu.attributes
                0x00000120       0x10 c:/program files/microchip/xc32/v2.50/bin/bin/../../lib/gcc/pic32mx/4.8.3/../../../../pic32mx/lib/mips16\libmchp_peripheral_32MX564F128H.a(soft_reset_lib.o)
 .gnu.attributes
                0x00000130       0x10 c:/program files/microchip/xc32/v2.50/bin/bin/../../lib/gcc/pic32mx/4.8.3/../../../../pic32mx/lib/mips16\libmchp_peripheral_32MX564F128H.a(int_enable_interrupts_lib.o)
 .gnu.attributes
                0x00000140       0x10 c:/program files/microchip/xc32/v2.50/bin/bin/../../lib/gcc/pic32mx/4.8.3/../../../../pic32mx/lib/mips16\libmchp_peripheral_32MX564F128H.a(int_disable_interrupts_lib.o)
 .gnu.attributes
                0x00000150       0x10 c:/program files/microchip/xc32/v2.50/bin/bin/../../lib/gcc/pic32mx/4.8.3/../../../../pic32mx/lib/mips16\libmchp_peripheral_32MX564F128H.a(int_restore_interrupts_lib.o)
 .gnu.attributes
                0x00000160       0x10 c:/program files/microchip/xc32/v2.50/bin/bin/../../lib/gcc/pic32mx/4.8.3/../../../../pic32mx/lib/mips16\libmchp_peripheral_32MX564F128H.a(int_enable_mv_int_lib.o)
 .gnu.attributes
                0x00000170       0x10 c:/program files/microchip/xc32/v2.50/bin/bin/../../lib/gcc/pic32mx/4.8.3/../../../../pic32mx/lib/mips16\libmchp_peripheral_32MX564F128H.a(int_tbl_lib.o)
 .gnu.attributes
                0x00000180       0x10 c:/program files/microchip/xc32/v2.50/bin/bin/../../lib/gcc/pic32mx/4.8.3/../../../../pic32mx/lib/mips16\libmchp_peripheral_32MX564F128H.a(spi_chn_close_lib.o)
 .gnu.attributes
                0x00000190       0x10 c:/program files/microchip/xc32/v2.50/bin/bin/../../lib/gcc/pic32mx/4.8.3/../../../../pic32mx/lib/mips16\libmchp_peripheral_32MX564F128H.a(spi_chn_open_lib.o)
 .gnu.attributes
                0x000001a0       0x10 c:/program files/microchip/xc32/v2.50/bin/bin/../../lib/gcc/pic32mx/4.8.3/../../../../pic32mx/lib/mips16\libmchp_peripheral_32MX564F128H.a(spi_chn_putc_lib.o)
 .gnu.attributes
                0x000001b0       0x10 c:/program files/microchip/xc32/v2.50/bin/bin/../../lib/gcc/pic32mx/4.8.3/../../../../pic32mx/lib/mips16\libmchp_peripheral_32MX564F128H.a(spi_chn_puts_lib.o)
 .gnu.attributes
                0x000001c0       0x10 c:/program files/microchip/xc32/v2.50/bin/bin/../../lib/gcc/pic32mx/4.8.3/../../../../pic32mx/lib/mips16\libmchp_peripheral_32MX564F128H.a(spi_chn_is_busy_lib.o)
 .gnu.attributes
                0x000001d0       0x10 c:/program files/microchip/xc32/v2.50/bin/bin/../../lib/gcc/pic32mx/4.8.3/../../../../pic32mx/lib/mips16\libmchp_peripheral_32MX564F128H.a(spi_io_tbl_libp.o)
 .gnu.attributes
                0x000001e0       0x10 c:/program files/microchip/xc32/v2.50/bin/bin/../../lib/gcc/pic32mx/4.8.3/../../../../pic32mx/lib/mips16\libmchp_peripheral_32MX564F128H.a(spi_map_tbl_libp.o)
 .gnu.attributes
                0x000001f0       0x10 c:/program files/microchip/xc32/v2.50/bin/bin/../../lib/gcc/pic32mx/4.8.3/../../../../pic32mx/lib/mips16\libmchp_peripheral_32MX564F128H.a(dma_chn_abort_txfer_lib.o)
 .gnu.attributes
                0x00000200       0x10 c:/program files/microchip/xc32/v2.50/bin/bin/../../lib/gcc/pic32mx/4.8.3/../../../../pic32mx/lib/mips16\libmchp_peripheral_32MX564F128H.a(dma_chn_open_lib.o)
 .gnu.attributes
                0x00000210       0x10 c:/program files/microchip/xc32/v2.50/bin/bin/../../lib/gcc/pic32mx/4.8.3/../../../../pic32mx/lib/mips16\libmchp_peripheral_32MX564F128H.a(dma_chn_disable_lib.o)
 .gnu.attributes
                0x00000220       0x10 c:/program files/microchip/xc32/v2.50/bin/bin/../../lib/gcc/pic32mx/4.8.3/../../../../pic32mx/lib/mips16\libmchp_peripheral_32MX564F128H.a(dma_chn_enable_lib.o)
 .gnu.attributes
                0x00000230       0x10 c:/program files/microchip/xc32/v2.50/bin/bin/../../lib/gcc/pic32mx/4.8.3/../../../../pic32mx/lib/mips16\libmchp_peripheral_32MX564F128H.a(dma_chn_get_dst_pnt_lib.o)
 .gnu.attributes
                0x00000240       0x10 c:/program files/microchip/xc32/v2.50/bin/bin/../../lib/gcc/pic32mx/4.8.3/../../../../pic32mx/lib/mips16\libmchp_peripheral_32MX564F128H.a(dma_chn_write_event_control_flags_lib.o)
 .gnu.attributes
                0x00000250       0x10 c:/program files/microchip/xc32/v2.50/bin/bin/../../lib/gcc/pic32mx/4.8.3/../../../../pic32mx/lib/mips16\libmchp_peripheral_32MX564F128H.a(dma_chn_set_txfer_lib.o)
 .gnu.attributes
                0x00000260       0x10 c:/program files/microchip/xc32/v2.50/bin/bin/../../lib/gcc/pic32mx/4.8.3/../../../../pic32mx/lib/mips16\libmchp_peripheral_32MX564F128H.a(dma_chn_write_ev_enable_flags_lib.o)
 .gnu.attributes
                0x00000270       0x10 c:/program files/microchip/xc32/v2.50/bin/bin/../../lib/gcc/pic32mx/4.8.3/../../../../pic32mx/lib/mips16\libmchp_peripheral_32MX564F128H.a(dma_reg_map_tbl_lib.o)
 .gnu.attributes
                0x00000280       0x10 c:/program files/microchip/xc32/v2.50/bin/bin/../../lib/gcc/pic32mx/4.8.3/../../../../pic32mx/lib/mips16\libmchp_peripheral_32MX564F128H.a(port_reset_pins_lib.o)
 .gnu.attributes
                0x00000290       0x10 c:/program files/microchip/xc32/v2.50/bin/bin/../../lib/gcc/pic32mx/4.8.3/../../../../pic32mx/lib/mips16\libmchp_peripheral_32MX564F128H.a(port_set_pins_digital_in_lib.o)
 .gnu.attributes
                0x000002a0       0x10 c:/program files/microchip/xc32/v2.50/bin/bin/../../lib/gcc/pic32mx/4.8.3/../../../../pic32mx/lib/mips16\libmchp_peripheral_32MX564F128H.a(port_set_pins_digital_out_lib.o)
 .gnu.attributes
                0x000002b0       0x10 c:/program files/microchip/xc32/v2.50/bin/bin/../../lib/gcc/pic32mx/4.8.3/../../../../pic32mx/lib/mips16\libmchp_peripheral_32MX564F128H.a(_ports_tbl_libp.o)
 .gnu.attributes
                0x000002c0       0x10 c:/program files/microchip/xc32/v2.50/bin/bin/../../lib/gcc/pic32mx/4.8.3/../../../../pic32mx/lib/mips16\libmchp_peripheral_32MX564F128H.a(I2CAcknowledgeByte.o)
 .gnu.attributes
                0x000002d0       0x10 c:/program files/microchip/xc32/v2.50/bin/bin/../../lib/gcc/pic32mx/4.8.3/../../../../pic32mx/lib/mips16\libmchp_peripheral_32MX564F128H.a(I2CByteWasAcknowledged.o)
 .gnu.attributes
                0x000002e0       0x10 c:/program files/microchip/xc32/v2.50/bin/bin/../../lib/gcc/pic32mx/4.8.3/../../../../pic32mx/lib/mips16\libmchp_peripheral_32MX564F128H.a(I2CEnable.o)
 .gnu.attributes
                0x000002f0       0x10 c:/program files/microchip/xc32/v2.50/bin/bin/../../lib/gcc/pic32mx/4.8.3/../../../../pic32mx/lib/mips16\libmchp_peripheral_32MX564F128H.a(I2CGetByte.o)
 .gnu.attributes
                0x00000300       0x10 c:/program files/microchip/xc32/v2.50/bin/bin/../../lib/gcc/pic32mx/4.8.3/../../../../pic32mx/lib/mips16\libmchp_peripheral_32MX564F128H.a(I2CReceiverEnable.o)
 .gnu.attributes
                0x00000310       0x10 c:/program files/microchip/xc32/v2.50/bin/bin/../../lib/gcc/pic32mx/4.8.3/../../../../pic32mx/lib/mips16\libmchp_peripheral_32MX564F128H.a(I2CSendByte.o)
 .gnu.attributes
                0x00000320       0x10 c:/program files/microchip/xc32/v2.50/bin/bin/../../lib/gcc/pic32mx/4.8.3/../../../../pic32mx/lib/mips16\libmchp_peripheral_32MX564F128H.a(I2CSetFrequency.o)
 .gnu.attributes
                0x00000330       0x10 c:/program files/microchip/xc32/v2.50/bin/bin/../../lib/gcc/pic32mx/4.8.3/../../../../pic32mx/lib/mips16\libmchp_peripheral_32MX564F128H.a(I2CStart.o)
 .gnu.attributes
                0x00000340       0x10 c:/program files/microchip/xc32/v2.50/bin/bin/../../lib/gcc/pic32mx/4.8.3/../../../../pic32mx/lib/mips16\libmchp_peripheral_32MX564F128H.a(I2CStop.o)
 .gnu.attributes
                0x00000350       0x10 c:/program files/microchip/xc32/v2.50/bin/bin/../../lib/gcc/pic32mx/4.8.3/../../../../pic32mx/lib/mips16\libmchp_peripheral_32MX564F128H.a(I2CPrivate.o)
 .gnu.attributes
                0x00000360       0x10 c:/program files/microchip/xc32/v2.50/bin/bin/../../lib/gcc/pic32mx/4.8.3/../../../../pic32mx/lib/mips16\libpic32.a(default-bootstrap-exception-handler.o)
 .gnu.attributes
                0x00000370       0x10 c:/program files/microchip/xc32/v2.50/bin/bin/../../lib/gcc/pic32mx/4.8.3/../../../../pic32mx/lib/mips16\libpic32.a(default-on-reset.o)
 .gnu.attributes
                0x00000380       0x10 c:/program files/microchip/xc32/v2.50/bin/bin/../../lib/gcc/pic32mx/4.8.3/../../../../pic32mx/lib/mips16\libpic32.a(default-on-bootstrap.o)
 .gnu.attributes
                0x00000390       0x10 c:/program files/microchip/xc32/v2.50/bin/bin/../../lib/gcc/pic32mx/4.8.3/../../../../pic32mx/lib/mips16\libpic32.a(default-general-exception-handler.o)
 .gnu.attributes
                0x000003a0       0x10 c:/program files/microchip/xc32/v2.50/bin/bin/../../lib/gcc/pic32mx/4.8.3/../../../../pic32mx/lib/mips16\libpic32.a(defaultinterrupt.o)
LOAD c:/program files/microchip/xc32/v2.50/bin/bin/../../lib/gcc/pic32mx/4.8.3/mips16\libgcc.a
START GROUP
LOAD c:/program files/microchip/xc32/v2.50/bin/bin/../../lib/gcc/pic32mx/4.8.3/../../../../pic32mx/lib/mips16\libpic32.a
LOAD c:/program files/microchip/xc32/v2.50/bin/bin/../../lib/gcc/pic32mx/4.8.3/../../../../pic32mx/lib/mips16\libdebug.a
LOAD c:/program files/microchip/xc32/v2.50/bin/bin/../../lib/gcc/pic32mx/4.8.3/../../../../pic32mx/lib/mips16\libpic32.a
LOAD c:/program files/microchip/xc32/v2.50/bin/bin/../../lib/gcc/pic32mx/4.8.3/../../../../pic32mx/lib/mips16\libc.a
LOAD c:/program files/microchip/xc32/v2.50/bin/bin/../../lib/gcc/pic32mx/4.8.3/../../../../pic32mx/lib/mips16\libc.a
LOAD c:/program files/microchip/xc32/v2.50/bin/bin/../../lib/gcc/pic32mx/4.8.3/../../../../pic32mx/lib/mips16\libm.a
LOAD c:/program files/microchip/xc32/v2.50/bin/bin/../../lib/gcc/pic32mx/4.8.3/../../../../pic32mx/lib/mips16\libe.a
LOAD c:/program files/microchip/xc32/v2.50/bin/bin/../../lib/gcc/pic32mx/4.8.3/../../../../pic32mx/lib/mips16\libdsp.a
LOAD c:/program files/microchip/xc32/v2.50/bin/bin/../../lib/gcc/pic32mx/4.8.3/mips16\libgcc.a
LOAD c:/program files/microchip/xc32/v2.50/bin/bin/../../lib/gcc/pic32mx/4.8.3/../../../../pic32mx/lib/mips16\libpic32.a
END GROUP
LOAD c:/program files/microchip/xc32/v2.50/bin/bin/../../lib/gcc/pic32mx/4.8.3/mips16\libgcc.a
OUTPUT(dist/PIC32_Standalone/production/US_Firmware.X.production.elf elf32-tradlittlemips)
LOAD stack
LOAD data_init

.reginfo        0x00000000       0x18
 .reginfo       0x00000000       0x18 c:/program files/microchip/xc32/v2.50/bin/bin/../../lib/gcc/pic32mx/4.8.3/../../../../pic32mx/lib/mips16\debug-exception-return.o

.stack          0xa0001500      0x400
 .stack         0xa0001500      0x400 stack

.bss            0xa000020c      0xc28
 .bss           0xa000020c      0x828 build/PIC32_Standalone/production/isr.o
                0xa000020c                TIBuff
                0xa000060c                VBuff
                0xa0000a0c                ADCData
 .bss           0xa0000a34      0x400 build/PIC32_Standalone/production/OLED.o
                0xa0000a34                OLEDBUFF

.bss            0xa0000e34      0x290
 .bss           0xa0000e34      0x290 build/PIC32_Standalone/production/PID.o
                0xa0000e34                PIDVars

.bss            0xa0001200      0x200
 .bss           0xa0001200      0x200 build/PIC32_Standalone/production/usb/usb_device.o
                0xa0001200                BDT
                0xa0001240                outPipes
                0xa0001250                inPipes

.bss            0xa00010c4      0x12c
 .bss           0xa00010c4       0xa4 build/PIC32_Standalone/production/iron.o
                0xa00010c4                IronPars
 .bss           0xa0001168       0x88 build/PIC32_Standalone/production/io.o
                0xa0001168                TXP
                0xa00011ac                RXP

.bss            0xa0001400       0xa4
 .bss           0xa0001400       0x80 build/PIC32_Standalone/production/usb/usb_driver.o
                0xa0001400                USBTxBuffer
                0xa0001440                USBRxBuffer
 .bss           0xa0001480       0x24 build/PIC32_Standalone/production/menu.o

.data           0xa00014a4       0x1c
 .data          0xa00014a4       0x1c build/PIC32_Standalone/production/pars.o
                0xa00014a4                StrOffOnAuto
                0xa00014b0                StrResume

.bss            0xa00014c0       0x14
 .bss           0xa00014c0       0x14 build/PIC32_Standalone/production/main.o
                0xa00014c0                pars

._debug_exception
                0xbfc00480       0x2c
 ._debug_exception
                0xbfc00480       0x2c c:/program files/microchip/xc32/v2.50/bin/bin/../../lib/gcc/pic32mx/4.8.3/../../../../pic32mx/lib/mips16\debug-exception-return.o
                0xbfc00480                __DbgExecReturn

.text.OLEDTasks
                0x9d000000     0x1ae8
 .text.OLEDTasks
                0x9d000000     0x1ae8 build/PIC32_Standalone/production/menu.o
                0x9d000001                OLEDTasks

.rodata         0x9d001ae8     0x1700
 .rodata        0x9d001ae8     0x1700 build/PIC32_Standalone/production/OLED.o
                0x9d001ae8                OLEDInitBuff2
                0x9d001af4                OLEDInitBuff1
                0x9d001afc                font8x16
                0x9d0022fc                degrees4x16
                0x9d002304                font6x8
                0x9d0024e4                font8x8
                0x9d0028e4                degrees4x8
                0x9d0028e8                numbers32x48

.text.USBDeviceTasks
                0x9d0031e8      0xf08
 .text.USBDeviceTasks
                0x9d0031e8      0xf08 build/PIC32_Standalone/production/usb/usb_device.o
                0x9d0031e9                USBDeviceTasks

.text.ISRHigh   0x9d0040f0      0xde4
 .text.ISRHigh  0x9d0040f0      0xde4 build/PIC32_Standalone/production/isr.o
                0x9d0040f1                ISRHigh

.text.PID       0x9d004ed4      0xa34
 .text.PID      0x9d004ed4      0xa34 build/PIC32_Standalone/production/PID.o
                0x9d004ed5                PID

.rodata         0x9d005908     0x1134
 .rodata        0x9d005908      0x960 build/PIC32_Standalone/production/iron.o
                0x9d005908                Irons
                0x9d00615c                NoIronPars
                0x9d006200                NTC2252_B_1
                0x9d006234                IDHash
 .rodata        0x9d006268      0x7d4 c:/program files/microchip/xc32/v2.50/bin/bin/../../lib/gcc/pic32mx/4.8.3/../../../../pic32mx/lib/mips16\libmchp_peripheral_32MX564F128H.a(int_tbl_lib.o)
                0x9d006268                __IntSrcTbl
                0x9d006784                __IntVectorTbl

.text.I2CISRTasks
                0x9d006a3c      0x548
 .text.I2CISRTasks
                0x9d006a3c      0x548 build/PIC32_Standalone/production/isr.o
                0x9d006a3d                I2CISRTasks

.text.MenuTasks
                0x9d006f84      0x4ec
 .text.MenuTasks
                0x9d006f84      0x4ec build/PIC32_Standalone/production/menu.o
                0x9d006f85                MenuTasks

.text.main      0x9d007470      0x4dc
 .text.main     0x9d007470      0x4dc build/PIC32_Standalone/production/main.o
                0x9d007471                main

.text.ProcessIO
                0x9d00794c      0x428
 .text.ProcessIO
                0x9d00794c      0x428 build/PIC32_Standalone/production/io.o
                0x9d00794d                ProcessIO

.text.GetSensorTemperature
                0x9d007d74      0x318
 .text.GetSensorTemperature
                0x9d007d74      0x318 build/PIC32_Standalone/production/sensorMath.o
                0x9d007d75                GetSensorTemperature

.rodata         0x9d00808c      0x304
 .rodata        0x9d00808c      0x304 build/PIC32_Standalone/production/pars.o
                0x9d00818c                ParDef
                0x9d00831c                MenuOrder

.text.OLEDInit  0x9d008390      0x2d4
 .text.OLEDInit
                0x9d008390      0x2d4 build/PIC32_Standalone/production/OLED.o
                0x9d008391                OLEDInit

.text.mcuInit2  0x9d008664      0x2b0
 .text.mcuInit2
                0x9d008664      0x2b0 build/PIC32_Standalone/production/PIC32MX564F128H.o
                0x9d008665                mcuInit2

.text.IronIdentify
                0x9d008914      0x294
 .text.IronIdentify
                0x9d008914      0x294 build/PIC32_Standalone/production/iron.o
                0x9d008915                IronIdentify

.text.mcuInit4  0x9d008ba8      0x21c
 .text.mcuInit4
                0x9d008ba8      0x21c build/PIC32_Standalone/production/PIC32MX564F128H.o
                0x9d008ba9                mcuInit4

.text.OLEDPrintNum
                0x9d008dc4      0x210
 .text.OLEDPrintNum
                0x9d008dc4      0x210 build/PIC32_Standalone/production/OLED.o
                0x9d008dc5                OLEDPrintNum

.rodata         0x9d008fd4      0x1e4
 .rodata        0x9d008fd4      0x1e4 build/PIC32_Standalone/production/menu.o

.text.IC1ISR    0x9d0091b8      0x1b8
 .text.IC1ISR   0x9d0091b8      0x1b8 build/PIC32_Standalone/production/PIC32MX564F128H.o
                0x9d0091b8                IC1ISR

.text.IC3ISR    0x9d009370      0x1b8
 .text.IC3ISR   0x9d009370      0x1b8 build/PIC32_Standalone/production/PIC32MX564F128H.o
                0x9d009370                IC3ISR

.text.mcuInit1  0x9d009528      0x1b0
 .text.mcuInit1
                0x9d009528      0x1b0 build/PIC32_Standalone/production/PIC32MX564F128H.o
                0x9d009529                mcuInit1

.text.OLEDPrintNumXY
                0x9d0096d8      0x1ac
 .text.OLEDPrintNumXY
                0x9d0096d8      0x1ac build/PIC32_Standalone/production/OLED.o
                0x9d0096d9                OLEDPrintNumXY

.text.USBDeviceInit
                0x9d009884      0x194
 .text.USBDeviceInit
                0x9d009884      0x194 build/PIC32_Standalone/production/usb/usb_device.o
                0x9d009885                USBDeviceInit

.dinit          0x9d009a18      0x170
 .dinit         0x9d009a18      0x170 data_init

.text           0x9d009b88      0x168
 .text          0x9d009b88      0x168 c:/program files/microchip/xc32/v2.50/bin/bin/../../lib/gcc/pic32mx/4.8.3/../../../../pic32mx/lib/mips16\libpic32.a(memcpy.o)
                0x9d009b88                memcpy

.text.OLEDPrintCF1648
                0x9d009cf0      0x160
 .text.OLEDPrintCF1648
                0x9d009cf0      0x160 build/PIC32_Standalone/production/OLED.o
                0x9d009cf1                OLEDPrintCF1648

.text.GetBoardVersion
                0x9d009e50      0x144
 .text.GetBoardVersion
                0x9d009e50      0x144 build/PIC32_Standalone/production/PIC32MX564F128H.o
                0x9d009e51                GetBoardVersion

.text.ComparatorISR
                0x9d009f94      0x140
 .text.ComparatorISR
                0x9d009f94      0x140 build/PIC32_Standalone/production/PIC32MX564F128H.o
                0x9d009f94                ComparatorISR

.text.I2CISR    0x9d00a0d4      0x130
 .text.I2CISR   0x9d00a0d4      0x130 build/PIC32_Standalone/production/PIC32MX564F128H.o
                0x9d00a0d4                I2CISR

.text.PIDISR    0x9d00a204      0x110
 .text.PIDISR   0x9d00a204      0x110 build/PIC32_Standalone/production/PIC32MX564F128H.o
                0x9d00a204                PIDISR

.text.mcuADCStartAutoVRef
                0x9d00a314      0x100
 .text.mcuADCStartAutoVRef
                0x9d00a314      0x100 build/PIC32_Standalone/production/PIC32MX564F128H.o
                0x9d00a315                mcuADCStartAutoVRef

.text.OLEDPrintHex
                0x9d00a414       0xec
 .text.OLEDPrintHex
                0x9d00a414       0xec build/PIC32_Standalone/production/OLED.o
                0x9d00a415                OLEDPrintHex

.text.OLEDPrint
                0x9d00a500       0xec
 .text.OLEDPrint
                0x9d00a500       0xec build/PIC32_Standalone/production/OLED.o
                0x9d00a501                OLEDPrint

.text.mcuADCStop
                0x9d00a5ec       0xec
 .text.mcuADCStop
                0x9d00a5ec       0xec build/PIC32_Standalone/production/PIC32MX564F128H.o
                0x9d00a5ed                mcuADCStop

.text.OLEDPrintNum3248
                0x9d00a6d8       0xe8
 .text.OLEDPrintNum3248
                0x9d00a6d8       0xe8 build/PIC32_Standalone/production/OLED.o
                0x9d00a6d9                OLEDPrintNum3248

.text.USBCtrlEPAllowStatusStage
                0x9d00a7c0       0xe4
 .text.USBCtrlEPAllowStatusStage
                0x9d00a7c0       0xe4 build/PIC32_Standalone/production/usb/usb_device.o
                0x9d00a7c1                USBCtrlEPAllowStatusStage

.text.USBCtrlTrfTxService
                0x9d00a8a4       0xe0
 .text.USBCtrlTrfTxService
                0x9d00a8a4       0xe0 build/PIC32_Standalone/production/usb/usb_device.o

.text.OLEDFillXY
                0x9d00a984       0xe0
 .text.OLEDFillXY
                0x9d00a984       0xe0 build/PIC32_Standalone/production/OLED.o
                0x9d00a985                OLEDFillXY

.text.USBCheckHIDRequest
                0x9d00aa64       0xdc
 .text.USBCheckHIDRequest
                0x9d00aa64       0xdc build/PIC32_Standalone/production/usb/usb_function_hid.o
                0x9d00aa65                USBCheckHIDRequest

.text.general_exception
                0x9d00ab40       0xdc
 .text.general_exception
                0x9d00ab40       0xdc c:/program files/microchip/xc32/v2.50/bin/bin/../../lib/gcc/pic32mx/4.8.3/../../../../pic32mx/lib/mips16\libpic32.a(general-exception.o)
                0x9d00ab40                _general_exception_context

.rodata         0x9d00ac1c       0xd4
 .rodata        0x9d00ac1c       0xd4 build/PIC32_Standalone/production/usb/usb_descriptors.o
                0x9d00ac1c                USB_SD_Ptr
                0x9d00ac28                USB_CD_Ptr
                0x9d00ac2c                hid_rpt01
                0x9d00ac48                sd002
                0x9d00ac78                sd001
                0x9d00acac                sd000
                0x9d00acb0                configDescriptor1
                0x9d00acdc                device_dsc

.text.USBCtrlEPAllowDataStage
                0x9d00acf0       0xd0
 .text.USBCtrlEPAllowDataStage
                0x9d00acf0       0xd0 build/PIC32_Standalone/production/usb/usb_device.o
                0x9d00acf1                USBCtrlEPAllowDataStage

.text.ISRStart  0x9d00adc0       0xd0
 .text.ISRStart
                0x9d00adc0       0xd0 build/PIC32_Standalone/production/isr.o
                0x9d00adc1                ISRStart

.text.OLEDWriteXY
                0x9d00ae90       0xd0
 .text.OLEDWriteXY
                0x9d00ae90       0xd0 build/PIC32_Standalone/production/OLED.o
                0x9d00ae91                OLEDWriteXY

.text.USBTransferOnePacket
                0x9d00af60       0xc8
 .text.USBTransferOnePacket
                0x9d00af60       0xc8 build/PIC32_Standalone/production/usb/usb_device.o
                0x9d00af61                USBTransferOnePacket

.text.mcuADCReadWait
                0x9d00b028       0xc4
 .text.mcuADCReadWait
                0x9d00b028       0xc4 build/PIC32_Standalone/production/PIC32MX564F128H.o
                0x9d00b029                mcuADCReadWait

.text.OLEDUpdate
                0x9d00b0ec       0xc0
 .text.OLEDUpdate
                0x9d00b0ec       0xc0 build/PIC32_Standalone/production/OLED.o
                0x9d00b0ed                OLEDUpdate

.text.SavePars  0x9d00b1ac       0xb4
 .text.SavePars
                0x9d00b1ac       0xb4 build/PIC32_Standalone/production/pars.o
                0x9d00b1ad                SavePars

.text.mcuI2CReset
                0x9d00b260       0xac
 .text.mcuI2CReset
                0x9d00b260       0xac build/PIC32_Standalone/production/PIC32MX564F128H.o
                0x9d00b261                mcuI2CReset

.text.SpiChnOpen
                0x9d00b30c       0xac
 .text.SpiChnOpen
                0x9d00b30c       0xac c:/program files/microchip/xc32/v2.50/bin/bin/../../lib/gcc/pic32mx/4.8.3/../../../../pic32mx/lib/mips16\libmchp_peripheral_32MX564F128H.a(spi_chn_open_lib.o)
                0x9d00b30d                SpiChnOpen

.text.OLEDInvertXY
                0x9d00b3b8       0xa8
 .text.OLEDInvertXY
                0x9d00b3b8       0xa8 build/PIC32_Standalone/production/OLED.o
                0x9d00b3b9                OLEDInvertXY

.text.LoadPars  0x9d00b460       0xa8
 .text.LoadPars
                0x9d00b460       0xa8 build/PIC32_Standalone/production/pars.o
                0x9d00b461                LoadPars

.text           0x9d00b508       0xa8
 .text          0x9d00b508       0xa8 c:/program files/microchip/xc32/v2.50/bin/bin/../../lib/gcc/pic32mx/4.8.3/../../../../pic32mx/lib/mips16\libpic32.a(memset.o)
                0x9d00b508                memset

.text.ISRInit   0x9d00b5b0       0xa0
 .text.ISRInit  0x9d00b5b0       0xa0 build/PIC32_Standalone/production/isr.o
                0x9d00b5b1                ISRInit

.rodata         0x9d00b650       0xa0
 .rodata        0x9d00b650       0xa0 c:/program files/microchip/xc32/v2.50/bin/bin/../../lib/gcc/pic32mx/4.8.3/../../../../pic32mx/lib/mips16\libmchp_peripheral_32MX564F128H.a(spi_io_tbl_libp.o)
                0x9d00b650                _SpiIoTbl

.text.ADCISR    0x9d00b6f0       0x9c
 .text.ADCISR   0x9d00b6f0       0x9c build/PIC32_Standalone/production/PIC32MX564F128H.o
                0x9d00b6f0                ADCISR

.text.MenuInit  0x9d00b78c       0x90
 .text.MenuInit
                0x9d00b78c       0x90 build/PIC32_Standalone/production/menu.o
                0x9d00b78d                MenuInit

.text.DmaChnOpen
                0x9d00b81c       0x90
 .text.DmaChnOpen
                0x9d00b81c       0x90 c:/program files/microchip/xc32/v2.50/bin/bin/../../lib/gcc/pic32mx/4.8.3/../../../../pic32mx/lib/mips16\libmchp_peripheral_32MX564F128H.a(dma_chn_open_lib.o)
                0x9d00b81d                DmaChnOpen

.text.PIDTasks  0x9d00b8ac       0x84
 .text.PIDTasks
                0x9d00b8ac       0x84 build/PIC32_Standalone/production/PID.o
                0x9d00b8ad                PIDTasks

.text           0x9d00b930       0x84
 .text          0x9d00b930       0x84 c:/program files/microchip/xc32/v2.50/bin/bin/../../lib/gcc/pic32mx/4.8.3/../../../../pic32mx/lib/mips16\libpic32.a(pic32_data_init.o)
                0x9d00b930                __pic32_data_init

.text.USBEnableEndpoint
                0x9d00b9b4       0x7c
 .text.USBEnableEndpoint
                0x9d00b9b4       0x7c build/PIC32_Standalone/production/usb/usb_device.o
                0x9d00b9b5                USBEnableEndpoint

.text.OnPowerLost.part.0
                0x9d00ba30       0x7c
 .text.OnPowerLost.part.0
                0x9d00ba30       0x7c build/PIC32_Standalone/production/isr.o

.text.mcuADCStartManualVRef
                0x9d00baac       0x7c
 .text.mcuADCStartManualVRef
                0x9d00baac       0x7c build/PIC32_Standalone/production/PIC32MX564F128H.o
                0x9d00baad                mcuADCStartManualVRef

.text.mcuADCStartManualAVdd
                0x9d00bb28       0x7c
 .text.mcuADCStartManualAVdd
                0x9d00bb28       0x7c build/PIC32_Standalone/production/PIC32MX564F128H.o
                0x9d00bb29                mcuADCStartManualAVdd

.text.IronTasks
                0x9d00bba4       0x78
 .text.IronTasks
                0x9d00bba4       0x78 build/PIC32_Standalone/production/iron.o
                0x9d00bba5                IronTasks

.text.Timer2ISR
                0x9d00bc1c       0x78
 .text.Timer2ISR
                0x9d00bc1c       0x78 build/PIC32_Standalone/production/PIC32MX564F128H.o
                0x9d00bc1c                Timer2ISR

.text.OLEDPrintXY
                0x9d00bc94       0x74
 .text.OLEDPrintXY
                0x9d00bc94       0x74 build/PIC32_Standalone/production/OLED.o
                0x9d00bc95                OLEDPrintXY

.text.SpiChnPutS
                0x9d00bd08       0x74
 .text.SpiChnPutS
                0x9d00bd08       0x74 c:/program files/microchip/xc32/v2.50/bin/bin/../../lib/gcc/pic32mx/4.8.3/../../../../pic32mx/lib/mips16\libmchp_peripheral_32MX564F128H.a(spi_chn_puts_lib.o)
                0x9d00bd09                SpiChnPutS

.text.ISRStop   0x9d00bd7c       0x70
 .text.ISRStop  0x9d00bd7c       0x70 build/PIC32_Standalone/production/isr.o
                0x9d00bd7d                ISRStop

.text.ParDispTemp
                0x9d00bdec       0x70
 .text.ParDispTemp
                0x9d00bdec       0x70 build/PIC32_Standalone/production/pars.o
                0x9d00bded                ParDispTemp

.text.mcuInit3  0x9d00be5c       0x70
 .text.mcuInit3
                0x9d00be5c       0x70 build/PIC32_Standalone/production/PIC32MX564F128H.o
                0x9d00be5d                mcuInit3

.text.Timer1ISR
                0x9d00becc       0x70
 .text.Timer1ISR
                0x9d00becc       0x70 build/PIC32_Standalone/production/PIC32MX564F128H.o
                0x9d00becc                Timer1ISR

.text.DmaChnSetTxfer
                0x9d00bf3c       0x68
 .text.DmaChnSetTxfer
                0x9d00bf3c       0x68 c:/program files/microchip/xc32/v2.50/bin/bin/../../lib/gcc/pic32mx/4.8.3/../../../../pic32mx/lib/mips16\libmchp_peripheral_32MX564F128H.a(dma_chn_set_txfer_lib.o)
                0x9d00bf3d                DmaChnSetTxfer

.text.ParDispNum
                0x9d00bfa4       0x64
 .text.ParDispNum
                0x9d00bfa4       0x64 build/PIC32_Standalone/production/pars.o
                0x9d00bfa5                ParDispNum
